16:21:27 **** Build of configuration Debug for project Ax58400_GpioAio_CM7 ****
make -j8 all 
arm-none-eabi-gcc "../SSC/Src/AX58400_FoeAppl.c" -mcpu=cortex-m7 -g3 -DUSE_HAL_DRIVER -DUSE_BOOTLDR -DCORE_CM7 -DDEBUG -DSTM32H755xx -c -I../Core/Inc -I../../Drivers/STM32H7xx_HAL_Driver/Inc -I../../Drivers/STM32H7xx_HAL_Driver/Inc/Legacy -I../../Drivers/CMSIS/Device/ST/STM32H7xx/Include -I../../Drivers/CMSIS/Include -I"C:/Users/guan-ming.dennis-won/Documents/ASIX Corporation/AX58400 (Source)/AX58400 (Source)/AX58400_BSP_v100_20211214/AX58400_BSP_v100/Ax58400_GpioAio/CM7/SSC/Src" -I"C:/Users/guan-ming.dennis-won/Documents/ASIX Corporation/AX58400 (Source)/AX58400 (Source)/AX58400_BSP_v100_20211214/AX58400_BSP_v100/Ax58400_GpioAio/CM7/AX58400/driver" -Og -ffunction-sections -fdata-sections -Wall -fstack-usage -fcyclomatic-complexity -MMD -MP -MF"SSC/Src/AX58400_FoeAppl.d" -MT"SSC/Src/AX58400_FoeAppl.o" --specs=nano.specs -mfpu=fpv5-d16 -mfloat-abi=hard -mthumb -o "SSC/Src/AX58400_FoeAppl.o"
arm-none-eabi-gcc "../SSC/Src/AX58400_GpioAio.c" -mcpu=cortex-m7 -g3 -DUSE_HAL_DRIVER -DUSE_BOOTLDR -DCORE_CM7 -DDEBUG -DSTM32H755xx -c -I../Core/Inc -I../../Drivers/STM32H7xx_HAL_Driver/Inc -I../../Drivers/STM32H7xx_HAL_Driver/Inc/Legacy -I../../Drivers/CMSIS/Device/ST/STM32H7xx/Include -I../../Drivers/CMSIS/Include -I"C:/Users/guan-ming.dennis-won/Documents/ASIX Corporation/AX58400 (Source)/AX58400 (Source)/AX58400_BSP_v100_20211214/AX58400_BSP_v100/Ax58400_GpioAio/CM7/SSC/Src" -I"C:/Users/guan-ming.dennis-won/Documents/ASIX Corporation/AX58400 (Source)/AX58400 (Source)/AX58400_BSP_v100_20211214/AX58400_BSP_v100/Ax58400_GpioAio/CM7/AX58400/driver" -Og -ffunction-sections -fdata-sections -Wall -fstack-usage -fcyclomatic-complexity -MMD -MP -MF"SSC/Src/AX58400_GpioAio.d" -MT"SSC/Src/AX58400_GpioAio.o" --specs=nano.specs -mfpu=fpv5-d16 -mfloat-abi=hard -mthumb -o "SSC/Src/AX58400_GpioAio.o"
arm-none-eabi-gcc "../SSC/Src/AX58400_Hw.c" -mcpu=cortex-m7 -g3 -DUSE_HAL_DRIVER -DUSE_BOOTLDR -DCORE_CM7 -DDEBUG -DSTM32H755xx -c -I../Core/Inc -I../../Drivers/STM32H7xx_HAL_Driver/Inc -I../../Drivers/STM32H7xx_HAL_Driver/Inc/Legacy -I../../Drivers/CMSIS/Device/ST/STM32H7xx/Include -I../../Drivers/CMSIS/Include -I"C:/Users/guan-ming.dennis-won/Documents/ASIX Corporation/AX58400 (Source)/AX58400 (Source)/AX58400_BSP_v100_20211214/AX58400_BSP_v100/Ax58400_GpioAio/CM7/SSC/Src" -I"C:/Users/guan-ming.dennis-won/Documents/ASIX Corporation/AX58400 (Source)/AX58400 (Source)/AX58400_BSP_v100_20211214/AX58400_BSP_v100/Ax58400_GpioAio/CM7/AX58400/driver" -Og -ffunction-sections -fdata-sections -Wall -fstack-usage -fcyclomatic-complexity -MMD -MP -MF"SSC/Src/AX58400_Hw.d" -MT"SSC/Src/AX58400_Hw.o" --specs=nano.specs -mfpu=fpv5-d16 -mfloat-abi=hard -mthumb -o "SSC/Src/AX58400_Hw.o"
arm-none-eabi-gcc "../SSC/Src/aoeappl.c" -mcpu=cortex-m7 -g3 -DUSE_HAL_DRIVER -DUSE_BOOTLDR -DCORE_CM7 -DDEBUG -DSTM32H755xx -c -I../Core/Inc -I../../Drivers/STM32H7xx_HAL_Driver/Inc -I../../Drivers/STM32H7xx_HAL_Driver/Inc/Legacy -I../../Drivers/CMSIS/Device/ST/STM32H7xx/Include -I../../Drivers/CMSIS/Include -I"C:/Users/guan-ming.dennis-won/Documents/ASIX Corporation/AX58400 (Source)/AX58400 (Source)/AX58400_BSP_v100_20211214/AX58400_BSP_v100/Ax58400_GpioAio/CM7/SSC/Src" -I"C:/Users/guan-ming.dennis-won/Documents/ASIX Corporation/AX58400 (Source)/AX58400 (Source)/AX58400_BSP_v100_20211214/AX58400_BSP_v100/Ax58400_GpioAio/CM7/AX58400/driver" -Og -ffunction-sections -fdata-sections -Wall -fstack-usage -fcyclomatic-complexity -MMD -MP -MF"SSC/Src/aoeappl.d" -MT"SSC/Src/aoeappl.o" --specs=nano.specs -mfpu=fpv5-d16 -mfloat-abi=hard -mthumb -o "SSC/Src/aoeappl.o"
arm-none-eabi-gcc "../SSC/Src/ax58400_flash.c" -mcpu=cortex-m7 -g3 -DUSE_HAL_DRIVER -DUSE_BOOTLDR -DCORE_CM7 -DDEBUG -DSTM32H755xx -c -I../Core/Inc -I../../Drivers/STM32H7xx_HAL_Driver/Inc -I../../Drivers/STM32H7xx_HAL_Driver/Inc/Legacy -I../../Drivers/CMSIS/Device/ST/STM32H7xx/Include -I../../Drivers/CMSIS/Include -I"C:/Users/guan-ming.dennis-won/Documents/ASIX Corporation/AX58400 (Source)/AX58400 (Source)/AX58400_BSP_v100_20211214/AX58400_BSP_v100/Ax58400_GpioAio/CM7/SSC/Src" -I"C:/Users/guan-ming.dennis-won/Documents/ASIX Corporation/AX58400 (Source)/AX58400 (Source)/AX58400_BSP_v100_20211214/AX58400_BSP_v100/Ax58400_GpioAio/CM7/AX58400/driver" -Og -ffunction-sections -fdata-sections -Wall -fstack-usage -fcyclomatic-complexity -MMD -MP -MF"SSC/Src/ax58400_flash.d" -MT"SSC/Src/ax58400_flash.o" --specs=nano.specs -mfpu=fpv5-d16 -mfloat-abi=hard -mthumb -o "SSC/Src/ax58400_flash.o"
arm-none-eabi-gcc "../SSC/Src/bootmode.c" -mcpu=cortex-m7 -g3 -DUSE_HAL_DRIVER -DUSE_BOOTLDR -DCORE_CM7 -DDEBUG -DSTM32H755xx -c -I../Core/Inc -I../../Drivers/STM32H7xx_HAL_Driver/Inc -I../../Drivers/STM32H7xx_HAL_Driver/Inc/Legacy -I../../Drivers/CMSIS/Device/ST/STM32H7xx/Include -I../../Drivers/CMSIS/Include -I"C:/Users/guan-ming.dennis-won/Documents/ASIX Corporation/AX58400 (Source)/AX58400 (Source)/AX58400_BSP_v100_20211214/AX58400_BSP_v100/Ax58400_GpioAio/CM7/SSC/Src" -I"C:/Users/guan-ming.dennis-won/Documents/ASIX Corporation/AX58400 (Source)/AX58400 (Source)/AX58400_BSP_v100_20211214/AX58400_BSP_v100/Ax58400_GpioAio/CM7/AX58400/driver" -Og -ffunction-sections -fdata-sections -Wall -fstack-usage -fcyclomatic-complexity -MMD -MP -MF"SSC/Src/bootmode.d" -MT"SSC/Src/bootmode.o" --specs=nano.specs -mfpu=fpv5-d16 -mfloat-abi=hard -mthumb -o "SSC/Src/bootmode.o"
arm-none-eabi-gcc "../SSC/Src/coeappl.c" -mcpu=cortex-m7 -g3 -DUSE_HAL_DRIVER -DUSE_BOOTLDR -DCORE_CM7 -DDEBUG -DSTM32H755xx -c -I../Core/Inc -I../../Drivers/STM32H7xx_HAL_Driver/Inc -I../../Drivers/STM32H7xx_HAL_Driver/Inc/Legacy -I../../Drivers/CMSIS/Device/ST/STM32H7xx/Include -I../../Drivers/CMSIS/Include -I"C:/Users/guan-ming.dennis-won/Documents/ASIX Corporation/AX58400 (Source)/AX58400 (Source)/AX58400_BSP_v100_20211214/AX58400_BSP_v100/Ax58400_GpioAio/CM7/SSC/Src" -I"C:/Users/guan-ming.dennis-won/Documents/ASIX Corporation/AX58400 (Source)/AX58400 (Source)/AX58400_BSP_v100_20211214/AX58400_BSP_v100/Ax58400_GpioAio/CM7/AX58400/driver" -Og -ffunction-sections -fdata-sections -Wall -fstack-usage -fcyclomatic-complexity -MMD -MP -MF"SSC/Src/coeappl.d" -MT"SSC/Src/coeappl.o" --specs=nano.specs -mfpu=fpv5-d16 -mfloat-abi=hard -mthumb -o "SSC/Src/coeappl.o"
arm-none-eabi-gcc "../SSC/Src/ecataoe.c" -mcpu=cortex-m7 -g3 -DUSE_HAL_DRIVER -DUSE_BOOTLDR -DCORE_CM7 -DDEBUG -DSTM32H755xx -c -I../Core/Inc -I../../Drivers/STM32H7xx_HAL_Driver/Inc -I../../Drivers/STM32H7xx_HAL_Driver/Inc/Legacy -I../../Drivers/CMSIS/Device/ST/STM32H7xx/Include -I../../Drivers/CMSIS/Include -I"C:/Users/guan-ming.dennis-won/Documents/ASIX Corporation/AX58400 (Source)/AX58400 (Source)/AX58400_BSP_v100_20211214/AX58400_BSP_v100/Ax58400_GpioAio/CM7/SSC/Src" -I"C:/Users/guan-ming.dennis-won/Documents/ASIX Corporation/AX58400 (Source)/AX58400 (Source)/AX58400_BSP_v100_20211214/AX58400_BSP_v100/Ax58400_GpioAio/CM7/AX58400/driver" -Og -ffunction-sections -fdata-sections -Wall -fstack-usage -fcyclomatic-complexity -MMD -MP -MF"SSC/Src/ecataoe.d" -MT"SSC/Src/ecataoe.o" --specs=nano.specs -mfpu=fpv5-d16 -mfloat-abi=hard -mthumb -o "SSC/Src/ecataoe.o"
../SSC/Src/AX58400_GpioAio.c: In function 'APPL_InputMapping':
../SSC/Src/AX58400_GpioAio.c:275:6: warning: #warning "Implement input (Slave->Master) mapping" [-Wcpp]
  275 |     #warning "Implement input (Slave->Master) mapping"
      |      ^~~~~~~
../SSC/Src/AX58400_GpioAio.c: In function 'APPL_OutputMapping':
../SSC/Src/AX58400_GpioAio.c:311:6: warning: #warning "Implement output (Master->Slave) mapping" [-Wcpp]
  311 |     #warning "Implement output (Master->Slave) mapping"
      |      ^~~~~~~
../SSC/Src/AX58400_GpioAio.c: In function 'APPL_Application':
../SSC/Src/AX58400_GpioAio.c:326:6: warning: #warning "Implement the slave application" [-Wcpp]
  326 |     #warning "Implement the slave application"
      |      ^~~~~~~
../SSC/Src/AX58400_GpioAio.c: In function 'APPL_GetDeviceID':
../SSC/Src/AX58400_GpioAio.c:342:6: warning: #warning "Implement explicit Device ID latching" [-Wcpp]
  342 |     #warning "Implement explicit Device ID latching"
      |      ^~~~~~~
arm-none-eabi-gcc "../SSC/Src/ecatappl.c" -mcpu=cortex-m7 -g3 -DUSE_HAL_DRIVER -DUSE_BOOTLDR -DCORE_CM7 -DDEBUG -DSTM32H755xx -c -I../Core/Inc -I../../Drivers/STM32H7xx_HAL_Driver/Inc -I../../Drivers/STM32H7xx_HAL_Driver/Inc/Legacy -I../../Drivers/CMSIS/Device/ST/STM32H7xx/Include -I../../Drivers/CMSIS/Include -I"C:/Users/guan-ming.dennis-won/Documents/ASIX Corporation/AX58400 (Source)/AX58400 (Source)/AX58400_BSP_v100_20211214/AX58400_BSP_v100/Ax58400_GpioAio/CM7/SSC/Src" -I"C:/Users/guan-ming.dennis-won/Documents/ASIX Corporation/AX58400 (Source)/AX58400 (Source)/AX58400_BSP_v100_20211214/AX58400_BSP_v100/Ax58400_GpioAio/CM7/AX58400/driver" -Og -ffunction-sections -fdata-sections -Wall -fstack-usage -fcyclomatic-complexity -MMD -MP -MF"SSC/Src/ecatappl.d" -MT"SSC/Src/ecatappl.o" --specs=nano.specs -mfpu=fpv5-d16 -mfloat-abi=hard -mthumb -o "SSC/Src/ecatappl.o"
arm-none-eabi-gcc "../SSC/Src/ecatcoe.c" -mcpu=cortex-m7 -g3 -DUSE_HAL_DRIVER -DUSE_BOOTLDR -DCORE_CM7 -DDEBUG -DSTM32H755xx -c -I../Core/Inc -I../../Drivers/STM32H7xx_HAL_Driver/Inc -I../../Drivers/STM32H7xx_HAL_Driver/Inc/Legacy -I../../Drivers/CMSIS/Device/ST/STM32H7xx/Include -I../../Drivers/CMSIS/Include -I"C:/Users/guan-ming.dennis-won/Documents/ASIX Corporation/AX58400 (Source)/AX58400 (Source)/AX58400_BSP_v100_20211214/AX58400_BSP_v100/Ax58400_GpioAio/CM7/SSC/Src" -I"C:/Users/guan-ming.dennis-won/Documents/ASIX Corporation/AX58400 (Source)/AX58400 (Source)/AX58400_BSP_v100_20211214/AX58400_BSP_v100/Ax58400_GpioAio/CM7/AX58400/driver" -Og -ffunction-sections -fdata-sections -Wall -fstack-usage -fcyclomatic-complexity -MMD -MP -MF"SSC/Src/ecatcoe.d" -MT"SSC/Src/ecatcoe.o" --specs=nano.specs -mfpu=fpv5-d16 -mfloat-abi=hard -mthumb -o "SSC/Src/ecatcoe.o"
../SSC/Src/AX58400_Hw.c:769:13: warning: 'HW_SPI_CloseTransfer' defined but not used [-Wunused-function]
  769 | static void HW_SPI_CloseTransfer(SPI_HandleTypeDef *hspi)
      |             ^~~~~~~~~~~~~~~~~~~~
../SSC/Src/AX58400_Hw.c:736:14: warning: 'HW_SPI_DeInit' defined but not used [-Wunused-function]
  736 | static INT32 HW_SPI_DeInit(HW_SPI_OBJECT* pSpiObj)
      |              ^~~~~~~~~~~~~
arm-none-eabi-gcc "../SSC/Src/ecateoe.c" -mcpu=cortex-m7 -g3 -DUSE_HAL_DRIVER -DUSE_BOOTLDR -DCORE_CM7 -DDEBUG -DSTM32H755xx -c -I../Core/Inc -I../../Drivers/STM32H7xx_HAL_Driver/Inc -I../../Drivers/STM32H7xx_HAL_Driver/Inc/Legacy -I../../Drivers/CMSIS/Device/ST/STM32H7xx/Include -I../../Drivers/CMSIS/Include -I"C:/Users/guan-ming.dennis-won/Documents/ASIX Corporation/AX58400 (Source)/AX58400 (Source)/AX58400_BSP_v100_20211214/AX58400_BSP_v100/Ax58400_GpioAio/CM7/SSC/Src" -I"C:/Users/guan-ming.dennis-won/Documents/ASIX Corporation/AX58400 (Source)/AX58400 (Source)/AX58400_BSP_v100_20211214/AX58400_BSP_v100/Ax58400_GpioAio/CM7/AX58400/driver" -Og -ffunction-sections -fdata-sections -Wall -fstack-usage -fcyclomatic-complexity -MMD -MP -MF"SSC/Src/ecateoe.d" -MT"SSC/Src/ecateoe.o" --specs=nano.specs -mfpu=fpv5-d16 -mfloat-abi=hard -mthumb -o "SSC/Src/ecateoe.o"
../SSC/Src/ax58400_flash.c: In function 'Ax58400Flash_Erase':
../SSC/Src/ax58400_flash.c:65:40: warning: passing argument 2 of 'HAL_FLASHEx_Erase' from incompatible pointer type [-Wincompatible-pointer-types]
   65 |     if (HAL_FLASHEx_Erase(&pEraseInit, (unsigned int *)&SectorError) != HAL_OK)
      |                                        ^~~~~~~~~~~~~~~~~~~~~~~~~~~~
      |                                        |
      |                                        unsigned int *
In file included from ../../Drivers/STM32H7xx_HAL_Driver/Inc/stm32h7xx_hal_flash.h:707,
                 from ../Core/Inc/stm32h7xx_hal_conf.h:335,
                 from ../../Drivers/STM32H7xx_HAL_Driver/Inc/stm32h7xx_hal.h:29,
                 from ../SSC/Src/ax58400_flash.c:15:
../../Drivers/STM32H7xx_HAL_Driver/Inc/stm32h7xx_hal_flash_ex.h:822:83: note: expected 'uint32_t *' {aka 'long unsigned int *'} but argument is of type 'unsigned int *'
  822 | HAL_StatusTypeDef HAL_FLASHEx_Erase(FLASH_EraseInitTypeDef *pEraseInit, uint32_t *SectorError);
      |                                                                         ~~~~~~~~~~^~~~~~~~~~~
arm-none-eabi-gcc "../SSC/Src/ecatfoe.c" -mcpu=cortex-m7 -g3 -DUSE_HAL_DRIVER -DUSE_BOOTLDR -DCORE_CM7 -DDEBUG -DSTM32H755xx -c -I../Core/Inc -I../../Drivers/STM32H7xx_HAL_Driver/Inc -I../../Drivers/STM32H7xx_HAL_Driver/Inc/Legacy -I../../Drivers/CMSIS/Device/ST/STM32H7xx/Include -I../../Drivers/CMSIS/Include -I"C:/Users/guan-ming.dennis-won/Documents/ASIX Corporation/AX58400 (Source)/AX58400 (Source)/AX58400_BSP_v100_20211214/AX58400_BSP_v100/Ax58400_GpioAio/CM7/SSC/Src" -I"C:/Users/guan-ming.dennis-won/Documents/ASIX Corporation/AX58400 (Source)/AX58400 (Source)/AX58400_BSP_v100_20211214/AX58400_BSP_v100/Ax58400_GpioAio/CM7/AX58400/driver" -Og -ffunction-sections -fdata-sections -Wall -fstack-usage -fcyclomatic-complexity -MMD -MP -MF"SSC/Src/ecatfoe.d" -MT"SSC/Src/ecatfoe.o" --specs=nano.specs -mfpu=fpv5-d16 -mfloat-abi=hard -mthumb -o "SSC/Src/ecatfoe.o"
arm-none-eabi-gcc "../SSC/Src/ecatslv.c" -mcpu=cortex-m7 -g3 -DUSE_HAL_DRIVER -DUSE_BOOTLDR -DCORE_CM7 -DDEBUG -DSTM32H755xx -c -I../Core/Inc -I../../Drivers/STM32H7xx_HAL_Driver/Inc -I../../Drivers/STM32H7xx_HAL_Driver/Inc/Legacy -I../../Drivers/CMSIS/Device/ST/STM32H7xx/Include -I../../Drivers/CMSIS/Include -I"C:/Users/guan-ming.dennis-won/Documents/ASIX Corporation/AX58400 (Source)/AX58400 (Source)/AX58400_BSP_v100_20211214/AX58400_BSP_v100/Ax58400_GpioAio/CM7/SSC/Src" -I"C:/Users/guan-ming.dennis-won/Documents/ASIX Corporation/AX58400 (Source)/AX58400 (Source)/AX58400_BSP_v100_20211214/AX58400_BSP_v100/Ax58400_GpioAio/CM7/AX58400/driver" -Og -ffunction-sections -fdata-sections -Wall -fstack-usage -fcyclomatic-complexity -MMD -MP -MF"SSC/Src/ecatslv.d" -MT"SSC/Src/ecatslv.o" --specs=nano.specs -mfpu=fpv5-d16 -mfloat-abi=hard -mthumb -o "SSC/Src/ecatslv.o"
arm-none-eabi-gcc "../SSC/Src/eoeappl.c" -mcpu=cortex-m7 -g3 -DUSE_HAL_DRIVER -DUSE_BOOTLDR -DCORE_CM7 -DDEBUG -DSTM32H755xx -c -I../Core/Inc -I../../Drivers/STM32H7xx_HAL_Driver/Inc -I../../Drivers/STM32H7xx_HAL_Driver/Inc/Legacy -I../../Drivers/CMSIS/Device/ST/STM32H7xx/Include -I../../Drivers/CMSIS/Include -I"C:/Users/guan-ming.dennis-won/Documents/ASIX Corporation/AX58400 (Source)/AX58400 (Source)/AX58400_BSP_v100_20211214/AX58400_BSP_v100/Ax58400_GpioAio/CM7/SSC/Src" -I"C:/Users/guan-ming.dennis-won/Documents/ASIX Corporation/AX58400 (Source)/AX58400 (Source)/AX58400_BSP_v100_20211214/AX58400_BSP_v100/Ax58400_GpioAio/CM7/AX58400/driver" -Og -ffunction-sections -fdata-sections -Wall -fstack-usage -fcyclomatic-complexity -MMD -MP -MF"SSC/Src/eoeappl.d" -MT"SSC/Src/eoeappl.o" --specs=nano.specs -mfpu=fpv5-d16 -mfloat-abi=hard -mthumb -o "SSC/Src/eoeappl.o"
../SSC/Src/coeappl.c: In function 'COE_ObjDictionaryInit':
../SSC/Src/coeappl.c:884:26: warning: the comparison will always evaluate as 'true' for the address of 'ApplicationObjDic' will never be NULL [-Waddress]
  884 |     if(ApplicationObjDic != NULL)
      |                          ^~
In file included from ../SSC/Src/AX58400_GpioAio.h:41,
                 from ../SSC/Src/coeappl.c:134:
../SSC/Src/AX58400_GpioAioObjects.h:572:19: note: 'ApplicationObjDic' declared here
  572 | TOBJECT    OBJMEM ApplicationObjDic[] = {
      |                   ^~~~~~~~~~~~~~~~~
arm-none-eabi-gcc "../SSC/Src/foeappl.c" -mcpu=cortex-m7 -g3 -DUSE_HAL_DRIVER -DUSE_BOOTLDR -DCORE_CM7 -DDEBUG -DSTM32H755xx -c -I../Core/Inc -I../../Drivers/STM32H7xx_HAL_Driver/Inc -I../../Drivers/STM32H7xx_HAL_Driver/Inc/Legacy -I../../Drivers/CMSIS/Device/ST/STM32H7xx/Include -I../../Drivers/CMSIS/Include -I"C:/Users/guan-ming.dennis-won/Documents/ASIX Corporation/AX58400 (Source)/AX58400 (Source)/AX58400_BSP_v100_20211214/AX58400_BSP_v100/Ax58400_GpioAio/CM7/SSC/Src" -I"C:/Users/guan-ming.dennis-won/Documents/ASIX Corporation/AX58400 (Source)/AX58400 (Source)/AX58400_BSP_v100_20211214/AX58400_BSP_v100/Ax58400_GpioAio/CM7/AX58400/driver" -Og -ffunction-sections -fdata-sections -Wall -fstack-usage -fcyclomatic-complexity -MMD -MP -MF"SSC/Src/foeappl.d" -MT"SSC/Src/foeappl.o" --specs=nano.specs -mfpu=fpv5-d16 -mfloat-abi=hard -mthumb -o "SSC/Src/foeappl.o"
arm-none-eabi-gcc "../SSC/Src/mailbox.c" -mcpu=cortex-m7 -g3 -DUSE_HAL_DRIVER -DUSE_BOOTLDR -DCORE_CM7 -DDEBUG -DSTM32H755xx -c -I../Core/Inc -I../../Drivers/STM32H7xx_HAL_Driver/Inc -I../../Drivers/STM32H7xx_HAL_Driver/Inc/Legacy -I../../Drivers/CMSIS/Device/ST/STM32H7xx/Include -I../../Drivers/CMSIS/Include -I"C:/Users/guan-ming.dennis-won/Documents/ASIX Corporation/AX58400 (Source)/AX58400 (Source)/AX58400_BSP_v100_20211214/AX58400_BSP_v100/Ax58400_GpioAio/CM7/SSC/Src" -I"C:/Users/guan-ming.dennis-won/Documents/ASIX Corporation/AX58400 (Source)/AX58400 (Source)/AX58400_BSP_v100_20211214/AX58400_BSP_v100/Ax58400_GpioAio/CM7/AX58400/driver" -Og -ffunction-sections -fdata-sections -Wall -fstack-usage -fcyclomatic-complexity -MMD -MP -MF"SSC/Src/mailbox.d" -MT"SSC/Src/mailbox.o" --specs=nano.specs -mfpu=fpv5-d16 -mfloat-abi=hard -mthumb -o "SSC/Src/mailbox.o"
arm-none-eabi-gcc "../SSC/Src/objdef.c" -mcpu=cortex-m7 -g3 -DUSE_HAL_DRIVER -DUSE_BOOTLDR -DCORE_CM7 -DDEBUG -DSTM32H755xx -c -I../Core/Inc -I../../Drivers/STM32H7xx_HAL_Driver/Inc -I../../Drivers/STM32H7xx_HAL_Driver/Inc/Legacy -I../../Drivers/CMSIS/Device/ST/STM32H7xx/Include -I../../Drivers/CMSIS/Include -I"C:/Users/guan-ming.dennis-won/Documents/ASIX Corporation/AX58400 (Source)/AX58400 (Source)/AX58400_BSP_v100_20211214/AX58400_BSP_v100/Ax58400_GpioAio/CM7/SSC/Src" -I"C:/Users/guan-ming.dennis-won/Documents/ASIX Corporation/AX58400 (Source)/AX58400 (Source)/AX58400_BSP_v100_20211214/AX58400_BSP_v100/Ax58400_GpioAio/CM7/AX58400/driver" -Og -ffunction-sections -fdata-sections -Wall -fstack-usage -fcyclomatic-complexity -MMD -MP -MF"SSC/Src/objdef.d" -MT"SSC/Src/objdef.o" --specs=nano.specs -mfpu=fpv5-d16 -mfloat-abi=hard -mthumb -o "SSC/Src/objdef.o"
arm-none-eabi-gcc "../SSC/Src/sdoserv.c" -mcpu=cortex-m7 -g3 -DUSE_HAL_DRIVER -DUSE_BOOTLDR -DCORE_CM7 -DDEBUG -DSTM32H755xx -c -I../Core/Inc -I../../Drivers/STM32H7xx_HAL_Driver/Inc -I../../Drivers/STM32H7xx_HAL_Driver/Inc/Legacy -I../../Drivers/CMSIS/Device/ST/STM32H7xx/Include -I../../Drivers/CMSIS/Include -I"C:/Users/guan-ming.dennis-won/Documents/ASIX Corporation/AX58400 (Source)/AX58400 (Source)/AX58400_BSP_v100_20211214/AX58400_BSP_v100/Ax58400_GpioAio/CM7/SSC/Src" -I"C:/Users/guan-ming.dennis-won/Documents/ASIX Corporation/AX58400 (Source)/AX58400 (Source)/AX58400_BSP_v100_20211214/AX58400_BSP_v100/Ax58400_GpioAio/CM7/AX58400/driver" -Og -ffunction-sections -fdata-sections -Wall -fstack-usage -fcyclomatic-complexity -MMD -MP -MF"SSC/Src/sdoserv.d" -MT"SSC/Src/sdoserv.o" --specs=nano.specs -mfpu=fpv5-d16 -mfloat-abi=hard -mthumb -o "SSC/Src/sdoserv.o"
arm-none-eabi-gcc "C:/Users/guan-ming.dennis-won/Documents/ASIX Corporation/AX58400 (Source)/AX58400 (Source)/AX58400_BSP_v100_20211214/AX58400_BSP_v100/Ax58400_GpioAio/Drivers/STM32H7xx_HAL_Driver/Src/stm32h7xx_hal.c" -mcpu=cortex-m7 -g3 -DUSE_HAL_DRIVER -DUSE_BOOTLDR -DCORE_CM7 -DDEBUG -DSTM32H755xx -c -I../Core/Inc -I../../Drivers/STM32H7xx_HAL_Driver/Inc -I../../Drivers/STM32H7xx_HAL_Driver/Inc/Legacy -I../../Drivers/CMSIS/Device/ST/STM32H7xx/Include -I../../Drivers/CMSIS/Include -I"C:/Users/guan-ming.dennis-won/Documents/ASIX Corporation/AX58400 (Source)/AX58400 (Source)/AX58400_BSP_v100_20211214/AX58400_BSP_v100/Ax58400_GpioAio/CM7/SSC/Src" -I"C:/Users/guan-ming.dennis-won/Documents/ASIX Corporation/AX58400 (Source)/AX58400 (Source)/AX58400_BSP_v100_20211214/AX58400_BSP_v100/Ax58400_GpioAio/CM7/AX58400/driver" -Og -ffunction-sections -fdata-sections -Wall -fstack-usage -fcyclomatic-complexity -MMD -MP -MF"Drivers/STM32H7xx_HAL_Driver/stm32h7xx_hal.d" -MT"Drivers/STM32H7xx_HAL_Driver/stm32h7xx_hal.o" --specs=nano.specs -mfpu=fpv5-d16 -mfloat-abi=hard -mthumb -o "Drivers/STM32H7xx_HAL_Driver/stm32h7xx_hal.o"
arm-none-eabi-gcc "C:/Users/guan-ming.dennis-won/Documents/ASIX Corporation/AX58400 (Source)/AX58400 (Source)/AX58400_BSP_v100_20211214/AX58400_BSP_v100/Ax58400_GpioAio/Drivers/STM32H7xx_HAL_Driver/Src/stm32h7xx_hal_adc.c" -mcpu=cortex-m7 -g3 -DUSE_HAL_DRIVER -DUSE_BOOTLDR -DCORE_CM7 -DDEBUG -DSTM32H755xx -c -I../Core/Inc -I../../Drivers/STM32H7xx_HAL_Driver/Inc -I../../Drivers/STM32H7xx_HAL_Driver/Inc/Legacy -I../../Drivers/CMSIS/Device/ST/STM32H7xx/Include -I../../Drivers/CMSIS/Include -I"C:/Users/guan-ming.dennis-won/Documents/ASIX Corporation/AX58400 (Source)/AX58400 (Source)/AX58400_BSP_v100_20211214/AX58400_BSP_v100/Ax58400_GpioAio/CM7/SSC/Src" -I"C:/Users/guan-ming.dennis-won/Documents/ASIX Corporation/AX58400 (Source)/AX58400 (Source)/AX58400_BSP_v100_20211214/AX58400_BSP_v100/Ax58400_GpioAio/CM7/AX58400/driver" -Og -ffunction-sections -fdata-sections -Wall -fstack-usage -fcyclomatic-complexity -MMD -MP -MF"Drivers/STM32H7xx_HAL_Driver/stm32h7xx_hal_adc.d" -MT"Drivers/STM32H7xx_HAL_Driver/stm32h7xx_hal_adc.o" --specs=nano.specs -mfpu=fpv5-d16 -mfloat-abi=hard -mthumb -o "Drivers/STM32H7xx_HAL_Driver/stm32h7xx_hal_adc.o"
arm-none-eabi-gcc "C:/Users/guan-ming.dennis-won/Documents/ASIX Corporation/AX58400 (Source)/AX58400 (Source)/AX58400_BSP_v100_20211214/AX58400_BSP_v100/Ax58400_GpioAio/Drivers/STM32H7xx_HAL_Driver/Src/stm32h7xx_hal_adc_ex.c" -mcpu=cortex-m7 -g3 -DUSE_HAL_DRIVER -DUSE_BOOTLDR -DCORE_CM7 -DDEBUG -DSTM32H755xx -c -I../Core/Inc -I../../Drivers/STM32H7xx_HAL_Driver/Inc -I../../Drivers/STM32H7xx_HAL_Driver/Inc/Legacy -I../../Drivers/CMSIS/Device/ST/STM32H7xx/Include -I../../Drivers/CMSIS/Include -I"C:/Users/guan-ming.dennis-won/Documents/ASIX Corporation/AX58400 (Source)/AX58400 (Source)/AX58400_BSP_v100_20211214/AX58400_BSP_v100/Ax58400_GpioAio/CM7/SSC/Src" -I"C:/Users/guan-ming.dennis-won/Documents/ASIX Corporation/AX58400 (Source)/AX58400 (Source)/AX58400_BSP_v100_20211214/AX58400_BSP_v100/Ax58400_GpioAio/CM7/AX58400/driver" -Og -ffunction-sections -fdata-sections -Wall -fstack-usage -fcyclomatic-complexity -MMD -MP -MF"Drivers/STM32H7xx_HAL_Driver/stm32h7xx_hal_adc_ex.d" -MT"Drivers/STM32H7xx_HAL_Driver/stm32h7xx_hal_adc_ex.o" --specs=nano.specs -mfpu=fpv5-d16 -mfloat-abi=hard -mthumb -o "Drivers/STM32H7xx_HAL_Driver/stm32h7xx_hal_adc_ex.o"
arm-none-eabi-gcc "C:/Users/guan-ming.dennis-won/Documents/ASIX Corporation/AX58400 (Source)/AX58400 (Source)/AX58400_BSP_v100_20211214/AX58400_BSP_v100/Ax58400_GpioAio/Drivers/STM32H7xx_HAL_Driver/Src/stm32h7xx_hal_cortex.c" -mcpu=cortex-m7 -g3 -DUSE_HAL_DRIVER -DUSE_BOOTLDR -DCORE_CM7 -DDEBUG -DSTM32H755xx -c -I../Core/Inc -I../../Drivers/STM32H7xx_HAL_Driver/Inc -I../../Drivers/STM32H7xx_HAL_Driver/Inc/Legacy -I../../Drivers/CMSIS/Device/ST/STM32H7xx/Include -I../../Drivers/CMSIS/Include -I"C:/Users/guan-ming.dennis-won/Documents/ASIX Corporation/AX58400 (Source)/AX58400 (Source)/AX58400_BSP_v100_20211214/AX58400_BSP_v100/Ax58400_GpioAio/CM7/SSC/Src" -I"C:/Users/guan-ming.dennis-won/Documents/ASIX Corporation/AX58400 (Source)/AX58400 (Source)/AX58400_BSP_v100_20211214/AX58400_BSP_v100/Ax58400_GpioAio/CM7/AX58400/driver" -Og -ffunction-sections -fdata-sections -Wall -fstack-usage -fcyclomatic-complexity -MMD -MP -MF"Drivers/STM32H7xx_HAL_Driver/stm32h7xx_hal_cortex.d" -MT"Drivers/STM32H7xx_HAL_Driver/stm32h7xx_hal_cortex.o" --specs=nano.specs -mfpu=fpv5-d16 -mfloat-abi=hard -mthumb -o "Drivers/STM32H7xx_HAL_Driver/stm32h7xx_hal_cortex.o"
arm-none-eabi-gcc "C:/Users/guan-ming.dennis-won/Documents/ASIX Corporation/AX58400 (Source)/AX58400 (Source)/AX58400_BSP_v100_20211214/AX58400_BSP_v100/Ax58400_GpioAio/Drivers/STM32H7xx_HAL_Driver/Src/stm32h7xx_hal_dac.c" -mcpu=cortex-m7 -g3 -DUSE_HAL_DRIVER -DUSE_BOOTLDR -DCORE_CM7 -DDEBUG -DSTM32H755xx -c -I../Core/Inc -I../../Drivers/STM32H7xx_HAL_Driver/Inc -I../../Drivers/STM32H7xx_HAL_Driver/Inc/Legacy -I../../Drivers/CMSIS/Device/ST/STM32H7xx/Include -I../../Drivers/CMSIS/Include -I"C:/Users/guan-ming.dennis-won/Documents/ASIX Corporation/AX58400 (Source)/AX58400 (Source)/AX58400_BSP_v100_20211214/AX58400_BSP_v100/Ax58400_GpioAio/CM7/SSC/Src" -I"C:/Users/guan-ming.dennis-won/Documents/ASIX Corporation/AX58400 (Source)/AX58400 (Source)/AX58400_BSP_v100_20211214/AX58400_BSP_v100/Ax58400_GpioAio/CM7/AX58400/driver" -Og -ffunction-sections -fdata-sections -Wall -fstack-usage -fcyclomatic-complexity -MMD -MP -MF"Drivers/STM32H7xx_HAL_Driver/stm32h7xx_hal_dac.d" -MT"Drivers/STM32H7xx_HAL_Driver/stm32h7xx_hal_dac.o" --specs=nano.specs -mfpu=fpv5-d16 -mfloat-abi=hard -mthumb -o "Drivers/STM32H7xx_HAL_Driver/stm32h7xx_hal_dac.o"
arm-none-eabi-gcc "C:/Users/guan-ming.dennis-won/Documents/ASIX Corporation/AX58400 (Source)/AX58400 (Source)/AX58400_BSP_v100_20211214/AX58400_BSP_v100/Ax58400_GpioAio/Drivers/STM32H7xx_HAL_Driver/Src/stm32h7xx_hal_dac_ex.c" -mcpu=cortex-m7 -g3 -DUSE_HAL_DRIVER -DUSE_BOOTLDR -DCORE_CM7 -DDEBUG -DSTM32H755xx -c -I../Core/Inc -I../../Drivers/STM32H7xx_HAL_Driver/Inc -I../../Drivers/STM32H7xx_HAL_Driver/Inc/Legacy -I../../Drivers/CMSIS/Device/ST/STM32H7xx/Include -I../../Drivers/CMSIS/Include -I"C:/Users/guan-ming.dennis-won/Documents/ASIX Corporation/AX58400 (Source)/AX58400 (Source)/AX58400_BSP_v100_20211214/AX58400_BSP_v100/Ax58400_GpioAio/CM7/SSC/Src" -I"C:/Users/guan-ming.dennis-won/Documents/ASIX Corporation/AX58400 (Source)/AX58400 (Source)/AX58400_BSP_v100_20211214/AX58400_BSP_v100/Ax58400_GpioAio/CM7/AX58400/driver" -Og -ffunction-sections -fdata-sections -Wall -fstack-usage -fcyclomatic-complexity -MMD -MP -MF"Drivers/STM32H7xx_HAL_Driver/stm32h7xx_hal_dac_ex.d" -MT"Drivers/STM32H7xx_HAL_Driver/stm32h7xx_hal_dac_ex.o" --specs=nano.specs -mfpu=fpv5-d16 -mfloat-abi=hard -mthumb -o "Drivers/STM32H7xx_HAL_Driver/stm32h7xx_hal_dac_ex.o"
arm-none-eabi-gcc "C:/Users/guan-ming.dennis-won/Documents/ASIX Corporation/AX58400 (Source)/AX58400 (Source)/AX58400_BSP_v100_20211214/AX58400_BSP_v100/Ax58400_GpioAio/Drivers/STM32H7xx_HAL_Driver/Src/stm32h7xx_hal_dma.c" -mcpu=cortex-m7 -g3 -DUSE_HAL_DRIVER -DUSE_BOOTLDR -DCORE_CM7 -DDEBUG -DSTM32H755xx -c -I../Core/Inc -I../../Drivers/STM32H7xx_HAL_Driver/Inc -I../../Drivers/STM32H7xx_HAL_Driver/Inc/Legacy -I../../Drivers/CMSIS/Device/ST/STM32H7xx/Include -I../../Drivers/CMSIS/Include -I"C:/Users/guan-ming.dennis-won/Documents/ASIX Corporation/AX58400 (Source)/AX58400 (Source)/AX58400_BSP_v100_20211214/AX58400_BSP_v100/Ax58400_GpioAio/CM7/SSC/Src" -I"C:/Users/guan-ming.dennis-won/Documents/ASIX Corporation/AX58400 (Source)/AX58400 (Source)/AX58400_BSP_v100_20211214/AX58400_BSP_v100/Ax58400_GpioAio/CM7/AX58400/driver" -Og -ffunction-sections -fdata-sections -Wall -fstack-usage -fcyclomatic-complexity -MMD -MP -MF"Drivers/STM32H7xx_HAL_Driver/stm32h7xx_hal_dma.d" -MT"Drivers/STM32H7xx_HAL_Driver/stm32h7xx_hal_dma.o" --specs=nano.specs -mfpu=fpv5-d16 -mfloat-abi=hard -mthumb -o "Drivers/STM32H7xx_HAL_Driver/stm32h7xx_hal_dma.o"
arm-none-eabi-gcc "C:/Users/guan-ming.dennis-won/Documents/ASIX Corporation/AX58400 (Source)/AX58400 (Source)/AX58400_BSP_v100_20211214/AX58400_BSP_v100/Ax58400_GpioAio/Drivers/STM32H7xx_HAL_Driver/Src/stm32h7xx_hal_dma_ex.c" -mcpu=cortex-m7 -g3 -DUSE_HAL_DRIVER -DUSE_BOOTLDR -DCORE_CM7 -DDEBUG -DSTM32H755xx -c -I../Core/Inc -I../../Drivers/STM32H7xx_HAL_Driver/Inc -I../../Drivers/STM32H7xx_HAL_Driver/Inc/Legacy -I../../Drivers/CMSIS/Device/ST/STM32H7xx/Include -I../../Drivers/CMSIS/Include -I"C:/Users/guan-ming.dennis-won/Documents/ASIX Corporation/AX58400 (Source)/AX58400 (Source)/AX58400_BSP_v100_20211214/AX58400_BSP_v100/Ax58400_GpioAio/CM7/SSC/Src" -I"C:/Users/guan-ming.dennis-won/Documents/ASIX Corporation/AX58400 (Source)/AX58400 (Source)/AX58400_BSP_v100_20211214/AX58400_BSP_v100/Ax58400_GpioAio/CM7/AX58400/driver" -Og -ffunction-sections -fdata-sections -Wall -fstack-usage -fcyclomatic-complexity -MMD -MP -MF"Drivers/STM32H7xx_HAL_Driver/stm32h7xx_hal_dma_ex.d" -MT"Drivers/STM32H7xx_HAL_Driver/stm32h7xx_hal_dma_ex.o" --specs=nano.specs -mfpu=fpv5-d16 -mfloat-abi=hard -mthumb -o "Drivers/STM32H7xx_HAL_Driver/stm32h7xx_hal_dma_ex.o"
arm-none-eabi-gcc "C:/Users/guan-ming.dennis-won/Documents/ASIX Corporation/AX58400 (Source)/AX58400 (Source)/AX58400_BSP_v100_20211214/AX58400_BSP_v100/Ax58400_GpioAio/Drivers/STM32H7xx_HAL_Driver/Src/stm32h7xx_hal_exti.c" -mcpu=cortex-m7 -g3 -DUSE_HAL_DRIVER -DUSE_BOOTLDR -DCORE_CM7 -DDEBUG -DSTM32H755xx -c -I../Core/Inc -I../../Drivers/STM32H7xx_HAL_Driver/Inc -I../../Drivers/STM32H7xx_HAL_Driver/Inc/Legacy -I../../Drivers/CMSIS/Device/ST/STM32H7xx/Include -I../../Drivers/CMSIS/Include -I"C:/Users/guan-ming.dennis-won/Documents/ASIX Corporation/AX58400 (Source)/AX58400 (Source)/AX58400_BSP_v100_20211214/AX58400_BSP_v100/Ax58400_GpioAio/CM7/SSC/Src" -I"C:/Users/guan-ming.dennis-won/Documents/ASIX Corporation/AX58400 (Source)/AX58400 (Source)/AX58400_BSP_v100_20211214/AX58400_BSP_v100/Ax58400_GpioAio/CM7/AX58400/driver" -Og -ffunction-sections -fdata-sections -Wall -fstack-usage -fcyclomatic-complexity -MMD -MP -MF"Drivers/STM32H7xx_HAL_Driver/stm32h7xx_hal_exti.d" -MT"Drivers/STM32H7xx_HAL_Driver/stm32h7xx_hal_exti.o" --specs=nano.specs -mfpu=fpv5-d16 -mfloat-abi=hard -mthumb -o "Drivers/STM32H7xx_HAL_Driver/stm32h7xx_hal_exti.o"
arm-none-eabi-gcc "C:/Users/guan-ming.dennis-won/Documents/ASIX Corporation/AX58400 (Source)/AX58400 (Source)/AX58400_BSP_v100_20211214/AX58400_BSP_v100/Ax58400_GpioAio/Drivers/STM32H7xx_HAL_Driver/Src/stm32h7xx_hal_flash.c" -mcpu=cortex-m7 -g3 -DUSE_HAL_DRIVER -DUSE_BOOTLDR -DCORE_CM7 -DDEBUG -DSTM32H755xx -c -I../Core/Inc -I../../Drivers/STM32H7xx_HAL_Driver/Inc -I../../Drivers/STM32H7xx_HAL_Driver/Inc/Legacy -I../../Drivers/CMSIS/Device/ST/STM32H7xx/Include -I../../Drivers/CMSIS/Include -I"C:/Users/guan-ming.dennis-won/Documents/ASIX Corporation/AX58400 (Source)/AX58400 (Source)/AX58400_BSP_v100_20211214/AX58400_BSP_v100/Ax58400_GpioAio/CM7/SSC/Src" -I"C:/Users/guan-ming.dennis-won/Documents/ASIX Corporation/AX58400 (Source)/AX58400 (Source)/AX58400_BSP_v100_20211214/AX58400_BSP_v100/Ax58400_GpioAio/CM7/AX58400/driver" -Og -ffunction-sections -fdata-sections -Wall -fstack-usage -fcyclomatic-complexity -MMD -MP -MF"Drivers/STM32H7xx_HAL_Driver/stm32h7xx_hal_flash.d" -MT"Drivers/STM32H7xx_HAL_Driver/stm32h7xx_hal_flash.o" --specs=nano.specs -mfpu=fpv5-d16 -mfloat-abi=hard -mthumb -o "Drivers/STM32H7xx_HAL_Driver/stm32h7xx_hal_flash.o"
arm-none-eabi-gcc "C:/Users/guan-ming.dennis-won/Documents/ASIX Corporation/AX58400 (Source)/AX58400 (Source)/AX58400_BSP_v100_20211214/AX58400_BSP_v100/Ax58400_GpioAio/Drivers/STM32H7xx_HAL_Driver/Src/stm32h7xx_hal_flash_ex.c" -mcpu=cortex-m7 -g3 -DUSE_HAL_DRIVER -DUSE_BOOTLDR -DCORE_CM7 -DDEBUG -DSTM32H755xx -c -I../Core/Inc -I../../Drivers/STM32H7xx_HAL_Driver/Inc -I../../Drivers/STM32H7xx_HAL_Driver/Inc/Legacy -I../../Drivers/CMSIS/Device/ST/STM32H7xx/Include -I../../Drivers/CMSIS/Include -I"C:/Users/guan-ming.dennis-won/Documents/ASIX Corporation/AX58400 (Source)/AX58400 (Source)/AX58400_BSP_v100_20211214/AX58400_BSP_v100/Ax58400_GpioAio/CM7/SSC/Src" -I"C:/Users/guan-ming.dennis-won/Documents/ASIX Corporation/AX58400 (Source)/AX58400 (Source)/AX58400_BSP_v100_20211214/AX58400_BSP_v100/Ax58400_GpioAio/CM7/AX58400/driver" -Og -ffunction-sections -fdata-sections -Wall -fstack-usage -fcyclomatic-complexity -MMD -MP -MF"Drivers/STM32H7xx_HAL_Driver/stm32h7xx_hal_flash_ex.d" -MT"Drivers/STM32H7xx_HAL_Driver/stm32h7xx_hal_flash_ex.o" --specs=nano.specs -mfpu=fpv5-d16 -mfloat-abi=hard -mthumb -o "Drivers/STM32H7xx_HAL_Driver/stm32h7xx_hal_flash_ex.o"
arm-none-eabi-gcc "C:/Users/guan-ming.dennis-won/Documents/ASIX Corporation/AX58400 (Source)/AX58400 (Source)/AX58400_BSP_v100_20211214/AX58400_BSP_v100/Ax58400_GpioAio/Drivers/STM32H7xx_HAL_Driver/Src/stm32h7xx_hal_gpio.c" -mcpu=cortex-m7 -g3 -DUSE_HAL_DRIVER -DUSE_BOOTLDR -DCORE_CM7 -DDEBUG -DSTM32H755xx -c -I../Core/Inc -I../../Drivers/STM32H7xx_HAL_Driver/Inc -I../../Drivers/STM32H7xx_HAL_Driver/Inc/Legacy -I../../Drivers/CMSIS/Device/ST/STM32H7xx/Include -I../../Drivers/CMSIS/Include -I"C:/Users/guan-ming.dennis-won/Documents/ASIX Corporation/AX58400 (Source)/AX58400 (Source)/AX58400_BSP_v100_20211214/AX58400_BSP_v100/Ax58400_GpioAio/CM7/SSC/Src" -I"C:/Users/guan-ming.dennis-won/Documents/ASIX Corporation/AX58400 (Source)/AX58400 (Source)/AX58400_BSP_v100_20211214/AX58400_BSP_v100/Ax58400_GpioAio/CM7/AX58400/driver" -Og -ffunction-sections -fdata-sections -Wall -fstack-usage -fcyclomatic-complexity -MMD -MP -MF"Drivers/STM32H7xx_HAL_Driver/stm32h7xx_hal_gpio.d" -MT"Drivers/STM32H7xx_HAL_Driver/stm32h7xx_hal_gpio.o" --specs=nano.specs -mfpu=fpv5-d16 -mfloat-abi=hard -mthumb -o "Drivers/STM32H7xx_HAL_Driver/stm32h7xx_hal_gpio.o"
arm-none-eabi-gcc "C:/Users/guan-ming.dennis-won/Documents/ASIX Corporation/AX58400 (Source)/AX58400 (Source)/AX58400_BSP_v100_20211214/AX58400_BSP_v100/Ax58400_GpioAio/Drivers/STM32H7xx_HAL_Driver/Src/stm32h7xx_hal_hsem.c" -mcpu=cortex-m7 -g3 -DUSE_HAL_DRIVER -DUSE_BOOTLDR -DCORE_CM7 -DDEBUG -DSTM32H755xx -c -I../Core/Inc -I../../Drivers/STM32H7xx_HAL_Driver/Inc -I../../Drivers/STM32H7xx_HAL_Driver/Inc/Legacy -I../../Drivers/CMSIS/Device/ST/STM32H7xx/Include -I../../Drivers/CMSIS/Include -I"C:/Users/guan-ming.dennis-won/Documents/ASIX Corporation/AX58400 (Source)/AX58400 (Source)/AX58400_BSP_v100_20211214/AX58400_BSP_v100/Ax58400_GpioAio/CM7/SSC/Src" -I"C:/Users/guan-ming.dennis-won/Documents/ASIX Corporation/AX58400 (Source)/AX58400 (Source)/AX58400_BSP_v100_20211214/AX58400_BSP_v100/Ax58400_GpioAio/CM7/AX58400/driver" -Og -ffunction-sections -fdata-sections -Wall -fstack-usage -fcyclomatic-complexity -MMD -MP -MF"Drivers/STM32H7xx_HAL_Driver/stm32h7xx_hal_hsem.d" -MT"Drivers/STM32H7xx_HAL_Driver/stm32h7xx_hal_hsem.o" --specs=nano.specs -mfpu=fpv5-d16 -mfloat-abi=hard -mthumb -o "Drivers/STM32H7xx_HAL_Driver/stm32h7xx_hal_hsem.o"
arm-none-eabi-gcc "C:/Users/guan-ming.dennis-won/Documents/ASIX Corporation/AX58400 (Source)/AX58400 (Source)/AX58400_BSP_v100_20211214/AX58400_BSP_v100/Ax58400_GpioAio/Drivers/STM32H7xx_HAL_Driver/Src/stm32h7xx_hal_i2c.c" -mcpu=cortex-m7 -g3 -DUSE_HAL_DRIVER -DUSE_BOOTLDR -DCORE_CM7 -DDEBUG -DSTM32H755xx -c -I../Core/Inc -I../../Drivers/STM32H7xx_HAL_Driver/Inc -I../../Drivers/STM32H7xx_HAL_Driver/Inc/Legacy -I../../Drivers/CMSIS/Device/ST/STM32H7xx/Include -I../../Drivers/CMSIS/Include -I"C:/Users/guan-ming.dennis-won/Documents/ASIX Corporation/AX58400 (Source)/AX58400 (Source)/AX58400_BSP_v100_20211214/AX58400_BSP_v100/Ax58400_GpioAio/CM7/SSC/Src" -I"C:/Users/guan-ming.dennis-won/Documents/ASIX Corporation/AX58400 (Source)/AX58400 (Source)/AX58400_BSP_v100_20211214/AX58400_BSP_v100/Ax58400_GpioAio/CM7/AX58400/driver" -Og -ffunction-sections -fdata-sections -Wall -fstack-usage -fcyclomatic-complexity -MMD -MP -MF"Drivers/STM32H7xx_HAL_Driver/stm32h7xx_hal_i2c.d" -MT"Drivers/STM32H7xx_HAL_Driver/stm32h7xx_hal_i2c.o" --specs=nano.specs -mfpu=fpv5-d16 -mfloat-abi=hard -mthumb -o "Drivers/STM32H7xx_HAL_Driver/stm32h7xx_hal_i2c.o"
arm-none-eabi-gcc "C:/Users/guan-ming.dennis-won/Documents/ASIX Corporation/AX58400 (Source)/AX58400 (Source)/AX58400_BSP_v100_20211214/AX58400_BSP_v100/Ax58400_GpioAio/Drivers/STM32H7xx_HAL_Driver/Src/stm32h7xx_hal_i2c_ex.c" -mcpu=cortex-m7 -g3 -DUSE_HAL_DRIVER -DUSE_BOOTLDR -DCORE_CM7 -DDEBUG -DSTM32H755xx -c -I../Core/Inc -I../../Drivers/STM32H7xx_HAL_Driver/Inc -I../../Drivers/STM32H7xx_HAL_Driver/Inc/Legacy -I../../Drivers/CMSIS/Device/ST/STM32H7xx/Include -I../../Drivers/CMSIS/Include -I"C:/Users/guan-ming.dennis-won/Documents/ASIX Corporation/AX58400 (Source)/AX58400 (Source)/AX58400_BSP_v100_20211214/AX58400_BSP_v100/Ax58400_GpioAio/CM7/SSC/Src" -I"C:/Users/guan-ming.dennis-won/Documents/ASIX Corporation/AX58400 (Source)/AX58400 (Source)/AX58400_BSP_v100_20211214/AX58400_BSP_v100/Ax58400_GpioAio/CM7/AX58400/driver" -Og -ffunction-sections -fdata-sections -Wall -fstack-usage -fcyclomatic-complexity -MMD -MP -MF"Drivers/STM32H7xx_HAL_Driver/stm32h7xx_hal_i2c_ex.d" -MT"Drivers/STM32H7xx_HAL_Driver/stm32h7xx_hal_i2c_ex.o" --specs=nano.specs -mfpu=fpv5-d16 -mfloat-abi=hard -mthumb -o "Drivers/STM32H7xx_HAL_Driver/stm32h7xx_hal_i2c_ex.o"
arm-none-eabi-gcc "C:/Users/guan-ming.dennis-won/Documents/ASIX Corporation/AX58400 (Source)/AX58400 (Source)/AX58400_BSP_v100_20211214/AX58400_BSP_v100/Ax58400_GpioAio/Drivers/STM32H7xx_HAL_Driver/Src/stm32h7xx_hal_mdma.c" -mcpu=cortex-m7 -g3 -DUSE_HAL_DRIVER -DUSE_BOOTLDR -DCORE_CM7 -DDEBUG -DSTM32H755xx -c -I../Core/Inc -I../../Drivers/STM32H7xx_HAL_Driver/Inc -I../../Drivers/STM32H7xx_HAL_Driver/Inc/Legacy -I../../Drivers/CMSIS/Device/ST/STM32H7xx/Include -I../../Drivers/CMSIS/Include -I"C:/Users/guan-ming.dennis-won/Documents/ASIX Corporation/AX58400 (Source)/AX58400 (Source)/AX58400_BSP_v100_20211214/AX58400_BSP_v100/Ax58400_GpioAio/CM7/SSC/Src" -I"C:/Users/guan-ming.dennis-won/Documents/ASIX Corporation/AX58400 (Source)/AX58400 (Source)/AX58400_BSP_v100_20211214/AX58400_BSP_v100/Ax58400_GpioAio/CM7/AX58400/driver" -Og -ffunction-sections -fdata-sections -Wall -fstack-usage -fcyclomatic-complexity -MMD -MP -MF"Drivers/STM32H7xx_HAL_Driver/stm32h7xx_hal_mdma.d" -MT"Drivers/STM32H7xx_HAL_Driver/stm32h7xx_hal_mdma.o" --specs=nano.specs -mfpu=fpv5-d16 -mfloat-abi=hard -mthumb -o "Drivers/STM32H7xx_HAL_Driver/stm32h7xx_hal_mdma.o"
arm-none-eabi-gcc "C:/Users/guan-ming.dennis-won/Documents/ASIX Corporation/AX58400 (Source)/AX58400 (Source)/AX58400_BSP_v100_20211214/AX58400_BSP_v100/Ax58400_GpioAio/Drivers/STM32H7xx_HAL_Driver/Src/stm32h7xx_hal_pwr.c" -mcpu=cortex-m7 -g3 -DUSE_HAL_DRIVER -DUSE_BOOTLDR -DCORE_CM7 -DDEBUG -DSTM32H755xx -c -I../Core/Inc -I../../Drivers/STM32H7xx_HAL_Driver/Inc -I../../Drivers/STM32H7xx_HAL_Driver/Inc/Legacy -I../../Drivers/CMSIS/Device/ST/STM32H7xx/Include -I../../Drivers/CMSIS/Include -I"C:/Users/guan-ming.dennis-won/Documents/ASIX Corporation/AX58400 (Source)/AX58400 (Source)/AX58400_BSP_v100_20211214/AX58400_BSP_v100/Ax58400_GpioAio/CM7/SSC/Src" -I"C:/Users/guan-ming.dennis-won/Documents/ASIX Corporation/AX58400 (Source)/AX58400 (Source)/AX58400_BSP_v100_20211214/AX58400_BSP_v100/Ax58400_GpioAio/CM7/AX58400/driver" -Og -ffunction-sections -fdata-sections -Wall -fstack-usage -fcyclomatic-complexity -MMD -MP -MF"Drivers/STM32H7xx_HAL_Driver/stm32h7xx_hal_pwr.d" -MT"Drivers/STM32H7xx_HAL_Driver/stm32h7xx_hal_pwr.o" --specs=nano.specs -mfpu=fpv5-d16 -mfloat-abi=hard -mthumb -o "Drivers/STM32H7xx_HAL_Driver/stm32h7xx_hal_pwr.o"
arm-none-eabi-gcc "C:/Users/guan-ming.dennis-won/Documents/ASIX Corporation/AX58400 (Source)/AX58400 (Source)/AX58400_BSP_v100_20211214/AX58400_BSP_v100/Ax58400_GpioAio/Drivers/STM32H7xx_HAL_Driver/Src/stm32h7xx_hal_pwr_ex.c" -mcpu=cortex-m7 -g3 -DUSE_HAL_DRIVER -DUSE_BOOTLDR -DCORE_CM7 -DDEBUG -DSTM32H755xx -c -I../Core/Inc -I../../Drivers/STM32H7xx_HAL_Driver/Inc -I../../Drivers/STM32H7xx_HAL_Driver/Inc/Legacy -I../../Drivers/CMSIS/Device/ST/STM32H7xx/Include -I../../Drivers/CMSIS/Include -I"C:/Users/guan-ming.dennis-won/Documents/ASIX Corporation/AX58400 (Source)/AX58400 (Source)/AX58400_BSP_v100_20211214/AX58400_BSP_v100/Ax58400_GpioAio/CM7/SSC/Src" -I"C:/Users/guan-ming.dennis-won/Documents/ASIX Corporation/AX58400 (Source)/AX58400 (Source)/AX58400_BSP_v100_20211214/AX58400_BSP_v100/Ax58400_GpioAio/CM7/AX58400/driver" -Og -ffunction-sections -fdata-sections -Wall -fstack-usage -fcyclomatic-complexity -MMD -MP -MF"Drivers/STM32H7xx_HAL_Driver/stm32h7xx_hal_pwr_ex.d" -MT"Drivers/STM32H7xx_HAL_Driver/stm32h7xx_hal_pwr_ex.o" --specs=nano.specs -mfpu=fpv5-d16 -mfloat-abi=hard -mthumb -o "Drivers/STM32H7xx_HAL_Driver/stm32h7xx_hal_pwr_ex.o"
arm-none-eabi-gcc "C:/Users/guan-ming.dennis-won/Documents/ASIX Corporation/AX58400 (Source)/AX58400 (Source)/AX58400_BSP_v100_20211214/AX58400_BSP_v100/Ax58400_GpioAio/Drivers/STM32H7xx_HAL_Driver/Src/stm32h7xx_hal_rcc.c" -mcpu=cortex-m7 -g3 -DUSE_HAL_DRIVER -DUSE_BOOTLDR -DCORE_CM7 -DDEBUG -DSTM32H755xx -c -I../Core/Inc -I../../Drivers/STM32H7xx_HAL_Driver/Inc -I../../Drivers/STM32H7xx_HAL_Driver/Inc/Legacy -I../../Drivers/CMSIS/Device/ST/STM32H7xx/Include -I../../Drivers/CMSIS/Include -I"C:/Users/guan-ming.dennis-won/Documents/ASIX Corporation/AX58400 (Source)/AX58400 (Source)/AX58400_BSP_v100_20211214/AX58400_BSP_v100/Ax58400_GpioAio/CM7/SSC/Src" -I"C:/Users/guan-ming.dennis-won/Documents/ASIX Corporation/AX58400 (Source)/AX58400 (Source)/AX58400_BSP_v100_20211214/AX58400_BSP_v100/Ax58400_GpioAio/CM7/AX58400/driver" -Og -ffunction-sections -fdata-sections -Wall -fstack-usage -fcyclomatic-complexity -MMD -MP -MF"Drivers/STM32H7xx_HAL_Driver/stm32h7xx_hal_rcc.d" -MT"Drivers/STM32H7xx_HAL_Driver/stm32h7xx_hal_rcc.o" --specs=nano.specs -mfpu=fpv5-d16 -mfloat-abi=hard -mthumb -o "Drivers/STM32H7xx_HAL_Driver/stm32h7xx_hal_rcc.o"
arm-none-eabi-gcc "C:/Users/guan-ming.dennis-won/Documents/ASIX Corporation/AX58400 (Source)/AX58400 (Source)/AX58400_BSP_v100_20211214/AX58400_BSP_v100/Ax58400_GpioAio/Drivers/STM32H7xx_HAL_Driver/Src/stm32h7xx_hal_rcc_ex.c" -mcpu=cortex-m7 -g3 -DUSE_HAL_DRIVER -DUSE_BOOTLDR -DCORE_CM7 -DDEBUG -DSTM32H755xx -c -I../Core/Inc -I../../Drivers/STM32H7xx_HAL_Driver/Inc -I../../Drivers/STM32H7xx_HAL_Driver/Inc/Legacy -I../../Drivers/CMSIS/Device/ST/STM32H7xx/Include -I../../Drivers/CMSIS/Include -I"C:/Users/guan-ming.dennis-won/Documents/ASIX Corporation/AX58400 (Source)/AX58400 (Source)/AX58400_BSP_v100_20211214/AX58400_BSP_v100/Ax58400_GpioAio/CM7/SSC/Src" -I"C:/Users/guan-ming.dennis-won/Documents/ASIX Corporation/AX58400 (Source)/AX58400 (Source)/AX58400_BSP_v100_20211214/AX58400_BSP_v100/Ax58400_GpioAio/CM7/AX58400/driver" -Og -ffunction-sections -fdata-sections -Wall -fstack-usage -fcyclomatic-complexity -MMD -MP -MF"Drivers/STM32H7xx_HAL_Driver/stm32h7xx_hal_rcc_ex.d" -MT"Drivers/STM32H7xx_HAL_Driver/stm32h7xx_hal_rcc_ex.o" --specs=nano.specs -mfpu=fpv5-d16 -mfloat-abi=hard -mthumb -o "Drivers/STM32H7xx_HAL_Driver/stm32h7xx_hal_rcc_ex.o"
arm-none-eabi-gcc "C:/Users/guan-ming.dennis-won/Documents/ASIX Corporation/AX58400 (Source)/AX58400 (Source)/AX58400_BSP_v100_20211214/AX58400_BSP_v100/Ax58400_GpioAio/Drivers/STM32H7xx_HAL_Driver/Src/stm32h7xx_hal_spi.c" -mcpu=cortex-m7 -g3 -DUSE_HAL_DRIVER -DUSE_BOOTLDR -DCORE_CM7 -DDEBUG -DSTM32H755xx -c -I../Core/Inc -I../../Drivers/STM32H7xx_HAL_Driver/Inc -I../../Drivers/STM32H7xx_HAL_Driver/Inc/Legacy -I../../Drivers/CMSIS/Device/ST/STM32H7xx/Include -I../../Drivers/CMSIS/Include -I"C:/Users/guan-ming.dennis-won/Documents/ASIX Corporation/AX58400 (Source)/AX58400 (Source)/AX58400_BSP_v100_20211214/AX58400_BSP_v100/Ax58400_GpioAio/CM7/SSC/Src" -I"C:/Users/guan-ming.dennis-won/Documents/ASIX Corporation/AX58400 (Source)/AX58400 (Source)/AX58400_BSP_v100_20211214/AX58400_BSP_v100/Ax58400_GpioAio/CM7/AX58400/driver" -Og -ffunction-sections -fdata-sections -Wall -fstack-usage -fcyclomatic-complexity -MMD -MP -MF"Drivers/STM32H7xx_HAL_Driver/stm32h7xx_hal_spi.d" -MT"Drivers/STM32H7xx_HAL_Driver/stm32h7xx_hal_spi.o" --specs=nano.specs -mfpu=fpv5-d16 -mfloat-abi=hard -mthumb -o "Drivers/STM32H7xx_HAL_Driver/stm32h7xx_hal_spi.o"
arm-none-eabi-gcc "C:/Users/guan-ming.dennis-won/Documents/ASIX Corporation/AX58400 (Source)/AX58400 (Source)/AX58400_BSP_v100_20211214/AX58400_BSP_v100/Ax58400_GpioAio/Drivers/STM32H7xx_HAL_Driver/Src/stm32h7xx_hal_spi_ex.c" -mcpu=cortex-m7 -g3 -DUSE_HAL_DRIVER -DUSE_BOOTLDR -DCORE_CM7 -DDEBUG -DSTM32H755xx -c -I../Core/Inc -I../../Drivers/STM32H7xx_HAL_Driver/Inc -I../../Drivers/STM32H7xx_HAL_Driver/Inc/Legacy -I../../Drivers/CMSIS/Device/ST/STM32H7xx/Include -I../../Drivers/CMSIS/Include -I"C:/Users/guan-ming.dennis-won/Documents/ASIX Corporation/AX58400 (Source)/AX58400 (Source)/AX58400_BSP_v100_20211214/AX58400_BSP_v100/Ax58400_GpioAio/CM7/SSC/Src" -I"C:/Users/guan-ming.dennis-won/Documents/ASIX Corporation/AX58400 (Source)/AX58400 (Source)/AX58400_BSP_v100_20211214/AX58400_BSP_v100/Ax58400_GpioAio/CM7/AX58400/driver" -Og -ffunction-sections -fdata-sections -Wall -fstack-usage -fcyclomatic-complexity -MMD -MP -MF"Drivers/STM32H7xx_HAL_Driver/stm32h7xx_hal_spi_ex.d" -MT"Drivers/STM32H7xx_HAL_Driver/stm32h7xx_hal_spi_ex.o" --specs=nano.specs -mfpu=fpv5-d16 -mfloat-abi=hard -mthumb -o "Drivers/STM32H7xx_HAL_Driver/stm32h7xx_hal_spi_ex.o"
arm-none-eabi-gcc "C:/Users/guan-ming.dennis-won/Documents/ASIX Corporation/AX58400 (Source)/AX58400 (Source)/AX58400_BSP_v100_20211214/AX58400_BSP_v100/Ax58400_GpioAio/Drivers/STM32H7xx_HAL_Driver/Src/stm32h7xx_hal_tim.c" -mcpu=cortex-m7 -g3 -DUSE_HAL_DRIVER -DUSE_BOOTLDR -DCORE_CM7 -DDEBUG -DSTM32H755xx -c -I../Core/Inc -I../../Drivers/STM32H7xx_HAL_Driver/Inc -I../../Drivers/STM32H7xx_HAL_Driver/Inc/Legacy -I../../Drivers/CMSIS/Device/ST/STM32H7xx/Include -I../../Drivers/CMSIS/Include -I"C:/Users/guan-ming.dennis-won/Documents/ASIX Corporation/AX58400 (Source)/AX58400 (Source)/AX58400_BSP_v100_20211214/AX58400_BSP_v100/Ax58400_GpioAio/CM7/SSC/Src" -I"C:/Users/guan-ming.dennis-won/Documents/ASIX Corporation/AX58400 (Source)/AX58400 (Source)/AX58400_BSP_v100_20211214/AX58400_BSP_v100/Ax58400_GpioAio/CM7/AX58400/driver" -Og -ffunction-sections -fdata-sections -Wall -fstack-usage -fcyclomatic-complexity -MMD -MP -MF"Drivers/STM32H7xx_HAL_Driver/stm32h7xx_hal_tim.d" -MT"Drivers/STM32H7xx_HAL_Driver/stm32h7xx_hal_tim.o" --specs=nano.specs -mfpu=fpv5-d16 -mfloat-abi=hard -mthumb -o "Drivers/STM32H7xx_HAL_Driver/stm32h7xx_hal_tim.o"
arm-none-eabi-gcc "C:/Users/guan-ming.dennis-won/Documents/ASIX Corporation/AX58400 (Source)/AX58400 (Source)/AX58400_BSP_v100_20211214/AX58400_BSP_v100/Ax58400_GpioAio/Drivers/STM32H7xx_HAL_Driver/Src/stm32h7xx_hal_tim_ex.c" -mcpu=cortex-m7 -g3 -DUSE_HAL_DRIVER -DUSE_BOOTLDR -DCORE_CM7 -DDEBUG -DSTM32H755xx -c -I../Core/Inc -I../../Drivers/STM32H7xx_HAL_Driver/Inc -I../../Drivers/STM32H7xx_HAL_Driver/Inc/Legacy -I../../Drivers/CMSIS/Device/ST/STM32H7xx/Include -I../../Drivers/CMSIS/Include -I"C:/Users/guan-ming.dennis-won/Documents/ASIX Corporation/AX58400 (Source)/AX58400 (Source)/AX58400_BSP_v100_20211214/AX58400_BSP_v100/Ax58400_GpioAio/CM7/SSC/Src" -I"C:/Users/guan-ming.dennis-won/Documents/ASIX Corporation/AX58400 (Source)/AX58400 (Source)/AX58400_BSP_v100_20211214/AX58400_BSP_v100/Ax58400_GpioAio/CM7/AX58400/driver" -Og -ffunction-sections -fdata-sections -Wall -fstack-usage -fcyclomatic-complexity -MMD -MP -MF"Drivers/STM32H7xx_HAL_Driver/stm32h7xx_hal_tim_ex.d" -MT"Drivers/STM32H7xx_HAL_Driver/stm32h7xx_hal_tim_ex.o" --specs=nano.specs -mfpu=fpv5-d16 -mfloat-abi=hard -mthumb -o "Drivers/STM32H7xx_HAL_Driver/stm32h7xx_hal_tim_ex.o"
arm-none-eabi-gcc "C:/Users/guan-ming.dennis-won/Documents/ASIX Corporation/AX58400 (Source)/AX58400 (Source)/AX58400_BSP_v100_20211214/AX58400_BSP_v100/Ax58400_GpioAio/Drivers/STM32H7xx_HAL_Driver/Src/stm32h7xx_hal_uart.c" -mcpu=cortex-m7 -g3 -DUSE_HAL_DRIVER -DUSE_BOOTLDR -DCORE_CM7 -DDEBUG -DSTM32H755xx -c -I../Core/Inc -I../../Drivers/STM32H7xx_HAL_Driver/Inc -I../../Drivers/STM32H7xx_HAL_Driver/Inc/Legacy -I../../Drivers/CMSIS/Device/ST/STM32H7xx/Include -I../../Drivers/CMSIS/Include -I"C:/Users/guan-ming.dennis-won/Documents/ASIX Corporation/AX58400 (Source)/AX58400 (Source)/AX58400_BSP_v100_20211214/AX58400_BSP_v100/Ax58400_GpioAio/CM7/SSC/Src" -I"C:/Users/guan-ming.dennis-won/Documents/ASIX Corporation/AX58400 (Source)/AX58400 (Source)/AX58400_BSP_v100_20211214/AX58400_BSP_v100/Ax58400_GpioAio/CM7/AX58400/driver" -Og -ffunction-sections -fdata-sections -Wall -fstack-usage -fcyclomatic-complexity -MMD -MP -MF"Drivers/STM32H7xx_HAL_Driver/stm32h7xx_hal_uart.d" -MT"Drivers/STM32H7xx_HAL_Driver/stm32h7xx_hal_uart.o" --specs=nano.specs -mfpu=fpv5-d16 -mfloat-abi=hard -mthumb -o "Drivers/STM32H7xx_HAL_Driver/stm32h7xx_hal_uart.o"
arm-none-eabi-gcc "C:/Users/guan-ming.dennis-won/Documents/ASIX Corporation/AX58400 (Source)/AX58400 (Source)/AX58400_BSP_v100_20211214/AX58400_BSP_v100/Ax58400_GpioAio/Drivers/STM32H7xx_HAL_Driver/Src/stm32h7xx_hal_uart_ex.c" -mcpu=cortex-m7 -g3 -DUSE_HAL_DRIVER -DUSE_BOOTLDR -DCORE_CM7 -DDEBUG -DSTM32H755xx -c -I../Core/Inc -I../../Drivers/STM32H7xx_HAL_Driver/Inc -I../../Drivers/STM32H7xx_HAL_Driver/Inc/Legacy -I../../Drivers/CMSIS/Device/ST/STM32H7xx/Include -I../../Drivers/CMSIS/Include -I"C:/Users/guan-ming.dennis-won/Documents/ASIX Corporation/AX58400 (Source)/AX58400 (Source)/AX58400_BSP_v100_20211214/AX58400_BSP_v100/Ax58400_GpioAio/CM7/SSC/Src" -I"C:/Users/guan-ming.dennis-won/Documents/ASIX Corporation/AX58400 (Source)/AX58400 (Source)/AX58400_BSP_v100_20211214/AX58400_BSP_v100/Ax58400_GpioAio/CM7/AX58400/driver" -Og -ffunction-sections -fdata-sections -Wall -fstack-usage -fcyclomatic-complexity -MMD -MP -MF"Drivers/STM32H7xx_HAL_Driver/stm32h7xx_hal_uart_ex.d" -MT"Drivers/STM32H7xx_HAL_Driver/stm32h7xx_hal_uart_ex.o" --specs=nano.specs -mfpu=fpv5-d16 -mfloat-abi=hard -mthumb -o "Drivers/STM32H7xx_HAL_Driver/stm32h7xx_hal_uart_ex.o"
arm-none-eabi-gcc -mcpu=cortex-m7 -g3 -c -x assembler-with-cpp -MMD -MP -MF"Core/Startup/startup_stm32h755zitx.d" -MT"Core/Startup/startup_stm32h755zitx.o" --specs=nano.specs -mfpu=fpv5-d16 -mfloat-abi=hard -mthumb -o "Core/Startup/startup_stm32h755zitx.o" "../Core/Startup/startup_stm32h755zitx.s"
arm-none-eabi-gcc "../Core/Src/main.c" -mcpu=cortex-m7 -g3 -DUSE_HAL_DRIVER -DUSE_BOOTLDR -DCORE_CM7 -DDEBUG -DSTM32H755xx -c -I../Core/Inc -I../../Drivers/STM32H7xx_HAL_Driver/Inc -I../../Drivers/STM32H7xx_HAL_Driver/Inc/Legacy -I../../Drivers/CMSIS/Device/ST/STM32H7xx/Include -I../../Drivers/CMSIS/Include -I"C:/Users/guan-ming.dennis-won/Documents/ASIX Corporation/AX58400 (Source)/AX58400 (Source)/AX58400_BSP_v100_20211214/AX58400_BSP_v100/Ax58400_GpioAio/CM7/SSC/Src" -I"C:/Users/guan-ming.dennis-won/Documents/ASIX Corporation/AX58400 (Source)/AX58400 (Source)/AX58400_BSP_v100_20211214/AX58400_BSP_v100/Ax58400_GpioAio/CM7/AX58400/driver" -Og -ffunction-sections -fdata-sections -Wall -fstack-usage -fcyclomatic-complexity -MMD -MP -MF"Core/Src/main.d" -MT"Core/Src/main.o" --specs=nano.specs -mfpu=fpv5-d16 -mfloat-abi=hard -mthumb -o "Core/Src/main.o"
arm-none-eabi-gcc "../Core/Src/stm32h7xx_hal_msp.c" -mcpu=cortex-m7 -g3 -DUSE_HAL_DRIVER -DUSE_BOOTLDR -DCORE_CM7 -DDEBUG -DSTM32H755xx -c -I../Core/Inc -I../../Drivers/STM32H7xx_HAL_Driver/Inc -I../../Drivers/STM32H7xx_HAL_Driver/Inc/Legacy -I../../Drivers/CMSIS/Device/ST/STM32H7xx/Include -I../../Drivers/CMSIS/Include -I"C:/Users/guan-ming.dennis-won/Documents/ASIX Corporation/AX58400 (Source)/AX58400 (Source)/AX58400_BSP_v100_20211214/AX58400_BSP_v100/Ax58400_GpioAio/CM7/SSC/Src" -I"C:/Users/guan-ming.dennis-won/Documents/ASIX Corporation/AX58400 (Source)/AX58400 (Source)/AX58400_BSP_v100_20211214/AX58400_BSP_v100/Ax58400_GpioAio/CM7/AX58400/driver" -Og -ffunction-sections -fdata-sections -Wall -fstack-usage -fcyclomatic-complexity -MMD -MP -MF"Core/Src/stm32h7xx_hal_msp.d" -MT"Core/Src/stm32h7xx_hal_msp.o" --specs=nano.specs -mfpu=fpv5-d16 -mfloat-abi=hard -mthumb -o "Core/Src/stm32h7xx_hal_msp.o"
arm-none-eabi-gcc "../Core/Src/stm32h7xx_it.c" -mcpu=cortex-m7 -g3 -DUSE_HAL_DRIVER -DUSE_BOOTLDR -DCORE_CM7 -DDEBUG -DSTM32H755xx -c -I../Core/Inc -I../../Drivers/STM32H7xx_HAL_Driver/Inc -I../../Drivers/STM32H7xx_HAL_Driver/Inc/Legacy -I../../Drivers/CMSIS/Device/ST/STM32H7xx/Include -I../../Drivers/CMSIS/Include -I"C:/Users/guan-ming.dennis-won/Documents/ASIX Corporation/AX58400 (Source)/AX58400 (Source)/AX58400_BSP_v100_20211214/AX58400_BSP_v100/Ax58400_GpioAio/CM7/SSC/Src" -I"C:/Users/guan-ming.dennis-won/Documents/ASIX Corporation/AX58400 (Source)/AX58400 (Source)/AX58400_BSP_v100_20211214/AX58400_BSP_v100/Ax58400_GpioAio/CM7/AX58400/driver" -Og -ffunction-sections -fdata-sections -Wall -fstack-usage -fcyclomatic-complexity -MMD -MP -MF"Core/Src/stm32h7xx_it.d" -MT"Core/Src/stm32h7xx_it.o" --specs=nano.specs -mfpu=fpv5-d16 -mfloat-abi=hard -mthumb -o "Core/Src/stm32h7xx_it.o"
arm-none-eabi-gcc "C:/Users/guan-ming.dennis-won/Documents/ASIX Corporation/AX58400 (Source)/AX58400 (Source)/AX58400_BSP_v100_20211214/AX58400_BSP_v100/Ax58400_GpioAio/Common/Src/system_stm32h7xx_dualcore_boot_cm4_cm7.c" -mcpu=cortex-m7 -g3 -DUSE_HAL_DRIVER -DUSE_BOOTLDR -DCORE_CM7 -DDEBUG -DSTM32H755xx -c -I../Core/Inc -I../../Drivers/STM32H7xx_HAL_Driver/Inc -I../../Drivers/STM32H7xx_HAL_Driver/Inc/Legacy -I../../Drivers/CMSIS/Device/ST/STM32H7xx/Include -I../../Drivers/CMSIS/Include -I"C:/Users/guan-ming.dennis-won/Documents/ASIX Corporation/AX58400 (Source)/AX58400 (Source)/AX58400_BSP_v100_20211214/AX58400_BSP_v100/Ax58400_GpioAio/CM7/SSC/Src" -I"C:/Users/guan-ming.dennis-won/Documents/ASIX Corporation/AX58400 (Source)/AX58400 (Source)/AX58400_BSP_v100_20211214/AX58400_BSP_v100/Ax58400_GpioAio/CM7/AX58400/driver" -Og -ffunction-sections -fdata-sections -Wall -fstack-usage -fcyclomatic-complexity -MMD -MP -MF"Common/Src/system_stm32h7xx_dualcore_boot_cm4_cm7.d" -MT"Common/Src/system_stm32h7xx_dualcore_boot_cm4_cm7.o" --specs=nano.specs -mfpu=fpv5-d16 -mfloat-abi=hard -mthumb -o "Common/Src/system_stm32h7xx_dualcore_boot_cm4_cm7.o"
arm-none-eabi-gcc "../AX58400/driver/ax_intf.c" -mcpu=cortex-m7 -g3 -DUSE_HAL_DRIVER -DUSE_BOOTLDR -DCORE_CM7 -DDEBUG -DSTM32H755xx -c -I../Core/Inc -I../../Drivers/STM32H7xx_HAL_Driver/Inc -I../../Drivers/STM32H7xx_HAL_Driver/Inc/Legacy -I../../Drivers/CMSIS/Device/ST/STM32H7xx/Include -I../../Drivers/CMSIS/Include -I"C:/Users/guan-ming.dennis-won/Documents/ASIX Corporation/AX58400 (Source)/AX58400 (Source)/AX58400_BSP_v100_20211214/AX58400_BSP_v100/Ax58400_GpioAio/CM7/SSC/Src" -I"C:/Users/guan-ming.dennis-won/Documents/ASIX Corporation/AX58400 (Source)/AX58400 (Source)/AX58400_BSP_v100_20211214/AX58400_BSP_v100/Ax58400_GpioAio/CM7/AX58400/driver" -Og -ffunction-sections -fdata-sections -Wall -fstack-usage -fcyclomatic-complexity -MMD -MP -MF"AX58400/driver/ax_intf.d" -MT"AX58400/driver/ax_intf.o" --specs=nano.specs -mfpu=fpv5-d16 -mfloat-abi=hard -mthumb -o "AX58400/driver/ax_intf.o"
arm-none-eabi-gcc -o "Ax58400_GpioAio_CM7.elf" @"objects.list"   -mcpu=cortex-m7 -T"C:\Users\guan-ming.dennis-won\Documents\ASIX Corporation\AX58400 (Source)\AX58400 (Source)\AX58400_BSP_v100_20211214\AX58400_BSP_v100\Ax58400_GpioAio\CM7\STM32H755ZITX_FLASH.ld" --specs=nosys.specs -Wl,-Map="Ax58400_GpioAio_CM7.map" -Wl,--gc-sections -static --specs=nano.specs -mfpu=fpv5-d16 -mfloat-abi=hard -mthumb -Wl,--start-group -lc -lm -Wl,--end-group
C:/ST/STM32CubeIDE_1.14.1/STM32CubeIDE/plugins/com.st.stm32cube.ide.mcu.externaltools.gnu-tools-for-stm32.12.3.rel1.win32_1.0.200.202406191623/tools/bin/../lib/gcc/arm-none-eabi/12.3.1/../../../../arm-none-eabi/bin/ld.exe: C:/ST/STM32CubeIDE_1.14.1/STM32CubeIDE/plugins/com.st.stm32cube.ide.mcu.externaltools.gnu-tools-for-stm32.12.3.rel1.win32_1.0.200.202406191623/tools/bin/../lib/gcc/arm-none-eabi/12.3.1/../../../../arm-none-eabi/lib/thumb/v7e-m+dp/hard\libc_nano.a(libc_a-closer.o): in function `_close_r':
(.text._close_r+0xc): warning: _close is not implemented and will always fail
C:/ST/STM32CubeIDE_1.14.1/STM32CubeIDE/plugins/com.st.stm32cube.ide.mcu.externaltools.gnu-tools-for-stm32.12.3.rel1.win32_1.0.200.202406191623/tools/bin/../lib/gcc/arm-none-eabi/12.3.1/../../../../arm-none-eabi/bin/ld.exe: C:/ST/STM32CubeIDE_1.14.1/STM32CubeIDE/plugins/com.st.stm32cube.ide.mcu.externaltools.gnu-tools-for-stm32.12.3.rel1.win32_1.0.200.202406191623/tools/bin/../lib/gcc/arm-none-eabi/12.3.1/../../../../arm-none-eabi/lib/thumb/v7e-m+dp/hard\libc_nano.a(libc_a-lseekr.o): in function `_lseek_r':
(.text._lseek_r+0x10): warning: _lseek is not implemented and will always fail
C:/ST/STM32CubeIDE_1.14.1/STM32CubeIDE/plugins/com.st.stm32cube.ide.mcu.externaltools.gnu-tools-for-stm32.12.3.rel1.win32_1.0.200.202406191623/tools/bin/../lib/gcc/arm-none-eabi/12.3.1/../../../../arm-none-eabi/bin/ld.exe: C:/ST/STM32CubeIDE_1.14.1/STM32CubeIDE/plugins/com.st.stm32cube.ide.mcu.externaltools.gnu-tools-for-stm32.12.3.rel1.win32_1.0.200.202406191623/tools/bin/../lib/gcc/arm-none-eabi/12.3.1/../../../../arm-none-eabi/lib/thumb/v7e-m+dp/hard\libc_nano.a(libc_a-readr.o): in function `_read_r':
(.text._read_r+0x10): warning: _read is not implemented and will always fail
C:/ST/STM32CubeIDE_1.14.1/STM32CubeIDE/plugins/com.st.stm32cube.ide.mcu.externaltools.gnu-tools-for-stm32.12.3.rel1.win32_1.0.200.202406191623/tools/bin/../lib/gcc/arm-none-eabi/12.3.1/../../../../arm-none-eabi/bin/ld.exe: C:/ST/STM32CubeIDE_1.14.1/STM32CubeIDE/plugins/com.st.stm32cube.ide.mcu.externaltools.gnu-tools-for-stm32.12.3.rel1.win32_1.0.200.202406191623/tools/bin/../lib/gcc/arm-none-eabi/12.3.1/../../../../arm-none-eabi/lib/thumb/v7e-m+dp/hard\libc_nano.a(libc_a-writer.o): in function `_write_r':
(.text._write_r+0x10): warning: _write is not implemented and will always fail
C:/ST/STM32CubeIDE_1.14.1/STM32CubeIDE/plugins/com.st.stm32cube.ide.mcu.externaltools.gnu-tools-for-stm32.12.3.rel1.win32_1.0.200.202406191623/tools/bin/../lib/gcc/arm-none-eabi/12.3.1/../../../../arm-none-eabi/bin/ld.exe: warning: Ax58400_GpioAio_CM7.elf has a LOAD segment with RWX permissions
Finished building target: Ax58400_GpioAio_CM7.elf
 
arm-none-eabi-size  Ax58400_GpioAio_CM7.elf 
arm-none-eabi-objdump -h -S Ax58400_GpioAio_CM7.elf  > "Ax58400_GpioAio_CM7.list"
   text	   data	    bss	    dec	    hex	filename
  33076	   1276	   5592	  39944	   9c08	Ax58400_GpioAio_CM7.elf
Finished building: default.size.stdout
 
Finished building: Ax58400_GpioAio_CM7.list
 
../fileInfoadder AX58400_GpioAio_CM7.bin ../FoE/AX58400_GpioAio.efw
Cannot open source file.
 

16:21:56 Build Finished. 0 errors, 13 warnings. (took 29s.42ms)

