Info: Starting: Create block symbol file (.bsf)
Info: qsys-generate C:\Users\guan-ming.dennis-won\Documents\Code\Workspace\Workspace\Cyclone_10_LP\QuartusPrime_23\spi_4wire_platform_designer.qsys --block-symbol-file --output-directory=C:\Users\guan-ming.dennis-won\Documents\Code\Workspace\Workspace\Cyclone_10_LP\QuartusPrime_23\spi_4wire_platform_designer --family="Cyclone 10 LP" --part=10CL025YU256I7G
Progress: Loading QuartusPrime_23/spi_4wire_platform_designer.qsys
Progress: Reading input file
Progress: Adding clk_0 [clock_source 23.1]
Progress: Parameterizing module clk_0
Progress: Adding jtag_uart_0 [altera_avalon_jtag_uart 23.1]
Progress: Parameterizing module jtag_uart_0
Progress: Adding nios2_gen2_0 [altera_nios2_gen2 23.1]
Progress: Parameterizing module nios2_gen2_0
Progress: Adding onchip_memory2_0 [altera_avalon_onchip_memory2 23.1]
Progress: Parameterizing module onchip_memory2_0
Progress: Adding spi_0 [altera_avalon_spi 23.1]
Progress: Parameterizing module spi_0
Progress: Building connections
Progress: Parameterizing connections
Progress: Validating
Progress: Done reading input file
Info: spi_4wire_platform_designer.jtag_uart_0: JTAG UART IP input clock need to be at least double (2x) the operating frequency of JTAG TCK on board
Warning: spi_4wire_platform_designer.nios2_gen2_0: Nios II cores are not recommended for new projects and are subject to removal in a future release. Nios V cores are the recommended replacement as applicable.
Info: qsys-generate succeeded.
Info: Finished: Create block symbol file (.bsf)
Info: 
Info: Starting: Create HDL design files for synthesis
Info: qsys-generate C:\Users\guan-ming.dennis-won\Documents\Code\Workspace\Workspace\Cyclone_10_LP\QuartusPrime_23\spi_4wire_platform_designer.qsys --synthesis=VERILOG --output-directory=C:\Users\guan-ming.dennis-won\Documents\Code\Workspace\Workspace\Cyclone_10_LP\QuartusPrime_23\spi_4wire_platform_designer\synthesis --family="Cyclone 10 LP" --part=10CL025YU256I7G
Progress: Loading QuartusPrime_23/spi_4wire_platform_designer.qsys
Progress: Reading input file
Progress: Adding clk_0 [clock_source 23.1]
Progress: Parameterizing module clk_0
Progress: Adding jtag_uart_0 [altera_avalon_jtag_uart 23.1]
Progress: Parameterizing module jtag_uart_0
Progress: Adding nios2_gen2_0 [altera_nios2_gen2 23.1]
Progress: Parameterizing module nios2_gen2_0
Progress: Adding onchip_memory2_0 [altera_avalon_onchip_memory2 23.1]
Progress: Parameterizing module onchip_memory2_0
Progress: Adding spi_0 [altera_avalon_spi 23.1]
Progress: Parameterizing module spi_0
Progress: Building connections
Progress: Parameterizing connections
Progress: Validating
Progress: Done reading input file
Info: spi_4wire_platform_designer.jtag_uart_0: JTAG UART IP input clock need to be at least double (2x) the operating frequency of JTAG TCK on board
Warning: spi_4wire_platform_designer.nios2_gen2_0: Nios II cores are not recommended for new projects and are subject to removal in a future release. Nios V cores are the recommended replacement as applicable.
Info: spi_4wire_platform_designer: Generating spi_4wire_platform_designer "spi_4wire_platform_designer" for QUARTUS_SYNTH
Info: jtag_uart_0: Starting RTL generation for module 'spi_4wire_platform_designer_jtag_uart_0'
Info: jtag_uart_0:   Generation command is [exec cmd /c {set LC_ALL=C&& C:/intelfpga_lite/23.1std/quartus/bin64/perl/bin/perl.exe -I C:/intelfpga_lite/23.1std/quartus/bin64/perl/lib -I C:/intelfpga_lite/23.1std/quartus/sopc_builder/bin/europa -I C:/intelfpga_lite/23.1std/quartus/sopc_builder/bin -I C:/intelfpga_lite/23.1std/quartus/../ip/altera/sopc_builder_ip/common -I C:/intelfpga_lite/23.1std/quartus/../ip/altera/sopc_builder_ip/altera_avalon_jtag_uart -- C:/intelfpga_lite/23.1std/quartus/../ip/altera/sopc_builder_ip/altera_avalon_jtag_uart/generate_rtl.pl --name=spi_4wire_platform_designer_jtag_uart_0 --dir=C:/Users/GUAN-M~1.DEN/AppData/Local/Temp/alt0187_8795734469985162023.dir/0002_jtag_uart_0_gen/ --quartus_dir=C:/intelfpga_lite/23.1std/quartus --verilog --config=C:/Users/GUAN-M~1.DEN/AppData/Local/Temp/alt0187_8795734469985162023.dir/0002_jtag_uart_0_gen//spi_4wire_platform_designer_jtag_uart_0_component_configuration.pl --do_build_sim=0}]
Info: jtag_uart_0: Done RTL generation for module 'spi_4wire_platform_designer_jtag_uart_0'
Info: jtag_uart_0: "spi_4wire_platform_designer" instantiated altera_avalon_jtag_uart "jtag_uart_0"
Info: nios2_gen2_0: "spi_4wire_platform_designer" instantiated altera_nios2_gen2 "nios2_gen2_0"
Info: onchip_memory2_0: Starting RTL generation for module 'spi_4wire_platform_designer_onchip_memory2_0'
Info: onchip_memory2_0:   Generation command is [exec cmd /c {set LC_ALL=C&& C:/intelfpga_lite/23.1std/quartus/bin64/perl/bin/perl.exe -I C:/intelfpga_lite/23.1std/quartus/bin64/perl/lib -I C:/intelfpga_lite/23.1std/quartus/sopc_builder/bin/europa -I C:/intelfpga_lite/23.1std/quartus/sopc_builder/bin -I C:/intelfpga_lite/23.1std/quartus/../ip/altera/sopc_builder_ip/common -I C:/intelfpga_lite/23.1std/quartus/../ip/altera/sopc_builder_ip/altera_avalon_onchip_memory2 -- C:/intelfpga_lite/23.1std/quartus/../ip/altera/sopc_builder_ip/altera_avalon_onchip_memory2/generate_rtl.pl --name=spi_4wire_platform_designer_onchip_memory2_0 --dir=C:/Users/GUAN-M~1.DEN/AppData/Local/Temp/alt0187_8795734469985162023.dir/0003_onchip_memory2_0_gen/ --quartus_dir=C:/intelfpga_lite/23.1std/quartus --verilog --config=C:/Users/GUAN-M~1.DEN/AppData/Local/Temp/alt0187_8795734469985162023.dir/0003_onchip_memory2_0_gen//spi_4wire_platform_designer_onchip_memory2_0_component_configuration.pl --do_build_sim=0}]
Info: onchip_memory2_0: Done RTL generation for module 'spi_4wire_platform_designer_onchip_memory2_0'
Info: onchip_memory2_0: "spi_4wire_platform_designer" instantiated altera_avalon_onchip_memory2 "onchip_memory2_0"
Info: spi_0: Starting RTL generation for module 'spi_4wire_platform_designer_spi_0'
Info: spi_0:   Generation command is [exec cmd /c {set LC_ALL=C&& C:/intelfpga_lite/23.1std/quartus/bin64/perl/bin/perl.exe -I C:/intelfpga_lite/23.1std/quartus/bin64/perl/lib -I C:/intelfpga_lite/23.1std/quartus/sopc_builder/bin/europa -I C:/intelfpga_lite/23.1std/quartus/sopc_builder/bin -I C:/intelfpga_lite/23.1std/quartus/../ip/altera/sopc_builder_ip/common -I C:/intelfpga_lite/23.1std/quartus/../ip/altera/sopc_builder_ip/altera_avalon_spi -- C:/intelfpga_lite/23.1std/quartus/../ip/altera/sopc_builder_ip/altera_avalon_spi/generate_rtl.pl --name=spi_4wire_platform_designer_spi_0 --dir=C:/Users/GUAN-M~1.DEN/AppData/Local/Temp/alt0187_8795734469985162023.dir/0004_spi_0_gen/ --quartus_dir=C:/intelfpga_lite/23.1std/quartus --verilog --config=C:/Users/GUAN-M~1.DEN/AppData/Local/Temp/alt0187_8795734469985162023.dir/0004_spi_0_gen//spi_4wire_platform_designer_spi_0_component_configuration.pl --do_build_sim=0}]
Info: spi_0: Done RTL generation for module 'spi_4wire_platform_designer_spi_0'
Info: spi_0: "spi_4wire_platform_designer" instantiated altera_avalon_spi "spi_0"
Info: avalon_st_adapter: Inserting error_adapter: error_adapter_0
Info: avalon_st_adapter_001: Inserting error_adapter: error_adapter_0
Info: avalon_st_adapter_002: Inserting error_adapter: error_adapter_0
Info: avalon_st_adapter_003: Inserting error_adapter: error_adapter_0
Info: mm_interconnect_0: "spi_4wire_platform_designer" instantiated altera_mm_interconnect "mm_interconnect_0"
Info: irq_mapper: "spi_4wire_platform_designer" instantiated altera_irq_mapper "irq_mapper"
Info: rst_controller: "spi_4wire_platform_designer" instantiated altera_reset_controller "rst_controller"
Info: cpu: Starting RTL generation for module 'spi_4wire_platform_designer_nios2_gen2_0_cpu'
Info: cpu:   Generation command is [exec C:/intelFPGA_lite/23.1std/quartus/bin64//perl/bin/perl.exe -I C:/intelFPGA_lite/23.1std/quartus/bin64//perl/lib -I C:/intelfpga_lite/23.1std/quartus/sopc_builder/bin/europa -I C:/intelfpga_lite/23.1std/quartus/sopc_builder/bin -I C:/intelfpga_lite/23.1std/quartus/../ip/altera/nios2_ip/altera_nios2_gen2/cpu_lib -I C:/intelfpga_lite/23.1std/quartus/../ip/altera/nios2_ip/altera_nios2_gen2/nios_lib -I C:/intelfpga_lite/23.1std/quartus/../ip/altera/nios2_ip/altera_nios2_gen2 -I C:/intelfpga_lite/23.1std/quartus/../ip/altera/nios2_ip/altera_nios2_gen2 -- C:/intelfpga_lite/23.1std/quartus/../ip/altera/nios2_ip/altera_nios2_gen2/generate_rtl.pl --name=spi_4wire_platform_designer_nios2_gen2_0_cpu --dir=C:/Users/GUAN-M~1.DEN/AppData/Local/Temp/alt0187_8795734469985162023.dir/0007_cpu_gen/ --quartus_bindir=C:/intelFPGA_lite/23.1std/quartus/bin64/ --verilog --config=C:/Users/GUAN-M~1.DEN/AppData/Local/Temp/alt0187_8795734469985162023.dir/0007_cpu_gen//spi_4wire_platform_designer_nios2_gen2_0_cpu_processor_configuration.pl  --do_build_sim=0  ]
Info: cpu: # 2025.04.09 15:17:05 (*) Starting Nios II generation
Info: cpu: # 2025.04.09 15:17:05 (*)   Elaborating CPU configuration settings
Info: cpu: # 2025.04.09 15:17:05 (*)   Creating all objects for CPU
Info: cpu: # 2025.04.09 15:17:05 (*)   Generating RTL from CPU objects
Info: cpu: # 2025.04.09 15:17:05 (*)   Creating plain-text RTL
Info: cpu: # 2025.04.09 15:17:06 (*) Done Nios II generation
Info: cpu: Done RTL generation for module 'spi_4wire_platform_designer_nios2_gen2_0_cpu'
Info: cpu: "nios2_gen2_0" instantiated altera_nios2_gen2_unit "cpu"
Info: nios2_gen2_0_data_master_translator: "mm_interconnect_0" instantiated altera_merlin_master_translator "nios2_gen2_0_data_master_translator"
Info: jtag_uart_0_avalon_jtag_slave_translator: "mm_interconnect_0" instantiated altera_merlin_slave_translator "jtag_uart_0_avalon_jtag_slave_translator"
Info: nios2_gen2_0_data_master_agent: "mm_interconnect_0" instantiated altera_merlin_master_agent "nios2_gen2_0_data_master_agent"
Info: jtag_uart_0_avalon_jtag_slave_agent: "mm_interconnect_0" instantiated altera_merlin_slave_agent "jtag_uart_0_avalon_jtag_slave_agent"
Info: jtag_uart_0_avalon_jtag_slave_agent_rsp_fifo: "mm_interconnect_0" instantiated altera_avalon_sc_fifo "jtag_uart_0_avalon_jtag_slave_agent_rsp_fifo"
Info: router: "mm_interconnect_0" instantiated altera_merlin_router "router"
Info: router_001: "mm_interconnect_0" instantiated altera_merlin_router "router_001"
Info: router_002: "mm_interconnect_0" instantiated altera_merlin_router "router_002"
Info: router_003: "mm_interconnect_0" instantiated altera_merlin_router "router_003"
Info: cmd_demux: "mm_interconnect_0" instantiated altera_merlin_demultiplexer "cmd_demux"
Info: cmd_demux_001: "mm_interconnect_0" instantiated altera_merlin_demultiplexer "cmd_demux_001"
Info: cmd_mux: "mm_interconnect_0" instantiated altera_merlin_multiplexer "cmd_mux"
Info: cmd_mux_001: "mm_interconnect_0" instantiated altera_merlin_multiplexer "cmd_mux_001"
Info: Reusing file C:/Users/guan-ming.dennis-won/Documents/Code/Workspace/Workspace/Cyclone_10_LP/QuartusPrime_23/spi_4wire_platform_designer/synthesis/submodules/altera_merlin_arbitrator.sv
Info: rsp_demux: "mm_interconnect_0" instantiated altera_merlin_demultiplexer "rsp_demux"
Info: rsp_mux: "mm_interconnect_0" instantiated altera_merlin_multiplexer "rsp_mux"
Info: Reusing file C:/Users/guan-ming.dennis-won/Documents/Code/Workspace/Workspace/Cyclone_10_LP/QuartusPrime_23/spi_4wire_platform_designer/synthesis/submodules/altera_merlin_arbitrator.sv
Info: rsp_mux_001: "mm_interconnect_0" instantiated altera_merlin_multiplexer "rsp_mux_001"
Info: Reusing file C:/Users/guan-ming.dennis-won/Documents/Code/Workspace/Workspace/Cyclone_10_LP/QuartusPrime_23/spi_4wire_platform_designer/synthesis/submodules/altera_merlin_arbitrator.sv
Info: avalon_st_adapter: "mm_interconnect_0" instantiated altera_avalon_st_adapter "avalon_st_adapter"
Info: error_adapter_0: "avalon_st_adapter" instantiated error_adapter "error_adapter_0"
Info: spi_4wire_platform_designer: Done "spi_4wire_platform_designer" with 27 modules, 40 files
Info: qsys-generate succeeded.
Info: Finished: Create HDL design files for synthesis
