Archive member included to satisfy reference by file (symbol)

C:/ST/STM32CubeIDE_1.14.1/STM32CubeIDE/plugins/com.st.stm32cube.ide.mcu.externaltools.gnu-tools-for-stm32.12.3.rel1.win32_1.0.200.202406191623/tools/bin/../lib/gcc/arm-none-eabi/12.3.1/../../../../arm-none-eabi/lib/thumb/v7e-m+dp/hard\libc_nano.a(libc_a-exit.o)
                              C:/ST/STM32CubeIDE_1.14.1/STM32CubeIDE/plugins/com.st.stm32cube.ide.mcu.externaltools.gnu-tools-for-stm32.12.3.rel1.win32_1.0.200.202406191623/tools/bin/../lib/gcc/arm-none-eabi/12.3.1/../../../../arm-none-eabi/lib/thumb/v7e-m+dp/hard/crt0.o (exit)
C:/ST/STM32CubeIDE_1.14.1/STM32CubeIDE/plugins/com.st.stm32cube.ide.mcu.externaltools.gnu-tools-for-stm32.12.3.rel1.win32_1.0.200.202406191623/tools/bin/../lib/gcc/arm-none-eabi/12.3.1/../../../../arm-none-eabi/lib/thumb/v7e-m+dp/hard\libc_nano.a(libc_a-malloc.o)
                              ./Core/EtherCAT_Src/ecatcoe.o (malloc)
C:/ST/STM32CubeIDE_1.14.1/STM32CubeIDE/plugins/com.st.stm32cube.ide.mcu.externaltools.gnu-tools-for-stm32.12.3.rel1.win32_1.0.200.202406191623/tools/bin/../lib/gcc/arm-none-eabi/12.3.1/../../../../arm-none-eabi/lib/thumb/v7e-m+dp/hard\libc_nano.a(libc_a-mallocr.o)
                              C:/ST/STM32CubeIDE_1.14.1/STM32CubeIDE/plugins/com.st.stm32cube.ide.mcu.externaltools.gnu-tools-for-stm32.12.3.rel1.win32_1.0.200.202406191623/tools/bin/../lib/gcc/arm-none-eabi/12.3.1/../../../../arm-none-eabi/lib/thumb/v7e-m+dp/hard\libc_nano.a(libc_a-malloc.o) (_malloc_r)
C:/ST/STM32CubeIDE_1.14.1/STM32CubeIDE/plugins/com.st.stm32cube.ide.mcu.externaltools.gnu-tools-for-stm32.12.3.rel1.win32_1.0.200.202406191623/tools/bin/../lib/gcc/arm-none-eabi/12.3.1/../../../../arm-none-eabi/lib/thumb/v7e-m+dp/hard\libc_nano.a(libc_a-mlock.o)
                              C:/ST/STM32CubeIDE_1.14.1/STM32CubeIDE/plugins/com.st.stm32cube.ide.mcu.externaltools.gnu-tools-for-stm32.12.3.rel1.win32_1.0.200.202406191623/tools/bin/../lib/gcc/arm-none-eabi/12.3.1/../../../../arm-none-eabi/lib/thumb/v7e-m+dp/hard\libc_nano.a(libc_a-mallocr.o) (__malloc_lock)
C:/ST/STM32CubeIDE_1.14.1/STM32CubeIDE/plugins/com.st.stm32cube.ide.mcu.externaltools.gnu-tools-for-stm32.12.3.rel1.win32_1.0.200.202406191623/tools/bin/../lib/gcc/arm-none-eabi/12.3.1/../../../../arm-none-eabi/lib/thumb/v7e-m+dp/hard\libc_nano.a(libc_a-findfp.o)
                              C:/ST/STM32CubeIDE_1.14.1/STM32CubeIDE/plugins/com.st.stm32cube.ide.mcu.externaltools.gnu-tools-for-stm32.12.3.rel1.win32_1.0.200.202406191623/tools/bin/../lib/gcc/arm-none-eabi/12.3.1/../../../../arm-none-eabi/lib/thumb/v7e-m+dp/hard\libc_nano.a(libc_a-exit.o) (__stdio_exit_handler)
C:/ST/STM32CubeIDE_1.14.1/STM32CubeIDE/plugins/com.st.stm32cube.ide.mcu.externaltools.gnu-tools-for-stm32.12.3.rel1.win32_1.0.200.202406191623/tools/bin/../lib/gcc/arm-none-eabi/12.3.1/../../../../arm-none-eabi/lib/thumb/v7e-m+dp/hard\libc_nano.a(libc_a-fwalk.o)
                              C:/ST/STM32CubeIDE_1.14.1/STM32CubeIDE/plugins/com.st.stm32cube.ide.mcu.externaltools.gnu-tools-for-stm32.12.3.rel1.win32_1.0.200.202406191623/tools/bin/../lib/gcc/arm-none-eabi/12.3.1/../../../../arm-none-eabi/lib/thumb/v7e-m+dp/hard\libc_nano.a(libc_a-findfp.o) (_fwalk_sglue)
C:/ST/STM32CubeIDE_1.14.1/STM32CubeIDE/plugins/com.st.stm32cube.ide.mcu.externaltools.gnu-tools-for-stm32.12.3.rel1.win32_1.0.200.202406191623/tools/bin/../lib/gcc/arm-none-eabi/12.3.1/../../../../arm-none-eabi/lib/thumb/v7e-m+dp/hard\libc_nano.a(libc_a-stdio.o)
                              C:/ST/STM32CubeIDE_1.14.1/STM32CubeIDE/plugins/com.st.stm32cube.ide.mcu.externaltools.gnu-tools-for-stm32.12.3.rel1.win32_1.0.200.202406191623/tools/bin/../lib/gcc/arm-none-eabi/12.3.1/../../../../arm-none-eabi/lib/thumb/v7e-m+dp/hard\libc_nano.a(libc_a-findfp.o) (__sread)
C:/ST/STM32CubeIDE_1.14.1/STM32CubeIDE/plugins/com.st.stm32cube.ide.mcu.externaltools.gnu-tools-for-stm32.12.3.rel1.win32_1.0.200.202406191623/tools/bin/../lib/gcc/arm-none-eabi/12.3.1/../../../../arm-none-eabi/lib/thumb/v7e-m+dp/hard\libc_nano.a(libc_a-memset.o)
                              C:/ST/STM32CubeIDE_1.14.1/STM32CubeIDE/plugins/com.st.stm32cube.ide.mcu.externaltools.gnu-tools-for-stm32.12.3.rel1.win32_1.0.200.202406191623/tools/bin/../lib/gcc/arm-none-eabi/12.3.1/../../../../arm-none-eabi/lib/thumb/v7e-m+dp/hard/crt0.o (memset)
C:/ST/STM32CubeIDE_1.14.1/STM32CubeIDE/plugins/com.st.stm32cube.ide.mcu.externaltools.gnu-tools-for-stm32.12.3.rel1.win32_1.0.200.202406191623/tools/bin/../lib/gcc/arm-none-eabi/12.3.1/../../../../arm-none-eabi/lib/thumb/v7e-m+dp/hard\libc_nano.a(libc_a-closer.o)
                              C:/ST/STM32CubeIDE_1.14.1/STM32CubeIDE/plugins/com.st.stm32cube.ide.mcu.externaltools.gnu-tools-for-stm32.12.3.rel1.win32_1.0.200.202406191623/tools/bin/../lib/gcc/arm-none-eabi/12.3.1/../../../../arm-none-eabi/lib/thumb/v7e-m+dp/hard\libc_nano.a(libc_a-stdio.o) (_close_r)
[...]
Memory Configuration

Name             Origin             Length             Attributes
FLASH            0x08000000         0x00200000         xr
DTCMRAM          0x20000000         0x00020000         xrw
RAM_D1           0x24000000         0x00080000         xrw
RAM_D2           0x30000000         0x00048000         xrw
RAM_D3           0x38000000         0x00010000         xrw
ITCMRAM          0x00000000         0x00010000         xrw
*default*        0x00000000         0xffffffff

Linker script and memory map

LOAD C:/ST/STM32CubeIDE_1.14.1/STM32CubeIDE/plugins/com.st.stm32cube.ide.mcu.externaltools.gnu-tools-for-stm32.12.3.rel1.win32_1.0.200.202406191623/tools/bin/../lib/gcc/arm-none-eabi/12.3.1/thumb/v7e-m+dp/hard/crti.o
LOAD C:/ST/STM32CubeIDE_1.14.1/STM32CubeIDE/plugins/com.st.stm32cube.ide.mcu.externaltools.gnu-tools-for-stm32.12.3.rel1.win32_1.0.200.202406191623/tools/bin/../lib/gcc/arm-none-eabi/12.3.1/thumb/v7e-m+dp/hard/crtbegin.o
LOAD C:/ST/STM32CubeIDE_1.14.1/STM32CubeIDE/plugins/com.st.stm32cube.ide.mcu.externaltools.gnu-tools-for-stm32.12.3.rel1.win32_1.0.200.202406191623/tools/bin/../lib/gcc/arm-none-eabi/12.3.1/../../../../arm-none-eabi/lib/thumb/v7e-m+dp/hard/crt0.o
LOAD ./Core/EtherCAT_Src/ViCAT_ML_LSC_Proj.o
LOAD ./Core/EtherCAT_Src/ax58X00_hw.o
LOAD ./Core/EtherCAT_Src/coeappl.o
LOAD ./Core/EtherCAT_Src/ecatappl.o
LOAD ./Core/EtherCAT_Src/ecatcoe.o
LOAD ./Core/EtherCAT_Src/ecatslv.o
LOAD ./Core/EtherCAT_Src/mailbox.o
LOAD ./Core/EtherCAT_Src/objdef.o
LOAD ./Core/EtherCAT_Src/sdoserv.o
LOAD ./Core/Src/gpio.o
LOAD ./Core/Src/main.o
LOAD ./Core/Src/memorymap.o
LOAD ./Core/Src/spi.o
LOAD ./Core/Src/stm32h7xx_hal_msp.o
LOAD ./Core/Src/stm32h7xx_it.o
LOAD ./Core/Src/syscalls.o
LOAD ./Core/Src/sysmem.o
LOAD ./Core/Src/system_stm32h7xx.o
LOAD ./Core/Src/tim.o
LOAD ./Core/Startup/startup_stm32h743zitx.o
LOAD ./Drivers/STM32H7xx_HAL_Driver/Src/stm32h7xx_hal.o
LOAD ./Drivers/STM32H7xx_HAL_Driver/Src/stm32h7xx_hal_cortex.o
LOAD ./Drivers/STM32H7xx_HAL_Driver/Src/stm32h7xx_hal_dma.o
LOAD ./Drivers/STM32H7xx_HAL_Driver/Src/stm32h7xx_hal_dma_ex.o
LOAD ./Drivers/STM32H7xx_HAL_Driver/Src/stm32h7xx_hal_exti.o
LOAD ./Drivers/STM32H7xx_HAL_Driver/Src/stm32h7xx_hal_flash.o
LOAD ./Drivers/STM32H7xx_HAL_Driver/Src/stm32h7xx_hal_flash_ex.o
LOAD ./Drivers/STM32H7xx_HAL_Driver/Src/stm32h7xx_hal_gpio.o
LOAD ./Drivers/STM32H7xx_HAL_Driver/Src/stm32h7xx_hal_hsem.o
LOAD ./Drivers/STM32H7xx_HAL_Driver/Src/stm32h7xx_hal_i2c.o
LOAD ./Drivers/STM32H7xx_HAL_Driver/Src/stm32h7xx_hal_i2c_ex.o
LOAD ./Drivers/STM32H7xx_HAL_Driver/Src/stm32h7xx_hal_mdma.o
LOAD ./Drivers/STM32H7xx_HAL_Driver/Src/stm32h7xx_hal_pwr.o
LOAD ./Drivers/STM32H7xx_HAL_Driver/Src/stm32h7xx_hal_pwr_ex.o
LOAD ./Drivers/STM32H7xx_HAL_Driver/Src/stm32h7xx_hal_rcc.o
LOAD ./Drivers/STM32H7xx_HAL_Driver/Src/stm32h7xx_hal_rcc_ex.o
LOAD ./Drivers/STM32H7xx_HAL_Driver/Src/stm32h7xx_hal_spi.o
LOAD ./Drivers/STM32H7xx_HAL_Driver/Src/stm32h7xx_hal_spi_ex.o
LOAD ./Drivers/STM32H7xx_HAL_Driver/Src/stm32h7xx_hal_tim.o
LOAD ./Drivers/STM32H7xx_HAL_Driver/Src/stm32h7xx_hal_tim_ex.o
START GROUP
LOAD C:/ST/STM32CubeIDE_1.14.1/STM32CubeIDE/plugins/com.st.stm32cube.ide.mcu.externaltools.gnu-tools-for-stm32.12.3.rel1.win32_1.0.200.202406191623/tools/bin/../lib/gcc/arm-none-eabi/12.3.1/../../../../arm-none-eabi/lib/thumb/v7e-m+dp/hard\libc_nano.a
LOAD C:/ST/STM32CubeIDE_1.14.1/STM32CubeIDE/plugins/com.st.stm32cube.ide.mcu.externaltools.gnu-tools-for-stm32.12.3.rel1.win32_1.0.200.202406191623/tools/bin/../lib/gcc/arm-none-eabi/12.3.1/../../../../arm-none-eabi/lib/thumb/v7e-m+dp/hard\libm.a
END GROUP
START GROUP
LOAD C:/ST/STM32CubeIDE_1.14.1/STM32CubeIDE/plugins/com.st.stm32cube.ide.mcu.externaltools.gnu-tools-for-stm32.12.3.rel1.win32_1.0.200.202406191623/tools/bin/../lib/gcc/arm-none-eabi/12.3.1/thumb/v7e-m+dp/hard\libgcc.a
LOAD C:/ST/STM32CubeIDE_1.14.1/STM32CubeIDE/plugins/com.st.stm32cube.ide.mcu.externaltools.gnu-tools-for-stm32.12.3.rel1.win32_1.0.200.202406191623/tools/bin/../lib/gcc/arm-none-eabi/12.3.1/../../../../arm-none-eabi/lib/thumb/v7e-m+dp/hard\libc_nano.a
END GROUP
START GROUP
LOAD C:/ST/STM32CubeIDE_1.14.1/STM32CubeIDE/plugins/com.st.stm32cube.ide.mcu.externaltools.gnu-tools-for-stm32.12.3.rel1.win32_1.0.200.202406191623/tools/bin/../lib/gcc/arm-none-eabi/12.3.1/thumb/v7e-m+dp/hard\libgcc.a
LOAD C:/ST/STM32CubeIDE_1.14.1/STM32CubeIDE/plugins/com.st.stm32cube.ide.mcu.externaltools.gnu-tools-for-stm32.12.3.rel1.win32_1.0.200.202406191623/tools/bin/../lib/gcc/arm-none-eabi/12.3.1/../../../../arm-none-eabi/lib/thumb/v7e-m+dp/hard\libc_nano.a
LOAD C:/ST/STM32CubeIDE_1.14.1/STM32CubeIDE/plugins/com.st.stm32cube.ide.mcu.externaltools.gnu-tools-for-stm32.12.3.rel1.win32_1.0.200.202406191623/tools/bin/../lib/gcc/arm-none-eabi/12.3.1/../../../../arm-none-eabi/lib/thumb/v7e-m+dp/hard\libnosys.a
END GROUP
START GROUP
LOAD C:/ST/STM32CubeIDE_1.14.1/STM32CubeIDE/plugins/com.st.stm32cube.ide.mcu.externaltools.gnu-tools-for-stm32.12.3.rel1.win32_1.0.200.202406191623/tools/bin/../lib/gcc/arm-none-eabi/12.3.1/thumb/v7e-m+dp/hard\libgcc.a
LOAD C:/ST/STM32CubeIDE_1.14.1/STM32CubeIDE/plugins/com.st.stm32cube.ide.mcu.externaltools.gnu-tools-for-stm32.12.3.rel1.win32_1.0.200.202406191623/tools/bin/../lib/gcc/arm-none-eabi/12.3.1/../../../../arm-none-eabi/lib/thumb/v7e-m+dp/hard\libc_nano.a
LOAD C:/ST/STM32CubeIDE_1.14.1/STM32CubeIDE/plugins/com.st.stm32cube.ide.mcu.externaltools.gnu-tools-for-stm32.12.3.rel1.win32_1.0.200.202406191623/tools/bin/../lib/gcc/arm-none-eabi/12.3.1/../../../../arm-none-eabi/lib/thumb/v7e-m+dp/hard\libnosys.a
END GROUP
LOAD C:/ST/STM32CubeIDE_1.14.1/STM32CubeIDE/plugins/com.st.stm32cube.ide.mcu.externaltools.gnu-tools-for-stm32.12.3.rel1.win32_1.0.200.202406191623/tools/bin/../lib/gcc/arm-none-eabi/12.3.1/thumb/v7e-m+dp/hard/crtend.o
LOAD C:/ST/STM32CubeIDE_1.14.1/STM32CubeIDE/plugins/com.st.stm32cube.ide.mcu.externaltools.gnu-tools-for-stm32.12.3.rel1.win32_1.0.200.202406191623/tools/bin/../lib/gcc/arm-none-eabi/12.3.1/thumb/v7e-m+dp/hard/crtn.o
                0x24080000                        _estack = (ORIGIN (RAM_D1) + LENGTH (RAM_D1))
                0x00000200                        _Min_Heap_Size = 0x200
                0x00000400                        _Min_Stack_Size = 0x400

.isr_vector     0x08000000      0x298
                0x08000000                        . = ALIGN (0x4)
 *(.isr_vector)
 .isr_vector    0x08000000      0x298 ./Core/Startup/startup_stm32h743zitx.o
                0x08000000                g_pfnVectors
                0x08000298                        . = ALIGN (0x4)

.text           0x08000298     0xc4cc
                0x08000298                        . = ALIGN (0x4)
 *(.text)
 .text          0x08000298       0x40 C:/ST/STM32CubeIDE_1.14.1/STM32CubeIDE/plugins/com.st.stm32cube.ide.mcu.externaltools.gnu-tools-for-stm32.12.3.rel1.win32_1.0.200.202406191623/tools/bin/../lib/gcc/arm-none-eabi/12.3.1/thumb/v7e-m+dp/hard/crtbegin.o
 .text          0x080002d8       0x10 C:/ST/STM32CubeIDE_1.14.1/STM32CubeIDE/plugins/com.st.stm32cube.ide.mcu.externaltools.gnu-tools-for-stm32.12.3.rel1.win32_1.0.200.202406191623/tools/bin/../lib/gcc/arm-none-eabi/12.3.1/../../../../arm-none-eabi/lib/thumb/v7e-m+dp/hard\libc_nano.a(libc_a-strlen.o)
                0x080002d8                strlen
 *(.text*)
 .text.APPL_AckErrorInd
                0x080002e8       0x16 ./Core/EtherCAT_Src/ViCAT_ML_LSC_Proj.o
                0x080002e8                APPL_AckErrorInd
 .text.APPL_StartMailboxHandler
                0x080002fe       0x10 ./Core/EtherCAT_Src/ViCAT_ML_LSC_Proj.o
                0x080002fe                APPL_StartMailboxHandler
 .text.APPL_StopMailboxHandler
                0x0800030e       0x10 ./Core/EtherCAT_Src/ViCAT_ML_LSC_Proj.o
                0x0800030e                APPL_StopMailboxHandler
 .text.APPL_StartInputHandler
                0x0800031e       0x16 ./Core/EtherCAT_Src/ViCAT_ML_LSC_Proj.o
                0x0800031e                APPL_StartInputHandler
 .text.APPL_StopInputHandler
                0x08000334       0x10 ./Core/EtherCAT_Src/ViCAT_ML_LSC_Proj.o
                0x08000334                APPL_StopInputHandler
 .text.APPL_StartOutputHandler
                0x08000344       0x10 ./Core/EtherCAT_Src/ViCAT_ML_LSC_Proj.o
                0x08000344                APPL_StartOutputHandler
 .text.APPL_StopOutputHandler
                0x08000354       0x10 ./Core/EtherCAT_Src/ViCAT_ML_LSC_Proj.o
                0x08000354                APPL_StopOutputHandler
 .text.APPL_GenerateMapping
                0x08000364      0x16c ./Core/EtherCAT_Src/ViCAT_ML_LSC_Proj.o
                0x08000364                APPL_GenerateMapping
 .text.APPL_InputMapping
                0x080004d0       0x24 ./Core/EtherCAT_Src/ViCAT_ML_LSC_Proj.o
                0x080004d0                APPL_InputMapping
 .text.APPL_OutputMapping
                0x080004f4       0x24 ./Core/EtherCAT_Src/ViCAT_ML_LSC_Proj.o
                0x080004f4                APPL_OutputMapping
 .text.APPL_Application
                0x08000518        0xe ./Core/EtherCAT_Src/ViCAT_ML_LSC_Proj.o
                0x08000518                APPL_Application
 *fill*         0x08000526        0x2 
 .text.main_initial
                0x08000528       0x2c ./Core/EtherCAT_Src/ViCAT_ML_LSC_Proj.o
                0x08000528                main_initial
 .text.HW_SPI_TransmitReceive
                0x08000554       0x4c ./Core/EtherCAT_Src/ax58X00_hw.o
 .text.HW_SPI_Read
                0x080005a0      0x110 ./Core/EtherCAT_Src/ax58X00_hw.o
 .text.HW_SPI_Write
                0x080006b0       0xdc ./Core/EtherCAT_Src/ax58X00_hw.o
 .text.GetInterruptRegister
                0x0800078c       0x18 ./Core/EtherCAT_Src/ax58X00_hw.o
 .text.ISR_GetInterruptRegister
                0x080007a4       0x18 ./Core/EtherCAT_Src/ax58X00_hw.o
 .text.HW_Init  0x080007bc       0xe8 ./Core/EtherCAT_Src/ax58X00_hw.o
                0x080007bc                HW_Init
 .text.HW_Release
                0x080008a4        0xe ./Core/EtherCAT_Src/ax58X00_hw.o
                0x080008a4                HW_Release
 *fill*         0x080008b2        0x2 
 .text.HW_GetALEventRegister
                0x080008b4       0x14 ./Core/EtherCAT_Src/ax58X00_hw.o
                0x080008b4                HW_GetALEventRegister
 .text.HW_GetALEventRegister_Isr
                0x080008c8       0x14 ./Core/EtherCAT_Src/ax58X00_hw.o
                0x080008c8                HW_GetALEventRegister_Isr
 .text.HW_EscRead
                0x080008dc       0x24 ./Core/EtherCAT_Src/ax58X00_hw.o
                0x080008dc                HW_EscRead
 .text.HW_EscReadIsr
                0x08000900       0x24 ./Core/EtherCAT_Src/ax58X00_hw.o
                0x08000900                HW_EscReadIsr
 .text.HW_EscWrite
                0x08000924       0x3c ./Core/EtherCAT_Src/ax58X00_hw.o
                0x08000924                HW_EscWrite
 .text.HW_EscWriteIsr
                0x08000960       0x24 ./Core/EtherCAT_Src/ax58X00_hw.o
                0x08000960                HW_EscWriteIsr
 .text.EXTI9_5_IRQHandler
                0x08000984       0x46 ./Core/EtherCAT_Src/ax58X00_hw.o
                0x08000984                EXTI9_5_IRQHandler
 .text.EXTI4_IRQHandler
                0x080009ca       0x26 ./Core/EtherCAT_Src/ax58X00_hw.o
                0x080009ca                EXTI4_IRQHandler
 .text.Read0x10F8
                0x080009f0       0x5c ./Core/EtherCAT_Src/coeappl.o
                0x080009f0                Read0x10F8
 .text.COE_SyncTimeStamp
                0x08000a4c       0xa0 ./Core/EtherCAT_Src/coeappl.o
                0x08000a4c                COE_SyncTimeStamp
 .text.COE_GetObjectDictionary
                0x08000aec       0x18 ./Core/EtherCAT_Src/coeappl.o
                0x08000aec                COE_GetObjectDictionary
 .text.COE_UpdateSyncErrorStatus
                0x08000b04       0x68 ./Core/EtherCAT_Src/coeappl.o
                0x08000b04                COE_UpdateSyncErrorStatus
 .text.COE_ObjInit
                0x08000b6c      0x160 ./Core/EtherCAT_Src/coeappl.o
                0x08000b6c                COE_ObjInit
 .text.COE_AddObjectToDic
                0x08000ccc       0xe8 ./Core/EtherCAT_Src/coeappl.o
                0x08000ccc                COE_AddObjectToDic
 .text.COE_RemoveDicEntry
                0x08000db4       0x80 ./Core/EtherCAT_Src/coeappl.o
                0x08000db4                COE_RemoveDicEntry
 .text.COE_ClearObjDictionary
                0x08000e34       0x40 ./Core/EtherCAT_Src/coeappl.o
                0x08000e34                COE_ClearObjDictionary
 .text.AddObjectsToObjDictionary
                0x08000e74       0x42 ./Core/EtherCAT_Src/coeappl.o
                0x08000e74                AddObjectsToObjDictionary
 *fill*         0x08000eb6        0x2 
 .text.COE_ObjDictionaryInit
                0x08000eb8       0x44 ./Core/EtherCAT_Src/coeappl.o
                0x08000eb8                COE_ObjDictionaryInit
 .text.COE_Main
                0x08000efc       0xd8 ./Core/EtherCAT_Src/coeappl.o
                0x08000efc                COE_Main
 .text.PDO_InputMapping
                0x08000fd4       0x94 ./Core/EtherCAT_Src/ecatappl.o
                0x08000fd4                PDO_InputMapping
 .text.PDO_OutputMapping
                0x08001068       0xb0 ./Core/EtherCAT_Src/ecatappl.o
                0x08001068                PDO_OutputMapping
 .text.ECAT_CheckTimer
                0x08001118       0xa4 ./Core/EtherCAT_Src/ecatappl.o
                0x08001118                ECAT_CheckTimer
 .text.HandleCycleTimeMeasurement
                0x080011bc       0x7c ./Core/EtherCAT_Src/ecatappl.o
                0x080011bc                HandleCycleTimeMeasurement
 .text.GetSystemTimeDelay
                0x08001238       0x70 ./Core/EtherCAT_Src/ecatappl.o
                0x08001238                GetSystemTimeDelay
 .text.PDI_Isr  0x080012a8      0x18c ./Core/EtherCAT_Src/ecatappl.o
                0x080012a8                PDI_Isr
 .text.Sync0_Isr
                0x08001434      0x174 ./Core/EtherCAT_Src/ecatappl.o
                0x08001434                Sync0_Isr
 .text.Sync1_Isr
                0x080015a8       0x50 ./Core/EtherCAT_Src/ecatappl.o
                0x080015a8                Sync1_Isr
 .text.ECAT_SetLedIndication
                0x080015f8      0x2cc ./Core/EtherCAT_Src/ecatappl.o
                0x080015f8                ECAT_SetLedIndication
 .text.MainInit
                0x080018c4       0xe0 ./Core/EtherCAT_Src/ecatappl.o
                0x080018c4                MainInit
 .text.MainLoop
                0x080019a4      0x100 ./Core/EtherCAT_Src/ecatappl.o
                0x080019a4                MainLoop
 .text.ECAT_Application
                0x08001aa4       0x3c ./Core/EtherCAT_Src/ecatappl.o
                0x08001aa4                ECAT_Application
 .text.COE_Init
                0x08001ae0       0x24 ./Core/EtherCAT_Src/ecatcoe.o
                0x08001ae0                COE_Init
 .text.COE_ServiceInd
                0x08001b04       0x70 ./Core/EtherCAT_Src/ecatcoe.o
                0x08001b04                COE_ServiceInd
 .text.COE_ContinueInd
                0x08001b74       0x60 ./Core/EtherCAT_Src/ecatcoe.o
                0x08001b74                COE_ContinueInd
 .text.ResetALEventMask
                0x08001bd4       0x3c ./Core/EtherCAT_Src/ecatslv.o
                0x08001bd4                ResetALEventMask
 .text.SetALEventMask
                0x08001c10       0x3c ./Core/EtherCAT_Src/ecatslv.o
                0x08001c10                SetALEventMask
 .text.UpdateEEPROMLoadedState
                0x08001c4c       0x4c ./Core/EtherCAT_Src/ecatslv.o
                0x08001c4c                UpdateEEPROMLoadedState
 .text.GetSyncMan
                0x08001c98       0x30 ./Core/EtherCAT_Src/ecatslv.o
                0x08001c98                GetSyncMan
 .text.DisableSyncManChannel
                0x08001cc8       0x50 ./Core/EtherCAT_Src/ecatslv.o
                0x08001cc8                DisableSyncManChannel
 .text.EnableSyncManChannel
                0x08001d18       0x4e ./Core/EtherCAT_Src/ecatslv.o
                0x08001d18                EnableSyncManChannel
 *fill*         0x08001d66        0x2 
 .text.CheckSmSettings
                0x08001d68      0x37c ./Core/EtherCAT_Src/ecatslv.o
                0x08001d68                CheckSmSettings
 .text.StartInputHandler
                0x080020e4      0x808 ./Core/EtherCAT_Src/ecatslv.o
                0x080020e4                StartInputHandler
 .text.StartOutputHandler
                0x080028ec       0x9c ./Core/EtherCAT_Src/ecatslv.o
                0x080028ec                StartOutputHandler
 .text.StopOutputHandler
                0x08002988       0x24 ./Core/EtherCAT_Src/ecatslv.o
                0x08002988                StopOutputHandler
 .text.StopInputHandler
                0x080029ac      0x12c ./Core/EtherCAT_Src/ecatslv.o
                0x080029ac                StopInputHandler
 .text.BackToInitTransition
                0x08002ad8       0x18 ./Core/EtherCAT_Src/ecatslv.o
                0x08002ad8                BackToInitTransition
 .text.SetALStatus
                0x08002af0       0xc0 ./Core/EtherCAT_Src/ecatslv.o
                0x08002af0                SetALStatus
 .text.AL_ControlInd
                0x08002bb0      0x7a4 ./Core/EtherCAT_Src/ecatslv.o
                0x08002bb0                AL_ControlInd
 .text.AL_ControlRes
                0x08003354      0x300 ./Core/EtherCAT_Src/ecatslv.o
                0x08003354                AL_ControlRes
 .text.DC_CheckWatchdog
                0x08003654      0x128 ./Core/EtherCAT_Src/ecatslv.o
                0x08003654                DC_CheckWatchdog
 .text.CheckIfEcatError
                0x0800377c       0xa4 ./Core/EtherCAT_Src/ecatslv.o
                0x0800377c                CheckIfEcatError
 .text.ECAT_Init
                0x08003820      0x164 ./Core/EtherCAT_Src/ecatslv.o
                0x08003820                ECAT_Init
 .text.ECAT_Main
                0x08003984      0x1c4 ./Core/EtherCAT_Src/ecatslv.o
                0x08003984                ECAT_Main
 .text.PutInMbxQueue
                0x08003b48       0x52 ./Core/EtherCAT_Src/mailbox.o
                0x08003b48                PutInMbxQueue
 .text.GetOutOfMbxQueue
                0x08003b9a       0x58 ./Core/EtherCAT_Src/mailbox.o
                0x08003b9a                GetOutOfMbxQueue
 *fill*         0x08003bf2        0x2 
 .text.MBX_Init
                0x08003bf4      0x100 ./Core/EtherCAT_Src/mailbox.o
                0x08003bf4                MBX_Init
 .text.MBX_StartMailboxHandler
                0x08003cf4       0xf8 ./Core/EtherCAT_Src/mailbox.o
                0x08003cf4                MBX_StartMailboxHandler
 .text.MBX_StopMailboxHandler
                0x08003dec      0x150 ./Core/EtherCAT_Src/mailbox.o
                0x08003dec                MBX_StopMailboxHandler
 .text.MailboxServiceInd
                0x08003f3c       0x32 ./Core/EtherCAT_Src/mailbox.o
                0x08003f3c                MailboxServiceInd
 *fill*         0x08003f6e        0x2 
 .text.MBX_MailboxWriteInd
                0x08003f70       0xbc ./Core/EtherCAT_Src/mailbox.o
                0x08003f70                MBX_MailboxWriteInd
 .text.MBX_MailboxReadInd
                0x0800402c       0xdc ./Core/EtherCAT_Src/mailbox.o
                0x0800402c                MBX_MailboxReadInd
 .text.MBX_MailboxRepeatReq
                0x08004108       0x7c ./Core/EtherCAT_Src/mailbox.o
                0x08004108                MBX_MailboxRepeatReq
 .text.MBX_MailboxSendReq
                0x08004184       0xd8 ./Core/EtherCAT_Src/mailbox.o
                0x08004184                MBX_MailboxSendReq
 .text.MBX_CheckAndCopyMailbox
                0x0800425c      0x144 ./Core/EtherCAT_Src/mailbox.o
                0x0800425c                MBX_CheckAndCopyMailbox
 .text.MBX_CopyToSendMailbox
                0x080043a0      0x160 ./Core/EtherCAT_Src/mailbox.o
                0x080043a0                MBX_CopyToSendMailbox
 .text.MBX_Main
                0x08004500       0x78 ./Core/EtherCAT_Src/mailbox.o
                0x08004500                MBX_Main
 .text.OBJ_GetObjectHandle
                0x08004578       0x36 ./Core/EtherCAT_Src/objdef.o
                0x08004578                OBJ_GetObjectHandle
 .text.OBJ_GetObjectLength
                0x080045ae      0x11c ./Core/EtherCAT_Src/objdef.o
                0x080045ae                OBJ_GetObjectLength
 *fill*         0x080046ca        0x2 
 .text.OBJ_CopyNumberToString
                0x080046cc       0x98 ./Core/EtherCAT_Src/objdef.o
                0x080046cc                OBJ_CopyNumberToString
 .text.OBJ_GetNoOfObjects
                0x08004764       0x96 ./Core/EtherCAT_Src/objdef.o
                0x08004764                OBJ_GetNoOfObjects
 *fill*         0x080047fa        0x2 
 .text.OBJ_GetObjectList
                0x080047fc       0xfc ./Core/EtherCAT_Src/objdef.o
                0x080047fc                OBJ_GetObjectList
 .text.OBJ_GetDesc
                0x080048f8      0x128 ./Core/EtherCAT_Src/objdef.o
                0x080048f8                OBJ_GetDesc
 .text.OBJ_GetEntryDesc
                0x08004a20       0x58 ./Core/EtherCAT_Src/objdef.o
                0x08004a20                OBJ_GetEntryDesc
 .text.OBJ_GetObjDesc
                0x08004a78       0x18 ./Core/EtherCAT_Src/objdef.o
                0x08004a78                OBJ_GetObjDesc
 .text.OBJ_GetEntryOffset
                0x08004a90      0x1ec ./Core/EtherCAT_Src/objdef.o
                0x08004a90                OBJ_GetEntryOffset
 .text.CheckSyncTypeValue
                0x08004c7c      0x1b4 ./Core/EtherCAT_Src/objdef.o
                0x08004c7c                CheckSyncTypeValue
 .text.OBJ_Read
                0x08004e30      0x6f0 ./Core/EtherCAT_Src/objdef.o
                0x08004e30                OBJ_Read
 .text.OBJ_Write
                0x08005520      0x7b0 ./Core/EtherCAT_Src/objdef.o
                0x08005520                OBJ_Write
 .text.SdoDownloadSegmentInd
                0x08005cd0      0x380 ./Core/EtherCAT_Src/sdoserv.o
 .text.SdoUploadSegmentInd
                0x08006050      0x244 ./Core/EtherCAT_Src/sdoserv.o
 .text.SdoRes   0x08006294      0x184 ./Core/EtherCAT_Src/sdoserv.o
                0x08006294                SdoRes
 .text.SDOS_SdoInd
                0x08006418      0x5cc ./Core/EtherCAT_Src/sdoserv.o
                0x08006418                SDOS_SdoInd
 .text.SDOS_SdoRes
                0x080069e4      0x11c ./Core/EtherCAT_Src/sdoserv.o
                0x080069e4                SDOS_SdoRes
 .text.SDOS_ClearPendingResponse
                0x08006b00       0xcc ./Core/EtherCAT_Src/sdoserv.o
                0x08006b00                SDOS_ClearPendingResponse
 .text.SDOS_SdoInfoInd
                0x08006bcc      0x3fc ./Core/EtherCAT_Src/sdoserv.o
                0x08006bcc                SDOS_SdoInfoInd
 .text.MX_GPIO_Init
                0x08006fc8      0x1dc ./Core/Src/gpio.o
                0x08006fc8                MX_GPIO_Init
 .text.main     0x080071a4       0x30 ./Core/Src/main.o
                0x080071a4                main
 .text.SystemClock_Config
                0x080071d4       0xf8 ./Core/Src/main.o
                0x080071d4                SystemClock_Config
 .text.MPU_Config
                0x080072cc       0x58 ./Core/Src/main.o
 .text.Error_Handler
                0x08007324        0xc ./Core/Src/main.o
                0x08007324                Error_Handler
 .text.MX_SPI1_Init
                0x08007330       0xb0 ./Core/Src/spi.o
                0x08007330                MX_SPI1_Init
 .text.MX_SPI2_Init
                0x080073e0       0xb0 ./Core/Src/spi.o
                0x080073e0                MX_SPI2_Init
 .text.MX_SPI3_Init
                0x08007490       0xb0 ./Core/Src/spi.o
                0x08007490                MX_SPI3_Init
 .text.HAL_SPI_MspInit
                0x08007540      0x2c8 ./Core/Src/spi.o
                0x08007540                HAL_SPI_MspInit
 .text.HAL_MspInit
                0x08007808       0x34 ./Core/Src/stm32h7xx_hal_msp.o
                0x08007808                HAL_MspInit
 .text.NMI_Handler
                0x0800783c        0x8 ./Core/Src/stm32h7xx_it.o
                0x0800783c                NMI_Handler
 .text.HardFault_Handler
                0x08007844        0x8 ./Core/Src/stm32h7xx_it.o
                0x08007844                HardFault_Handler
 .text.MemManage_Handler
                0x0800784c        0x8 ./Core/Src/stm32h7xx_it.o
                0x0800784c                MemManage_Handler
 .text.BusFault_Handler
                0x08007854        0x8 ./Core/Src/stm32h7xx_it.o
                0x08007854                BusFault_Handler
 .text.UsageFault_Handler
                0x0800785c        0x8 ./Core/Src/stm32h7xx_it.o
                0x0800785c                UsageFault_Handler
 .text.SVC_Handler
                0x08007864        0xe ./Core/Src/stm32h7xx_it.o
                0x08007864                SVC_Handler
 .text.DebugMon_Handler
                0x08007872        0xe ./Core/Src/stm32h7xx_it.o
                0x08007872                DebugMon_Handler
 .text.PendSV_Handler
                0x08007880        0xe ./Core/Src/stm32h7xx_it.o
                0x08007880                PendSV_Handler
 .text.SysTick_Handler
                0x0800788e        0xc ./Core/Src/stm32h7xx_it.o
                0x0800788e                SysTick_Handler
 .text.EXTI3_IRQHandler
                0x0800789a        0xe ./Core/Src/stm32h7xx_it.o
                0x0800789a                EXTI3_IRQHandler
 .text.SPI2_IRQHandler
                0x080078a8       0x14 ./Core/Src/stm32h7xx_it.o
                0x080078a8                SPI2_IRQHandler
 .text.EXTI15_10_IRQHandler
                0x080078bc       0x10 ./Core/Src/stm32h7xx_it.o
                0x080078bc                EXTI15_10_IRQHandler
 .text.TIM16_IRQHandler
                0x080078cc       0x14 ./Core/Src/stm32h7xx_it.o
                0x080078cc                TIM16_IRQHandler
 .text._sbrk    0x080078e0       0x6c ./Core/Src/sysmem.o
                0x080078e0                _sbrk
 .text.SystemInit
                0x0800794c      0x110 ./Core/Src/system_stm32h7xx.o
                0x0800794c                SystemInit
 .text.MX_TIM6_Init
                0x08007a5c       0x6c ./Core/Src/tim.o
                0x08007a5c                MX_TIM6_Init
 .text.MX_TIM16_Init
                0x08007ac8       0x4c ./Core/Src/tim.o
                0x08007ac8                MX_TIM16_Init
 .text.HAL_TIM_Base_MspInit
                0x08007b14       0x80 ./Core/Src/tim.o
                0x08007b14                HAL_TIM_Base_MspInit
 .text.Reset_Handler
                0x08007b94       0x50 ./Core/Startup/startup_stm32h743zitx.o
                0x08007b94                Reset_Handler
 .text.Default_Handler
                0x08007be4        0x2 ./Core/Startup/startup_stm32h743zitx.o
                0x08007be4                RTC_Alarm_IRQHandler
                0x08007be4                EXTI2_IRQHandler
                0x08007be4                TIM8_CC_IRQHandler
                0x08007be4                HRTIM1_Master_IRQHandler
                0x08007be4                UART8_IRQHandler
                0x08007be4                SPI4_IRQHandler
                0x08007be4                TIM1_CC_IRQHandler
                0x08007be4                BDMA_Channel6_IRQHandler
                0x08007be4                DMA2_Stream5_IRQHandler
                0x08007be4                HRTIM1_FLT_IRQHandler
                0x08007be4                JPEG_IRQHandler
                0x08007be4                DMA1_Stream5_IRQHandler
                0x08007be4                BDMA_Channel1_IRQHandler
                0x08007be4                HRTIM1_TIMD_IRQHandler
                0x08007be4                TAMP_STAMP_IRQHandler
                0x08007be4                LPTIM4_IRQHandler
                0x08007be4                TIM8_TRG_COM_TIM14_IRQHandler
                0x08007be4                LPTIM2_IRQHandler
                0x08007be4                DFSDM1_FLT1_IRQHandler
                0x08007be4                DMAMUX2_OVR_IRQHandler
                0x08007be4                TIM8_UP_TIM13_IRQHandler
                0x08007be4                I2C3_ER_IRQHandler
                0x08007be4                DFSDM1_FLT2_IRQHandler
                0x08007be4                MDMA_IRQHandler
                0x08007be4                LPTIM3_IRQHandler
                0x08007be4                HSEM1_IRQHandler
                0x08007be4                EXTI0_IRQHandler
                0x08007be4                I2C2_EV_IRQHandler
                0x08007be4                DMA1_Stream2_IRQHandler
                0x08007be4                FPU_IRQHandler
                0x08007be4                OTG_HS_WKUP_IRQHandler
                0x08007be4                FDCAN1_IT1_IRQHandler
                0x08007be4                LTDC_ER_IRQHandler
                0x08007be4                DMA2_Stream2_IRQHandler
                0x08007be4                HRTIM1_TIME_IRQHandler
                0x08007be4                SPI1_IRQHandler
                0x08007be4                TIM6_DAC_IRQHandler
                0x08007be4                DCMI_IRQHandler
                0x08007be4                HRTIM1_TIMC_IRQHandler
                0x08007be4                DMA2_Stream3_IRQHandler
                0x08007be4                SAI2_IRQHandler
                0x08007be4                DFSDM1_FLT3_IRQHandler
                0x08007be4                USART6_IRQHandler
                0x08007be4                TIM17_IRQHandler
                0x08007be4                USART3_IRQHandler
                0x08007be4                BDMA_Channel7_IRQHandler
                0x08007be4                LPTIM5_IRQHandler
                0x08007be4                UART5_IRQHandler
                0x08007be4                ADC3_IRQHandler
                0x08007be4                DMA2_Stream0_IRQHandler
                0x08007be4                TIM4_IRQHandler
                0x08007be4                BDMA_Channel2_IRQHandler
                0x08007be4                QUADSPI_IRQHandler
                0x08007be4                I2C1_EV_IRQHandler
                0x08007be4                DMA1_Stream6_IRQHandler
                0x08007be4                DMAMUX1_OVR_IRQHandler
                0x08007be4                DMA1_Stream1_IRQHandler
                0x08007be4                UART4_IRQHandler
                0x08007be4                BDMA_Channel5_IRQHandler
                0x08007be4                TIM3_IRQHandler
                0x08007be4                RCC_IRQHandler
                0x08007be4                TIM8_BRK_TIM12_IRQHandler
                0x08007be4                TIM1_TRG_COM_IRQHandler
                0x08007be4                Default_Handler
                0x08007be4                ECC_IRQHandler
                0x08007be4                CEC_IRQHandler
                0x08007be4                BDMA_Channel0_IRQHandler
                0x08007be4                ADC_IRQHandler
                0x08007be4                DMA1_Stream7_IRQHandler
                0x08007be4                HRTIM1_TIMA_IRQHandler
                0x08007be4                SPI5_IRQHandler
                0x08007be4                TIM7_IRQHandler
                0x08007be4                SDMMC1_IRQHandler
                0x08007be4                TIM5_IRQHandler
                0x08007be4                DMA2_Stream7_IRQHandler
                0x08007be4                TIM15_IRQHandler
                0x08007be4                PVD_AVD_IRQHandler
                0x08007be4                I2C3_EV_IRQHandler
                0x08007be4                RTC_WKUP_IRQHandler
                0x08007be4                LTDC_IRQHandler
                0x08007be4                SAI3_IRQHandler
                0x08007be4                ETH_WKUP_IRQHandler
                0x08007be4                SPDIF_RX_IRQHandler
                0x08007be4                OTG_HS_EP1_IN_IRQHandler
                0x08007be4                DMA1_Stream0_IRQHandler
                0x08007be4                CRS_IRQHandler
                0x08007be4                RNG_IRQHandler
                0x08007be4                HRTIM1_TIMB_IRQHandler
                0x08007be4                FDCAN2_IT1_IRQHandler
                0x08007be4                ETH_IRQHandler
                0x08007be4                TIM1_UP_IRQHandler
                0x08007be4                BDMA_Channel4_IRQHandler
                0x08007be4                OTG_HS_EP1_OUT_IRQHandler
                0x08007be4                WWDG_IRQHandler
                0x08007be4                SPI6_IRQHandler
                0x08007be4                MDIOS_IRQHandler
                0x08007be4                I2C4_EV_IRQHandler
                0x08007be4                FDCAN2_IT0_IRQHandler
                0x08007be4                LPUART1_IRQHandler
                0x08007be4                FDCAN1_IT0_IRQHandler
                0x08007be4                TIM2_IRQHandler
                0x08007be4                OTG_FS_WKUP_IRQHandler
                0x08007be4                OTG_HS_IRQHandler
                0x08007be4                DMA2D_IRQHandler
                0x08007be4                TIM1_BRK_IRQHandler
                0x08007be4                EXTI1_IRQHandler
                0x08007be4                SDMMC2_IRQHandler
                0x08007be4                OTG_FS_EP1_OUT_IRQHandler
                0x08007be4                BDMA_Channel3_IRQHandler
                0x08007be4                UART7_IRQHandler
                0x08007be4                MDIOS_WKUP_IRQHandler
                0x08007be4                USART2_IRQHandler
                0x08007be4                DFSDM1_FLT0_IRQHandler
                0x08007be4                SAI4_IRQHandler
                0x08007be4                I2C2_ER_IRQHandler
                0x08007be4                DMA2_Stream1_IRQHandler
                0x08007be4                FLASH_IRQHandler
                0x08007be4                DMA2_Stream4_IRQHandler
                0x08007be4                USART1_IRQHandler
                0x08007be4                OTG_FS_IRQHandler
                0x08007be4                SPI3_IRQHandler
                0x08007be4                WAKEUP_PIN_IRQHandler
                0x08007be4                DMA1_Stream4_IRQHandler
                0x08007be4                OTG_FS_EP1_IN_IRQHandler
                0x08007be4                I2C1_ER_IRQHandler
                0x08007be4                FMC_IRQHandler
                0x08007be4                FDCAN_CAL_IRQHandler
                0x08007be4                SWPMI1_IRQHandler
                0x08007be4                COMP1_IRQHandler
                0x08007be4                LPTIM1_IRQHandler
                0x08007be4                I2C4_ER_IRQHandler
                0x08007be4                DMA2_Stream6_IRQHandler
                0x08007be4                SAI1_IRQHandler
                0x08007be4                DMA1_Stream3_IRQHandler
 *fill*         0x08007be6        0x2 
 .text.HAL_Init
                0x08007be8       0x78 ./Drivers/STM32H7xx_HAL_Driver/Src/stm32h7xx_hal.o
                0x08007be8                HAL_Init
 .text.HAL_InitTick
                0x08007c60       0x6c ./Drivers/STM32H7xx_HAL_Driver/Src/stm32h7xx_hal.o
                0x08007c60                HAL_InitTick
 .text.HAL_IncTick
                0x08007ccc       0x28 ./Drivers/STM32H7xx_HAL_Driver/Src/stm32h7xx_hal.o
                0x08007ccc                HAL_IncTick
 .text.HAL_GetTick
                0x08007cf4       0x18 ./Drivers/STM32H7xx_HAL_Driver/Src/stm32h7xx_hal.o
                0x08007cf4                HAL_GetTick
 .text.HAL_GetREVID
                0x08007d0c       0x18 ./Drivers/STM32H7xx_HAL_Driver/Src/stm32h7xx_hal.o
                0x08007d0c                HAL_GetREVID
 .text.__NVIC_SetPriorityGrouping
                0x08007d24       0x48 ./Drivers/STM32H7xx_HAL_Driver/Src/stm32h7xx_hal_cortex.o
 .text.__NVIC_GetPriorityGrouping
                0x08007d6c       0x1c ./Drivers/STM32H7xx_HAL_Driver/Src/stm32h7xx_hal_cortex.o
 .text.__NVIC_EnableIRQ
                0x08007d88       0x3c ./Drivers/STM32H7xx_HAL_Driver/Src/stm32h7xx_hal_cortex.o
 .text.__NVIC_SetPriority
                0x08007dc4       0x54 ./Drivers/STM32H7xx_HAL_Driver/Src/stm32h7xx_hal_cortex.o
 .text.NVIC_EncodePriority
                0x08007e18       0x66 ./Drivers/STM32H7xx_HAL_Driver/Src/stm32h7xx_hal_cortex.o
 *fill*         0x08007e7e        0x2 
 .text.SysTick_Config
                0x08007e80       0x44 ./Drivers/STM32H7xx_HAL_Driver/Src/stm32h7xx_hal_cortex.o
 .text.HAL_NVIC_SetPriorityGrouping
                0x08007ec4       0x16 ./Drivers/STM32H7xx_HAL_Driver/Src/stm32h7xx_hal_cortex.o
                0x08007ec4                HAL_NVIC_SetPriorityGrouping
 .text.HAL_NVIC_SetPriority
                0x08007eda       0x34 ./Drivers/STM32H7xx_HAL_Driver/Src/stm32h7xx_hal_cortex.o
                0x08007eda                HAL_NVIC_SetPriority
 .text.HAL_NVIC_EnableIRQ
                0x08007f0e       0x1c ./Drivers/STM32H7xx_HAL_Driver/Src/stm32h7xx_hal_cortex.o
                0x08007f0e                HAL_NVIC_EnableIRQ
 .text.HAL_SYSTICK_Config
                0x08007f2a       0x18 ./Drivers/STM32H7xx_HAL_Driver/Src/stm32h7xx_hal_cortex.o
                0x08007f2a                HAL_SYSTICK_Config
 *fill*         0x08007f42        0x2 
 .text.HAL_MPU_Disable
                0x08007f44       0x30 ./Drivers/STM32H7xx_HAL_Driver/Src/stm32h7xx_hal_cortex.o
                0x08007f44                HAL_MPU_Disable
 .text.HAL_MPU_Enable
                0x08007f74       0x40 ./Drivers/STM32H7xx_HAL_Driver/Src/stm32h7xx_hal_cortex.o
                0x08007f74                HAL_MPU_Enable
 .text.HAL_MPU_ConfigRegion
                0x08007fb4       0x80 ./Drivers/STM32H7xx_HAL_Driver/Src/stm32h7xx_hal_cortex.o
                0x08007fb4                HAL_MPU_ConfigRegion
 .text.HAL_DMA_Abort_IT
                0x08008034      0x48c ./Drivers/STM32H7xx_HAL_Driver/Src/stm32h7xx_hal_dma.o
                0x08008034                HAL_DMA_Abort_IT
 .text.HAL_GPIO_Init
                0x080084c0      0x360 ./Drivers/STM32H7xx_HAL_Driver/Src/stm32h7xx_hal_gpio.o
                0x080084c0                HAL_GPIO_Init
 .text.HAL_GPIO_ReadPin
                0x08008820       0x30 ./Drivers/STM32H7xx_HAL_Driver/Src/stm32h7xx_hal_gpio.o
                0x08008820                HAL_GPIO_ReadPin
 .text.HAL_GPIO_WritePin
                0x08008850       0x32 ./Drivers/STM32H7xx_HAL_Driver/Src/stm32h7xx_hal_gpio.o
                0x08008850                HAL_GPIO_WritePin
 .text.HAL_GPIO_EXTI_IRQHandler
                0x08008882       0x34 ./Drivers/STM32H7xx_HAL_Driver/Src/stm32h7xx_hal_gpio.o
                0x08008882                HAL_GPIO_EXTI_IRQHandler
 .text.HAL_GPIO_EXTI_Callback
                0x080088b6       0x16 ./Drivers/STM32H7xx_HAL_Driver/Src/stm32h7xx_hal_gpio.o
                0x080088b6                HAL_GPIO_EXTI_Callback
 .text.HAL_PWREx_ConfigSupply
                0x080088cc       0x74 ./Drivers/STM32H7xx_HAL_Driver/Src/stm32h7xx_hal_pwr_ex.o
                0x080088cc                HAL_PWREx_ConfigSupply
 .text.HAL_RCC_OscConfig
                0x08008940      0x8b4 ./Drivers/STM32H7xx_HAL_Driver/Src/stm32h7xx_hal_rcc.o
                0x08008940                HAL_RCC_OscConfig
 .text.HAL_RCC_ClockConfig
                0x080091f4      0x36c ./Drivers/STM32H7xx_HAL_Driver/Src/stm32h7xx_hal_rcc.o
                0x080091f4                HAL_RCC_ClockConfig
 .text.HAL_RCC_GetSysClockFreq
                0x08009560      0x2f4 ./Drivers/STM32H7xx_HAL_Driver/Src/stm32h7xx_hal_rcc.o
                0x08009560                HAL_RCC_GetSysClockFreq
 .text.HAL_RCCEx_PeriphCLKConfig
                0x08009854     0x1414 ./Drivers/STM32H7xx_HAL_Driver/Src/stm32h7xx_hal_rcc_ex.o
                0x08009854                HAL_RCCEx_PeriphCLKConfig
 .text.RCCEx_PLL2_Config
                0x0800ac68      0x164 ./Drivers/STM32H7xx_HAL_Driver/Src/stm32h7xx_hal_rcc_ex.o
 .text.RCCEx_PLL3_Config
                0x0800adcc      0x164 ./Drivers/STM32H7xx_HAL_Driver/Src/stm32h7xx_hal_rcc_ex.o
 .text.HAL_SPI_Init
                0x0800af30      0x248 ./Drivers/STM32H7xx_HAL_Driver/Src/stm32h7xx_hal_spi.o
                0x0800af30                HAL_SPI_Init
 .text.HAL_SPI_TransmitReceive
                0x0800b178      0x674 ./Drivers/STM32H7xx_HAL_Driver/Src/stm32h7xx_hal_spi.o
                0x0800b178                HAL_SPI_TransmitReceive
 .text.HAL_SPI_IRQHandler
                0x0800b7ec      0x39c ./Drivers/STM32H7xx_HAL_Driver/Src/stm32h7xx_hal_spi.o
                0x0800b7ec                HAL_SPI_IRQHandler
 .text.HAL_SPI_TxCpltCallback
                0x0800bb88       0x14 ./Drivers/STM32H7xx_HAL_Driver/Src/stm32h7xx_hal_spi.o
                0x0800bb88                HAL_SPI_TxCpltCallback
 .text.HAL_SPI_RxCpltCallback
                0x0800bb9c       0x14 ./Drivers/STM32H7xx_HAL_Driver/Src/stm32h7xx_hal_spi.o
                0x0800bb9c                HAL_SPI_RxCpltCallback
 .text.HAL_SPI_TxRxCpltCallback
                0x0800bbb0       0x14 ./Drivers/STM32H7xx_HAL_Driver/Src/stm32h7xx_hal_spi.o
                0x0800bbb0                HAL_SPI_TxRxCpltCallback
 .text.HAL_SPI_ErrorCallback
                0x0800bbc4       0x14 ./Drivers/STM32H7xx_HAL_Driver/Src/stm32h7xx_hal_spi.o
                0x0800bbc4                HAL_SPI_ErrorCallback
 .text.HAL_SPI_SuspendCallback
                0x0800bbd8       0x14 ./Drivers/STM32H7xx_HAL_Driver/Src/stm32h7xx_hal_spi.o
                0x0800bbd8                HAL_SPI_SuspendCallback
 .text.SPI_DMAAbortOnError
                0x0800bbec       0x34 ./Drivers/STM32H7xx_HAL_Driver/Src/stm32h7xx_hal_spi.o
 .text.SPI_CloseTransfer
                0x0800bc20      0x140 ./Drivers/STM32H7xx_HAL_Driver/Src/stm32h7xx_hal_spi.o
 .text.SPI_WaitOnFlagUntilTimeout
                0x0800bd60       0x5c ./Drivers/STM32H7xx_HAL_Driver/Src/stm32h7xx_hal_spi.o
 .text.SPI_GetPacketSize
                0x0800bdbc       0x36 ./Drivers/STM32H7xx_HAL_Driver/Src/stm32h7xx_hal_spi.o
 .text.HAL_TIM_Base_Init
                0x0800bdf2       0xae ./Drivers/STM32H7xx_HAL_Driver/Src/stm32h7xx_hal_tim.o
                0x0800bdf2                HAL_TIM_Base_Init
 .text.HAL_TIM_Base_Start
                0x0800bea0       0xe0 ./Drivers/STM32H7xx_HAL_Driver/Src/stm32h7xx_hal_tim.o
                0x0800bea0                HAL_TIM_Base_Start
 .text.HAL_TIM_IRQHandler
                0x0800bf80      0x20e ./Drivers/STM32H7xx_HAL_Driver/Src/stm32h7xx_hal_tim.o
                0x0800bf80                HAL_TIM_IRQHandler
 .text.HAL_TIM_PeriodElapsedCallback
                0x0800c18e       0x14 ./Drivers/STM32H7xx_HAL_Driver/Src/stm32h7xx_hal_tim.o
                0x0800c18e                HAL_TIM_PeriodElapsedCallback
 .text.HAL_TIM_OC_DelayElapsedCallback
                0x0800c1a2       0x14 ./Drivers/STM32H7xx_HAL_Driver/Src/stm32h7xx_hal_tim.o
                0x0800c1a2                HAL_TIM_OC_DelayElapsedCallback
 .text.HAL_TIM_IC_CaptureCallback
                0x0800c1b6       0x14 ./Drivers/STM32H7xx_HAL_Driver/Src/stm32h7xx_hal_tim.o
                0x0800c1b6                HAL_TIM_IC_CaptureCallback
 .text.HAL_TIM_PWM_PulseFinishedCallback
                0x0800c1ca       0x14 ./Drivers/STM32H7xx_HAL_Driver/Src/stm32h7xx_hal_tim.o
                0x0800c1ca                HAL_TIM_PWM_PulseFinishedCallback
 .text.HAL_TIM_TriggerCallback
                0x0800c1de       0x14 ./Drivers/STM32H7xx_HAL_Driver/Src/stm32h7xx_hal_tim.o
                0x0800c1de                HAL_TIM_TriggerCallback
 *fill*         0x0800c1f2        0x2 
 .text.TIM_Base_SetConfig
                0x0800c1f4      0x14c ./Drivers/STM32H7xx_HAL_Driver/Src/stm32h7xx_hal_tim.o
                0x0800c1f4                TIM_Base_SetConfig
 .text.HAL_TIMEx_MasterConfigSynchronization
                0x0800c340      0x11c ./Drivers/STM32H7xx_HAL_Driver/Src/stm32h7xx_hal_tim_ex.o
                0x0800c340                HAL_TIMEx_MasterConfigSynchronization
 .text.HAL_TIMEx_CommutCallback
                0x0800c45c       0x14 ./Drivers/STM32H7xx_HAL_Driver/Src/stm32h7xx_hal_tim_ex.o
                0x0800c45c                HAL_TIMEx_CommutCallback
 .text.HAL_TIMEx_BreakCallback
                0x0800c470       0x14 ./Drivers/STM32H7xx_HAL_Driver/Src/stm32h7xx_hal_tim_ex.o
                0x0800c470                HAL_TIMEx_BreakCallback
 .text.HAL_TIMEx_Break2Callback
                0x0800c484       0x14 ./Drivers/STM32H7xx_HAL_Driver/Src/stm32h7xx_hal_tim_ex.o
                0x0800c484                HAL_TIMEx_Break2Callback
 .text.malloc   0x0800c498       0x10 C:/ST/STM32CubeIDE_1.14.1/STM32CubeIDE/plugins/com.st.stm32cube.ide.mcu.externaltools.gnu-tools-for-stm32.12.3.rel1.win32_1.0.200.202406191623/tools/bin/../lib/gcc/arm-none-eabi/12.3.1/../../../../arm-none-eabi/lib/thumb/v7e-m+dp/hard\libc_nano.a(libc_a-malloc.o)
                0x0800c498                malloc
 .text.free     0x0800c4a8       0x10 C:/ST/STM32CubeIDE_1.14.1/STM32CubeIDE/plugins/com.st.stm32cube.ide.mcu.externaltools.gnu-tools-for-stm32.12.3.rel1.win32_1.0.200.202406191623/tools/bin/../lib/gcc/arm-none-eabi/12.3.1/../../../../arm-none-eabi/lib/thumb/v7e-m+dp/hard\libc_nano.a(libc_a-malloc.o)
                0x0800c4a8                free
 .text.sbrk_aligned
                0x0800c4b8       0x44 C:/ST/STM32CubeIDE_1.14.1/STM32CubeIDE/plugins/com.st.stm32cube.ide.mcu.externaltools.gnu-tools-for-stm32.12.3.rel1.win32_1.0.200.202406191623/tools/bin/../lib/gcc/arm-none-eabi/12.3.1/../../../../arm-none-eabi/lib/thumb/v7e-m+dp/hard\libc_nano.a(libc_a-mallocr.o)
 .text._malloc_r
                0x0800c4fc      0x100 C:/ST/STM32CubeIDE_1.14.1/STM32CubeIDE/plugins/com.st.stm32cube.ide.mcu.externaltools.gnu-tools-for-stm32.12.3.rel1.win32_1.0.200.202406191623/tools/bin/../lib/gcc/arm-none-eabi/12.3.1/../../../../arm-none-eabi/lib/thumb/v7e-m+dp/hard\libc_nano.a(libc_a-mallocr.o)
                0x0800c4fc                _malloc_r
 .text.__malloc_lock
                0x0800c5fc        0xc C:/ST/STM32CubeIDE_1.14.1/STM32CubeIDE/plugins/com.st.stm32cube.ide.mcu.externaltools.gnu-tools-for-stm32.12.3.rel1.win32_1.0.200.202406191623/tools/bin/../lib/gcc/arm-none-eabi/12.3.1/../../../../arm-none-eabi/lib/thumb/v7e-m+dp/hard\libc_nano.a(libc_a-mlock.o)
                0x0800c5fc                __malloc_lock
 .text.__malloc_unlock
                0x0800c608        0xc C:/ST/STM32CubeIDE_1.14.1/STM32CubeIDE/plugins/com.st.stm32cube.ide.mcu.externaltools.gnu-tools-for-stm32.12.3.rel1.win32_1.0.200.202406191623/tools/bin/../lib/gcc/arm-none-eabi/12.3.1/../../../../arm-none-eabi/lib/thumb/v7e-m+dp/hard\libc_nano.a(libc_a-mlock.o)
                0x0800c608                __malloc_unlock
 .text.memset   0x0800c614       0x10 C:/ST/STM32CubeIDE_1.14.1/STM32CubeIDE/plugins/com.st.stm32cube.ide.mcu.externaltools.gnu-tools-for-stm32.12.3.rel1.win32_1.0.200.202406191623/tools/bin/../lib/gcc/arm-none-eabi/12.3.1/../../../../arm-none-eabi/lib/thumb/v7e-m+dp/hard\libc_nano.a(libc_a-memset.o)
                0x0800c614                memset
 .text._sbrk_r  0x0800c624       0x20 C:/ST/STM32CubeIDE_1.14.1/STM32CubeIDE/plugins/com.st.stm32cube.ide.mcu.externaltools.gnu-tools-for-stm32.12.3.rel1.win32_1.0.200.202406191623/tools/bin/../lib/gcc/arm-none-eabi/12.3.1/../../../../arm-none-eabi/lib/thumb/v7e-m+dp/hard\libc_nano.a(libc_a-sbrkr.o)
                0x0800c624                _sbrk_r
 .text.__errno  0x0800c644        0xc C:/ST/STM32CubeIDE_1.14.1/STM32CubeIDE/plugins/com.st.stm32cube.ide.mcu.externaltools.gnu-tools-for-stm32.12.3.rel1.win32_1.0.200.202406191623/tools/bin/../lib/gcc/arm-none-eabi/12.3.1/../../../../arm-none-eabi/lib/thumb/v7e-m+dp/hard\libc_nano.a(libc_a-errno.o)
                0x0800c644                __errno
 .text.__libc_init_array
                0x0800c650       0x48 C:/ST/STM32CubeIDE_1.14.1/STM32CubeIDE/plugins/com.st.stm32cube.ide.mcu.externaltools.gnu-tools-for-stm32.12.3.rel1.win32_1.0.200.202406191623/tools/bin/../lib/gcc/arm-none-eabi/12.3.1/../../../../arm-none-eabi/lib/thumb/v7e-m+dp/hard\libc_nano.a(libc_a-init.o)
                0x0800c650                __libc_init_array
 .text.__retarget_lock_acquire_recursive
                0x0800c698        0x2 C:/ST/STM32CubeIDE_1.14.1/STM32CubeIDE/plugins/com.st.stm32cube.ide.mcu.externaltools.gnu-tools-for-stm32.12.3.rel1.win32_1.0.200.202406191623/tools/bin/../lib/gcc/arm-none-eabi/12.3.1/../../../../arm-none-eabi/lib/thumb/v7e-m+dp/hard\libc_nano.a(libc_a-lock.o)
                0x0800c698                __retarget_lock_acquire_recursive
 .text.__retarget_lock_release_recursive
                0x0800c69a        0x2 C:/ST/STM32CubeIDE_1.14.1/STM32CubeIDE/plugins/com.st.stm32cube.ide.mcu.externaltools.gnu-tools-for-stm32.12.3.rel1.win32_1.0.200.202406191623/tools/bin/../lib/gcc/arm-none-eabi/12.3.1/../../../../arm-none-eabi/lib/thumb/v7e-m+dp/hard\libc_nano.a(libc_a-lock.o)
                0x0800c69a                __retarget_lock_release_recursive
 .text.memcpy   0x0800c69c       0x1c C:/ST/STM32CubeIDE_1.14.1/STM32CubeIDE/plugins/com.st.stm32cube.ide.mcu.externaltools.gnu-tools-for-stm32.12.3.rel1.win32_1.0.200.202406191623/tools/bin/../lib/gcc/arm-none-eabi/12.3.1/../../../../arm-none-eabi/lib/thumb/v7e-m+dp/hard\libc_nano.a(libc_a-memcpy-stub.o)
                0x0800c69c                memcpy
 .text._free_r  0x0800c6b8       0x94 C:/ST/STM32CubeIDE_1.14.1/STM32CubeIDE/plugins/com.st.stm32cube.ide.mcu.externaltools.gnu-tools-for-stm32.12.3.rel1.win32_1.0.200.202406191623/tools/bin/../lib/gcc/arm-none-eabi/12.3.1/../../../../arm-none-eabi/lib/thumb/v7e-m+dp/hard\libc_nano.a(libc_a-freer.o)
                0x0800c6b8                _free_r
 *(.glue_7)
 .glue_7        0x0800c74c        0x0 linker stubs
 *(.glue_7t)
 .glue_7t       0x0800c74c        0x0 linker stubs
 *(.eh_frame)
 .eh_frame      0x0800c74c        0x0 C:/ST/STM32CubeIDE_1.14.1/STM32CubeIDE/plugins/com.st.stm32cube.ide.mcu.externaltools.gnu-tools-for-stm32.12.3.rel1.win32_1.0.200.202406191623/tools/bin/../lib/gcc/arm-none-eabi/12.3.1/thumb/v7e-m+dp/hard/crtbegin.o
 *(.init)
 .init          0x0800c74c        0x4 C:/ST/STM32CubeIDE_1.14.1/STM32CubeIDE/plugins/com.st.stm32cube.ide.mcu.externaltools.gnu-tools-for-stm32.12.3.rel1.win32_1.0.200.202406191623/tools/bin/../lib/gcc/arm-none-eabi/12.3.1/thumb/v7e-m+dp/hard/crti.o
                0x0800c74c                _init
 .init          0x0800c750        0x8 C:/ST/STM32CubeIDE_1.14.1/STM32CubeIDE/plugins/com.st.stm32cube.ide.mcu.externaltools.gnu-tools-for-stm32.12.3.rel1.win32_1.0.200.202406191623/tools/bin/../lib/gcc/arm-none-eabi/12.3.1/thumb/v7e-m+dp/hard/crtn.o
 *(.fini)
 .fini          0x0800c758        0x4 C:/ST/STM32CubeIDE_1.14.1/STM32CubeIDE/plugins/com.st.stm32cube.ide.mcu.externaltools.gnu-tools-for-stm32.12.3.rel1.win32_1.0.200.202406191623/tools/bin/../lib/gcc/arm-none-eabi/12.3.1/thumb/v7e-m+dp/hard/crti.o
                0x0800c758                _fini
 .fini          0x0800c75c        0x8 C:/ST/STM32CubeIDE_1.14.1/STM32CubeIDE/plugins/com.st.stm32cube.ide.mcu.externaltools.gnu-tools-for-stm32.12.3.rel1.win32_1.0.200.202406191623/tools/bin/../lib/gcc/arm-none-eabi/12.3.1/thumb/v7e-m+dp/hard/crtn.o
                0x0800c764                        . = ALIGN (0x4)
                0x0800c764                        _etext = .

.vfp11_veneer   0x0800c764        0x0
 .vfp11_veneer  0x0800c764        0x0 linker stubs

.v4_bx          0x0800c764        0x0
 .v4_bx         0x0800c764        0x0 linker stubs

.iplt           0x0800c764        0x0
 .iplt          0x0800c764        0x0 C:/ST/STM32CubeIDE_1.14.1/STM32CubeIDE/plugins/com.st.stm32cube.ide.mcu.externaltools.gnu-tools-for-stm32.12.3.rel1.win32_1.0.200.202406191623/tools/bin/../lib/gcc/arm-none-eabi/12.3.1/thumb/v7e-m+dp/hard/crtbegin.o

.rodata         0x0800c764      0x6a4
                0x0800c764                        . = ALIGN (0x4)
 *(.rodata)
 *(.rodata*)
 .rodata.asEntryDesc0x1600
                0x0800c764       0x12 ./Core/EtherCAT_Src/coeappl.o
                0x0800c764                asEntryDesc0x1600
 *fill*         0x0800c776        0x2 
 .rodata.aName0x1600
                0x0800c778       0x3d ./Core/EtherCAT_Src/coeappl.o
                0x0800c778                aName0x1600
 *fill*         0x0800c7b5        0x3 
 .rodata.asEntryDesc0x1A00
                0x0800c7b8       0x12 ./Core/EtherCAT_Src/coeappl.o
                0x0800c7b8                asEntryDesc0x1A00
 *fill*         0x0800c7ca        0x2 
 .rodata.aName0x1A00
                0x0800c7cc       0x3c ./Core/EtherCAT_Src/coeappl.o
                0x0800c7cc                aName0x1A00
 .rodata.asEntryDesc0x1C12
                0x0800c808        0xc ./Core/EtherCAT_Src/coeappl.o
                0x0800c808                asEntryDesc0x1C12
 .rodata.aName0x1C12
                0x0800c814       0x1b ./Core/EtherCAT_Src/coeappl.o
                0x0800c814                aName0x1C12
 *fill*         0x0800c82f        0x1 
 .rodata.asEntryDesc0x1C13
                0x0800c830        0xc ./Core/EtherCAT_Src/coeappl.o
                0x0800c830                asEntryDesc0x1C13
 .rodata.aName0x1C13
                0x0800c83c       0x1b ./Core/EtherCAT_Src/coeappl.o
                0x0800c83c                aName0x1C13
 *fill*         0x0800c857        0x1 
 .rodata.asEntryDesc0x6000
                0x0800c858        0xc ./Core/EtherCAT_Src/coeappl.o
                0x0800c858                asEntryDesc0x6000
 .rodata.aName0x6000
                0x0800c864       0x19 ./Core/EtherCAT_Src/coeappl.o
                0x0800c864                aName0x6000
 *fill*         0x0800c87d        0x3 
 .rodata.asEntryDesc0x7000
                0x0800c880        0xc ./Core/EtherCAT_Src/coeappl.o
                0x0800c880                asEntryDesc0x7000
 .rodata.aName0x7000
                0x0800c88c       0x1b ./Core/EtherCAT_Src/coeappl.o
                0x0800c88c                aName0x7000
 *fill*         0x0800c8a7        0x1 
 .rodata.asEntryDesc0xF000
                0x0800c8a8       0x12 ./Core/EtherCAT_Src/coeappl.o
                0x0800c8a8                asEntryDesc0xF000
 *fill*         0x0800c8ba        0x2 
 .rodata.aName0xF000
                0x0800c8bc       0x44 ./Core/EtherCAT_Src/coeappl.o
                0x0800c8bc                aName0xF000
 .rodata.sEntryDesc0x1000
                0x0800c900        0x6 ./Core/EtherCAT_Src/coeappl.o
                0x0800c900                sEntryDesc0x1000
 *fill*         0x0800c906        0x2 
 .rodata.aName0x1000
                0x0800c908        0xc ./Core/EtherCAT_Src/coeappl.o
                0x0800c908                aName0x1000
 .rodata.sEntryDesc0x1001
                0x0800c914        0x6 ./Core/EtherCAT_Src/coeappl.o
                0x0800c914                sEntryDesc0x1001
 *fill*         0x0800c91a        0x2 
 .rodata.aName0x1001
                0x0800c91c        0xf ./Core/EtherCAT_Src/coeappl.o
                0x0800c91c                aName0x1001
 *fill*         0x0800c92b        0x1 
 .rodata.sEntryDesc0x1008
                0x0800c92c        0x6 ./Core/EtherCAT_Src/coeappl.o
                0x0800c92c                sEntryDesc0x1008
 *fill*         0x0800c932        0x2 
 .rodata.aName0x1008
                0x0800c934        0xc ./Core/EtherCAT_Src/coeappl.o
                0x0800c934                aName0x1008
 .rodata.sEntryDesc0x1009
                0x0800c940        0x6 ./Core/EtherCAT_Src/coeappl.o
                0x0800c940                sEntryDesc0x1009
 *fill*         0x0800c946        0x2 
 .rodata.aName0x1009
                0x0800c948       0x1e ./Core/EtherCAT_Src/coeappl.o
                0x0800c948                aName0x1009
 *fill*         0x0800c966        0x2 
 .rodata.sEntryDesc0x100A
                0x0800c968        0x6 ./Core/EtherCAT_Src/coeappl.o
                0x0800c968                sEntryDesc0x100A
 *fill*         0x0800c96e        0x2 
 .rodata.aName0x100A
                0x0800c970       0x1e ./Core/EtherCAT_Src/coeappl.o
                0x0800c970                aName0x100A
 *fill*         0x0800c98e        0x2 
 .rodata.asEntryDesc0x1018
                0x0800c990       0x1e ./Core/EtherCAT_Src/coeappl.o
                0x0800c990                asEntryDesc0x1018
 *fill*         0x0800c9ae        0x2 
 .rodata.aName0x1018
                0x0800c9b0       0x47 ./Core/EtherCAT_Src/coeappl.o
                0x0800c9b0                aName0x1018
 *fill*         0x0800c9f7        0x1 
 .rodata.asEntryDesc0x10F1
                0x0800c9f8       0x12 ./Core/EtherCAT_Src/coeappl.o
                0x0800c9f8                asEntryDesc0x10F1
 *fill*         0x0800ca0a        0x2 
 .rodata.aName0x10F1
                0x0800ca0c       0x3f ./Core/EtherCAT_Src/coeappl.o
                0x0800ca0c                aName0x10F1
 *fill*         0x0800ca4b        0x1 
 .rodata.sEntryDesc0x10F8
                0x0800ca4c        0x6 ./Core/EtherCAT_Src/coeappl.o
                0x0800ca4c                sEntryDesc0x10F8
 *fill*         0x0800ca52        0x2 
 .rodata.aName0x10F8
                0x0800ca54       0x13 ./Core/EtherCAT_Src/coeappl.o
                0x0800ca54                aName0x10F8
 *fill*         0x0800ca67        0x1 
 .rodata.asEntryDesc0x1C00
                0x0800ca68        0xc ./Core/EtherCAT_Src/coeappl.o
                0x0800ca68                asEntryDesc0x1C00
 .rodata.aName0x1C00
                0x0800ca74       0x12 ./Core/EtherCAT_Src/coeappl.o
                0x0800ca74                aName0x1C00
 *fill*         0x0800ca86        0x2 
 .rodata.asEntryDesc0x1C3x
                0x0800ca88       0xc6 ./Core/EtherCAT_Src/coeappl.o
                0x0800ca88                asEntryDesc0x1C3x
 *fill*         0x0800cb4e        0x2 
 .rodata.aName0x1C32
                0x0800cb50      0x108 ./Core/EtherCAT_Src/coeappl.o
                0x0800cb50                aName0x1C32
 .rodata.aName0x1C33
                0x0800cc58      0x107 ./Core/EtherCAT_Src/coeappl.o
                0x0800cc58                aName0x1C33
 *fill*         0x0800cd5f        0x1 
 .rodata.cBitMask
                0x0800cd60       0x20 ./Core/EtherCAT_Src/objdef.o
                0x0800cd60                cBitMask
 .rodata.cAbortCode
                0x0800cd80       0x78 ./Core/EtherCAT_Src/sdoserv.o
                0x0800cd80                cAbortCode
 .rodata.D1CorePrescTable
                0x0800cdf8       0x10 ./Core/Src/system_stm32h7xx.o
                0x0800cdf8                D1CorePrescTable
                0x0800ce08                        . = ALIGN (0x4)

.ARM.extab
 *(.ARM.extab* .gnu.linkonce.armextab.*)

.ARM            0x0800ce08        0x8
                0x0800ce08                        __exidx_start = .
 *(.ARM.exidx*)
 .ARM.exidx     0x0800ce08        0x8 C:/ST/STM32CubeIDE_1.14.1/STM32CubeIDE/plugins/com.st.stm32cube.ide.mcu.externaltools.gnu-tools-for-stm32.12.3.rel1.win32_1.0.200.202406191623/tools/bin/../lib/gcc/arm-none-eabi/12.3.1/../../../../arm-none-eabi/lib/thumb/v7e-m+dp/hard\libc_nano.a(libc_a-strlen.o)
                0x0800ce10                        __exidx_end = .

.preinit_array  0x0800ce10        0x0
                0x0800ce10                        PROVIDE (__preinit_array_start = .)
 *(.preinit_array*)
                0x0800ce10                        PROVIDE (__preinit_array_end = .)

.init_array     0x0800ce10        0x4
                0x0800ce10                        PROVIDE (__init_array_start = .)
 *(SORT_BY_NAME(.init_array.*))
 *(.init_array*)
 .init_array    0x0800ce10        0x4 C:/ST/STM32CubeIDE_1.14.1/STM32CubeIDE/plugins/com.st.stm32cube.ide.mcu.externaltools.gnu-tools-for-stm32.12.3.rel1.win32_1.0.200.202406191623/tools/bin/../lib/gcc/arm-none-eabi/12.3.1/thumb/v7e-m+dp/hard/crtbegin.o
                0x0800ce14                        PROVIDE (__init_array_end = .)

.fini_array     0x0800ce14        0x4
                [!provide]                        PROVIDE (__fini_array_start = .)
 *(SORT_BY_NAME(.fini_array.*))
 *(.fini_array*)
 .fini_array    0x0800ce14        0x4 C:/ST/STM32CubeIDE_1.14.1/STM32CubeIDE/plugins/com.st.stm32cube.ide.mcu.externaltools.gnu-tools-for-stm32.12.3.rel1.win32_1.0.200.202406191623/tools/bin/../lib/gcc/arm-none-eabi/12.3.1/thumb/v7e-m+dp/hard/crtbegin.o
                [!provide]                        PROVIDE (__fini_array_end = .)
                0x0800ce18                        _sidata = LOADADDR (.data)

.rel.dyn        0x0800ce18        0x0
 .rel.iplt      0x0800ce18        0x0 C:/ST/STM32CubeIDE_1.14.1/STM32CubeIDE/plugins/com.st.stm32cube.ide.mcu.externaltools.gnu-tools-for-stm32.12.3.rel1.win32_1.0.200.202406191623/tools/bin/../lib/gcc/arm-none-eabi/12.3.1/thumb/v7e-m+dp/hard/crtbegin.o

.data           0x24000000      0x410 load address 0x0800ce18
                0x24000000                        . = ALIGN (0x4)
                0x24000000                        _sdata = .
 *(.data)
 *(.data*)
 .data.OUT_GENERICProcessDataMapping0x1600
                0x24000000        0xc ./Core/EtherCAT_Src/ViCAT_ML_LSC_Proj.o
                0x24000000                OUT_GENERICProcessDataMapping0x1600
 .data.IN_GENERICProcessDataMapping0x1A00
                0x2400000c        0xc ./Core/EtherCAT_Src/ViCAT_ML_LSC_Proj.o
                0x2400000c                IN_GENERICProcessDataMapping0x1A00
 .data.sRxPDOassign
                0x24000018        0x4 ./Core/EtherCAT_Src/ViCAT_ML_LSC_Proj.o
                0x24000018                sRxPDOassign
 .data.sTxPDOassign
                0x2400001c        0x4 ./Core/EtherCAT_Src/ViCAT_ML_LSC_Proj.o
                0x2400001c                sTxPDOassign
 .data.IN_GENERIC0x6000
                0x24000020        0x4 ./Core/EtherCAT_Src/ViCAT_ML_LSC_Proj.o
                0x24000020                IN_GENERIC0x6000
 .data.OUT_GENERIC0x7000
                0x24000024        0x4 ./Core/EtherCAT_Src/ViCAT_ML_LSC_Proj.o
                0x24000024                OUT_GENERIC0x7000
 .data.ModularDeviceProfile0xF000
                0x24000028        0x6 ./Core/EtherCAT_Src/ViCAT_ML_LSC_Proj.o
                0x24000028                ModularDeviceProfile0xF000
 *fill*         0x2400002e        0x2 
 .data.ApplicationObjDic
                0x24000030      0x140 ./Core/EtherCAT_Src/coeappl.o
                0x24000030                ApplicationObjDic
 .data.u32Devicetype
                0x24000170        0x4 ./Core/EtherCAT_Src/coeappl.o
                0x24000170                u32Devicetype
 .data.acDevicename
                0x24000174       0x12 ./Core/EtherCAT_Src/coeappl.o
                0x24000174                acDevicename
 *fill*         0x24000186        0x2 
 .data.acHardwareversion
                0x24000188        0x5 ./Core/EtherCAT_Src/coeappl.o
                0x24000188                acHardwareversion
 *fill*         0x2400018d        0x3 
 .data.acSoftwareversion
                0x24000190        0x5 ./Core/EtherCAT_Src/coeappl.o
                0x24000190                acSoftwareversion
 *fill*         0x24000195        0x3 
 .data.sIdentity
                0x24000198       0x14 ./Core/EtherCAT_Src/coeappl.o
                0x24000198                sIdentity
 .data.sSyncmanagertype
                0x240001ac        0x6 ./Core/EtherCAT_Src/coeappl.o
                0x240001ac                sSyncmanagertype
 *fill*         0x240001b2        0x2 
 .data.GenObjDic
                0x240001b4      0x1e0 ./Core/EtherCAT_Src/coeappl.o
                0x240001b4                GenObjDic
 .data.sErrorSettings
                0x24000394        0xc ./Core/EtherCAT_Src/objdef.o
                0x24000394                sErrorSettings
 .data.aSubindexDesc
                0x240003a0        0xd ./Core/EtherCAT_Src/objdef.o
                0x240003a0                aSubindexDesc
 *fill*         0x240003ad        0x3 
 .data.SystemCoreClock
                0x240003b0        0x4 ./Core/Src/system_stm32h7xx.o
                0x240003b0                SystemCoreClock
 .data.SystemD2Clock
                0x240003b4        0x4 ./Core/Src/system_stm32h7xx.o
                0x240003b4                SystemD2Clock
 .data.uwTickPrio
                0x240003b8        0x4 ./Drivers/STM32H7xx_HAL_Driver/Src/stm32h7xx_hal.o
                0x240003b8                uwTickPrio
 .data.uwTickFreq
                0x240003bc        0x1 ./Drivers/STM32H7xx_HAL_Driver/Src/stm32h7xx_hal.o
                0x240003bc                uwTickFreq
 *fill*         0x240003bd        0x3 
 .data._impure_ptr
                0x240003c0        0x4 C:/ST/STM32CubeIDE_1.14.1/STM32CubeIDE/plugins/com.st.stm32cube.ide.mcu.externaltools.gnu-tools-for-stm32.12.3.rel1.win32_1.0.200.202406191623/tools/bin/../lib/gcc/arm-none-eabi/12.3.1/../../../../arm-none-eabi/lib/thumb/v7e-m+dp/hard\libc_nano.a(libc_a-impure.o)
                0x240003c0                _impure_ptr
 .data._impure_data
                0x240003c4       0x4c C:/ST/STM32CubeIDE_1.14.1/STM32CubeIDE/plugins/com.st.stm32cube.ide.mcu.externaltools.gnu-tools-for-stm32.12.3.rel1.win32_1.0.200.202406191623/tools/bin/../lib/gcc/arm-none-eabi/12.3.1/../../../../arm-none-eabi/lib/thumb/v7e-m+dp/hard\libc_nano.a(libc_a-impure.o)
                0x240003c4                _impure_data
 *(.RamFunc)
 *(.RamFunc*)
                0x24000410                        . = ALIGN (0x4)
                0x24000410                        _edata = .

.igot.plt       0x24000410        0x0 load address 0x0800d228
 .igot.plt      0x24000410        0x0 C:/ST/STM32CubeIDE_1.14.1/STM32CubeIDE/plugins/com.st.stm32cube.ide.mcu.externaltools.gnu-tools-for-stm32.12.3.rel1.win32_1.0.200.202406191623/tools/bin/../lib/gcc/arm-none-eabi/12.3.1/thumb/v7e-m+dp/hard/crtbegin.o
                0x24000410                        . = ALIGN (0x4)

.bss            0x24000410      0xa30 load address 0x0800d228
                0x24000410                        _sbss = .
                0x24000410                        __bss_start__ = _sbss
 *(.bss)
 .bss           0x24000410       0x1c C:/ST/STM32CubeIDE_1.14.1/STM32CubeIDE/plugins/com.st.stm32cube.ide.mcu.externaltools.gnu-tools-for-stm32.12.3.rel1.win32_1.0.200.202406191623/tools/bin/../lib/gcc/arm-none-eabi/12.3.1/thumb/v7e-m+dp/hard/crtbegin.o
 *(.bss*)
 .bss.spiTxBuf  0x2400042c      0x204 ./Core/EtherCAT_Src/ax58X00_hw.o
                0x2400042c                spiTxBuf
 .bss.spiRxBuf  0x24000630      0x204 ./Core/EtherCAT_Src/ax58X00_hw.o
                0x24000630                spiRxBuf
 .bss.EscALEvent
                0x24000834        0x2 ./Core/EtherCAT_Src/ax58X00_hw.o
                0x24000834                EscALEvent
 *fill*         0x24000836        0x2 
 .bss.u64Timestamp
                0x24000838        0x8 ./Core/EtherCAT_Src/coeappl.o
                0x24000838                u64Timestamp
 .bss.u32LastDc32Value
                0x24000840        0x4 ./Core/EtherCAT_Src/coeappl.o
                0x24000840                u32LastDc32Value
 .bss.u32CheckForDcOverrunCnt
                0x24000844        0x4 ./Core/EtherCAT_Src/coeappl.o
                0x24000844                u32CheckForDcOverrunCnt
 .bss.u16ErrorRegister
                0x24000848        0x2 ./Core/EtherCAT_Src/coeappl.o
                0x24000848                u16ErrorRegister
 *fill*         0x2400084a        0x2 
 .bss.ObjDicList
                0x2400084c        0x4 ./Core/EtherCAT_Src/coeappl.o
                0x2400084c                ObjDicList
 .bss.bEtherCATRunLed
                0x24000850        0x1 ./Core/EtherCAT_Src/ecatappl.o
                0x24000850                bEtherCATRunLed
 .bss.bEtherCATErrorLed
                0x24000851        0x1 ./Core/EtherCAT_Src/ecatappl.o
                0x24000851                bEtherCATErrorLed
 .bss.bRunApplication
                0x24000852        0x1 ./Core/EtherCAT_Src/ecatappl.o
                0x24000852                bRunApplication
 *fill*         0x24000853        0x1 
 .bss.pAPPL_CoeReadInd
                0x24000854        0x4 ./Core/EtherCAT_Src/ecatappl.o
                0x24000854                pAPPL_CoeReadInd
 .bss.pAPPL_CoeWriteInd
                0x24000858        0x4 ./Core/EtherCAT_Src/ecatappl.o
                0x24000858                pAPPL_CoeWriteInd
 .bss.pAPPL_MainLoop
                0x2400085c        0x4 ./Core/EtherCAT_Src/ecatappl.o
                0x2400085c                pAPPL_MainLoop
 .bss.u32CycleTimeStartValue
                0x24000860        0x4 ./Core/EtherCAT_Src/ecatappl.o
                0x24000860                u32CycleTimeStartValue
 .bss.u32MinCycleTimeStartValue
                0x24000864        0x4 ./Core/EtherCAT_Src/ecatappl.o
                0x24000864                u32MinCycleTimeStartValue
 .bss.u32SystemTimeReadFailure
                0x24000868        0x4 ./Core/EtherCAT_Src/ecatappl.o
                0x24000868                u32SystemTimeReadFailure
 .bss.bMinCycleTimeMeasurementStarted
                0x2400086c        0x1 ./Core/EtherCAT_Src/ecatappl.o
                0x2400086c                bMinCycleTimeMeasurementStarted
 *fill*         0x2400086d        0x3 
 .bss.u32MinCycleTimeValue
                0x24000870        0x4 ./Core/EtherCAT_Src/ecatappl.o
                0x24000870                u32MinCycleTimeValue
 .bss.aPdOutputData
                0x24000874       0x44 ./Core/EtherCAT_Src/ecatappl.o
                0x24000874                aPdOutputData
 .bss.aPdInputData
                0x240008b8       0x44 ./Core/EtherCAT_Src/ecatappl.o
                0x240008b8                aPdInputData
 .bss.bInitFinished
                0x240008fc        0x1 ./Core/EtherCAT_Src/ecatappl.o
                0x240008fc                bInitFinished
 *fill*         0x240008fd        0x1 
 .bss.ms.4      0x240008fe        0x2 ./Core/EtherCAT_Src/ecatappl.o
 .bss.u8PrevRunLed.3
                0x24000900        0x1 ./Core/EtherCAT_Src/ecatappl.o
 *fill*         0x24000901        0x1 
 .bss.RunCounter.2
                0x24000902        0x2 ./Core/EtherCAT_Src/ecatappl.o
 .bss.u8PrevErrorLed.1
                0x24000904        0x1 ./Core/EtherCAT_Src/ecatappl.o
 *fill*         0x24000905        0x1 
 .bss.ErrorCounter.0
                0x24000906        0x2 ./Core/EtherCAT_Src/ecatappl.o
 .bss.pCoeSendStored
                0x24000908        0x4 ./Core/EtherCAT_Src/ecatcoe.o
                0x24000908                pCoeSendStored
 .bss.bEcatOutputUpdateRunning
                0x2400090c        0x1 ./Core/EtherCAT_Src/ecatslv.o
                0x2400090c                bEcatOutputUpdateRunning
 .bss.bEcatInputUpdateRunning
                0x2400090d        0x1 ./Core/EtherCAT_Src/ecatslv.o
                0x2400090d                bEcatInputUpdateRunning
 .bss.bEcatFirstOutputsReceived
                0x2400090e        0x1 ./Core/EtherCAT_Src/ecatslv.o
                0x2400090e                bEcatFirstOutputsReceived
 .bss.bWdTrigger
                0x2400090f        0x1 ./Core/EtherCAT_Src/ecatslv.o
                0x2400090f                bWdTrigger
 .bss.bDcSyncActive
                0x24000910        0x1 ./Core/EtherCAT_Src/ecatslv.o
                0x24000910                bDcSyncActive
 *fill*         0x24000911        0x1 
 .bss.EsmTimeoutCounter
                0x24000912        0x2 ./Core/EtherCAT_Src/ecatslv.o
                0x24000912                EsmTimeoutCounter
 .bss.bDcRunning
                0x24000914        0x1 ./Core/EtherCAT_Src/ecatslv.o
                0x24000914                bDcRunning
 *fill*         0x24000915        0x1 
 .bss.u16SmSync0Counter
                0x24000916        0x2 ./Core/EtherCAT_Src/ecatslv.o
                0x24000916                u16SmSync0Counter
 .bss.u16SmSync0Value
                0x24000918        0x2 ./Core/EtherCAT_Src/ecatslv.o
                0x24000918                u16SmSync0Value
 .bss.bSmSyncSequenceValid
                0x2400091a        0x1 ./Core/EtherCAT_Src/ecatslv.o
                0x2400091a                bSmSyncSequenceValid
 *fill*         0x2400091b        0x1 
 .bss.i16WaitForPllRunningTimeout
                0x2400091c        0x2 ./Core/EtherCAT_Src/ecatslv.o
                0x2400091c                i16WaitForPllRunningTimeout
 .bss.i16WaitForPllRunningCnt
                0x2400091e        0x2 ./Core/EtherCAT_Src/ecatslv.o
                0x2400091e                i16WaitForPllRunningCnt
 .bss.Sync0WdCounter
                0x24000920        0x2 ./Core/EtherCAT_Src/ecatslv.o
                0x24000920                Sync0WdCounter
 .bss.Sync0WdValue
                0x24000922        0x2 ./Core/EtherCAT_Src/ecatslv.o
                0x24000922                Sync0WdValue
 .bss.Sync1WdCounter
                0x24000924        0x2 ./Core/EtherCAT_Src/ecatslv.o
                0x24000924                Sync1WdCounter
 .bss.Sync1WdValue
                0x24000926        0x2 ./Core/EtherCAT_Src/ecatslv.o
                0x24000926                Sync1WdValue
 .bss.LatchInputSync0Value
                0x24000928        0x2 ./Core/EtherCAT_Src/ecatslv.o
                0x24000928                LatchInputSync0Value
 .bss.LatchInputSync0Counter
                0x2400092a        0x2 ./Core/EtherCAT_Src/ecatslv.o
                0x2400092a                LatchInputSync0Counter
 .bss.b32BitDc  0x2400092c        0x1 ./Core/EtherCAT_Src/ecatslv.o
                0x2400092c                b32BitDc
 .bss.bEscIntEnabled
                0x2400092d        0x1 ./Core/EtherCAT_Src/ecatslv.o
                0x2400092d                bEscIntEnabled
 .bss.b3BufferMode
                0x2400092e        0x1 ./Core/EtherCAT_Src/ecatslv.o
                0x2400092e                b3BufferMode
 *fill*         0x2400092f        0x1 
 .bss.u16LocalErrorCode
                0x24000930        0x2 ./Core/EtherCAT_Src/ecatslv.o
                0x24000930                u16LocalErrorCode
 .bss.u8LocalErrorState
                0x24000932        0x1 ./Core/EtherCAT_Src/ecatslv.o
                0x24000932                u8LocalErrorState
 .bss.bApplEsmPending
                0x24000933        0x1 ./Core/EtherCAT_Src/ecatslv.o
                0x24000933                bApplEsmPending
 .bss.bEcatWaitForAlControlRes
                0x24000934        0x1 ./Core/EtherCAT_Src/ecatslv.o
                0x24000934                bEcatWaitForAlControlRes
 *fill*         0x24000935        0x1 
 .bss.nEcatStateTrans
                0x24000936        0x2 ./Core/EtherCAT_Src/ecatslv.o
                0x24000936                nEcatStateTrans
 .bss.u8EcatErrorLed
                0x24000938        0x1 ./Core/EtherCAT_Src/ecatslv.o
                0x24000938                u8EcatErrorLed
 .bss.u8EcatRunLed
                0x24000939        0x1 ./Core/EtherCAT_Src/ecatslv.o
                0x24000939                u8EcatRunLed
 .bss.nPdInputSize
                0x2400093a        0x2 ./Core/EtherCAT_Src/ecatslv.o
                0x2400093a                nPdInputSize
 .bss.nPdOutputSize
                0x2400093c        0x2 ./Core/EtherCAT_Src/ecatslv.o
                0x2400093c                nPdOutputSize
 .bss.nMaxSyncMan
                0x2400093e        0x1 ./Core/EtherCAT_Src/ecatslv.o
                0x2400093e                nMaxSyncMan
 *fill*         0x2400093f        0x1 
 .bss.nMaxEscAddress
                0x24000940        0x2 ./Core/EtherCAT_Src/ecatslv.o
                0x24000940                nMaxEscAddress
 .bss.nAlStatus
                0x24000942        0x1 ./Core/EtherCAT_Src/ecatslv.o
                0x24000942                nAlStatus
 *fill*         0x24000943        0x1 
 .bss.EcatWdValue
                0x24000944        0x2 ./Core/EtherCAT_Src/ecatslv.o
                0x24000944                EcatWdValue
 .bss.nEscAddrOutputData
                0x24000946        0x2 ./Core/EtherCAT_Src/ecatslv.o
                0x24000946                nEscAddrOutputData
 .bss.nEscAddrInputData
                0x24000948        0x2 ./Core/EtherCAT_Src/ecatslv.o
                0x24000948                nEscAddrInputData
 .bss.u16ALEventMask
                0x2400094a        0x2 ./Core/EtherCAT_Src/ecatslv.o
                0x2400094a                u16ALEventMask
 .bss.u16dummy  0x2400094c        0x2 ./Core/EtherCAT_Src/ecatslv.o
                0x2400094c                u16dummy
 .bss.SMActivate
                0x2400094e        0x2 ./Core/EtherCAT_Src/ecatslv.o
                0x2400094e                SMActivate
 .bss.SyncManInfo
                0x24000950        0x8 ./Core/EtherCAT_Src/ecatslv.o
                0x24000950                SyncManInfo
 .bss.EepromLoaded
                0x24000958        0x1 ./Core/EtherCAT_Src/ecatslv.o
                0x24000958                EepromLoaded
 .bss.bReceiveMbxIsLocked
                0x24000959        0x1 ./Core/EtherCAT_Src/mailbox.o
                0x24000959                bReceiveMbxIsLocked
 .bss.bSendMbxIsFull
                0x2400095a        0x1 ./Core/EtherCAT_Src/mailbox.o
                0x2400095a                bSendMbxIsFull
 .bss.bMbxRunning
                0x2400095b        0x1 ./Core/EtherCAT_Src/mailbox.o
                0x2400095b                bMbxRunning
 .bss.bMbxRepeatToggle
                0x2400095c        0x1 ./Core/EtherCAT_Src/mailbox.o
                0x2400095c                bMbxRepeatToggle
 *fill*         0x2400095d        0x1 
 .bss.u16SendMbxSize
                0x2400095e        0x2 ./Core/EtherCAT_Src/mailbox.o
                0x2400095e                u16SendMbxSize
 .bss.u16ReceiveMbxSize
                0x24000960        0x2 ./Core/EtherCAT_Src/mailbox.o
                0x24000960                u16ReceiveMbxSize
 .bss.u16EscAddrReceiveMbx
                0x24000962        0x2 ./Core/EtherCAT_Src/mailbox.o
                0x24000962                u16EscAddrReceiveMbx
 .bss.u16EscAddrSendMbx
                0x24000964        0x2 ./Core/EtherCAT_Src/mailbox.o
                0x24000964                u16EscAddrSendMbx
 .bss.u8MbxWriteCounter
                0x24000966        0x1 ./Core/EtherCAT_Src/mailbox.o
                0x24000966                u8MbxWriteCounter
 .bss.u8MbxReadCounter
                0x24000967        0x1 ./Core/EtherCAT_Src/mailbox.o
                0x24000967                u8MbxReadCounter
 .bss.u8MailboxSendReqStored
                0x24000968        0x1 ./Core/EtherCAT_Src/mailbox.o
                0x24000968                u8MailboxSendReqStored
 *fill*         0x24000969        0x3 
 .bss.psWriteMbx
                0x2400096c        0x4 ./Core/EtherCAT_Src/mailbox.o
                0x2400096c                psWriteMbx
 .bss.psReadMbx
                0x24000970        0x4 ./Core/EtherCAT_Src/mailbox.o
                0x24000970                psReadMbx
 .bss.psRepeatMbx
                0x24000974        0x4 ./Core/EtherCAT_Src/mailbox.o
                0x24000974                psRepeatMbx
 .bss.psStoreMbx
                0x24000978        0x4 ./Core/EtherCAT_Src/mailbox.o
                0x24000978                psStoreMbx
 .bss.sMbxSendQueue
                0x2400097c       0x34 ./Core/EtherCAT_Src/mailbox.o
                0x2400097c                sMbxSendQueue
 .bss.sMbxReceiveQueue
                0x240009b0       0x34 ./Core/EtherCAT_Src/mailbox.o
                0x240009b0                sMbxReceiveQueue
 .bss.bNoMbxMemoryAvailable
                0x240009e4        0x1 ./Core/EtherCAT_Src/mailbox.o
                0x240009e4                bNoMbxMemoryAvailable
 .bss.bSyncSetByUser
                0x240009e5        0x1 ./Core/EtherCAT_Src/objdef.o
                0x240009e5                bSyncSetByUser
 *fill*         0x240009e6        0x2 
 .bss.sCycleDiag
                0x240009e8        0x2 ./Core/EtherCAT_Src/objdef.o
                0x240009e8                sCycleDiag
 *fill*         0x240009ea        0x2 
 .bss.sSyncManOutPar
                0x240009ec       0x44 ./Core/EtherCAT_Src/objdef.o
                0x240009ec                sSyncManOutPar
 .bss.sSyncManInPar
                0x24000a30       0x44 ./Core/EtherCAT_Src/objdef.o
                0x24000a30                sSyncManInPar
 .bss.u8PendingSdo
                0x24000a74        0x1 ./Core/EtherCAT_Src/sdoserv.o
                0x24000a74                u8PendingSdo
 .bss.bStoreCompleteAccess
                0x24000a75        0x1 ./Core/EtherCAT_Src/sdoserv.o
                0x24000a75                bStoreCompleteAccess
 .bss.u8StoreSubindex
                0x24000a76        0x1 ./Core/EtherCAT_Src/sdoserv.o
                0x24000a76                u8StoreSubindex
 *fill*         0x24000a77        0x1 
 .bss.u16StoreIndex
                0x24000a78        0x2 ./Core/EtherCAT_Src/sdoserv.o
                0x24000a78                u16StoreIndex
 *fill*         0x24000a7a        0x2 
 .bss.u32StoreDataSize
                0x24000a7c        0x4 ./Core/EtherCAT_Src/sdoserv.o
                0x24000a7c                u32StoreDataSize
 .bss.pStoreData
                0x24000a80        0x4 ./Core/EtherCAT_Src/sdoserv.o
                0x24000a80                pStoreData
 .bss.pSdoPendFunc
                0x24000a84        0x4 ./Core/EtherCAT_Src/sdoserv.o
                0x24000a84                pSdoPendFunc
 .bss.aSdoInfoHeader
                0x24000a88        0xe ./Core/EtherCAT_Src/sdoserv.o
                0x24000a88                aSdoInfoHeader
 *fill*         0x24000a96        0x2 
 .bss.pSdoSegData
                0x24000a98        0x4 ./Core/EtherCAT_Src/sdoserv.o
                0x24000a98                pSdoSegData
 .bss.nSdoInfoFragmentsLeft
                0x24000a9c        0x2 ./Core/EtherCAT_Src/sdoserv.o
                0x24000a9c                nSdoInfoFragmentsLeft
 .bss.nSdoInfoIndex
                0x24000a9e        0x2 ./Core/EtherCAT_Src/sdoserv.o
                0x24000a9e                nSdoInfoIndex
 .bss.pSdoInfoObjEntry
                0x24000aa0        0x4 ./Core/EtherCAT_Src/sdoserv.o
                0x24000aa0                pSdoInfoObjEntry
 .bss.pSdoResStored
                0x24000aa4        0x4 ./Core/EtherCAT_Src/sdoserv.o
                0x24000aa4                pSdoResStored
 .bss.bSdoInWork
                0x24000aa8        0x1 ./Core/EtherCAT_Src/sdoserv.o
                0x24000aa8                bSdoInWork
 .bss.nSdoSegService
                0x24000aa9        0x1 ./Core/EtherCAT_Src/sdoserv.o
                0x24000aa9                nSdoSegService
 .bss.bSdoSegFollows
                0x24000aaa        0x1 ./Core/EtherCAT_Src/sdoserv.o
                0x24000aaa                bSdoSegFollows
 .bss.bSdoSegAccess
                0x24000aab        0x1 ./Core/EtherCAT_Src/sdoserv.o
                0x24000aab                bSdoSegAccess
 .bss.nSdoSegIndex
                0x24000aac        0x2 ./Core/EtherCAT_Src/sdoserv.o
                0x24000aac                nSdoSegIndex
 .bss.nSdoSegSubindex
                0x24000aae        0x1 ./Core/EtherCAT_Src/sdoserv.o
                0x24000aae                nSdoSegSubindex
 *fill*         0x24000aaf        0x1 
 .bss.nSdoSegBytesToHandle
                0x24000ab0        0x4 ./Core/EtherCAT_Src/sdoserv.o
                0x24000ab0                nSdoSegBytesToHandle
 .bss.bSdoSegLastToggle
                0x24000ab4        0x1 ./Core/EtherCAT_Src/sdoserv.o
                0x24000ab4                bSdoSegLastToggle
 *fill*         0x24000ab5        0x3 
 .bss.nSdoSegCompleteSize
                0x24000ab8        0x4 ./Core/EtherCAT_Src/sdoserv.o
                0x24000ab8                nSdoSegCompleteSize
 .bss.pSdoSegObjEntry
                0x24000abc        0x4 ./Core/EtherCAT_Src/sdoserv.o
                0x24000abc                pSdoSegObjEntry
 .bss.hspi1     0x24000ac0       0x88 ./Core/Src/spi.o
                0x24000ac0                hspi1
 .bss.hspi2     0x24000b48       0x88 ./Core/Src/spi.o
                0x24000b48                hspi2
 .bss.hspi3     0x24000bd0       0x88 ./Core/Src/spi.o
                0x24000bd0                hspi3
 .bss.__sbrk_heap_end
                0x24000c58        0x4 ./Core/Src/sysmem.o
 .bss.htim6     0x24000c5c       0x4c ./Core/Src/tim.o
                0x24000c5c                htim6
 .bss.htim16    0x24000ca8       0x4c ./Core/Src/tim.o
                0x24000ca8                htim16
 .bss.uwTick    0x24000cf4        0x4 ./Drivers/STM32H7xx_HAL_Driver/Src/stm32h7xx_hal.o
                0x24000cf4                uwTick
 .bss.__malloc_sbrk_start
                0x24000cf8        0x4 C:/ST/STM32CubeIDE_1.14.1/STM32CubeIDE/plugins/com.st.stm32cube.ide.mcu.externaltools.gnu-tools-for-stm32.12.3.rel1.win32_1.0.200.202406191623/tools/bin/../lib/gcc/arm-none-eabi/12.3.1/../../../../arm-none-eabi/lib/thumb/v7e-m+dp/hard\libc_nano.a(libc_a-mallocr.o)
                0x24000cf8                __malloc_sbrk_start
 .bss.__malloc_free_list
                0x24000cfc        0x4 C:/ST/STM32CubeIDE_1.14.1/STM32CubeIDE/plugins/com.st.stm32cube.ide.mcu.externaltools.gnu-tools-for-stm32.12.3.rel1.win32_1.0.200.202406191623/tools/bin/../lib/gcc/arm-none-eabi/12.3.1/../../../../arm-none-eabi/lib/thumb/v7e-m+dp/hard\libc_nano.a(libc_a-mallocr.o)
                0x24000cfc                __malloc_free_list
 .bss.__sf      0x24000d00      0x138 C:/ST/STM32CubeIDE_1.14.1/STM32CubeIDE/plugins/com.st.stm32cube.ide.mcu.externaltools.gnu-tools-for-stm32.12.3.rel1.win32_1.0.200.202406191623/tools/bin/../lib/gcc/arm-none-eabi/12.3.1/../../../../arm-none-eabi/lib/thumb/v7e-m+dp/hard\libc_nano.a(libc_a-findfp.o)
                0x24000d00                __sf
 .bss.errno     0x24000e38        0x4 C:/ST/STM32CubeIDE_1.14.1/STM32CubeIDE/plugins/com.st.stm32cube.ide.mcu.externaltools.gnu-tools-for-stm32.12.3.rel1.win32_1.0.200.202406191623/tools/bin/../lib/gcc/arm-none-eabi/12.3.1/../../../../arm-none-eabi/lib/thumb/v7e-m+dp/hard\libc_nano.a(libc_a-reent.o)
                0x24000e38                errno
 .bss.__lock___malloc_recursive_mutex
                0x24000e3c        0x1 C:/ST/STM32CubeIDE_1.14.1/STM32CubeIDE/plugins/com.st.stm32cube.ide.mcu.externaltools.gnu-tools-for-stm32.12.3.rel1.win32_1.0.200.202406191623/tools/bin/../lib/gcc/arm-none-eabi/12.3.1/../../../../arm-none-eabi/lib/thumb/v7e-m+dp/hard\libc_nano.a(libc_a-lock.o)
                0x24000e3c                __lock___malloc_recursive_mutex
 *(COMMON)
                0x24000e40                        . = ALIGN (0x4)
 *fill*         0x24000e3d        0x3 
                0x24000e40                        _ebss = .
                0x24000e40                        __bss_end__ = _ebss

._user_heap_stack
                0x24000e40      0x600 load address 0x0800d228
                0x24000e40                        . = ALIGN (0x8)
                [!provide]                        PROVIDE (end = .)
                0x24000e40                        PROVIDE (_end = .)
                0x24001040                        . = (. + _Min_Heap_Size)
 *fill*         0x24000e40      0x200 
                0x24001440                        . = (. + _Min_Stack_Size)
 *fill*         0x24001040      0x400 
                0x24001440                        . = ALIGN (0x8)

/DISCARD/
 libc.a(*)
 libm.a(*)
 libgcc.a(*)

.ARM.attributes
                0x00000000       0x2e
 *(.ARM.attributes)
 .ARM.attributes
                0x00000000       0x20 C:/ST/STM32CubeIDE_1.14.1/STM32CubeIDE/plugins/com.st.stm32cube.ide.mcu.externaltools.gnu-tools-for-stm32.12.3.rel1.win32_1.0.200.202406191623/tools/bin/../lib/gcc/arm-none-eabi/12.3.1/thumb/v7e-m+dp/hard/crti.o
 .ARM.attributes
                0x00000020       0x32 C:/ST/STM32CubeIDE_1.14.1/STM32CubeIDE/plugins/com.st.stm32cube.ide.mcu.externaltools.gnu-tools-for-stm32.12.3.rel1.win32_1.0.200.202406191623/tools/bin/../lib/gcc/arm-none-eabi/12.3.1/thumb/v7e-m+dp/hard/crtbegin.o
 .ARM.attributes
                0x00000052       0x32 ./Core/EtherCAT_Src/ViCAT_ML_LSC_Proj.o
 .ARM.attributes
                0x00000084       0x32 ./Core/EtherCAT_Src/ax58X00_hw.o
 .ARM.attributes
                0x000000b6       0x32 ./Core/EtherCAT_Src/coeappl.o
 .ARM.attributes
                0x000000e8       0x32 ./Core/EtherCAT_Src/ecatappl.o
 .ARM.attributes
                0x0000011a       0x32 ./Core/EtherCAT_Src/ecatcoe.o
 .ARM.attributes
                0x0000014c       0x32 ./Core/EtherCAT_Src/ecatslv.o
 .ARM.attributes
                0x0000017e       0x32 ./Core/EtherCAT_Src/mailbox.o
 .ARM.attributes
                0x000001b0       0x32 ./Core/EtherCAT_Src/objdef.o
 .ARM.attributes
                0x000001e2       0x32 ./Core/EtherCAT_Src/sdoserv.o
 .ARM.attributes
                0x00000214       0x32 ./Core/Src/gpio.o
 .ARM.attributes
                0x00000246       0x32 ./Core/Src/main.o
 .ARM.attributes
                0x00000278       0x32 ./Core/Src/spi.o
 .ARM.attributes
                0x000002aa       0x32 ./Core/Src/stm32h7xx_hal_msp.o
 .ARM.attributes
                0x000002dc       0x32 ./Core/Src/stm32h7xx_it.o
 .ARM.attributes
                0x0000030e       0x32 ./Core/Src/sysmem.o
 .ARM.attributes
                0x00000340       0x32 ./Core/Src/system_stm32h7xx.o
 .ARM.attributes
                0x00000372       0x32 ./Core/Src/tim.o
 .ARM.attributes
                0x000003a4       0x21 ./Core/Startup/startup_stm32h743zitx.o
 .ARM.attributes
                0x000003c5       0x32 ./Drivers/STM32H7xx_HAL_Driver/Src/stm32h7xx_hal.o
 .ARM.attributes
                0x000003f7       0x32 ./Drivers/STM32H7xx_HAL_Driver/Src/stm32h7xx_hal_cortex.o
 .ARM.attributes
                0x00000429       0x32 ./Drivers/STM32H7xx_HAL_Driver/Src/stm32h7xx_hal_dma.o
 .ARM.attributes
                0x0000045b       0x32 ./Drivers/STM32H7xx_HAL_Driver/Src/stm32h7xx_hal_gpio.o
 .ARM.attributes
                0x0000048d       0x32 ./Drivers/STM32H7xx_HAL_Driver/Src/stm32h7xx_hal_pwr_ex.o
 .ARM.attributes
                0x000004bf       0x32 ./Drivers/STM32H7xx_HAL_Driver/Src/stm32h7xx_hal_rcc.o
 .ARM.attributes
                0x000004f1       0x32 ./Drivers/STM32H7xx_HAL_Driver/Src/stm32h7xx_hal_rcc_ex.o
 .ARM.attributes
                0x00000523       0x32 ./Drivers/STM32H7xx_HAL_Driver/Src/stm32h7xx_hal_spi.o
 .ARM.attributes
                0x00000555       0x32 ./Drivers/STM32H7xx_HAL_Driver/Src/stm32h7xx_hal_tim.o
 .ARM.attributes
                0x00000587       0x32 ./Drivers/STM32H7xx_HAL_Driver/Src/stm32h7xx_hal_tim_ex.o
 .ARM.attributes
                0x000005b9       0x32 C:/ST/STM32CubeIDE_1.14.1/STM32CubeIDE/plugins/com.st.stm32cube.ide.mcu.externaltools.gnu-tools-for-stm32.12.3.rel1.win32_1.0.200.202406191623/tools/bin/../lib/gcc/arm-none-eabi/12.3.1/../../../../arm-none-eabi/lib/thumb/v7e-m+dp/hard\libc_nano.a(libc_a-malloc.o)
 .ARM.attributes
                0x000005eb       0x32 C:/ST/STM32CubeIDE_1.14.1/STM32CubeIDE/plugins/com.st.stm32cube.ide.mcu.externaltools.gnu-tools-for-stm32.12.3.rel1.win32_1.0.200.202406191623/tools/bin/../lib/gcc/arm-none-eabi/12.3.1/../../../../arm-none-eabi/lib/thumb/v7e-m+dp/hard\libc_nano.a(libc_a-mallocr.o)
 .ARM.attributes
                0x0000061d       0x32 C:/ST/STM32CubeIDE_1.14.1/STM32CubeIDE/plugins/com.st.stm32cube.ide.mcu.externaltools.gnu-tools-for-stm32.12.3.rel1.win32_1.0.200.202406191623/tools/bin/../lib/gcc/arm-none-eabi/12.3.1/../../../../arm-none-eabi/lib/thumb/v7e-m+dp/hard\libc_nano.a(libc_a-mlock.o)
 .ARM.attributes
                0x0000064f       0x32 C:/ST/STM32CubeIDE_1.14.1/STM32CubeIDE/plugins/com.st.stm32cube.ide.mcu.externaltools.gnu-tools-for-stm32.12.3.rel1.win32_1.0.200.202406191623/tools/bin/../lib/gcc/arm-none-eabi/12.3.1/../../../../arm-none-eabi/lib/thumb/v7e-m+dp/hard\libc_nano.a(libc_a-findfp.o)
 .ARM.attributes
                0x00000681       0x32 C:/ST/STM32CubeIDE_1.14.1/STM32CubeIDE/plugins/com.st.stm32cube.ide.mcu.externaltools.gnu-tools-for-stm32.12.3.rel1.win32_1.0.200.202406191623/tools/bin/../lib/gcc/arm-none-eabi/12.3.1/../../../../arm-none-eabi/lib/thumb/v7e-m+dp/hard\libc_nano.a(libc_a-memset.o)
 .ARM.attributes
                0x000006b3       0x32 C:/ST/STM32CubeIDE_1.14.1/STM32CubeIDE/plugins/com.st.stm32cube.ide.mcu.externaltools.gnu-tools-for-stm32.12.3.rel1.win32_1.0.200.202406191623/tools/bin/../lib/gcc/arm-none-eabi/12.3.1/../../../../arm-none-eabi/lib/thumb/v7e-m+dp/hard\libc_nano.a(libc_a-reent.o)
 .ARM.attributes
                0x000006e5       0x32 C:/ST/STM32CubeIDE_1.14.1/STM32CubeIDE/plugins/com.st.stm32cube.ide.mcu.externaltools.gnu-tools-for-stm32.12.3.rel1.win32_1.0.200.202406191623/tools/bin/../lib/gcc/arm-none-eabi/12.3.1/../../../../arm-none-eabi/lib/thumb/v7e-m+dp/hard\libc_nano.a(libc_a-impure.o)
 .ARM.attributes
                0x00000717       0x32 C:/ST/STM32CubeIDE_1.14.1/STM32CubeIDE/plugins/com.st.stm32cube.ide.mcu.externaltools.gnu-tools-for-stm32.12.3.rel1.win32_1.0.200.202406191623/tools/bin/../lib/gcc/arm-none-eabi/12.3.1/../../../../arm-none-eabi/lib/thumb/v7e-m+dp/hard\libc_nano.a(libc_a-sbrkr.o)
 .ARM.attributes
                0x00000749       0x32 C:/ST/STM32CubeIDE_1.14.1/STM32CubeIDE/plugins/com.st.stm32cube.ide.mcu.externaltools.gnu-tools-for-stm32.12.3.rel1.win32_1.0.200.202406191623/tools/bin/../lib/gcc/arm-none-eabi/12.3.1/../../../../arm-none-eabi/lib/thumb/v7e-m+dp/hard\libc_nano.a(libc_a-errno.o)
 .ARM.attributes
                0x0000077b       0x32 C:/ST/STM32CubeIDE_1.14.1/STM32CubeIDE/plugins/com.st.stm32cube.ide.mcu.externaltools.gnu-tools-for-stm32.12.3.rel1.win32_1.0.200.202406191623/tools/bin/../lib/gcc/arm-none-eabi/12.3.1/../../../../arm-none-eabi/lib/thumb/v7e-m+dp/hard\libc_nano.a(libc_a-init.o)
 .ARM.attributes
                0x000007ad       0x32 C:/ST/STM32CubeIDE_1.14.1/STM32CubeIDE/plugins/com.st.stm32cube.ide.mcu.externaltools.gnu-tools-for-stm32.12.3.rel1.win32_1.0.200.202406191623/tools/bin/../lib/gcc/arm-none-eabi/12.3.1/../../../../arm-none-eabi/lib/thumb/v7e-m+dp/hard\libc_nano.a(libc_a-lock.o)
 .ARM.attributes
                0x000007df       0x32 C:/ST/STM32CubeIDE_1.14.1/STM32CubeIDE/plugins/com.st.stm32cube.ide.mcu.externaltools.gnu-tools-for-stm32.12.3.rel1.win32_1.0.200.202406191623/tools/bin/../lib/gcc/arm-none-eabi/12.3.1/../../../../arm-none-eabi/lib/thumb/v7e-m+dp/hard\libc_nano.a(libc_a-memcpy-stub.o)
 .ARM.attributes