Archive member included to satisfy reference by file (symbol)

../HelloWorldSmall_bsp/\libhal_bsp.a(alt_main.o)
                              ../HelloWorldSmall_bsp//obj/HAL/src/crt0.o (alt_main)
../HelloWorldSmall_bsp/\libhal_bsp.a(alt_putstr.o)
                              obj/default/hello_world_small.o (alt_putstr)
../HelloWorldSmall_bsp/\libhal_bsp.a(alt_sys_init.o)
                              ../HelloWorldSmall_bsp/\libhal_bsp.a(alt_main.o) (alt_irq_init)
../HelloWorldSmall_bsp/\libhal_bsp.a(altera_avalon_jtag_uart_write.o)
                              ../HelloWorldSmall_bsp/\libhal_bsp.a(alt_putstr.o) (altera_avalon_jtag_uart_write)
../HelloWorldSmall_bsp/\libhal_bsp.a(altera_nios2_gen2_irq.o)
                              ../HelloWorldSmall_bsp/\libhal_bsp.a(alt_sys_init.o) (altera_nios2_gen2_irq_init)
c:/intelfpga_lite/18.1/nios2eds/bin/gnu/h-x86_64-mingw32/bin/../lib/gcc/nios2-elf/5.3.0/../../../../../H-x86_64-mingw32/nios2-elf/lib\libsmallc.a(lib_a-strlen.o)
                              ../HelloWorldSmall_bsp/\libhal_bsp.a(alt_putstr.o) (strlen)

Memory Configuration

Name             Origin             Length             Attributes
reset            0x0000000000001000 0x0000000000000020
SRAM             0x0000000000001020 0x0000000000000fe0
*default*        0x0000000000000000 0xffffffffffffffff

Linker script and memory map

LOAD ../HelloWorldSmall_bsp//obj/HAL/src/crt0.o
LOAD obj/default/hello_world_small.o
LOAD c:/intelfpga_lite/18.1/nios2eds/bin/gnu/h-x86_64-mingw32/bin/../lib/gcc/nios2-elf/5.3.0/../../../../../H-x86_64-mingw32/nios2-elf/lib\libstdc++.a
LOAD c:/intelfpga_lite/18.1/nios2eds/bin/gnu/h-x86_64-mingw32/bin/../lib/gcc/nios2-elf/5.3.0/../../../../../H-x86_64-mingw32/nios2-elf/lib\libm.a
LOAD c:/intelfpga_lite/18.1/nios2eds/bin/gnu/h-x86_64-mingw32/bin/../lib/gcc/nios2-elf/5.3.0\libgcc.a
START GROUP
LOAD c:/intelfpga_lite/18.1/nios2eds/bin/gnu/h-x86_64-mingw32/bin/../lib/gcc/nios2-elf/5.3.0/../../../../../H-x86_64-mingw32/nios2-elf/lib\libsmallc.a
LOAD c:/intelfpga_lite/18.1/nios2eds/bin/gnu/h-x86_64-mingw32/bin/../lib/gcc/nios2-elf/5.3.0\libgcc.a
LOAD ../HelloWorldSmall_bsp/\libhal_bsp.a
LOAD c:/intelfpga_lite/18.1/nios2eds/bin/gnu/h-x86_64-mingw32/bin/../lib/gcc/nios2-elf/5.3.0/../../../../../H-x86_64-mingw32/nios2-elf/lib\libm.a
END GROUP
LOAD c:/intelfpga_lite/18.1/nios2eds/bin/gnu/h-x86_64-mingw32/bin/../lib/gcc/nios2-elf/5.3.0\libgcc.a
                0x0000000000001000                __alt_mem_SRAM = 0x1000

.entry          0x0000000000001000       0x20
 *(.entry)
 .entry         0x0000000000001000       0x20 ../HelloWorldSmall_bsp//obj/HAL/src/crt0.o
                0x0000000000001000                __reset
                0x000000000000101c                _exit

.exceptions     0x0000000000001020        0x0
                [!provide]                        PROVIDE (__ram_exceptions_start, ABSOLUTE (.))
                0x0000000000001020                . = ALIGN (0x20)
 *(.irq)
 *(.exceptions.entry.label)
 *(.exceptions.entry.user)
 *(.exceptions.entry.ecc_fatal)
 *(.exceptions.entry)
 *(.exceptions.irqtest.user)
 *(.exceptions.irqtest)
 *(.exceptions.irqhandler.user)
 *(.exceptions.irqhandler)
 *(.exceptions.irqreturn.user)
 *(.exceptions.irqreturn)
 *(.exceptions.notirq.label)
 *(.exceptions.notirq.user)
 *(.exceptions.notirq)
 *(.exceptions.soft.user)
 *(.exceptions.soft)
 *(.exceptions.unknown.user)
 *(.exceptions.unknown)
 *(.exceptions.exit.label)
 *(.exceptions.exit.user)
 *(.exceptions.exit)
 *(.exceptions)
                [!provide]                        PROVIDE (__ram_exceptions_end, ABSOLUTE (.))
                [!provide]                        PROVIDE (__flash_exceptions_start, LOADADDR (.exceptions))

.text           0x0000000000001020      0x170
                [!provide]                        PROVIDE (stext, ABSOLUTE (.))
 *(.interp)
 *(.hash)
 *(.dynsym)
 *(.dynstr)
 *(.gnu.version)
 *(.gnu.version_d)
 *(.gnu.version_r)
 *(.rel.init)
 *(.rela.init)
 *(.rel.text .rel.text.* .rel.gnu.linkonce.t.*)
 *(.rela.text .rela.text.* .rela.gnu.linkonce.t.*)
 *(.rel.fini)
 *(.rela.fini)
 *(.rel.rodata .rel.rodata.* .rel.gnu.linkonce.r.*)
 *(.rela.rodata .rela.rodata.* .rela.gnu.linkonce.r.*)
 *(.rel.data .rel.data.* .rel.gnu.linkonce.d.*)
 *(.rela.data .rela.data.* .rela.gnu.linkonce.d.*)
 *(.rel.tdata .rel.tdata.* .rel.gnu.linkonce.td.*)
 *(.rela.tdata .rela.tdata.* .rela.gnu.linkonce.td.*)
 *(.rel.tbss .rel.tbss.* .rel.gnu.linkonce.tb.*)
 *(.rela.tbss .rela.tbss.* .rela.gnu.linkonce.tb.*)
 *(.rel.ctors)
 *(.rela.ctors)
 *(.rel.dtors)
 *(.rela.dtors)
 *(.rel.got)
 *(.rela.got)
 *(.rel.sdata .rel.sdata.* .rel.gnu.linkonce.s.*)
 *(.rela.sdata .rela.sdata.* .rela.gnu.linkonce.s.*)
 *(.rel.sbss .rel.sbss.* .rel.gnu.linkonce.sb.*)
 *(.rela.sbss .rela.sbss.* .rela.gnu.linkonce.sb.*)
 *(.rel.sdata2 .rel.sdata2.* .rel.gnu.linkonce.s2.*)
 *(.rela.sdata2 .rela.sdata2.* .rela.gnu.linkonce.s2.*)
 *(.rel.sbss2 .rel.sbss2.* .rel.gnu.linkonce.sb2.*)
 *(.rela.sbss2 .rela.sbss2.* .rela.gnu.linkonce.sb2.*)
 *(.rel.bss .rel.bss.* .rel.gnu.linkonce.b.*)
 *(.rela.bss .rela.bss.* .rela.gnu.linkonce.b.*)
 *(.rel.plt)
 *(.rela.plt)
 *(.rel.dyn)
 *(.init)
 *(.plt)
 *(.text .stub .text.* .gnu.linkonce.t.*)
 .text          0x0000000000001020       0x48 ../HelloWorldSmall_bsp//obj/HAL/src/crt0.o
                0x0000000000001020                _start
 .text          0x0000000000001068        0x0 obj/default/hello_world_small.o
 .text.startup  0x0000000000001068       0x48 obj/default/hello_world_small.o
                0x0000000000001068                main
 .text          0x00000000000010b0       0x2c ../HelloWorldSmall_bsp/\libhal_bsp.a(alt_main.o)
                0x00000000000010b0                alt_main
 .text          0x00000000000010dc       0x38 ../HelloWorldSmall_bsp/\libhal_bsp.a(alt_putstr.o)
                0x00000000000010dc                alt_putstr
 .text          0x0000000000001114       0x24 ../HelloWorldSmall_bsp/\libhal_bsp.a(alt_sys_init.o)
                0x0000000000001114                alt_irq_init
                0x0000000000001134                alt_sys_init
 .text          0x0000000000001138       0x34 ../HelloWorldSmall_bsp/\libhal_bsp.a(altera_avalon_jtag_uart_write.o)
                0x0000000000001138                altera_avalon_jtag_uart_write
 .text          0x000000000000116c        0x8 ../HelloWorldSmall_bsp/\libhal_bsp.a(altera_nios2_gen2_irq.o)
                0x000000000000116c                altera_nios2_gen2_irq_init
 .text          0x0000000000001174        0x0 c:/intelfpga_lite/18.1/nios2eds/bin/gnu/h-x86_64-mingw32/bin/../lib/gcc/nios2-elf/5.3.0/../../../../../H-x86_64-mingw32/nios2-elf/lib\libsmallc.a(lib_a-strlen.o)
 .text.strlen   0x0000000000001174       0x1c c:/intelfpga_lite/18.1/nios2eds/bin/gnu/h-x86_64-mingw32/bin/../lib/gcc/nios2-elf/5.3.0/../../../../../H-x86_64-mingw32/nios2-elf/lib\libsmallc.a(lib_a-strlen.o)
                0x0000000000001174                strlen
 *(.gnu.warning.*)
 *(.fini)
                [!provide]                        PROVIDE (__etext, ABSOLUTE (.))
                [!provide]                        PROVIDE (_etext, ABSOLUTE (.))
                [!provide]                        PROVIDE (etext, ABSOLUTE (.))
 *(.eh_frame_hdr)
                0x0000000000001190                . = ALIGN (0x4)
                [!provide]                        PROVIDE (__preinit_array_start, ABSOLUTE (.))
 *(.preinit_array)
                [!provide]                        PROVIDE (__preinit_array_end, ABSOLUTE (.))
                [!provide]                        PROVIDE (__init_array_start, ABSOLUTE (.))
 *(.init_array)
                [!provide]                        PROVIDE (__init_array_end, ABSOLUTE (.))
                [!provide]                        PROVIDE (__fini_array_start, ABSOLUTE (.))
 *(.fini_array)
                [!provide]                        PROVIDE (__fini_array_end, ABSOLUTE (.))
 *(.eh_frame)
 *(.gcc_except_table .gcc_except_table.*)
 *(.dynamic)
                [!provide]                        PROVIDE (__CTOR_LIST__, ABSOLUTE (.))
 *(.ctors)
 *(SORT(.ctors.*))
                [!provide]                        PROVIDE (__CTOR_END__, ABSOLUTE (.))
                [!provide]                        PROVIDE (__DTOR_LIST__, ABSOLUTE (.))
 *(.dtors)
 *(SORT(.dtors.*))
                [!provide]                        PROVIDE (__DTOR_END__, ABSOLUTE (.))
 *(.jcr)
                0x0000000000001190                . = ALIGN (0x4)

.rodata         0x0000000000001190       0x18
                [!provide]                        PROVIDE (__ram_rodata_start, ABSOLUTE (.))
                0x0000000000001190                . = ALIGN (0x4)
 *(.rodata .rodata.* .gnu.linkonce.r.*)
 .rodata.str1.4
                0x0000000000001190       0x18 obj/default/hello_world_small.o
                                         0x15 (size before relaxing)
 *(.rodata1)
                0x00000000000011a8                . = ALIGN (0x4)
                [!provide]                        PROVIDE (__ram_rodata_end, ABSOLUTE (.))
                [!provide]                        PROVIDE (__flash_rodata_start, LOADADDR (.rodata))

.rwdata         0x00000000000011a8        0x4
                [!provide]                        PROVIDE (__ram_rwdata_start, ABSOLUTE (.))
                0x00000000000011a8                . = ALIGN (0x4)
 *(.got.plt)
 *(.got)
 *(.data1)
 *(.data .data.* .gnu.linkonce.d.*)
 .data          0x00000000000011a8        0x0 ../HelloWorldSmall_bsp//obj/HAL/src/crt0.o
 .data          0x00000000000011a8        0x0 obj/default/hello_world_small.o
 .data          0x00000000000011a8        0x0 ../HelloWorldSmall_bsp/\libhal_bsp.a(alt_main.o)
 .data          0x00000000000011a8        0x0 ../HelloWorldSmall_bsp/\libhal_bsp.a(alt_putstr.o)
 .data          0x00000000000011a8        0x0 ../HelloWorldSmall_bsp/\libhal_bsp.a(alt_sys_init.o)
 .data          0x00000000000011a8        0x0 ../HelloWorldSmall_bsp/\libhal_bsp.a(altera_avalon_jtag_uart_write.o)
 .data          0x00000000000011a8        0x0 ../HelloWorldSmall_bsp/\libhal_bsp.a(altera_nios2_gen2_irq.o)
 .data          0x00000000000011a8        0x0 c:/intelfpga_lite/18.1/nios2eds/bin/gnu/h-x86_64-mingw32/bin/../lib/gcc/nios2-elf/5.3.0/../../../../../H-x86_64-mingw32/nios2-elf/lib\libsmallc.a(lib_a-strlen.o)
                0x00000000000091a8                _gp = ABSOLUTE ((. + 0x8000))
                [!provide]                        PROVIDE (gp, _gp)
 *(.rwdata .rwdata.*)
 *(.sdata .sdata.* .gnu.linkonce.s.*)
 .sdata         0x00000000000011a8        0x4 ../HelloWorldSmall_bsp/\libhal_bsp.a(alt_sys_init.o)
                0x00000000000011a8                DEBUG
 *(.sdata2 .sdata2.* .gnu.linkonce.s2.*)
                0x00000000000011ac                . = ALIGN (0x4)
                0x00000000000011ac                _edata = ABSOLUTE (.)
                [!provide]                        PROVIDE (edata, ABSOLUTE (.))
                [!provide]                        PROVIDE (__ram_rwdata_end, ABSOLUTE (.))
                [!provide]                        PROVIDE (__flash_rwdata_start, LOADADDR (.rwdata))

.bss            0x00000000000011ac        0xc
                0x00000000000011ac                __bss_start = ABSOLUTE (.)
                [!provide]                        PROVIDE (__sbss_start, ABSOLUTE (.))
                [!provide]                        PROVIDE (___sbss_start, ABSOLUTE (.))
 *(.dynsbss)
 *(.sbss .sbss.* .gnu.linkonce.sb.*)
 .sbss          0x00000000000011ac        0xc ../HelloWorldSmall_bsp/\libhal_bsp.a(alt_main.o)
                0x00000000000011ac                alt_envp
                0x00000000000011b0                alt_argv
                0x00000000000011b4                alt_argc
 *(.sbss2 .sbss2.* .gnu.linkonce.sb2.*)
 *(.scommon)
                [!provide]                        PROVIDE (__sbss_end, ABSOLUTE (.))
                [!provide]                        PROVIDE (___sbss_end, ABSOLUTE (.))
 *(.dynbss)
 *(.bss .bss.* .gnu.linkonce.b.*)
 .bss           0x00000000000011b8        0x0 ../HelloWorldSmall_bsp//obj/HAL/src/crt0.o
 .bss           0x00000000000011b8        0x0 obj/default/hello_world_small.o
 .bss           0x00000000000011b8        0x0 ../HelloWorldSmall_bsp/\libhal_bsp.a(alt_main.o)
 .bss           0x00000000000011b8        0x0 ../HelloWorldSmall_bsp/\libhal_bsp.a(alt_putstr.o)
 .bss           0x00000000000011b8        0x0 ../HelloWorldSmall_bsp/\libhal_bsp.a(alt_sys_init.o)
 .bss           0x00000000000011b8        0x0 ../HelloWorldSmall_bsp/\libhal_bsp.a(altera_avalon_jtag_uart_write.o)
 .bss           0x00000000000011b8        0x0 ../HelloWorldSmall_bsp/\libhal_bsp.a(altera_nios2_gen2_irq.o)
 .bss           0x00000000000011b8        0x0 c:/intelfpga_lite/18.1/nios2eds/bin/gnu/h-x86_64-mingw32/bin/../lib/gcc/nios2-elf/5.3.0/../../../../../H-x86_64-mingw32/nios2-elf/lib\libsmallc.a(lib_a-strlen.o)
 *(COMMON)
                0x00000000000011b8                . = ALIGN (0x4)
                0x00000000000011b8                __bss_end = ABSOLUTE (.)

.SRAM           0x00000000000011b8        0x0
                [!provide]                        PROVIDE (_alt_partition_SRAM_start, ABSOLUTE (.))
 *(.SRAM .SRAM. SRAM.*)
                0x00000000000011b8                . = ALIGN (0x4)
                [!provide]                        PROVIDE (_alt_partition_SRAM_end, ABSOLUTE (.))
                0x00000000000011b8                _end = ABSOLUTE (.)
                0x00000000000011b8                end = ABSOLUTE (.)
                0x00000000000011b8                __alt_stack_base = ABSOLUTE (.)
                [!provide]                        PROVIDE (_alt_partition_SRAM_load_addr, LOADADDR (.SRAM))

.stab
 *(.stab)

.stabstr
 *(.stabstr)

.stab.excl
 *(.stab.excl)

.stab.exclstr
 *(.stab.exclstr)

.stab.index
 *(.stab.index)

.stab.indexstr
 *(.stab.indexstr)

.comment        0x0000000000000000       0x23
 *(.comment)
 .comment       0x0000000000000000       0x23 obj/default/hello_world_small.o
                                         0x24 (size before relaxing)
 .comment       0x0000000000000023       0x24 ../HelloWorldSmall_bsp/\libhal_bsp.a(alt_main.o)
 .comment       0x0000000000000023       0x24 ../HelloWorldSmall_bsp/\libhal_bsp.a(alt_putstr.o)
 .comment       0x0000000000000023       0x24 ../HelloWorldSmall_bsp/\libhal_bsp.a(alt_sys_init.o)
 .comment       0x0000000000000023       0x24 ../HelloWorldSmall_bsp/\libhal_bsp.a(altera_avalon_jtag_uart_write.o)
 .comment       0x0000000000000023       0x24 ../HelloWorldSmall_bsp/\libhal_bsp.a(altera_nios2_gen2_irq.o)
 .comment       0x0000000000000023       0x24 c:/intelfpga_lite/18.1/nios2eds/bin/gnu/h-x86_64-mingw32/bin/../lib/gcc/nios2-elf/5.3.0/../../../../../H-x86_64-mingw32/nios2-elf/lib\libsmallc.a(lib_a-strlen.o)

.debug
 *(.debug)

.line
 *(.line)

.debug_srcinfo
 *(.debug_srcinfo)

.debug_sfnames
 *(.debug_sfnames)

.debug_aranges  0x0000000000000000      0x108
 *(.debug_aranges)
 .debug_aranges
                0x0000000000000000       0x28 ../HelloWorldSmall_bsp//obj/HAL/src/crt0.o
 .debug_aranges
                0x0000000000000028       0x20 obj/default/hello_world_small.o
 .debug_aranges
                0x0000000000000048       0x20 ../HelloWorldSmall_bsp/\libhal_bsp.a(alt_main.o)
 .debug_aranges
                0x0000000000000068       0x20 ../HelloWorldSmall_bsp/\libhal_bsp.a(alt_putstr.o)
 .debug_aranges
                0x0000000000000088       0x20 ../HelloWorldSmall_bsp/\libhal_bsp.a(alt_sys_init.o)
 .debug_aranges
                0x00000000000000a8       0x20 ../HelloWorldSmall_bsp/\libhal_bsp.a(altera_avalon_jtag_uart_write.o)
 .debug_aranges
                0x00000000000000c8       0x20 ../HelloWorldSmall_bsp/\libhal_bsp.a(altera_nios2_gen2_irq.o)
 .debug_aranges
                0x00000000000000e8       0x20 c:/intelfpga_lite/18.1/nios2eds/bin/gnu/h-x86_64-mingw32/bin/../lib/gcc/nios2-elf/5.3.0/../../../../../H-x86_64-mingw32/nios2-elf/lib\libsmallc.a(lib_a-strlen.o)

.debug_pubnames
 *(.debug_pubnames)

.debug_info     0x0000000000000000      0x86d
 *(.debug_info .gnu.linkonce.wi.*)
 .debug_info    0x0000000000000000       0x8d ../HelloWorldSmall_bsp//obj/HAL/src/crt0.o
 .debug_info    0x000000000000008d       0xc6 obj/default/hello_world_small.o
 .debug_info    0x0000000000000153      0x169 ../HelloWorldSmall_bsp/\libhal_bsp.a(alt_main.o)
 .debug_info    0x00000000000002bc      0x13a ../HelloWorldSmall_bsp/\libhal_bsp.a(alt_putstr.o)
 .debug_info    0x00000000000003f6      0x185 ../HelloWorldSmall_bsp/\libhal_bsp.a(alt_sys_init.o)
 .debug_info    0x000000000000057b      0x197 ../HelloWorldSmall_bsp/\libhal_bsp.a(altera_avalon_jtag_uart_write.o)
 .debug_info    0x0000000000000712       0x92 ../HelloWorldSmall_bsp/\libhal_bsp.a(altera_nios2_gen2_irq.o)
 .debug_info    0x00000000000007a4       0xc9 c:/intelfpga_lite/18.1/nios2eds/bin/gnu/h-x86_64-mingw32/bin/../lib/gcc/nios2-elf/5.3.0/../../../../../H-x86_64-mingw32/nios2-elf/lib\libsmallc.a(lib_a-strlen.o)

.debug_abbrev   0x0000000000000000      0x4fb
 *(.debug_abbrev)
 .debug_abbrev  0x0000000000000000       0x12 ../HelloWorldSmall_bsp//obj/HAL/src/crt0.o
 .debug_abbrev  0x0000000000000012       0x8b obj/default/hello_world_small.o
 .debug_abbrev  0x000000000000009d       0xee ../HelloWorldSmall_bsp/\libhal_bsp.a(alt_main.o)
 .debug_abbrev  0x000000000000018b       0xd3 ../HelloWorldSmall_bsp/\libhal_bsp.a(alt_putstr.o)
 .debug_abbrev  0x000000000000025e      0x107 ../HelloWorldSmall_bsp/\libhal_bsp.a(alt_sys_init.o)
 .debug_abbrev  0x0000000000000365       0xd5 ../HelloWorldSmall_bsp/\libhal_bsp.a(altera_avalon_jtag_uart_write.o)
 .debug_abbrev  0x000000000000043a       0x42 ../HelloWorldSmall_bsp/\libhal_bsp.a(altera_nios2_gen2_irq.o)
 .debug_abbrev  0x000000000000047c       0x7f c:/intelfpga_lite/18.1/nios2eds/bin/gnu/h-x86_64-mingw32/bin/../lib/gcc/nios2-elf/5.3.0/../../../../../H-x86_64-mingw32/nios2-elf/lib\libsmallc.a(lib_a-strlen.o)

.debug_line     0x0000000000000000      0x61b
 *(.debug_line)
 .debug_line    0x0000000000000000       0x6f ../HelloWorldSmall_bsp//obj/HAL/src/crt0.o
 .debug_line    0x000000000000006f       0xb5 obj/default/hello_world_small.o
 .debug_line    0x0000000000000124       0xbd ../HelloWorldSmall_bsp/\libhal_bsp.a(alt_main.o)
 .debug_line    0x00000000000001e1       0xa0 ../HelloWorldSmall_bsp/\libhal_bsp.a(alt_putstr.o)
 .debug_line    0x0000000000000281      0x101 ../HelloWorldSmall_bsp/\libhal_bsp.a(alt_sys_init.o)
 .debug_line    0x0000000000000382       0xf0 ../HelloWorldSmall_bsp/\libhal_bsp.a(altera_avalon_jtag_uart_write.o)
 .debug_line    0x0000000000000472       0x50 ../HelloWorldSmall_bsp/\libhal_bsp.a(altera_nios2_gen2_irq.o)
 .debug_line    0x00000000000004c2      0x159 c:/intelfpga_lite/18.1/nios2eds/bin/gnu/h-x86_64-mingw32/bin/../lib/gcc/nios2-elf/5.3.0/../../../../../H-x86_64-mingw32/nios2-elf/lib\libsmallc.a(lib_a-strlen.o)

.debug_frame    0x0000000000000000      0x120
 *(.debug_frame)
 .debug_frame   0x0000000000000000       0x28 obj/default/hello_world_small.o
 .debug_frame   0x0000000000000028       0x2c ../HelloWorldSmall_bsp/\libhal_bsp.a(alt_main.o)
 .debug_frame   0x0000000000000054       0x30 ../HelloWorldSmall_bsp/\libhal_bsp.a(alt_putstr.o)
 .debug_frame   0x0000000000000084       0x3c ../HelloWorldSmall_bsp/\libhal_bsp.a(alt_sys_init.o)
 .debug_frame   0x00000000000000c0       0x20 ../HelloWorldSmall_bsp/\libhal_bsp.a(altera_avalon_jtag_uart_write.o)
 .debug_frame   0x00000000000000e0       0x20 ../HelloWorldSmall_bsp/\libhal_bsp.a(altera_nios2_gen2_irq.o)
 .debug_frame   0x0000000000000100       0x20 c:/intelfpga_lite/18.1/nios2eds/bin/gnu/h-x86_64-mingw32/bin/../lib/gcc/nios2-elf/5.3.0/../../../../../H-x86_64-mingw32/nios2-elf/lib\libsmallc.a(lib_a-strlen.o)

.debug_str      0x0000000000000000      0x480
 *(.debug_str)
 .debug_str     0x0000000000000000      0x11d obj/default/hello_world_small.o
                                        0x149 (size before relaxing)
 .debug_str     0x000000000000011d       0xfd ../HelloWorldSmall_bsp/\libhal_bsp.a(alt_main.o)
                                        0x1d1 (size before relaxing)
 .debug_str     0x000000000000021a       0x60 ../HelloWorldSmall_bsp/\libhal_bsp.a(alt_putstr.o)
                                        0x1a8 (size before relaxing)
 .debug_str     0x000000000000027a       0x8e ../HelloWorldSmall_bsp/\libhal_bsp.a(alt_sys_init.o)
                                        0x23c (size before relaxing)
 .debug_str     0x0000000000000308       0x32 ../HelloWorldSmall_bsp/\libhal_bsp.a(altera_avalon_jtag_uart_write.o)
                                        0x231 (size before relaxing)
 .debug_str     0x000000000000033a       0x20 ../HelloWorldSmall_bsp/\libhal_bsp.a(altera_nios2_gen2_irq.o)
                                        0x178 (size before relaxing)
 .debug_str     0x000000000000035a      0x126 c:/intelfpga_lite/18.1/nios2eds/bin/gnu/h-x86_64-mingw32/bin/../lib/gcc/nios2-elf/5.3.0/../../../../../H-x86_64-mingw32/nios2-elf/lib\libsmallc.a(lib_a-strlen.o)
                                        0x1cb (size before relaxing)

.debug_loc      0x0000000000000000      0x14b
 *(.debug_loc)
 .debug_loc     0x0000000000000000       0x4a obj/default/hello_world_small.o
 .debug_loc     0x000000000000004a       0x37 ../HelloWorldSmall_bsp/\libhal_bsp.a(alt_putstr.o)
 .debug_loc     0x0000000000000081       0x21 ../HelloWorldSmall_bsp/\libhal_bsp.a(alt_sys_init.o)
 .debug_loc     0x00000000000000a2       0x8b ../HelloWorldSmall_bsp/\libhal_bsp.a(altera_avalon_jtag_uart_write.o)
 .debug_loc     0x000000000000012d       0x1e c:/intelfpga_lite/18.1/nios2eds/bin/gnu/h-x86_64-mingw32/bin/../lib/gcc/nios2-elf/5.3.0/../../../../../H-x86_64-mingw32/nios2-elf/lib\libsmallc.a(lib_a-strlen.o)

.debug_macinfo
 *(.debug_macinfo)

.debug_weaknames
 *(.debug_weaknames)

.debug_funcnames
 *(.debug_funcnames)

.debug_typenames
 *(.debug_typenames)

.debug_varnames
 *(.debug_varnames)

.debug_alt_sim_info
                0x0000000000000000       0x30
 *(.debug_alt_sim_info)
 .debug_alt_sim_info
                0x0000000000000000       0x30 ../HelloWorldSmall_bsp//obj/HAL/src/crt0.o
                0x0000000000002000                __alt_data_end = 0x2000
                0x0000000000002000                PROVIDE (__alt_stack_pointer, __alt_data_end)
                [!provide]                        PROVIDE (__alt_stack_limit, __alt_stack_base)
                [!provide]                        PROVIDE (__alt_heap_start, end)
                [!provide]                        PROVIDE (__alt_heap_limit, 0x2000)
OUTPUT(HelloWorldSmall.elf elf32-littlenios2)

.debug_ranges   0x0000000000000000       0x40
 .debug_ranges  0x0000000000000000       0x20 ../HelloWorldSmall_bsp//obj/HAL/src/crt0.o
 .debug_ranges  0x0000000000000020       0x10 obj/default/hello_world_small.o
 .debug_ranges  0x0000000000000030       0x10 c:/intelfpga_lite/18.1/nios2eds/bin/gnu/h-x86_64-mingw32/bin/../lib/gcc/nios2-elf/5.3.0/../../../../../H-x86_64-mingw32/nios2-elf/lib\libsmallc.a(lib_a-strlen.o)
