#-----------------------------------------------------------
# Webtalk v2020.2 (64-bit)
# SW Build 3064766 on Wed Nov 18 09:12:45 MST 2020
# IP Build 3064653 on Wed Nov 18 14:17:31 MST 2020
# Start of session at: Sat Apr  6 11:55:47 2024
# Process ID: 6708
# Current directory: C:/Users/denni/Documents/Code/Basys3/debouncing_circuit_2/debouncing_circuit_2.sim/sim_1/behav/xsim
# Command line: wbtcv.exe -mode batch -source C:/Users/denni/Documents/Code/Basys3/debouncing_circuit_2/debouncing_circuit_2.sim/sim_1/behav/xsim/xsim.dir/sim_debounced_button_behav/webtalk/xsim_webtalk.tcl -notrace
# Log file: C:/Users/denni/Documents/Code/Basys3/debouncing_circuit_2/debouncing_circuit_2.sim/sim_1/behav/xsim/webtalk.log
# Journal file: C:/Users/denni/Documents/Code/Basys3/debouncing_circuit_2/debouncing_circuit_2.sim/sim_1/behav/xsim\webtalk.jou
#-----------------------------------------------------------
source C:/Users/denni/Documents/Code/Basys3/debouncing_circuit_2/debouncing_circuit_2.sim/sim_1/behav/xsim/xsim.dir/sim_debounced_button_behav/webtalk/xsim_webtalk.tcl -notrace
