Archive member included to satisfy reference by file (symbol)

c:/intelfpga_lite/18.1/nios2eds/bin/gnu/h-x86_64-mingw32/bin/../lib/gcc/nios2-elf/5.3.0/mno-hw-mul\libgcc.a(lib2-mul.o)
                              obj/default/peripheral_linker.o (__mulsi3)
c:/intelfpga_lite/18.1/nios2eds/bin/gnu/h-x86_64-mingw32/bin/../lib/gcc/nios2-elf/5.3.0/../../../../../H-x86_64-mingw32/nios2-elf/lib/mno-hw-mul\libsmallc.a(lib_a-memcpy.o)
                              obj/default/peripheral_linker.o (memcpy)
../HelloNios_II_bsp/\libhal_bsp.a(alt_load.o)
                              ../HelloNios_II_bsp//obj/HAL/src/crt0.o (alt_load)
../HelloNios_II_bsp/\libhal_bsp.a(alt_main.o)
                              ../HelloNios_II_bsp//obj/HAL/src/crt0.o (alt_main)
../HelloNios_II_bsp/\libhal_bsp.a(alt_putstr.o)
                              obj/default/hello_world_small.o (alt_putstr)
../HelloNios_II_bsp/\libhal_bsp.a(alt_usleep.o)
                              obj/default/peripheral_linker.o (usleep)
../HelloNios_II_bsp/\libhal_bsp.a(alt_sys_init.o)
                              ../HelloNios_II_bsp/\libhal_bsp.a(alt_main.o) (alt_irq_init)
../HelloNios_II_bsp/\libhal_bsp.a(altera_avalon_jtag_uart_write.o)
                              ../HelloNios_II_bsp/\libhal_bsp.a(alt_putstr.o) (altera_avalon_jtag_uart_write)
../HelloNios_II_bsp/\libhal_bsp.a(altera_avalon_spi.o)
                              obj/default/peripheral_linker.o (alt_avalon_spi_command)
../HelloNios_II_bsp/\libhal_bsp.a(alt_busy_sleep.o)
                              ../HelloNios_II_bsp/\libhal_bsp.a(alt_usleep.o) (alt_busy_sleep)
../HelloNios_II_bsp/\libhal_bsp.a(alt_dcache_flush_all.o)
                              ../HelloNios_II_bsp/\libhal_bsp.a(alt_load.o) (alt_dcache_flush_all)
../HelloNios_II_bsp/\libhal_bsp.a(alt_icache_flush_all.o)
                              ../HelloNios_II_bsp/\libhal_bsp.a(alt_load.o) (alt_icache_flush_all)
../HelloNios_II_bsp/\libhal_bsp.a(altera_nios2_gen2_irq.o)
                              ../HelloNios_II_bsp/\libhal_bsp.a(alt_sys_init.o) (altera_nios2_gen2_irq_init)
c:/intelfpga_lite/18.1/nios2eds/bin/gnu/h-x86_64-mingw32/bin/../lib/gcc/nios2-elf/5.3.0/../../../../../H-x86_64-mingw32/nios2-elf/lib/mno-hw-mul\libsmallc.a(lib_a-strlen.o)
                              ../HelloNios_II_bsp/\libhal_bsp.a(alt_putstr.o) (strlen)
c:/intelfpga_lite/18.1/nios2eds/bin/gnu/h-x86_64-mingw32/bin/../lib/gcc/nios2-elf/5.3.0/mno-hw-mul\libgcc.a(lib2-divmod.o)
                              ../HelloNios_II_bsp/\libhal_bsp.a(alt_busy_sleep.o) (__udivsi3)

Memory Configuration

Name             Origin             Length             Attributes
reset            0x0000000000001000 0x0000000000000020
SRAM             0x0000000000001020 0x0000000000000fe0
*default*        0x0000000000000000 0xffffffffffffffff

Linker script and memory map

LOAD ../HelloNios_II_bsp//obj/HAL/src/crt0.o
LOAD obj/default/hello_world_small.o
LOAD obj/default/peripheral_linker.o
LOAD c:/intelfpga_lite/18.1/nios2eds/bin/gnu/h-x86_64-mingw32/bin/../lib/gcc/nios2-elf/5.3.0/../../../../../H-x86_64-mingw32/nios2-elf/lib/mno-hw-mul\libstdc++.a
LOAD c:/intelfpga_lite/18.1/nios2eds/bin/gnu/h-x86_64-mingw32/bin/../lib/gcc/nios2-elf/5.3.0/../../../../../H-x86_64-mingw32/nios2-elf/lib/mno-hw-mul\libm.a
LOAD c:/intelfpga_lite/18.1/nios2eds/bin/gnu/h-x86_64-mingw32/bin/../lib/gcc/nios2-elf/5.3.0/mno-hw-mul\libgcc.a
START GROUP
LOAD c:/intelfpga_lite/18.1/nios2eds/bin/gnu/h-x86_64-mingw32/bin/../lib/gcc/nios2-elf/5.3.0/../../../../../H-x86_64-mingw32/nios2-elf/lib/mno-hw-mul\libsmallc.a
LOAD c:/intelfpga_lite/18.1/nios2eds/bin/gnu/h-x86_64-mingw32/bin/../lib/gcc/nios2-elf/5.3.0/mno-hw-mul\libgcc.a
LOAD ../HelloNios_II_bsp/\libhal_bsp.a
LOAD c:/intelfpga_lite/18.1/nios2eds/bin/gnu/h-x86_64-mingw32/bin/../lib/gcc/nios2-elf/5.3.0/../../../../../H-x86_64-mingw32/nios2-elf/lib/mno-hw-mul\libm.a
END GROUP
LOAD c:/intelfpga_lite/18.1/nios2eds/bin/gnu/h-x86_64-mingw32/bin/../lib/gcc/nios2-elf/5.3.0/mno-hw-mul\libgcc.a
                0x0000000000001000                __alt_mem_SRAM = 0x1000

.entry          0x0000000000001000       0x20
 *(.entry)
 .entry         0x0000000000001000       0x20 ../HelloNios_II_bsp//obj/HAL/src/crt0.o
                0x0000000000001000                __reset
                0x000000000000100c                _exit

.exceptions     0x0000000000001020        0x0
                0x0000000000001020                PROVIDE (__ram_exceptions_start, ABSOLUTE (.))
                0x0000000000001020                . = ALIGN (0x20)
 *(.irq)
 *(.exceptions.entry.label)
 *(.exceptions.entry.user)
 *(.exceptions.entry.ecc_fatal)
 *(.exceptions.entry)
 *(.exceptions.irqtest.user)
 *(.exceptions.irqtest)
 *(.exceptions.irqhandler.user)
 *(.exceptions.irqhandler)
 *(.exceptions.irqreturn.user)
 *(.exceptions.irqreturn)
 *(.exceptions.notirq.label)
 *(.exceptions.notirq.user)
 *(.exceptions.notirq)
 *(.exceptions.soft.user)
 *(.exceptions.soft)
 *(.exceptions.unknown.user)
 *(.exceptions.unknown)
 *(.exceptions.exit.label)
 *(.exceptions.exit.user)
 *(.exceptions.exit)
 *(.exceptions)
                0x0000000000001020                PROVIDE (__ram_exceptions_end, ABSOLUTE (.))
                0x0000000000001020                PROVIDE (__flash_exceptions_start, LOADADDR (.exceptions))

.text           0x0000000000001020      0x7d0
                [!provide]                        PROVIDE (stext, ABSOLUTE (.))
 *(.interp)
 *(.hash)
 *(.dynsym)
 *(.dynstr)
 *(.gnu.version)
 *(.gnu.version_d)
 *(.gnu.version_r)
 *(.rel.init)
 *(.rela.init)
 *(.rel.text .rel.text.* .rel.gnu.linkonce.t.*)
 *(.rela.text .rela.text.* .rela.gnu.linkonce.t.*)
 *(.rel.fini)
 *(.rela.fini)
 *(.rel.rodata .rel.rodata.* .rel.gnu.linkonce.r.*)
 *(.rela.rodata .rela.rodata.* .rela.gnu.linkonce.r.*)
 *(.rel.data .rel.data.* .rel.gnu.linkonce.d.*)
 *(.rela.data .rela.data.* .rela.gnu.linkonce.d.*)
 *(.rel.tdata .rel.tdata.* .rel.gnu.linkonce.td.*)
 *(.rela.tdata .rela.tdata.* .rela.gnu.linkonce.td.*)
 *(.rel.tbss .rel.tbss.* .rel.gnu.linkonce.tb.*)
 *(.rela.tbss .rela.tbss.* .rela.gnu.linkonce.tb.*)
 *(.rel.ctors)
 *(.rela.ctors)
 *(.rel.dtors)
 *(.rela.dtors)
 *(.rel.got)
 *(.rela.got)
 *(.rel.sdata .rel.sdata.* .rel.gnu.linkonce.s.*)
 *(.rela.sdata .rela.sdata.* .rela.gnu.linkonce.s.*)
 *(.rel.sbss .rel.sbss.* .rel.gnu.linkonce.sb.*)
 *(.rela.sbss .rela.sbss.* .rela.gnu.linkonce.sb.*)
 *(.rel.sdata2 .rel.sdata2.* .rel.gnu.linkonce.s2.*)
 *(.rela.sdata2 .rela.sdata2.* .rela.gnu.linkonce.s2.*)
 *(.rel.sbss2 .rel.sbss2.* .rel.gnu.linkonce.sb2.*)
 *(.rela.sbss2 .rela.sbss2.* .rela.gnu.linkonce.sb2.*)
 *(.rel.bss .rel.bss.* .rel.gnu.linkonce.b.*)
 *(.rela.bss .rela.bss.* .rela.gnu.linkonce.b.*)
 *(.rel.plt)
 *(.rela.plt)
 *(.rel.dyn)
 *(.init)
 *(.plt)
 *(.text .stub .text.* .gnu.linkonce.t.*)
 .text          0x0000000000001020       0x3c ../HelloNios_II_bsp//obj/HAL/src/crt0.o
                0x0000000000001020                _start
 .text          0x000000000000105c        0x0 obj/default/hello_world_small.o
 .text.startup  0x000000000000105c       0x48 obj/default/hello_world_small.o
                0x000000000000105c                main
 .text          0x00000000000010a4      0x20c obj/default/peripheral_linker.o
                0x00000000000010a4                timer_isr
                0x00000000000010d8                spi_command
                0x000000000000110c                delay_ms
                0x000000000000112c                adc_init
 .text          0x00000000000012b0       0x28 c:/intelfpga_lite/18.1/nios2eds/bin/gnu/h-x86_64-mingw32/bin/../lib/gcc/nios2-elf/5.3.0/mno-hw-mul\libgcc.a(lib2-mul.o)
                0x00000000000012b0                __mulsi3
 .text          0x00000000000012d8        0x0 c:/intelfpga_lite/18.1/nios2eds/bin/gnu/h-x86_64-mingw32/bin/../lib/gcc/nios2-elf/5.3.0/../../../../../H-x86_64-mingw32/nios2-elf/lib/mno-hw-mul\libsmallc.a(lib_a-memcpy.o)
 .text.memcpy   0x00000000000012d8       0x28 c:/intelfpga_lite/18.1/nios2eds/bin/gnu/h-x86_64-mingw32/bin/../lib/gcc/nios2-elf/5.3.0/../../../../../H-x86_64-mingw32/nios2-elf/lib/mno-hw-mul\libsmallc.a(lib_a-memcpy.o)
                0x00000000000012d8                memcpy
 .text          0x0000000000001300       0xe0 ../HelloNios_II_bsp/\libhal_bsp.a(alt_load.o)
                0x0000000000001300                alt_load
 .text          0x00000000000013e0       0x2c ../HelloNios_II_bsp/\libhal_bsp.a(alt_main.o)
                0x00000000000013e0                alt_main
 .text          0x000000000000140c       0x38 ../HelloNios_II_bsp/\libhal_bsp.a(alt_putstr.o)
                0x000000000000140c                alt_putstr
 .text          0x0000000000001444        0x4 ../HelloNios_II_bsp/\libhal_bsp.a(alt_usleep.o)
                0x0000000000001444                usleep
 .text          0x0000000000001448       0x24 ../HelloNios_II_bsp/\libhal_bsp.a(alt_sys_init.o)
                0x0000000000001448                alt_irq_init
                0x0000000000001468                alt_sys_init
 .text          0x000000000000146c       0x34 ../HelloNios_II_bsp/\libhal_bsp.a(altera_avalon_jtag_uart_write.o)
                0x000000000000146c                altera_avalon_jtag_uart_write
 .text          0x00000000000014a0       0xe8 ../HelloNios_II_bsp/\libhal_bsp.a(altera_avalon_spi.o)
                0x00000000000014a0                alt_avalon_spi_command
 .text          0x0000000000001588       0x88 ../HelloNios_II_bsp/\libhal_bsp.a(alt_busy_sleep.o)
                0x0000000000001588                alt_busy_sleep
 .text          0x0000000000001610        0x4 ../HelloNios_II_bsp/\libhal_bsp.a(alt_dcache_flush_all.o)
                0x0000000000001610                alt_dcache_flush_all
 .text          0x0000000000001614        0x4 ../HelloNios_II_bsp/\libhal_bsp.a(alt_icache_flush_all.o)
                0x0000000000001614                alt_icache_flush_all
 .text          0x0000000000001618        0x8 ../HelloNios_II_bsp/\libhal_bsp.a(altera_nios2_gen2_irq.o)
                0x0000000000001618                altera_nios2_gen2_irq_init
 .text          0x0000000000001620        0x0 c:/intelfpga_lite/18.1/nios2eds/bin/gnu/h-x86_64-mingw32/bin/../lib/gcc/nios2-elf/5.3.0/../../../../../H-x86_64-mingw32/nios2-elf/lib/mno-hw-mul\libsmallc.a(lib_a-strlen.o)
 .text.strlen   0x0000000000001620       0x1c c:/intelfpga_lite/18.1/nios2eds/bin/gnu/h-x86_64-mingw32/bin/../lib/gcc/nios2-elf/5.3.0/../../../../../H-x86_64-mingw32/nios2-elf/lib/mno-hw-mul\libsmallc.a(lib_a-strlen.o)
                0x0000000000001620                strlen
 .text          0x000000000000163c      0x1b4 c:/intelfpga_lite/18.1/nios2eds/bin/gnu/h-x86_64-mingw32/bin/../lib/gcc/nios2-elf/5.3.0/mno-hw-mul\libgcc.a(lib2-divmod.o)
                0x000000000000163c                __divsi3
                0x00000000000016c0                __modsi3
                0x0000000000001734                __udivsi3
                0x0000000000001798                __umodsi3
 *(.gnu.warning.*)
 *(.fini)
                [!provide]                        PROVIDE (__etext, ABSOLUTE (.))
                [!provide]                        PROVIDE (_etext, ABSOLUTE (.))
                [!provide]                        PROVIDE (etext, ABSOLUTE (.))
 *(.eh_frame_hdr)
                0x00000000000017f0                . = ALIGN (0x4)
                [!provide]                        PROVIDE (__preinit_array_start, ABSOLUTE (.))
 *(.preinit_array)
                [!provide]                        PROVIDE (__preinit_array_end, ABSOLUTE (.))
                [!provide]                        PROVIDE (__init_array_start, ABSOLUTE (.))
 *(.init_array)
                [!provide]                        PROVIDE (__init_array_end, ABSOLUTE (.))
                [!provide]                        PROVIDE (__fini_array_start, ABSOLUTE (.))
 *(.fini_array)
                [!provide]                        PROVIDE (__fini_array_end, ABSOLUTE (.))
 *(.eh_frame)
 *(.gcc_except_table .gcc_except_table.*)
 *(.dynamic)
                [!provide]                        PROVIDE (__CTOR_LIST__, ABSOLUTE (.))
 *(.ctors)
 *(SORT(.ctors.*))
                [!provide]                        PROVIDE (__CTOR_END__, ABSOLUTE (.))
                [!provide]                        PROVIDE (__DTOR_LIST__, ABSOLUTE (.))
 *(.dtors)
 *(SORT(.dtors.*))
                [!provide]                        PROVIDE (__DTOR_END__, ABSOLUTE (.))
 *(.jcr)
                0x00000000000017f0                . = ALIGN (0x4)

.rodata         0x00000000000017f0       0x34
                0x00000000000017f0                PROVIDE (__ram_rodata_start, ABSOLUTE (.))
                0x00000000000017f0                . = ALIGN (0x4)
 *(.rodata .rodata.* .gnu.linkonce.r.*)
 .rodata.str1.4
                0x00000000000017f0       0x10 obj/default/hello_world_small.o
 .rodata.str1.4
                0x0000000000001800       0x18 obj/default/peripheral_linker.o
                                         0x15 (size before relaxing)
 .rodata        0x0000000000001818        0xc obj/default/peripheral_linker.o
 *(.rodata1)
                0x0000000000001824                . = ALIGN (0x4)
                0x0000000000001824                PROVIDE (__ram_rodata_end, ABSOLUTE (.))
                0x00000000000017f0                PROVIDE (__flash_rodata_start, LOADADDR (.rodata))

.rwdata         0x0000000000001824        0x4 load address 0x0000000000001828
                0x0000000000001824                PROVIDE (__ram_rwdata_start, ABSOLUTE (.))
                0x0000000000001824                . = ALIGN (0x4)
 *(.got.plt)
 *(.got)
 *(.data1)
 *(.data .data.* .gnu.linkonce.d.*)
 .data          0x0000000000001824        0x0 ../HelloNios_II_bsp//obj/HAL/src/crt0.o
 .data          0x0000000000001824        0x0 obj/default/hello_world_small.o
 .data          0x0000000000001824        0x0 obj/default/peripheral_linker.o
 .data          0x0000000000001824        0x0 c:/intelfpga_lite/18.1/nios2eds/bin/gnu/h-x86_64-mingw32/bin/../lib/gcc/nios2-elf/5.3.0/mno-hw-mul\libgcc.a(lib2-mul.o)
 .data          0x0000000000001824        0x0 c:/intelfpga_lite/18.1/nios2eds/bin/gnu/h-x86_64-mingw32/bin/../lib/gcc/nios2-elf/5.3.0/../../../../../H-x86_64-mingw32/nios2-elf/lib/mno-hw-mul\libsmallc.a(lib_a-memcpy.o)
 .data          0x0000000000001824        0x0 ../HelloNios_II_bsp/\libhal_bsp.a(alt_load.o)
 .data          0x0000000000001824        0x0 ../HelloNios_II_bsp/\libhal_bsp.a(alt_main.o)
 .data          0x0000000000001824        0x0 ../HelloNios_II_bsp/\libhal_bsp.a(alt_putstr.o)
 .data          0x0000000000001824        0x0 ../HelloNios_II_bsp/\libhal_bsp.a(alt_usleep.o)
 .data          0x0000000000001824        0x0 ../HelloNios_II_bsp/\libhal_bsp.a(alt_sys_init.o)
 .data          0x0000000000001824        0x0 ../HelloNios_II_bsp/\libhal_bsp.a(altera_avalon_jtag_uart_write.o)
 .data          0x0000000000001824        0x0 ../HelloNios_II_bsp/\libhal_bsp.a(altera_avalon_spi.o)
 .data          0x0000000000001824        0x0 ../HelloNios_II_bsp/\libhal_bsp.a(alt_busy_sleep.o)
 .data          0x0000000000001824        0x0 ../HelloNios_II_bsp/\libhal_bsp.a(alt_dcache_flush_all.o)
 .data          0x0000000000001824        0x0 ../HelloNios_II_bsp/\libhal_bsp.a(alt_icache_flush_all.o)
 .data          0x0000000000001824        0x0 ../HelloNios_II_bsp/\libhal_bsp.a(altera_nios2_gen2_irq.o)
 .data          0x0000000000001824        0x0 c:/intelfpga_lite/18.1/nios2eds/bin/gnu/h-x86_64-mingw32/bin/../lib/gcc/nios2-elf/5.3.0/../../../../../H-x86_64-mingw32/nios2-elf/lib/mno-hw-mul\libsmallc.a(lib_a-strlen.o)
 .data          0x0000000000001824        0x0 c:/intelfpga_lite/18.1/nios2eds/bin/gnu/h-x86_64-mingw32/bin/../lib/gcc/nios2-elf/5.3.0/mno-hw-mul\libgcc.a(lib2-divmod.o)
                0x0000000000009824                _gp = ABSOLUTE ((. + 0x8000))
                [!provide]                        PROVIDE (gp, _gp)
 *(.rwdata .rwdata.*)
 *(.sdata .sdata.* .gnu.linkonce.s.*)
 .sdata         0x0000000000001824        0x4 ../HelloNios_II_bsp/\libhal_bsp.a(alt_sys_init.o)
                0x0000000000001824                DEBUG
 *(.sdata2 .sdata2.* .gnu.linkonce.s2.*)
                0x0000000000001828                . = ALIGN (0x4)
                0x0000000000001828                _edata = ABSOLUTE (.)
                [!provide]                        PROVIDE (edata, ABSOLUTE (.))
                0x0000000000001828                PROVIDE (__ram_rwdata_end, ABSOLUTE (.))
                0x0000000000001828                PROVIDE (__flash_rwdata_start, LOADADDR (.rwdata))

.bss            0x000000000000182c       0x10
                0x000000000000182c                __bss_start = ABSOLUTE (.)
                [!provide]                        PROVIDE (__sbss_start, ABSOLUTE (.))
                [!provide]                        PROVIDE (___sbss_start, ABSOLUTE (.))
 *(.dynsbss)
 *(.sbss .sbss.* .gnu.linkonce.sb.*)
 .sbss          0x000000000000182c        0x4 obj/default/peripheral_linker.o
 .sbss          0x0000000000001830        0xc ../HelloNios_II_bsp/\libhal_bsp.a(alt_main.o)
                0x0000000000001830                alt_envp
                0x0000000000001834                alt_argv
                0x0000000000001838                alt_argc
 *(.sbss2 .sbss2.* .gnu.linkonce.sb2.*)
 *(.scommon)
                [!provide]                        PROVIDE (__sbss_end, ABSOLUTE (.))
                [!provide]                        PROVIDE (___sbss_end, ABSOLUTE (.))
 *(.dynbss)
 *(.bss .bss.* .gnu.linkonce.b.*)
 .bss           0x000000000000183c        0x0 ../HelloNios_II_bsp//obj/HAL/src/crt0.o
 .bss           0x000000000000183c        0x0 obj/default/hello_world_small.o
 .bss           0x000000000000183c        0x0 obj/default/peripheral_linker.o
 .bss           0x000000000000183c        0x0 c:/intelfpga_lite/18.1/nios2eds/bin/gnu/h-x86_64-mingw32/bin/../lib/gcc/nios2-elf/5.3.0/mno-hw-mul\libgcc.a(lib2-mul.o)
 .bss           0x000000000000183c        0x0 c:/intelfpga_lite/18.1/nios2eds/bin/gnu/h-x86_64-mingw32/bin/../lib/gcc/nios2-elf/5.3.0/../../../../../H-x86_64-mingw32/nios2-elf/lib/mno-hw-mul\libsmallc.a(lib_a-memcpy.o)
 .bss           0x000000000000183c        0x0 ../HelloNios_II_bsp/\libhal_bsp.a(alt_load.o)
 .bss           0x000000000000183c        0x0 ../HelloNios_II_bsp/\libhal_bsp.a(alt_main.o)
 .bss           0x000000000000183c        0x0 ../HelloNios_II_bsp/\libhal_bsp.a(alt_putstr.o)
 .bss           0x000000000000183c        0x0 ../HelloNios_II_bsp/\libhal_bsp.a(alt_usleep.o)
 .bss           0x000000000000183c        0x0 ../HelloNios_II_bsp/\libhal_bsp.a(alt_sys_init.o)
 .bss           0x000000000000183c        0x0 ../HelloNios_II_bsp/\libhal_bsp.a(altera_avalon_jtag_uart_write.o)
 .bss           0x000000000000183c        0x0 ../HelloNios_II_bsp/\libhal_bsp.a(altera_avalon_spi.o)
 .bss           0x000000000000183c        0x0 ../HelloNios_II_bsp/\libhal_bsp.a(alt_busy_sleep.o)
 .bss           0x000000000000183c        0x0 ../HelloNios_II_bsp/\libhal_bsp.a(alt_dcache_flush_all.o)
 .bss           0x000000000000183c        0x0 ../HelloNios_II_bsp/\libhal_bsp.a(alt_icache_flush_all.o)
 .bss           0x000000000000183c        0x0 ../HelloNios_II_bsp/\libhal_bsp.a(altera_nios2_gen2_irq.o)
 .bss           0x000000000000183c        0x0 c:/intelfpga_lite/18.1/nios2eds/bin/gnu/h-x86_64-mingw32/bin/../lib/gcc/nios2-elf/5.3.0/../../../../../H-x86_64-mingw32/nios2-elf/lib/mno-hw-mul\libsmallc.a(lib_a-strlen.o)
 .bss           0x000000000000183c        0x0 c:/intelfpga_lite/18.1/nios2eds/bin/gnu/h-x86_64-mingw32/bin/../lib/gcc/nios2-elf/5.3.0/mno-hw-mul\libgcc.a(lib2-divmod.o)
 *(COMMON)
                0x000000000000183c                . = ALIGN (0x4)
                0x000000000000183c                __bss_end = ABSOLUTE (.)

.SRAM           0x000000000000183c        0x0
                [!provide]                        PROVIDE (_alt_partition_SRAM_start, ABSOLUTE (.))
 *(.SRAM .SRAM. SRAM.*)
                0x000000000000183c                . = ALIGN (0x4)
                [!provide]                        PROVIDE (_alt_partition_SRAM_end, ABSOLUTE (.))
                0x000000000000183c                _end = ABSOLUTE (.)
                0x000000000000183c                end = ABSOLUTE (.)
                0x000000000000183c                __alt_stack_base = ABSOLUTE (.)
                [!provide]                        PROVIDE (_alt_partition_SRAM_load_addr, LOADADDR (.SRAM))

.stab
 *(.stab)

.stabstr
 *(.stabstr)

.stab.excl
 *(.stab.excl)

.stab.exclstr
 *(.stab.exclstr)

.stab.index
 *(.stab.index)

.stab.indexstr
 *(.stab.indexstr)

.comment        0x0000000000000000       0x23
 *(.comment)
 .comment       0x0000000000000000       0x23 obj/default/hello_world_small.o
                                         0x24 (size before relaxing)
 .comment       0x0000000000000023       0x24 obj/default/peripheral_linker.o
 .comment       0x0000000000000023       0x24 c:/intelfpga_lite/18.1/nios2eds/bin/gnu/h-x86_64-mingw32/bin/../lib/gcc/nios2-elf/5.3.0/mno-hw-mul\libgcc.a(lib2-mul.o)
 .comment       0x0000000000000023       0x24 c:/intelfpga_lite/18.1/nios2eds/bin/gnu/h-x86_64-mingw32/bin/../lib/gcc/nios2-elf/5.3.0/../../../../../H-x86_64-mingw32/nios2-elf/lib/mno-hw-mul\libsmallc.a(lib_a-memcpy.o)
 .comment       0x0000000000000023       0x24 ../HelloNios_II_bsp/\libhal_bsp.a(alt_load.o)
 .comment       0x0000000000000023       0x24 ../HelloNios_II_bsp/\libhal_bsp.a(alt_main.o)
 .comment       0x0000000000000023       0x24 ../HelloNios_II_bsp/\libhal_bsp.a(alt_putstr.o)
 .comment       0x0000000000000023       0x24 ../HelloNios_II_bsp/\libhal_bsp.a(alt_usleep.o)
 .comment       0x0000000000000023       0x24 ../HelloNios_II_bsp/\libhal_bsp.a(alt_sys_init.o)
 .comment       0x0000000000000023       0x24 ../HelloNios_II_bsp/\libhal_bsp.a(altera_avalon_jtag_uart_write.o)
 .comment       0x0000000000000023       0x24 ../HelloNios_II_bsp/\libhal_bsp.a(altera_avalon_spi.o)
 .comment       0x0000000000000023       0x24 ../HelloNios_II_bsp/\libhal_bsp.a(alt_busy_sleep.o)
 .comment       0x0000000000000023       0x24 ../HelloNios_II_bsp/\libhal_bsp.a(alt_dcache_flush_all.o)
 .comment       0x0000000000000023       0x24 ../HelloNios_II_bsp/\libhal_bsp.a(alt_icache_flush_all.o)
 .comment       0x0000000000000023       0x24 ../HelloNios_II_bsp/\libhal_bsp.a(altera_nios2_gen2_irq.o)
 .comment       0x0000000000000023       0x24 c:/intelfpga_lite/18.1/nios2eds/bin/gnu/h-x86_64-mingw32/bin/../lib/gcc/nios2-elf/5.3.0/../../../../../H-x86_64-mingw32/nios2-elf/lib/mno-hw-mul\libsmallc.a(lib_a-strlen.o)
 .comment       0x0000000000000023       0x24 c:/intelfpga_lite/18.1/nios2eds/bin/gnu/h-x86_64-mingw32/bin/../lib/gcc/nios2-elf/5.3.0/mno-hw-mul\libgcc.a(lib2-divmod.o)

.debug
 *(.debug)

.line
 *(.line)

.debug_srcinfo
 *(.debug_srcinfo)

.debug_sfnames
 *(.debug_sfnames)

.debug_aranges  0x0000000000000000      0x248
 *(.debug_aranges)
 .debug_aranges
                0x0000000000000000       0x28 ../HelloNios_II_bsp//obj/HAL/src/crt0.o
 .debug_aranges
                0x0000000000000028       0x20 obj/default/hello_world_small.o
 .debug_aranges
                0x0000000000000048       0x20 obj/default/peripheral_linker.o
 .debug_aranges
                0x0000000000000068       0x20 c:/intelfpga_lite/18.1/nios2eds/bin/gnu/h-x86_64-mingw32/bin/../lib/gcc/nios2-elf/5.3.0/mno-hw-mul\libgcc.a(lib2-mul.o)
 .debug_aranges
                0x0000000000000088       0x20 c:/intelfpga_lite/18.1/nios2eds/bin/gnu/h-x86_64-mingw32/bin/../lib/gcc/nios2-elf/5.3.0/../../../../../H-x86_64-mingw32/nios2-elf/lib/mno-hw-mul\libsmallc.a(lib_a-memcpy.o)
 .debug_aranges
                0x00000000000000a8       0x20 ../HelloNios_II_bsp/\libhal_bsp.a(alt_load.o)
 .debug_aranges
                0x00000000000000c8       0x20 ../HelloNios_II_bsp/\libhal_bsp.a(alt_main.o)
 .debug_aranges
                0x00000000000000e8       0x20 ../HelloNios_II_bsp/\libhal_bsp.a(alt_putstr.o)
 .debug_aranges
                0x0000000000000108       0x20 ../HelloNios_II_bsp/\libhal_bsp.a(alt_usleep.o)
 .debug_aranges
                0x0000000000000128       0x20 ../HelloNios_II_bsp/\libhal_bsp.a(alt_sys_init.o)
 .debug_aranges
                0x0000000000000148       0x20 ../HelloNios_II_bsp/\libhal_bsp.a(altera_avalon_jtag_uart_write.o)
 .debug_aranges
                0x0000000000000168       0x20 ../HelloNios_II_bsp/\libhal_bsp.a(altera_avalon_spi.o)
 .debug_aranges
                0x0000000000000188       0x20 ../HelloNios_II_bsp/\libhal_bsp.a(alt_busy_sleep.o)
 .debug_aranges
                0x00000000000001a8       0x20 ../HelloNios_II_bsp/\libhal_bsp.a(alt_dcache_flush_all.o)
 .debug_aranges
                0x00000000000001c8       0x20 ../HelloNios_II_bsp/\libhal_bsp.a(alt_icache_flush_all.o)
 .debug_aranges
                0x00000000000001e8       0x20 ../HelloNios_II_bsp/\libhal_bsp.a(altera_nios2_gen2_irq.o)
 .debug_aranges
                0x0000000000000208       0x20 c:/intelfpga_lite/18.1/nios2eds/bin/gnu/h-x86_64-mingw32/bin/../lib/gcc/nios2-elf/5.3.0/../../../../../H-x86_64-mingw32/nios2-elf/lib/mno-hw-mul\libsmallc.a(lib_a-strlen.o)
 .debug_aranges
                0x0000000000000228       0x20 c:/intelfpga_lite/18.1/nios2eds/bin/gnu/h-x86_64-mingw32/bin/../lib/gcc/nios2-elf/5.3.0/mno-hw-mul\libgcc.a(lib2-divmod.o)

.debug_pubnames
 *(.debug_pubnames)

.debug_info     0x0000000000000000     0x18e7
 *(.debug_info .gnu.linkonce.wi.*)
 .debug_info    0x0000000000000000       0xa5 ../HelloNios_II_bsp//obj/HAL/src/crt0.o
 .debug_info    0x00000000000000a5      0x121 obj/default/hello_world_small.o
 .debug_info    0x00000000000001c6      0x532 obj/default/peripheral_linker.o
 .debug_info    0x00000000000006f8       0xb4 c:/intelfpga_lite/18.1/nios2eds/bin/gnu/h-x86_64-mingw32/bin/../lib/gcc/nios2-elf/5.3.0/mno-hw-mul\libgcc.a(lib2-mul.o)
 .debug_info    0x00000000000007ac      0x119 c:/intelfpga_lite/18.1/nios2eds/bin/gnu/h-x86_64-mingw32/bin/../lib/gcc/nios2-elf/5.3.0/../../../../../H-x86_64-mingw32/nios2-elf/lib/mno-hw-mul\libsmallc.a(lib_a-memcpy.o)
 .debug_info    0x00000000000008c5      0x1c9 ../HelloNios_II_bsp/\libhal_bsp.a(alt_load.o)
 .debug_info    0x0000000000000a8e      0x169 ../HelloNios_II_bsp/\libhal_bsp.a(alt_main.o)
 .debug_info    0x0000000000000bf7      0x13a ../HelloNios_II_bsp/\libhal_bsp.a(alt_putstr.o)
 .debug_info    0x0000000000000d31       0xd1 ../HelloNios_II_bsp/\libhal_bsp.a(alt_usleep.o)
 .debug_info    0x0000000000000e02      0x19d ../HelloNios_II_bsp/\libhal_bsp.a(alt_sys_init.o)
 .debug_info    0x0000000000000f9f      0x197 ../HelloNios_II_bsp/\libhal_bsp.a(altera_avalon_jtag_uart_write.o)
 .debug_info    0x0000000000001136      0x194 ../HelloNios_II_bsp/\libhal_bsp.a(altera_avalon_spi.o)
 .debug_info    0x00000000000012ca       0xd8 ../HelloNios_II_bsp/\libhal_bsp.a(alt_busy_sleep.o)
 .debug_info    0x00000000000013a2       0x92 ../HelloNios_II_bsp/\libhal_bsp.a(alt_dcache_flush_all.o)
 .debug_info    0x0000000000001434       0x92 ../HelloNios_II_bsp/\libhal_bsp.a(alt_icache_flush_all.o)
 .debug_info    0x00000000000014c6       0x92 ../HelloNios_II_bsp/\libhal_bsp.a(altera_nios2_gen2_irq.o)
 .debug_info    0x0000000000001558       0xc9 c:/intelfpga_lite/18.1/nios2eds/bin/gnu/h-x86_64-mingw32/bin/../lib/gcc/nios2-elf/5.3.0/../../../../../H-x86_64-mingw32/nios2-elf/lib/mno-hw-mul\libsmallc.a(lib_a-strlen.o)
 .debug_info    0x0000000000001621      0x2c6 c:/intelfpga_lite/18.1/nios2eds/bin/gnu/h-x86_64-mingw32/bin/../lib/gcc/nios2-elf/5.3.0/mno-hw-mul\libgcc.a(lib2-divmod.o)

.debug_abbrev   0x0000000000000000      0xbe8
 *(.debug_abbrev)
 .debug_abbrev  0x0000000000000000       0x12 ../HelloNios_II_bsp//obj/HAL/src/crt0.o
 .debug_abbrev  0x0000000000000012       0xa3 obj/default/hello_world_small.o
 .debug_abbrev  0x00000000000000b5      0x197 obj/default/peripheral_linker.o
 .debug_abbrev  0x000000000000024c       0x6f c:/intelfpga_lite/18.1/nios2eds/bin/gnu/h-x86_64-mingw32/bin/../lib/gcc/nios2-elf/5.3.0/mno-hw-mul\libgcc.a(lib2-mul.o)
 .debug_abbrev  0x00000000000002bb       0x9c c:/intelfpga_lite/18.1/nios2eds/bin/gnu/h-x86_64-mingw32/bin/../lib/gcc/nios2-elf/5.3.0/../../../../../H-x86_64-mingw32/nios2-elf/lib/mno-hw-mul\libsmallc.a(lib_a-memcpy.o)
 .debug_abbrev  0x0000000000000357       0xd8 ../HelloNios_II_bsp/\libhal_bsp.a(alt_load.o)
 .debug_abbrev  0x000000000000042f       0xee ../HelloNios_II_bsp/\libhal_bsp.a(alt_main.o)
 .debug_abbrev  0x000000000000051d       0xd3 ../HelloNios_II_bsp/\libhal_bsp.a(alt_putstr.o)
 .debug_abbrev  0x00000000000005f0       0x8d ../HelloNios_II_bsp/\libhal_bsp.a(alt_usleep.o)
 .debug_abbrev  0x000000000000067d      0x10e ../HelloNios_II_bsp/\libhal_bsp.a(alt_sys_init.o)
 .debug_abbrev  0x000000000000078b       0xd5 ../HelloNios_II_bsp/\libhal_bsp.a(altera_avalon_jtag_uart_write.o)
 .debug_abbrev  0x0000000000000860       0xa8 ../HelloNios_II_bsp/\libhal_bsp.a(altera_avalon_spi.o)
 .debug_abbrev  0x0000000000000908       0x8d ../HelloNios_II_bsp/\libhal_bsp.a(alt_busy_sleep.o)
 .debug_abbrev  0x0000000000000995       0x42 ../HelloNios_II_bsp/\libhal_bsp.a(alt_dcache_flush_all.o)
 .debug_abbrev  0x00000000000009d7       0x42 ../HelloNios_II_bsp/\libhal_bsp.a(alt_icache_flush_all.o)
 .debug_abbrev  0x0000000000000a19       0x42 ../HelloNios_II_bsp/\libhal_bsp.a(altera_nios2_gen2_irq.o)
 .debug_abbrev  0x0000000000000a5b       0x7f c:/intelfpga_lite/18.1/nios2eds/bin/gnu/h-x86_64-mingw32/bin/../lib/gcc/nios2-elf/5.3.0/../../../../../H-x86_64-mingw32/nios2-elf/lib/mno-hw-mul\libsmallc.a(lib_a-strlen.o)
 .debug_abbrev  0x0000000000000ada      0x10e c:/intelfpga_lite/18.1/nios2eds/bin/gnu/h-x86_64-mingw32/bin/../lib/gcc/nios2-elf/5.3.0/mno-hw-mul\libgcc.a(lib2-divmod.o)

.debug_line     0x0000000000000000      0xdde
 *(.debug_line)
 .debug_line    0x0000000000000000       0x66 ../HelloNios_II_bsp//obj/HAL/src/crt0.o
 .debug_line    0x0000000000000066       0xd6 obj/default/hello_world_small.o
 .debug_line    0x000000000000013c      0x123 obj/default/peripheral_linker.o
 .debug_line    0x000000000000025f       0x80 c:/intelfpga_lite/18.1/nios2eds/bin/gnu/h-x86_64-mingw32/bin/../lib/gcc/nios2-elf/5.3.0/mno-hw-mul\libgcc.a(lib2-mul.o)
 .debug_line    0x00000000000002df      0x15e c:/intelfpga_lite/18.1/nios2eds/bin/gnu/h-x86_64-mingw32/bin/../lib/gcc/nios2-elf/5.3.0/../../../../../H-x86_64-mingw32/nios2-elf/lib/mno-hw-mul\libsmallc.a(lib_a-memcpy.o)
 .debug_line    0x000000000000043d       0xa4 ../HelloNios_II_bsp/\libhal_bsp.a(alt_load.o)
 .debug_line    0x00000000000004e1       0xbd ../HelloNios_II_bsp/\libhal_bsp.a(alt_main.o)
 .debug_line    0x000000000000059e       0xa0 ../HelloNios_II_bsp/\libhal_bsp.a(alt_putstr.o)
 .debug_line    0x000000000000063e       0xcf ../HelloNios_II_bsp/\libhal_bsp.a(alt_usleep.o)
 .debug_line    0x000000000000070d      0x11a ../HelloNios_II_bsp/\libhal_bsp.a(alt_sys_init.o)
 .debug_line    0x0000000000000827       0xf0 ../HelloNios_II_bsp/\libhal_bsp.a(altera_avalon_jtag_uart_write.o)
 .debug_line    0x0000000000000917       0xc5 ../HelloNios_II_bsp/\libhal_bsp.a(altera_avalon_spi.o)
 .debug_line    0x00000000000009dc       0xb5 ../HelloNios_II_bsp/\libhal_bsp.a(alt_busy_sleep.o)
 .debug_line    0x0000000000000a91       0x4e ../HelloNios_II_bsp/\libhal_bsp.a(alt_dcache_flush_all.o)
 .debug_line    0x0000000000000adf       0x4e ../HelloNios_II_bsp/\libhal_bsp.a(alt_icache_flush_all.o)
 .debug_line    0x0000000000000b2d       0x50 ../HelloNios_II_bsp/\libhal_bsp.a(altera_nios2_gen2_irq.o)
 .debug_line    0x0000000000000b7d      0x15c c:/intelfpga_lite/18.1/nios2eds/bin/gnu/h-x86_64-mingw32/bin/../lib/gcc/nios2-elf/5.3.0/../../../../../H-x86_64-mingw32/nios2-elf/lib/mno-hw-mul\libsmallc.a(lib_a-strlen.o)
 .debug_line    0x0000000000000cd9      0x105 c:/intelfpga_lite/18.1/nios2eds/bin/gnu/h-x86_64-mingw32/bin/../lib/gcc/nios2-elf/5.3.0/mno-hw-mul\libgcc.a(lib2-divmod.o)

.debug_frame    0x0000000000000000      0x31c
 *(.debug_frame)
 .debug_frame   0x0000000000000000       0x2c obj/default/hello_world_small.o
 .debug_frame   0x000000000000002c       0x88 obj/default/peripheral_linker.o
 .debug_frame   0x00000000000000b4       0x20 c:/intelfpga_lite/18.1/nios2eds/bin/gnu/h-x86_64-mingw32/bin/../lib/gcc/nios2-elf/5.3.0/mno-hw-mul\libgcc.a(lib2-mul.o)
 .debug_frame   0x00000000000000d4       0x20 c:/intelfpga_lite/18.1/nios2eds/bin/gnu/h-x86_64-mingw32/bin/../lib/gcc/nios2-elf/5.3.0/../../../../../H-x86_64-mingw32/nios2-elf/lib/mno-hw-mul\libsmallc.a(lib_a-memcpy.o)
 .debug_frame   0x00000000000000f4       0x30 ../HelloNios_II_bsp/\libhal_bsp.a(alt_load.o)
 .debug_frame   0x0000000000000124       0x2c ../HelloNios_II_bsp/\libhal_bsp.a(alt_main.o)
 .debug_frame   0x0000000000000150       0x30 ../HelloNios_II_bsp/\libhal_bsp.a(alt_putstr.o)
 .debug_frame   0x0000000000000180       0x20 ../HelloNios_II_bsp/\libhal_bsp.a(alt_usleep.o)
 .debug_frame   0x00000000000001a0       0x3c ../HelloNios_II_bsp/\libhal_bsp.a(alt_sys_init.o)
 .debug_frame   0x00000000000001dc       0x20 ../HelloNios_II_bsp/\libhal_bsp.a(altera_avalon_jtag_uart_write.o)
 .debug_frame   0x00000000000001fc       0x20 ../HelloNios_II_bsp/\libhal_bsp.a(altera_avalon_spi.o)
 .debug_frame   0x000000000000021c       0x30 ../HelloNios_II_bsp/\libhal_bsp.a(alt_busy_sleep.o)
 .debug_frame   0x000000000000024c       0x20 ../HelloNios_II_bsp/\libhal_bsp.a(alt_dcache_flush_all.o)
 .debug_frame   0x000000000000026c       0x20 ../HelloNios_II_bsp/\libhal_bsp.a(alt_icache_flush_all.o)
 .debug_frame   0x000000000000028c       0x20 ../HelloNios_II_bsp/\libhal_bsp.a(altera_nios2_gen2_irq.o)
 .debug_frame   0x00000000000002ac       0x20 c:/intelfpga_lite/18.1/nios2eds/bin/gnu/h-x86_64-mingw32/bin/../lib/gcc/nios2-elf/5.3.0/../../../../../H-x86_64-mingw32/nios2-elf/lib/mno-hw-mul\libsmallc.a(lib_a-strlen.o)
 .debug_frame   0x00000000000002cc       0x50 c:/intelfpga_lite/18.1/nios2eds/bin/gnu/h-x86_64-mingw32/bin/../lib/gcc/nios2-elf/5.3.0/mno-hw-mul\libgcc.a(lib2-divmod.o)

.debug_str      0x0000000000000000      0xa25
 *(.debug_str)
 .debug_str     0x0000000000000000      0x16c obj/default/hello_world_small.o
                                        0x1aa (size before relaxing)
 .debug_str     0x000000000000016c       0xcf obj/default/peripheral_linker.o
                                        0x25b (size before relaxing)
 .debug_str     0x000000000000023b      0x148 c:/intelfpga_lite/18.1/nios2eds/bin/gnu/h-x86_64-mingw32/bin/../lib/gcc/nios2-elf/5.3.0/mno-hw-mul\libgcc.a(lib2-mul.o)
                                        0x193 (size before relaxing)
 .debug_str     0x0000000000000383      0x14e c:/intelfpga_lite/18.1/nios2eds/bin/gnu/h-x86_64-mingw32/bin/../lib/gcc/nios2-elf/5.3.0/../../../../../H-x86_64-mingw32/nios2-elf/lib/mno-hw-mul\libsmallc.a(lib_a-memcpy.o)
                                        0x1f3 (size before relaxing)
 .debug_str     0x00000000000004d1      0x184 ../HelloNios_II_bsp/\libhal_bsp.a(alt_load.o)
                                        0x273 (size before relaxing)
 .debug_str     0x0000000000000655       0x8f ../HelloNios_II_bsp/\libhal_bsp.a(alt_main.o)
                                        0x1ec (size before relaxing)
 .debug_str     0x00000000000006e4       0x60 ../HelloNios_II_bsp/\libhal_bsp.a(alt_putstr.o)
                                        0x1c3 (size before relaxing)
 .debug_str     0x0000000000000744       0x2f ../HelloNios_II_bsp/\libhal_bsp.a(alt_usleep.o)
                                        0x18e (size before relaxing)
 .debug_str     0x0000000000000773       0xb9 ../HelloNios_II_bsp/\libhal_bsp.a(alt_sys_init.o)
                                        0x28f (size before relaxing)
 .debug_str     0x000000000000082c       0x38 ../HelloNios_II_bsp/\libhal_bsp.a(altera_avalon_jtag_uart_write.o)
                                        0x24c (size before relaxing)
 .debug_str     0x0000000000000864       0x74 ../HelloNios_II_bsp/\libhal_bsp.a(altera_avalon_spi.o)
                                        0x217 (size before relaxing)
 .debug_str     0x00000000000008d8       0x33 ../HelloNios_II_bsp/\libhal_bsp.a(alt_busy_sleep.o)
                                        0x1a2 (size before relaxing)
 .debug_str     0x000000000000090b       0x1f ../HelloNios_II_bsp/\libhal_bsp.a(alt_dcache_flush_all.o)
                                        0x18c (size before relaxing)
 .debug_str     0x000000000000092a       0x1f ../HelloNios_II_bsp/\libhal_bsp.a(alt_icache_flush_all.o)
                                        0x18c (size before relaxing)
 .debug_str     0x0000000000000949       0x20 ../HelloNios_II_bsp/\libhal_bsp.a(altera_nios2_gen2_irq.o)
                                        0x193 (size before relaxing)
 .debug_str     0x0000000000000969       0x3d c:/intelfpga_lite/18.1/nios2eds/bin/gnu/h-x86_64-mingw32/bin/../lib/gcc/nios2-elf/5.3.0/../../../../../H-x86_64-mingw32/nios2-elf/lib/mno-hw-mul\libsmallc.a(lib_a-strlen.o)
                                        0x1e5 (size before relaxing)
 .debug_str     0x00000000000009a6       0x7f c:/intelfpga_lite/18.1/nios2eds/bin/gnu/h-x86_64-mingw32/bin/../lib/gcc/nios2-elf/5.3.0/mno-hw-mul\libgcc.a(lib2-divmod.o)
                                        0x1d2 (size before relaxing)

.debug_loc      0x0000000000000000      0xb29
 *(.debug_loc)
 .debug_loc     0x0000000000000000       0x33 obj/default/hello_world_small.o
 .debug_loc     0x0000000000000033      0x14f obj/default/peripheral_linker.o
 .debug_loc     0x0000000000000182       0x93 c:/intelfpga_lite/18.1/nios2eds/bin/gnu/h-x86_64-mingw32/bin/../lib/gcc/nios2-elf/5.3.0/mno-hw-mul\libgcc.a(lib2-mul.o)
 .debug_loc     0x0000000000000215      0x135 c:/intelfpga_lite/18.1/nios2eds/bin/gnu/h-x86_64-mingw32/bin/../lib/gcc/nios2-elf/5.3.0/../../../../../H-x86_64-mingw32/nios2-elf/lib/mno-hw-mul\libsmallc.a(lib_a-memcpy.o)
 .debug_loc     0x000000000000034a       0x37 ../HelloNios_II_bsp/\libhal_bsp.a(alt_putstr.o)
 .debug_loc     0x0000000000000381       0x21 ../HelloNios_II_bsp/\libhal_bsp.a(alt_usleep.o)
 .debug_loc     0x00000000000003a2       0x21 ../HelloNios_II_bsp/\libhal_bsp.a(alt_sys_init.o)
 .debug_loc     0x00000000000003c3       0x8b ../HelloNios_II_bsp/\libhal_bsp.a(altera_avalon_jtag_uart_write.o)
 .debug_loc     0x000000000000044e      0x188 ../HelloNios_II_bsp/\libhal_bsp.a(altera_avalon_spi.o)
 .debug_loc     0x00000000000005d6       0x67 ../HelloNios_II_bsp/\libhal_bsp.a(alt_busy_sleep.o)
 .debug_loc     0x000000000000063d       0x1e c:/intelfpga_lite/18.1/nios2eds/bin/gnu/h-x86_64-mingw32/bin/../lib/gcc/nios2-elf/5.3.0/../../../../../H-x86_64-mingw32/nios2-elf/lib/mno-hw-mul\libsmallc.a(lib_a-strlen.o)
 .debug_loc     0x000000000000065b      0x4ce c:/intelfpga_lite/18.1/nios2eds/bin/gnu/h-x86_64-mingw32/bin/../lib/gcc/nios2-elf/5.3.0/mno-hw-mul\libgcc.a(lib2-divmod.o)

.debug_macinfo
 *(.debug_macinfo)

.debug_weaknames
 *(.debug_weaknames)

.debug_funcnames
 *(.debug_funcnames)

.debug_typenames
 *(.debug_typenames)

.debug_varnames
 *(.debug_varnames)

.debug_alt_sim_info
                0x0000000000000000       0x40
 *(.debug_alt_sim_info)
 .debug_alt_sim_info
                0x0000000000000000       0x10 ../HelloNios_II_bsp//obj/HAL/src/crt0.o
 .debug_alt_sim_info
                0x0000000000000010       0x30 ../HelloNios_II_bsp/\libhal_bsp.a(alt_busy_sleep.o)
                0x0000000000002000                __alt_data_end = 0x2000
                0x0000000000002000                PROVIDE (__alt_stack_pointer, __alt_data_end)
                [!provide]                        PROVIDE (__alt_stack_limit, __alt_stack_base)
                [!provide]                        PROVIDE (__alt_heap_start, end)
                [!provide]                        PROVIDE (__alt_heap_limit, 0x2000)
OUTPUT(HelloNios_II.elf elf32-littlenios2)

.debug_ranges   0x0000000000000000       0xf8
 .debug_ranges  0x0000000000000000       0x20 ../HelloNios_II_bsp//obj/HAL/src/crt0.o
 .debug_ranges  0x0000000000000020       0x10 obj/default/hello_world_small.o
 .debug_ranges  0x0000000000000030       0x10 c:/intelfpga_lite/18.1/nios2eds/bin/gnu/h-x86_64-mingw32/bin/../lib/gcc/nios2-elf/5.3.0/../../../../../H-x86_64-mingw32/nios2-elf/lib/mno-hw-mul\libsmallc.a(lib_a-memcpy.o)
 .debug_ranges  0x0000000000000040       0x48 ../HelloNios_II_bsp/\libhal_bsp.a(alt_load.o)
 .debug_ranges  0x0000000000000088       0x10 c:/intelfpga_lite/18.1/nios2eds/bin/gnu/h-x86_64-mingw32/bin/../lib/gcc/nios2-elf/5.3.0/../../../../../H-x86_64-mingw32/nios2-elf/lib/mno-hw-mul\libsmallc.a(lib_a-strlen.o)
 .debug_ranges  0x0000000000000098       0x60 c:/intelfpga_lite/18.1/nios2eds/bin/gnu/h-x86_64-mingw32/bin/../lib/gcc/nios2-elf/5.3.0/mno-hw-mul\libgcc.a(lib2-divmod.o)
