Archive member included to satisfy reference by file (symbol)

../HelloNios_II_bsp/\libhal_bsp.a(alt_iic.o)
                              obj/default/hello_world_small.o (alt_ic_isr_register)
../HelloNios_II_bsp/\libhal_bsp.a(alt_iic_isr_register.o)
                              ../HelloNios_II_bsp/\libhal_bsp.a(alt_iic.o) (alt_iic_isr_register)
../HelloNios_II_bsp/\libhal_bsp.a(alt_irq_entry.o)
                              ../HelloNios_II_bsp/\libhal_bsp.a(alt_iic_isr_register.o) (alt_irq_entry)
../HelloNios_II_bsp/\libhal_bsp.a(alt_irq_handler.o)
                              ../HelloNios_II_bsp/\libhal_bsp.a(alt_iic_isr_register.o) (alt_irq_handler)
../HelloNios_II_bsp/\libhal_bsp.a(alt_irq_vars.o)
                              ../HelloNios_II_bsp/\libhal_bsp.a(alt_iic.o) (alt_irq_active)
../HelloNios_II_bsp/\libhal_bsp.a(alt_load.o)
                              ../HelloNios_II_bsp//obj/HAL/src/crt0.o (alt_load)
../HelloNios_II_bsp/\libhal_bsp.a(alt_main.o)
                              ../HelloNios_II_bsp//obj/HAL/src/crt0.o (alt_main)
../HelloNios_II_bsp/\libhal_bsp.a(alt_putstr.o)
                              obj/default/hello_world_small.o (alt_putstr)
../HelloNios_II_bsp/\libhal_bsp.a(alt_sys_init.o)
                              ../HelloNios_II_bsp/\libhal_bsp.a(alt_main.o) (alt_irq_init)
../HelloNios_II_bsp/\libhal_bsp.a(altera_avalon_jtag_uart_write.o)
                              ../HelloNios_II_bsp/\libhal_bsp.a(alt_putstr.o) (altera_avalon_jtag_uart_write)
../HelloNios_II_bsp/\libhal_bsp.a(alt_dcache_flush_all.o)
                              ../HelloNios_II_bsp/\libhal_bsp.a(alt_load.o) (alt_dcache_flush_all)
../HelloNios_II_bsp/\libhal_bsp.a(alt_exception_entry.o)
                              ../HelloNios_II_bsp/\libhal_bsp.a(alt_irq_entry.o) (alt_exception)
../HelloNios_II_bsp/\libhal_bsp.a(alt_icache_flush_all.o)
                              ../HelloNios_II_bsp/\libhal_bsp.a(alt_load.o) (alt_icache_flush_all)
../HelloNios_II_bsp/\libhal_bsp.a(alt_instruction_exception_entry.o)
                              ../HelloNios_II_bsp/\libhal_bsp.a(alt_exception_entry.o) (alt_instruction_exception_entry)
../HelloNios_II_bsp/\libhal_bsp.a(altera_nios2_gen2_irq.o)
                              ../HelloNios_II_bsp/\libhal_bsp.a(alt_sys_init.o) (altera_nios2_gen2_irq_init)
c:/intelfpga_lite/18.1/nios2eds/bin/gnu/h-x86_64-mingw32/bin/../lib/gcc/nios2-elf/5.3.0/../../../../../H-x86_64-mingw32/nios2-elf/lib/mno-hw-mul\libsmallc.a(lib_a-strlen.o)
                              ../HelloNios_II_bsp/\libhal_bsp.a(alt_putstr.o) (strlen)

Allocating common symbols
Common symbol       size              file

alt_irq             0x100             ../HelloNios_II_bsp/\libhal_bsp.a(alt_irq_handler.o)

Memory Configuration

Name             Origin             Length             Attributes
reset            0x0000000000001000 0x0000000000000020
SRAM             0x0000000000001020 0x0000000000000fe0
*default*        0x0000000000000000 0xffffffffffffffff

Linker script and memory map

LOAD ../HelloNios_II_bsp//obj/HAL/src/crt0.o
LOAD obj/default/hello_world_small.o
LOAD c:/intelfpga_lite/18.1/nios2eds/bin/gnu/h-x86_64-mingw32/bin/../lib/gcc/nios2-elf/5.3.0/../../../../../H-x86_64-mingw32/nios2-elf/lib/mno-hw-mul\libstdc++.a
LOAD c:/intelfpga_lite/18.1/nios2eds/bin/gnu/h-x86_64-mingw32/bin/../lib/gcc/nios2-elf/5.3.0/../../../../../H-x86_64-mingw32/nios2-elf/lib/mno-hw-mul\libm.a
LOAD c:/intelfpga_lite/18.1/nios2eds/bin/gnu/h-x86_64-mingw32/bin/../lib/gcc/nios2-elf/5.3.0/mno-hw-mul\libgcc.a
START GROUP
LOAD c:/intelfpga_lite/18.1/nios2eds/bin/gnu/h-x86_64-mingw32/bin/../lib/gcc/nios2-elf/5.3.0/../../../../../H-x86_64-mingw32/nios2-elf/lib/mno-hw-mul\libsmallc.a
LOAD c:/intelfpga_lite/18.1/nios2eds/bin/gnu/h-x86_64-mingw32/bin/../lib/gcc/nios2-elf/5.3.0/mno-hw-mul\libgcc.a
LOAD ../HelloNios_II_bsp/\libhal_bsp.a
LOAD c:/intelfpga_lite/18.1/nios2eds/bin/gnu/h-x86_64-mingw32/bin/../lib/gcc/nios2-elf/5.3.0/../../../../../H-x86_64-mingw32/nios2-elf/lib/mno-hw-mul\libm.a
END GROUP
LOAD c:/intelfpga_lite/18.1/nios2eds/bin/gnu/h-x86_64-mingw32/bin/../lib/gcc/nios2-elf/5.3.0/mno-hw-mul\libgcc.a
                0x0000000000001000                __alt_mem_SRAM = 0x1000

.entry          0x0000000000001000       0x20
 *(.entry)
 .entry         0x0000000000001000       0x20 ../HelloNios_II_bsp//obj/HAL/src/crt0.o
                0x0000000000001000                __reset
                0x000000000000100c                _exit

.exceptions     0x0000000000001020      0x160
                0x0000000000001020                PROVIDE (__ram_exceptions_start, ABSOLUTE (.))
                0x0000000000001020                . = ALIGN (0x20)
 *(.irq)
 *(.exceptions.entry.label)
 .exceptions.entry.label
                0x0000000000001020        0x0 ../HelloNios_II_bsp/\libhal_bsp.a(alt_irq_entry.o)
                0x0000000000001020                alt_irq_entry
 .exceptions.entry.label
                0x0000000000001020        0x0 ../HelloNios_II_bsp/\libhal_bsp.a(alt_exception_entry.o)
                0x0000000000001020                alt_exception
 *(.exceptions.entry.user)
 *(.exceptions.entry.ecc_fatal)
 *(.exceptions.entry)
 .exceptions.entry
                0x0000000000001020       0x54 ../HelloNios_II_bsp/\libhal_bsp.a(alt_exception_entry.o)
 *(.exceptions.irqtest.user)
 *(.exceptions.irqtest)
 .exceptions.irqtest
                0x0000000000001074       0x10 ../HelloNios_II_bsp/\libhal_bsp.a(alt_irq_entry.o)
 *(.exceptions.irqhandler.user)
 *(.exceptions.irqhandler)
 .exceptions.irqhandler
                0x0000000000001084        0x4 ../HelloNios_II_bsp/\libhal_bsp.a(alt_irq_entry.o)
 *(.exceptions.irqreturn.user)
 *(.exceptions.irqreturn)
 .exceptions.irqreturn
                0x0000000000001088        0x4 ../HelloNios_II_bsp/\libhal_bsp.a(alt_irq_entry.o)
 *(.exceptions.notirq.label)
 .exceptions.notirq.label
                0x000000000000108c        0x0 ../HelloNios_II_bsp/\libhal_bsp.a(alt_irq_entry.o)
 *(.exceptions.notirq.user)
 *(.exceptions.notirq)
 .exceptions.notirq
                0x000000000000108c        0x8 ../HelloNios_II_bsp/\libhal_bsp.a(alt_exception_entry.o)
 *(.exceptions.soft.user)
 *(.exceptions.soft)
 *(.exceptions.unknown.user)
 *(.exceptions.unknown)
 .exceptions.unknown
                0x0000000000001094       0x14 ../HelloNios_II_bsp/\libhal_bsp.a(alt_exception_entry.o)
 *(.exceptions.exit.label)
 .exceptions.exit.label
                0x00000000000010a8        0x0 ../HelloNios_II_bsp/\libhal_bsp.a(alt_irq_entry.o)
 .exceptions.exit.label
                0x00000000000010a8        0x0 ../HelloNios_II_bsp/\libhal_bsp.a(alt_exception_entry.o)
 *(.exceptions.exit.user)
 *(.exceptions.exit)
 .exceptions.exit
                0x00000000000010a8       0x54 ../HelloNios_II_bsp/\libhal_bsp.a(alt_exception_entry.o)
 *(.exceptions)
 .exceptions    0x00000000000010fc       0x60 ../HelloNios_II_bsp/\libhal_bsp.a(alt_irq_handler.o)
                0x00000000000010fc                alt_irq_handler
 .exceptions    0x000000000000115c       0x24 ../HelloNios_II_bsp/\libhal_bsp.a(alt_instruction_exception_entry.o)
                0x000000000000115c                alt_instruction_exception_entry
                0x0000000000001180                PROVIDE (__ram_exceptions_end, ABSOLUTE (.))
                0x0000000000001020                PROVIDE (__flash_exceptions_start, LOADADDR (.exceptions))

.text           0x0000000000001180      0x3ec
                [!provide]                        PROVIDE (stext, ABSOLUTE (.))
 *(.interp)
 *(.hash)
 *(.dynsym)
 *(.dynstr)
 *(.gnu.version)
 *(.gnu.version_d)
 *(.gnu.version_r)
 *(.rel.init)
 *(.rela.init)
 *(.rel.text .rel.text.* .rel.gnu.linkonce.t.*)
 *(.rela.text .rela.text.* .rela.gnu.linkonce.t.*)
 *(.rel.fini)
 *(.rela.fini)
 *(.rel.rodata .rel.rodata.* .rel.gnu.linkonce.r.*)
 *(.rela.rodata .rela.rodata.* .rela.gnu.linkonce.r.*)
 *(.rel.data .rel.data.* .rel.gnu.linkonce.d.*)
 *(.rela.data .rela.data.* .rela.gnu.linkonce.d.*)
 *(.rel.tdata .rel.tdata.* .rel.gnu.linkonce.td.*)
 *(.rela.tdata .rela.tdata.* .rela.gnu.linkonce.td.*)
 *(.rel.tbss .rel.tbss.* .rel.gnu.linkonce.tb.*)
 *(.rela.tbss .rela.tbss.* .rela.gnu.linkonce.tb.*)
 *(.rel.ctors)
 *(.rela.ctors)
 *(.rel.dtors)
 *(.rela.dtors)
 *(.rel.got)
 *(.rela.got)
 *(.rel.sdata .rel.sdata.* .rel.gnu.linkonce.s.*)
 *(.rela.sdata .rela.sdata.* .rela.gnu.linkonce.s.*)
 *(.rel.sbss .rel.sbss.* .rel.gnu.linkonce.sb.*)
 *(.rela.sbss .rela.sbss.* .rela.gnu.linkonce.sb.*)
 *(.rel.sdata2 .rel.sdata2.* .rel.gnu.linkonce.s2.*)
 *(.rela.sdata2 .rela.sdata2.* .rela.gnu.linkonce.s2.*)
 *(.rel.sbss2 .rel.sbss2.* .rel.gnu.linkonce.sb2.*)
 *(.rela.sbss2 .rela.sbss2.* .rela.gnu.linkonce.sb2.*)
 *(.rel.bss .rel.bss.* .rel.gnu.linkonce.b.*)
 *(.rela.bss .rela.bss.* .rela.gnu.linkonce.b.*)
 *(.rel.plt)
 *(.rela.plt)
 *(.rel.dyn)
 *(.init)
 *(.plt)
 *(.text .stub .text.* .gnu.linkonce.t.*)
 .text          0x0000000000001180       0x3c ../HelloNios_II_bsp//obj/HAL/src/crt0.o
                0x0000000000001180                _start
 .text          0x00000000000011bc       0x70 obj/default/hello_world_small.o
                0x00000000000011bc                timer_isr
                0x00000000000011f0                init_timer
 .text.startup  0x000000000000122c       0x10 obj/default/hello_world_small.o
                0x000000000000122c                main
 .text          0x000000000000123c       0x8c ../HelloNios_II_bsp/\libhal_bsp.a(alt_iic.o)
                0x000000000000123c                alt_ic_isr_register
                0x0000000000001240                alt_ic_irq_enable
                0x0000000000001278                alt_ic_irq_disable
                0x00000000000012b0                alt_ic_irq_enabled
 .text          0x00000000000012c8       0x68 ../HelloNios_II_bsp/\libhal_bsp.a(alt_iic_isr_register.o)
                0x00000000000012c8                alt_iic_isr_register
 .text          0x0000000000001330        0x0 ../HelloNios_II_bsp/\libhal_bsp.a(alt_irq_entry.o)
 .text          0x0000000000001330        0x0 ../HelloNios_II_bsp/\libhal_bsp.a(alt_irq_handler.o)
 .text          0x0000000000001330        0x0 ../HelloNios_II_bsp/\libhal_bsp.a(alt_irq_vars.o)
 .text          0x0000000000001330       0xe0 ../HelloNios_II_bsp/\libhal_bsp.a(alt_load.o)
                0x0000000000001330                alt_load
 .text          0x0000000000001410       0x2c ../HelloNios_II_bsp/\libhal_bsp.a(alt_main.o)
                0x0000000000001410                alt_main
 .text          0x000000000000143c       0x38 ../HelloNios_II_bsp/\libhal_bsp.a(alt_putstr.o)
                0x000000000000143c                alt_putstr
 .text          0x0000000000001474       0x24 ../HelloNios_II_bsp/\libhal_bsp.a(alt_sys_init.o)
                0x0000000000001474                alt_irq_init
                0x0000000000001494                alt_sys_init
 .text          0x0000000000001498       0x34 ../HelloNios_II_bsp/\libhal_bsp.a(altera_avalon_jtag_uart_write.o)
                0x0000000000001498                altera_avalon_jtag_uart_write
 .text          0x00000000000014cc        0x4 ../HelloNios_II_bsp/\libhal_bsp.a(alt_dcache_flush_all.o)
                0x00000000000014cc                alt_dcache_flush_all
 .text          0x00000000000014d0        0x0 ../HelloNios_II_bsp/\libhal_bsp.a(alt_exception_entry.o)
 .text          0x00000000000014d0        0x4 ../HelloNios_II_bsp/\libhal_bsp.a(alt_icache_flush_all.o)
                0x00000000000014d0                alt_icache_flush_all
 .text          0x00000000000014d4       0x74 ../HelloNios_II_bsp/\libhal_bsp.a(alt_instruction_exception_entry.o)
                0x00000000000014d4                alt_exception_cause_generated_bad_addr
 .text          0x0000000000001548        0x8 ../HelloNios_II_bsp/\libhal_bsp.a(altera_nios2_gen2_irq.o)
                0x0000000000001548                altera_nios2_gen2_irq_init
 .text          0x0000000000001550        0x0 c:/intelfpga_lite/18.1/nios2eds/bin/gnu/h-x86_64-mingw32/bin/../lib/gcc/nios2-elf/5.3.0/../../../../../H-x86_64-mingw32/nios2-elf/lib/mno-hw-mul\libsmallc.a(lib_a-strlen.o)
 .text.strlen   0x0000000000001550       0x1c c:/intelfpga_lite/18.1/nios2eds/bin/gnu/h-x86_64-mingw32/bin/../lib/gcc/nios2-elf/5.3.0/../../../../../H-x86_64-mingw32/nios2-elf/lib/mno-hw-mul\libsmallc.a(lib_a-strlen.o)
                0x0000000000001550                strlen
 *(.gnu.warning.*)
 *(.fini)
                [!provide]                        PROVIDE (__etext, ABSOLUTE (.))
                [!provide]                        PROVIDE (_etext, ABSOLUTE (.))
                [!provide]                        PROVIDE (etext, ABSOLUTE (.))
 *(.eh_frame_hdr)
                0x000000000000156c                . = ALIGN (0x4)
                [!provide]                        PROVIDE (__preinit_array_start, ABSOLUTE (.))
 *(.preinit_array)
                [!provide]                        PROVIDE (__preinit_array_end, ABSOLUTE (.))
                [!provide]                        PROVIDE (__init_array_start, ABSOLUTE (.))
 *(.init_array)
                [!provide]                        PROVIDE (__init_array_end, ABSOLUTE (.))
                [!provide]                        PROVIDE (__fini_array_start, ABSOLUTE (.))
 *(.fini_array)
                [!provide]                        PROVIDE (__fini_array_end, ABSOLUTE (.))
 *(.eh_frame)
 *(.gcc_except_table .gcc_except_table.*)
 *(.dynamic)
                [!provide]                        PROVIDE (__CTOR_LIST__, ABSOLUTE (.))
 *(.ctors)
 *(SORT(.ctors.*))
                [!provide]                        PROVIDE (__CTOR_END__, ABSOLUTE (.))
                [!provide]                        PROVIDE (__DTOR_LIST__, ABSOLUTE (.))
 *(.dtors)
 *(SORT(.dtors.*))
                [!provide]                        PROVIDE (__DTOR_END__, ABSOLUTE (.))
 *(.jcr)
                0x000000000000156c                . = ALIGN (0x4)

.rodata         0x000000000000156c       0x18
                0x000000000000156c                PROVIDE (__ram_rodata_start, ABSOLUTE (.))
                0x000000000000156c                . = ALIGN (0x4)
 *(.rodata .rodata.* .gnu.linkonce.r.*)
 .rodata.str1.4
                0x000000000000156c       0x18 obj/default/hello_world_small.o
                                         0x15 (size before relaxing)
 *(.rodata1)
                0x0000000000001584                . = ALIGN (0x4)
                0x0000000000001584                PROVIDE (__ram_rodata_end, ABSOLUTE (.))
                0x000000000000156c                PROVIDE (__flash_rodata_start, LOADADDR (.rodata))

.rwdata         0x0000000000001584        0x8 load address 0x000000000000158c
                0x0000000000001584                PROVIDE (__ram_rwdata_start, ABSOLUTE (.))
                0x0000000000001584                . = ALIGN (0x4)
 *(.got.plt)
 *(.got)
 *(.data1)
 *(.data .data.* .gnu.linkonce.d.*)
 .data          0x0000000000001584        0x0 ../HelloNios_II_bsp//obj/HAL/src/crt0.o
 .data          0x0000000000001584        0x0 obj/default/hello_world_small.o
 .data          0x0000000000001584        0x0 ../HelloNios_II_bsp/\libhal_bsp.a(alt_iic.o)
 .data          0x0000000000001584        0x0 ../HelloNios_II_bsp/\libhal_bsp.a(alt_iic_isr_register.o)
 .data          0x0000000000001584        0x0 ../HelloNios_II_bsp/\libhal_bsp.a(alt_irq_entry.o)
 .data          0x0000000000001584        0x0 ../HelloNios_II_bsp/\libhal_bsp.a(alt_irq_handler.o)
 .data          0x0000000000001584        0x0 ../HelloNios_II_bsp/\libhal_bsp.a(alt_irq_vars.o)
 .data          0x0000000000001584        0x0 ../HelloNios_II_bsp/\libhal_bsp.a(alt_load.o)
 .data          0x0000000000001584        0x0 ../HelloNios_II_bsp/\libhal_bsp.a(alt_main.o)
 .data          0x0000000000001584        0x0 ../HelloNios_II_bsp/\libhal_bsp.a(alt_putstr.o)
 .data          0x0000000000001584        0x0 ../HelloNios_II_bsp/\libhal_bsp.a(alt_sys_init.o)
 .data          0x0000000000001584        0x0 ../HelloNios_II_bsp/\libhal_bsp.a(altera_avalon_jtag_uart_write.o)
 .data          0x0000000000001584        0x0 ../HelloNios_II_bsp/\libhal_bsp.a(alt_dcache_flush_all.o)
 .data          0x0000000000001584        0x0 ../HelloNios_II_bsp/\libhal_bsp.a(alt_exception_entry.o)
 .data          0x0000000000001584        0x0 ../HelloNios_II_bsp/\libhal_bsp.a(alt_icache_flush_all.o)
 .data          0x0000000000001584        0x0 ../HelloNios_II_bsp/\libhal_bsp.a(alt_instruction_exception_entry.o)
 .data          0x0000000000001584        0x0 ../HelloNios_II_bsp/\libhal_bsp.a(altera_nios2_gen2_irq.o)
 .data          0x0000000000001584        0x0 c:/intelfpga_lite/18.1/nios2eds/bin/gnu/h-x86_64-mingw32/bin/../lib/gcc/nios2-elf/5.3.0/../../../../../H-x86_64-mingw32/nios2-elf/lib/mno-hw-mul\libsmallc.a(lib_a-strlen.o)
                0x0000000000009584                _gp = ABSOLUTE ((. + 0x8000))
                [!provide]                        PROVIDE (gp, _gp)
 *(.rwdata .rwdata.*)
 *(.sdata .sdata.* .gnu.linkonce.s.*)
 .sdata         0x0000000000001584        0x4 ../HelloNios_II_bsp/\libhal_bsp.a(alt_irq_vars.o)
                0x0000000000001584                alt_priority_mask
 .sdata         0x0000000000001588        0x4 ../HelloNios_II_bsp/\libhal_bsp.a(alt_sys_init.o)
                0x0000000000001588                DEBUG
 *(.sdata2 .sdata2.* .gnu.linkonce.s2.*)
                0x000000000000158c                . = ALIGN (0x4)
                0x000000000000158c                _edata = ABSOLUTE (.)
                [!provide]                        PROVIDE (edata, ABSOLUTE (.))
                0x000000000000158c                PROVIDE (__ram_rwdata_end, ABSOLUTE (.))
                0x000000000000158c                PROVIDE (__flash_rwdata_start, LOADADDR (.rwdata))

.bss            0x0000000000001594      0x118
                0x0000000000001594                __bss_start = ABSOLUTE (.)
                [!provide]                        PROVIDE (__sbss_start, ABSOLUTE (.))
                [!provide]                        PROVIDE (___sbss_start, ABSOLUTE (.))
 *(.dynsbss)
 *(.sbss .sbss.* .gnu.linkonce.sb.*)
 .sbss          0x0000000000001594        0x4 obj/default/hello_world_small.o
 .sbss          0x0000000000001598        0x4 ../HelloNios_II_bsp/\libhal_bsp.a(alt_irq_vars.o)
                0x0000000000001598                alt_irq_active
 .sbss          0x000000000000159c        0xc ../HelloNios_II_bsp/\libhal_bsp.a(alt_main.o)
                0x000000000000159c                alt_envp
                0x00000000000015a0                alt_argv
                0x00000000000015a4                alt_argc
 .sbss          0x00000000000015a8        0x4 ../HelloNios_II_bsp/\libhal_bsp.a(alt_instruction_exception_entry.o)
                0x00000000000015a8                alt_instruction_exception_handler
 *(.sbss2 .sbss2.* .gnu.linkonce.sb2.*)
 *(.scommon)
                [!provide]                        PROVIDE (__sbss_end, ABSOLUTE (.))
                [!provide]                        PROVIDE (___sbss_end, ABSOLUTE (.))
 *(.dynbss)
 *(.bss .bss.* .gnu.linkonce.b.*)
 .bss           0x00000000000015ac        0x0 ../HelloNios_II_bsp//obj/HAL/src/crt0.o
 .bss           0x00000000000015ac        0x0 obj/default/hello_world_small.o
 .bss           0x00000000000015ac        0x0 ../HelloNios_II_bsp/\libhal_bsp.a(alt_iic.o)
 .bss           0x00000000000015ac        0x0 ../HelloNios_II_bsp/\libhal_bsp.a(alt_iic_isr_register.o)
 .bss           0x00000000000015ac        0x0 ../HelloNios_II_bsp/\libhal_bsp.a(alt_irq_entry.o)
 .bss           0x00000000000015ac        0x0 ../HelloNios_II_bsp/\libhal_bsp.a(alt_irq_handler.o)
 .bss           0x00000000000015ac        0x0 ../HelloNios_II_bsp/\libhal_bsp.a(alt_irq_vars.o)
 .bss           0x00000000000015ac        0x0 ../HelloNios_II_bsp/\libhal_bsp.a(alt_load.o)
 .bss           0x00000000000015ac        0x0 ../HelloNios_II_bsp/\libhal_bsp.a(alt_main.o)
 .bss           0x00000000000015ac        0x0 ../HelloNios_II_bsp/\libhal_bsp.a(alt_putstr.o)
 .bss           0x00000000000015ac        0x0 ../HelloNios_II_bsp/\libhal_bsp.a(alt_sys_init.o)
 .bss           0x00000000000015ac        0x0 ../HelloNios_II_bsp/\libhal_bsp.a(altera_avalon_jtag_uart_write.o)
 .bss           0x00000000000015ac        0x0 ../HelloNios_II_bsp/\libhal_bsp.a(alt_dcache_flush_all.o)
 .bss           0x00000000000015ac        0x0 ../HelloNios_II_bsp/\libhal_bsp.a(alt_exception_entry.o)
 .bss           0x00000000000015ac        0x0 ../HelloNios_II_bsp/\libhal_bsp.a(alt_icache_flush_all.o)
 .bss           0x00000000000015ac        0x0 ../HelloNios_II_bsp/\libhal_bsp.a(alt_instruction_exception_entry.o)
 .bss           0x00000000000015ac        0x0 ../HelloNios_II_bsp/\libhal_bsp.a(altera_nios2_gen2_irq.o)
 .bss           0x00000000000015ac        0x0 c:/intelfpga_lite/18.1/nios2eds/bin/gnu/h-x86_64-mingw32/bin/../lib/gcc/nios2-elf/5.3.0/../../../../../H-x86_64-mingw32/nios2-elf/lib/mno-hw-mul\libsmallc.a(lib_a-strlen.o)
 *(COMMON)
 COMMON         0x00000000000015ac      0x100 ../HelloNios_II_bsp/\libhal_bsp.a(alt_irq_handler.o)
                0x00000000000015ac                alt_irq
                0x00000000000016ac                . = ALIGN (0x4)
                0x00000000000016ac                __bss_end = ABSOLUTE (.)

.SRAM           0x00000000000016ac        0x0
                [!provide]                        PROVIDE (_alt_partition_SRAM_start, ABSOLUTE (.))
 *(.SRAM .SRAM. SRAM.*)
                0x00000000000016ac                . = ALIGN (0x4)
                [!provide]                        PROVIDE (_alt_partition_SRAM_end, ABSOLUTE (.))
                0x00000000000016ac                _end = ABSOLUTE (.)
                0x00000000000016ac                end = ABSOLUTE (.)
                0x00000000000016ac                __alt_stack_base = ABSOLUTE (.)
                [!provide]                        PROVIDE (_alt_partition_SRAM_load_addr, LOADADDR (.SRAM))

.stab
 *(.stab)

.stabstr
 *(.stabstr)

.stab.excl
 *(.stab.excl)

.stab.exclstr
 *(.stab.exclstr)

.stab.index
 *(.stab.index)

.stab.indexstr
 *(.stab.indexstr)

.comment        0x0000000000000000       0x23
 *(.comment)
 .comment       0x0000000000000000       0x23 obj/default/hello_world_small.o
                                         0x24 (size before relaxing)
 .comment       0x0000000000000023       0x24 ../HelloNios_II_bsp/\libhal_bsp.a(alt_iic.o)
 .comment       0x0000000000000023       0x24 ../HelloNios_II_bsp/\libhal_bsp.a(alt_iic_isr_register.o)
 .comment       0x0000000000000023       0x24 ../HelloNios_II_bsp/\libhal_bsp.a(alt_irq_handler.o)
 .comment       0x0000000000000023       0x24 ../HelloNios_II_bsp/\libhal_bsp.a(alt_irq_vars.o)
 .comment       0x0000000000000023       0x24 ../HelloNios_II_bsp/\libhal_bsp.a(alt_load.o)
 .comment       0x0000000000000023       0x24 ../HelloNios_II_bsp/\libhal_bsp.a(alt_main.o)
 .comment       0x0000000000000023       0x24 ../HelloNios_II_bsp/\libhal_bsp.a(alt_putstr.o)
 .comment       0x0000000000000023       0x24 ../HelloNios_II_bsp/\libhal_bsp.a(alt_sys_init.o)
 .comment       0x0000000000000023       0x24 ../HelloNios_II_bsp/\libhal_bsp.a(altera_avalon_jtag_uart_write.o)
 .comment       0x0000000000000023       0x24 ../HelloNios_II_bsp/\libhal_bsp.a(alt_dcache_flush_all.o)
 .comment       0x0000000000000023       0x24 ../HelloNios_II_bsp/\libhal_bsp.a(alt_icache_flush_all.o)
 .comment       0x0000000000000023       0x24 ../HelloNios_II_bsp/\libhal_bsp.a(alt_instruction_exception_entry.o)
 .comment       0x0000000000000023       0x24 ../HelloNios_II_bsp/\libhal_bsp.a(altera_nios2_gen2_irq.o)
 .comment       0x0000000000000023       0x24 c:/intelfpga_lite/18.1/nios2eds/bin/gnu/h-x86_64-mingw32/bin/../lib/gcc/nios2-elf/5.3.0/../../../../../H-x86_64-mingw32/nios2-elf/lib/mno-hw-mul\libsmallc.a(lib_a-strlen.o)

.debug
 *(.debug)

.line
 *(.line)

.debug_srcinfo
 *(.debug_srcinfo)

.debug_sfnames
 *(.debug_sfnames)

.debug_aranges  0x0000000000000000      0x278
 *(.debug_aranges)
 .debug_aranges
                0x0000000000000000       0x28 ../HelloNios_II_bsp//obj/HAL/src/crt0.o
 .debug_aranges
                0x0000000000000028       0x28 obj/default/hello_world_small.o
 .debug_aranges
                0x0000000000000050       0x20 ../HelloNios_II_bsp/\libhal_bsp.a(alt_iic.o)
 .debug_aranges
                0x0000000000000070       0x20 ../HelloNios_II_bsp/\libhal_bsp.a(alt_iic_isr_register.o)
 .debug_aranges
                0x0000000000000090       0x30 ../HelloNios_II_bsp/\libhal_bsp.a(alt_irq_entry.o)
 .debug_aranges
                0x00000000000000c0       0x20 ../HelloNios_II_bsp/\libhal_bsp.a(alt_irq_handler.o)
 .debug_aranges
                0x00000000000000e0       0x18 ../HelloNios_II_bsp/\libhal_bsp.a(alt_irq_vars.o)
 .debug_aranges
                0x00000000000000f8       0x20 ../HelloNios_II_bsp/\libhal_bsp.a(alt_load.o)
 .debug_aranges
                0x0000000000000118       0x20 ../HelloNios_II_bsp/\libhal_bsp.a(alt_main.o)
 .debug_aranges
                0x0000000000000138       0x20 ../HelloNios_II_bsp/\libhal_bsp.a(alt_putstr.o)
 .debug_aranges
                0x0000000000000158       0x20 ../HelloNios_II_bsp/\libhal_bsp.a(alt_sys_init.o)
 .debug_aranges
                0x0000000000000178       0x20 ../HelloNios_II_bsp/\libhal_bsp.a(altera_avalon_jtag_uart_write.o)
 .debug_aranges
                0x0000000000000198       0x20 ../HelloNios_II_bsp/\libhal_bsp.a(alt_dcache_flush_all.o)
 .debug_aranges
                0x00000000000001b8       0x38 ../HelloNios_II_bsp/\libhal_bsp.a(alt_exception_entry.o)
 .debug_aranges
                0x00000000000001f0       0x20 ../HelloNios_II_bsp/\libhal_bsp.a(alt_icache_flush_all.o)
 .debug_aranges
                0x0000000000000210       0x28 ../HelloNios_II_bsp/\libhal_bsp.a(alt_instruction_exception_entry.o)
 .debug_aranges
                0x0000000000000238       0x20 ../HelloNios_II_bsp/\libhal_bsp.a(altera_nios2_gen2_irq.o)
 .debug_aranges
                0x0000000000000258       0x20 c:/intelfpga_lite/18.1/nios2eds/bin/gnu/h-x86_64-mingw32/bin/../lib/gcc/nios2-elf/5.3.0/../../../../../H-x86_64-mingw32/nios2-elf/lib/mno-hw-mul\libsmallc.a(lib_a-strlen.o)

.debug_pubnames
 *(.debug_pubnames)

.debug_info     0x0000000000000000     0x171b
 *(.debug_info .gnu.linkonce.wi.*)
 .debug_info    0x0000000000000000       0x9b ../HelloNios_II_bsp//obj/HAL/src/crt0.o
 .debug_info    0x000000000000009b      0x14e obj/default/hello_world_small.o
 .debug_info    0x00000000000001e9      0x38a ../HelloNios_II_bsp/\libhal_bsp.a(alt_iic.o)
 .debug_info    0x0000000000000573      0x232 ../HelloNios_II_bsp/\libhal_bsp.a(alt_iic_isr_register.o)
 .debug_info    0x00000000000007a5       0xa4 ../HelloNios_II_bsp/\libhal_bsp.a(alt_irq_entry.o)
 .debug_info    0x0000000000000849      0x184 ../HelloNios_II_bsp/\libhal_bsp.a(alt_irq_handler.o)
 .debug_info    0x00000000000009cd       0x88 ../HelloNios_II_bsp/\libhal_bsp.a(alt_irq_vars.o)
 .debug_info    0x0000000000000a55      0x1c9 ../HelloNios_II_bsp/\libhal_bsp.a(alt_load.o)
 .debug_info    0x0000000000000c1e      0x169 ../HelloNios_II_bsp/\libhal_bsp.a(alt_main.o)
 .debug_info    0x0000000000000d87      0x13a ../HelloNios_II_bsp/\libhal_bsp.a(alt_putstr.o)
 .debug_info    0x0000000000000ec1      0x19d ../HelloNios_II_bsp/\libhal_bsp.a(alt_sys_init.o)
 .debug_info    0x000000000000105e      0x197 ../HelloNios_II_bsp/\libhal_bsp.a(altera_avalon_jtag_uart_write.o)
 .debug_info    0x00000000000011f5       0x92 ../HelloNios_II_bsp/\libhal_bsp.a(alt_dcache_flush_all.o)
 .debug_info    0x0000000000001287       0xaa ../HelloNios_II_bsp/\libhal_bsp.a(alt_exception_entry.o)
 .debug_info    0x0000000000001331       0x92 ../HelloNios_II_bsp/\libhal_bsp.a(alt_icache_flush_all.o)
 .debug_info    0x00000000000013c3      0x1fd ../HelloNios_II_bsp/\libhal_bsp.a(alt_instruction_exception_entry.o)
 .debug_info    0x00000000000015c0       0x92 ../HelloNios_II_bsp/\libhal_bsp.a(altera_nios2_gen2_irq.o)
 .debug_info    0x0000000000001652       0xc9 c:/intelfpga_lite/18.1/nios2eds/bin/gnu/h-x86_64-mingw32/bin/../lib/gcc/nios2-elf/5.3.0/../../../../../H-x86_64-mingw32/nios2-elf/lib/mno-hw-mul\libsmallc.a(lib_a-strlen.o)

.debug_abbrev   0x0000000000000000      0xc4e
 *(.debug_abbrev)
 .debug_abbrev  0x0000000000000000       0x12 ../HelloNios_II_bsp//obj/HAL/src/crt0.o
 .debug_abbrev  0x0000000000000012       0xd4 obj/default/hello_world_small.o
 .debug_abbrev  0x00000000000000e6      0x1a0 ../HelloNios_II_bsp/\libhal_bsp.a(alt_iic.o)
 .debug_abbrev  0x0000000000000286      0x19c ../HelloNios_II_bsp/\libhal_bsp.a(alt_iic_isr_register.o)
 .debug_abbrev  0x0000000000000422       0x12 ../HelloNios_II_bsp/\libhal_bsp.a(alt_irq_entry.o)
 .debug_abbrev  0x0000000000000434      0x120 ../HelloNios_II_bsp/\libhal_bsp.a(alt_irq_handler.o)
 .debug_abbrev  0x0000000000000554       0x40 ../HelloNios_II_bsp/\libhal_bsp.a(alt_irq_vars.o)
 .debug_abbrev  0x0000000000000594       0xd8 ../HelloNios_II_bsp/\libhal_bsp.a(alt_load.o)
 .debug_abbrev  0x000000000000066c       0xee ../HelloNios_II_bsp/\libhal_bsp.a(alt_main.o)
 .debug_abbrev  0x000000000000075a       0xd3 ../HelloNios_II_bsp/\libhal_bsp.a(alt_putstr.o)
 .debug_abbrev  0x000000000000082d      0x10e ../HelloNios_II_bsp/\libhal_bsp.a(alt_sys_init.o)
 .debug_abbrev  0x000000000000093b       0xd5 ../HelloNios_II_bsp/\libhal_bsp.a(altera_avalon_jtag_uart_write.o)
 .debug_abbrev  0x0000000000000a10       0x42 ../HelloNios_II_bsp/\libhal_bsp.a(alt_dcache_flush_all.o)
 .debug_abbrev  0x0000000000000a52       0x12 ../HelloNios_II_bsp/\libhal_bsp.a(alt_exception_entry.o)
 .debug_abbrev  0x0000000000000a64       0x42 ../HelloNios_II_bsp/\libhal_bsp.a(alt_icache_flush_all.o)
 .debug_abbrev  0x0000000000000aa6       0xe7 ../HelloNios_II_bsp/\libhal_bsp.a(alt_instruction_exception_entry.o)
 .debug_abbrev  0x0000000000000b8d       0x42 ../HelloNios_II_bsp/\libhal_bsp.a(altera_nios2_gen2_irq.o)
 .debug_abbrev  0x0000000000000bcf       0x7f c:/intelfpga_lite/18.1/nios2eds/bin/gnu/h-x86_64-mingw32/bin/../lib/gcc/nios2-elf/5.3.0/../../../../../H-x86_64-mingw32/nios2-elf/lib/mno-hw-mul\libsmallc.a(lib_a-strlen.o)

.debug_line     0x0000000000000000      0xc1e
 *(.debug_line)
 .debug_line    0x0000000000000000       0x66 ../HelloNios_II_bsp//obj/HAL/src/crt0.o
 .debug_line    0x0000000000000066       0xcc obj/default/hello_world_small.o
 .debug_line    0x0000000000000132       0xf1 ../HelloNios_II_bsp/\libhal_bsp.a(alt_iic.o)
 .debug_line    0x0000000000000223       0xd6 ../HelloNios_II_bsp/\libhal_bsp.a(alt_iic_isr_register.o)
 .debug_line    0x00000000000002f9       0x6b ../HelloNios_II_bsp/\libhal_bsp.a(alt_irq_entry.o)
 .debug_line    0x0000000000000364       0xa5 ../HelloNios_II_bsp/\libhal_bsp.a(alt_irq_handler.o)
 .debug_line    0x0000000000000409       0x50 ../HelloNios_II_bsp/\libhal_bsp.a(alt_irq_vars.o)
 .debug_line    0x0000000000000459       0xa4 ../HelloNios_II_bsp/\libhal_bsp.a(alt_load.o)
 .debug_line    0x00000000000004fd       0xbd ../HelloNios_II_bsp/\libhal_bsp.a(alt_main.o)
 .debug_line    0x00000000000005ba       0xa0 ../HelloNios_II_bsp/\libhal_bsp.a(alt_putstr.o)
 .debug_line    0x000000000000065a      0x11a ../HelloNios_II_bsp/\libhal_bsp.a(alt_sys_init.o)
 .debug_line    0x0000000000000774       0xf0 ../HelloNios_II_bsp/\libhal_bsp.a(altera_avalon_jtag_uart_write.o)
 .debug_line    0x0000000000000864       0x4e ../HelloNios_II_bsp/\libhal_bsp.a(alt_dcache_flush_all.o)
 .debug_line    0x00000000000008b2       0xb3 ../HelloNios_II_bsp/\libhal_bsp.a(alt_exception_entry.o)
 .debug_line    0x0000000000000965       0x4e ../HelloNios_II_bsp/\libhal_bsp.a(alt_icache_flush_all.o)
 .debug_line    0x00000000000009b3       0xbf ../HelloNios_II_bsp/\libhal_bsp.a(alt_instruction_exception_entry.o)
 .debug_line    0x0000000000000a72       0x50 ../HelloNios_II_bsp/\libhal_bsp.a(altera_nios2_gen2_irq.o)
 .debug_line    0x0000000000000ac2      0x15c c:/intelfpga_lite/18.1/nios2eds/bin/gnu/h-x86_64-mingw32/bin/../lib/gcc/nios2-elf/5.3.0/../../../../../H-x86_64-mingw32/nios2-elf/lib/mno-hw-mul\libsmallc.a(lib_a-strlen.o)

.debug_frame    0x0000000000000000      0x2a0
 *(.debug_frame)
 .debug_frame   0x0000000000000000       0x54 obj/default/hello_world_small.o
 .debug_frame   0x0000000000000054       0x50 ../HelloNios_II_bsp/\libhal_bsp.a(alt_iic.o)
 .debug_frame   0x00000000000000a4       0x30 ../HelloNios_II_bsp/\libhal_bsp.a(alt_iic_isr_register.o)
 .debug_frame   0x00000000000000d4       0x34 ../HelloNios_II_bsp/\libhal_bsp.a(alt_irq_handler.o)
 .debug_frame   0x0000000000000108       0x30 ../HelloNios_II_bsp/\libhal_bsp.a(alt_load.o)
 .debug_frame   0x0000000000000138       0x2c ../HelloNios_II_bsp/\libhal_bsp.a(alt_main.o)
 .debug_frame   0x0000000000000164       0x30 ../HelloNios_II_bsp/\libhal_bsp.a(alt_putstr.o)
 .debug_frame   0x0000000000000194       0x3c ../HelloNios_II_bsp/\libhal_bsp.a(alt_sys_init.o)
 .debug_frame   0x00000000000001d0       0x20 ../HelloNios_II_bsp/\libhal_bsp.a(altera_avalon_jtag_uart_write.o)
 .debug_frame   0x00000000000001f0       0x20 ../HelloNios_II_bsp/\libhal_bsp.a(alt_dcache_flush_all.o)
 .debug_frame   0x0000000000000210       0x20 ../HelloNios_II_bsp/\libhal_bsp.a(alt_icache_flush_all.o)
 .debug_frame   0x0000000000000230       0x30 ../HelloNios_II_bsp/\libhal_bsp.a(alt_instruction_exception_entry.o)
 .debug_frame   0x0000000000000260       0x20 ../HelloNios_II_bsp/\libhal_bsp.a(altera_nios2_gen2_irq.o)
 .debug_frame   0x0000000000000280       0x20 c:/intelfpga_lite/18.1/nios2eds/bin/gnu/h-x86_64-mingw32/bin/../lib/gcc/nios2-elf/5.3.0/../../../../../H-x86_64-mingw32/nios2-elf/lib/mno-hw-mul\libsmallc.a(lib_a-strlen.o)

.debug_str      0x0000000000000000      0xc73
 *(.debug_str)
 .debug_str     0x0000000000000000      0x16a obj/default/hello_world_small.o
                                        0x1b0 (size before relaxing)
 .debug_str     0x000000000000016a      0x171 ../HelloNios_II_bsp/\libhal_bsp.a(alt_iic.o)
                                        0x280 (size before relaxing)
 .debug_str     0x00000000000002db       0x37 ../HelloNios_II_bsp/\libhal_bsp.a(alt_iic_isr_register.o)
                                        0x23a (size before relaxing)
 .debug_str     0x0000000000000312       0x3a ../HelloNios_II_bsp/\libhal_bsp.a(alt_irq_handler.o)
                                        0x1c4 (size before relaxing)
 .debug_str     0x000000000000034c       0x17 ../HelloNios_II_bsp/\libhal_bsp.a(alt_irq_vars.o)
                                        0x167 (size before relaxing)
 .debug_str     0x0000000000000363      0x113 ../HelloNios_II_bsp/\libhal_bsp.a(alt_load.o)
                                        0x269 (size before relaxing)
 .debug_str     0x0000000000000476       0x8f ../HelloNios_II_bsp/\libhal_bsp.a(alt_main.o)
                                        0x1e2 (size before relaxing)
 .debug_str     0x0000000000000505       0x60 ../HelloNios_II_bsp/\libhal_bsp.a(alt_putstr.o)
                                        0x1b9 (size before relaxing)
 .debug_str     0x0000000000000565       0xb9 ../HelloNios_II_bsp/\libhal_bsp.a(alt_sys_init.o)
                                        0x285 (size before relaxing)
 .debug_str     0x000000000000061e       0x32 ../HelloNios_II_bsp/\libhal_bsp.a(altera_avalon_jtag_uart_write.o)
                                        0x242 (size before relaxing)
 .debug_str     0x0000000000000650       0x1f ../HelloNios_II_bsp/\libhal_bsp.a(alt_dcache_flush_all.o)
                                        0x182 (size before relaxing)
 .debug_str     0x000000000000066f       0x1f ../HelloNios_II_bsp/\libhal_bsp.a(alt_icache_flush_all.o)
                                        0x182 (size before relaxing)
 .debug_str     0x000000000000068e      0x48b ../HelloNios_II_bsp/\libhal_bsp.a(alt_instruction_exception_entry.o)
                                        0x5cd (size before relaxing)
 .debug_str     0x0000000000000b19       0x20 ../HelloNios_II_bsp/\libhal_bsp.a(altera_nios2_gen2_irq.o)
                                        0x189 (size before relaxing)
 .debug_str     0x0000000000000b39      0x13a c:/intelfpga_lite/18.1/nios2eds/bin/gnu/h-x86_64-mingw32/bin/../lib/gcc/nios2-elf/5.3.0/../../../../../H-x86_64-mingw32/nios2-elf/lib/mno-hw-mul\libsmallc.a(lib_a-strlen.o)
                                        0x1e5 (size before relaxing)

.debug_loc      0x0000000000000000      0x507
 *(.debug_loc)
 .debug_loc     0x0000000000000000       0x2c obj/default/hello_world_small.o
 .debug_loc     0x000000000000002c      0x170 ../HelloNios_II_bsp/\libhal_bsp.a(alt_iic.o)
 .debug_loc     0x000000000000019c      0x193 ../HelloNios_II_bsp/\libhal_bsp.a(alt_iic_isr_register.o)
 .debug_loc     0x000000000000032f       0x72 ../HelloNios_II_bsp/\libhal_bsp.a(alt_irq_handler.o)
 .debug_loc     0x00000000000003a1       0x37 ../HelloNios_II_bsp/\libhal_bsp.a(alt_putstr.o)
 .debug_loc     0x00000000000003d8       0x21 ../HelloNios_II_bsp/\libhal_bsp.a(alt_sys_init.o)
 .debug_loc     0x00000000000003f9       0x8b ../HelloNios_II_bsp/\libhal_bsp.a(altera_avalon_jtag_uart_write.o)
 .debug_loc     0x0000000000000484       0x65 ../HelloNios_II_bsp/\libhal_bsp.a(alt_instruction_exception_entry.o)
 .debug_loc     0x00000000000004e9       0x1e c:/intelfpga_lite/18.1/nios2eds/bin/gnu/h-x86_64-mingw32/bin/../lib/gcc/nios2-elf/5.3.0/../../../../../H-x86_64-mingw32/nios2-elf/lib/mno-hw-mul\libsmallc.a(lib_a-strlen.o)

.debug_macinfo
 *(.debug_macinfo)

.debug_weaknames
 *(.debug_weaknames)

.debug_funcnames
 *(.debug_funcnames)

.debug_typenames
 *(.debug_typenames)

.debug_varnames
 *(.debug_varnames)

.debug_alt_sim_info
                0x0000000000000000       0x10
 *(.debug_alt_sim_info)
 .debug_alt_sim_info
                0x0000000000000000       0x10 ../HelloNios_II_bsp//obj/HAL/src/crt0.o
                0x0000000000002000                __alt_data_end = 0x2000
                0x0000000000002000                PROVIDE (__alt_stack_pointer, __alt_data_end)
                [!provide]                        PROVIDE (__alt_stack_limit, __alt_stack_base)
                [!provide]                        PROVIDE (__alt_heap_start, end)
                [!provide]                        PROVIDE (__alt_heap_limit, 0x2000)
OUTPUT(HelloNios_II.elf elf32-littlenios2)

.debug_ranges   0x0000000000000000      0x110
 .debug_ranges  0x0000000000000000       0x20 ../HelloNios_II_bsp//obj/HAL/src/crt0.o
 .debug_ranges  0x0000000000000020       0x18 obj/default/hello_world_small.o
 .debug_ranges  0x0000000000000038       0x28 ../HelloNios_II_bsp/\libhal_bsp.a(alt_irq_entry.o)
 .debug_ranges  0x0000000000000060       0x10 ../HelloNios_II_bsp/\libhal_bsp.a(alt_irq_handler.o)
 .debug_ranges  0x0000000000000070       0x48 ../HelloNios_II_bsp/\libhal_bsp.a(alt_load.o)
 .debug_ranges  0x00000000000000b8       0x30 ../HelloNios_II_bsp/\libhal_bsp.a(alt_exception_entry.o)
 .debug_ranges  0x00000000000000e8       0x18 ../HelloNios_II_bsp/\libhal_bsp.a(alt_instruction_exception_entry.o)
 .debug_ranges  0x0000000000000100       0x10 c:/intelfpga_lite/18.1/nios2eds/bin/gnu/h-x86_64-mingw32/bin/../lib/gcc/nios2-elf/5.3.0/../../../../../H-x86_64-mingw32/nios2-elf/lib/mno-hw-mul\libsmallc.a(lib_a-strlen.o)
