Archive member included to satisfy reference by file (symbol)

c:/intelfpga_lite/18.1/nios2eds/bin/gnu/h-x86_64-mingw32/bin/../lib/gcc/nios2-elf/5.3.0/mno-hw-mul\libgcc.a(lib2-mul.o)
                              obj/default/hello_world_small.o (__mulsi3)
../HelloNios_II_bsp/\libhal_bsp.a(alt_iic.o)
                              obj/default/hello_world_small.o (alt_ic_isr_register)
../HelloNios_II_bsp/\libhal_bsp.a(alt_iic_isr_register.o)
                              ../HelloNios_II_bsp/\libhal_bsp.a(alt_iic.o) (alt_iic_isr_register)
../HelloNios_II_bsp/\libhal_bsp.a(alt_irq_entry.o)
                              ../HelloNios_II_bsp/\libhal_bsp.a(alt_iic_isr_register.o) (alt_irq_entry)
../HelloNios_II_bsp/\libhal_bsp.a(alt_irq_handler.o)
                              ../HelloNios_II_bsp/\libhal_bsp.a(alt_iic_isr_register.o) (alt_irq_handler)
../HelloNios_II_bsp/\libhal_bsp.a(alt_irq_vars.o)
                              ../HelloNios_II_bsp/\libhal_bsp.a(alt_iic.o) (alt_irq_active)
../HelloNios_II_bsp/\libhal_bsp.a(alt_load.o)
                              ../HelloNios_II_bsp//obj/HAL/src/crt0.o (alt_load)
../HelloNios_II_bsp/\libhal_bsp.a(alt_main.o)
                              ../HelloNios_II_bsp//obj/HAL/src/crt0.o (alt_main)
../HelloNios_II_bsp/\libhal_bsp.a(alt_putstr.o)
                              obj/default/hello_world_small.o (alt_putstr)
../HelloNios_II_bsp/\libhal_bsp.a(alt_usleep.o)
                              obj/default/hello_world_small.o (usleep)
../HelloNios_II_bsp/\libhal_bsp.a(alt_sys_init.o)
                              ../HelloNios_II_bsp/\libhal_bsp.a(alt_main.o) (alt_irq_init)
../HelloNios_II_bsp/\libhal_bsp.a(altera_avalon_jtag_uart_write.o)
                              ../HelloNios_II_bsp/\libhal_bsp.a(alt_putstr.o) (altera_avalon_jtag_uart_write)
../HelloNios_II_bsp/\libhal_bsp.a(altera_avalon_spi.o)
                              obj/default/hello_world_small.o (alt_avalon_spi_command)
../HelloNios_II_bsp/\libhal_bsp.a(alt_busy_sleep.o)
                              ../HelloNios_II_bsp/\libhal_bsp.a(alt_usleep.o) (alt_busy_sleep)
../HelloNios_II_bsp/\libhal_bsp.a(alt_dcache_flush_all.o)
                              ../HelloNios_II_bsp/\libhal_bsp.a(alt_load.o) (alt_dcache_flush_all)
../HelloNios_II_bsp/\libhal_bsp.a(alt_exception_entry.o)
                              ../HelloNios_II_bsp/\libhal_bsp.a(alt_irq_entry.o) (alt_exception)
../HelloNios_II_bsp/\libhal_bsp.a(alt_icache_flush_all.o)
                              ../HelloNios_II_bsp/\libhal_bsp.a(alt_load.o) (alt_icache_flush_all)
../HelloNios_II_bsp/\libhal_bsp.a(alt_instruction_exception_entry.o)
                              ../HelloNios_II_bsp/\libhal_bsp.a(alt_exception_entry.o) (alt_instruction_exception_entry)
../HelloNios_II_bsp/\libhal_bsp.a(altera_nios2_gen2_irq.o)
                              ../HelloNios_II_bsp/\libhal_bsp.a(alt_sys_init.o) (altera_nios2_gen2_irq_init)
c:/intelfpga_lite/18.1/nios2eds/bin/gnu/h-x86_64-mingw32/bin/../lib/gcc/nios2-elf/5.3.0/../../../../../H-x86_64-mingw32/nios2-elf/lib/mno-hw-mul\libsmallc.a(lib_a-strlen.o)
                              ../HelloNios_II_bsp/\libhal_bsp.a(alt_putstr.o) (strlen)
c:/intelfpga_lite/18.1/nios2eds/bin/gnu/h-x86_64-mingw32/bin/../lib/gcc/nios2-elf/5.3.0/mno-hw-mul\libgcc.a(lib2-divmod.o)
                              ../HelloNios_II_bsp/\libhal_bsp.a(alt_busy_sleep.o) (__udivsi3)

Allocating common symbols
Common symbol       size              file

alt_irq             0x100             ../HelloNios_II_bsp/\libhal_bsp.a(alt_irq_handler.o)

Memory Configuration

Name             Origin             Length             Attributes
reset            0x0000000000001000 0x0000000000000020
SRAM             0x0000000000001020 0x0000000000000fe0
*default*        0x0000000000000000 0xffffffffffffffff

Linker script and memory map

LOAD ../HelloNios_II_bsp//obj/HAL/src/crt0.o
LOAD obj/default/hello_world_small.o
LOAD c:/intelfpga_lite/18.1/nios2eds/bin/gnu/h-x86_64-mingw32/bin/../lib/gcc/nios2-elf/5.3.0/../../../../../H-x86_64-mingw32/nios2-elf/lib/mno-hw-mul\libstdc++.a
LOAD c:/intelfpga_lite/18.1/nios2eds/bin/gnu/h-x86_64-mingw32/bin/../lib/gcc/nios2-elf/5.3.0/../../../../../H-x86_64-mingw32/nios2-elf/lib/mno-hw-mul\libm.a
LOAD c:/intelfpga_lite/18.1/nios2eds/bin/gnu/h-x86_64-mingw32/bin/../lib/gcc/nios2-elf/5.3.0/mno-hw-mul\libgcc.a
START GROUP
LOAD c:/intelfpga_lite/18.1/nios2eds/bin/gnu/h-x86_64-mingw32/bin/../lib/gcc/nios2-elf/5.3.0/../../../../../H-x86_64-mingw32/nios2-elf/lib/mno-hw-mul\libsmallc.a
LOAD c:/intelfpga_lite/18.1/nios2eds/bin/gnu/h-x86_64-mingw32/bin/../lib/gcc/nios2-elf/5.3.0/mno-hw-mul\libgcc.a
LOAD ../HelloNios_II_bsp/\libhal_bsp.a
LOAD c:/intelfpga_lite/18.1/nios2eds/bin/gnu/h-x86_64-mingw32/bin/../lib/gcc/nios2-elf/5.3.0/../../../../../H-x86_64-mingw32/nios2-elf/lib/mno-hw-mul\libm.a
END GROUP
LOAD c:/intelfpga_lite/18.1/nios2eds/bin/gnu/h-x86_64-mingw32/bin/../lib/gcc/nios2-elf/5.3.0/mno-hw-mul\libgcc.a
                0x0000000000001000                __alt_mem_SRAM = 0x1000

.entry          0x0000000000001000       0x20
 *(.entry)
 .entry         0x0000000000001000       0x20 ../HelloNios_II_bsp//obj/HAL/src/crt0.o
                0x0000000000001000                __reset
                0x000000000000100c                _exit

.exceptions     0x0000000000001020      0x160
                0x0000000000001020                PROVIDE (__ram_exceptions_start, ABSOLUTE (.))
                0x0000000000001020                . = ALIGN (0x20)
 *(.irq)
 *(.exceptions.entry.label)
 .exceptions.entry.label
                0x0000000000001020        0x0 ../HelloNios_II_bsp/\libhal_bsp.a(alt_irq_entry.o)
                0x0000000000001020                alt_irq_entry
 .exceptions.entry.label
                0x0000000000001020        0x0 ../HelloNios_II_bsp/\libhal_bsp.a(alt_exception_entry.o)
                0x0000000000001020                alt_exception
 *(.exceptions.entry.user)
 *(.exceptions.entry.ecc_fatal)
 *(.exceptions.entry)
 .exceptions.entry
                0x0000000000001020       0x54 ../HelloNios_II_bsp/\libhal_bsp.a(alt_exception_entry.o)
 *(.exceptions.irqtest.user)
 *(.exceptions.irqtest)
 .exceptions.irqtest
                0x0000000000001074       0x10 ../HelloNios_II_bsp/\libhal_bsp.a(alt_irq_entry.o)
 *(.exceptions.irqhandler.user)
 *(.exceptions.irqhandler)
 .exceptions.irqhandler
                0x0000000000001084        0x4 ../HelloNios_II_bsp/\libhal_bsp.a(alt_irq_entry.o)
 *(.exceptions.irqreturn.user)
 *(.exceptions.irqreturn)
 .exceptions.irqreturn
                0x0000000000001088        0x4 ../HelloNios_II_bsp/\libhal_bsp.a(alt_irq_entry.o)
 *(.exceptions.notirq.label)
 .exceptions.notirq.label
                0x000000000000108c        0x0 ../HelloNios_II_bsp/\libhal_bsp.a(alt_irq_entry.o)
 *(.exceptions.notirq.user)
 *(.exceptions.notirq)
 .exceptions.notirq
                0x000000000000108c        0x8 ../HelloNios_II_bsp/\libhal_bsp.a(alt_exception_entry.o)
 *(.exceptions.soft.user)
 *(.exceptions.soft)
 *(.exceptions.unknown.user)
 *(.exceptions.unknown)
 .exceptions.unknown
                0x0000000000001094       0x14 ../HelloNios_II_bsp/\libhal_bsp.a(alt_exception_entry.o)
 *(.exceptions.exit.label)
 .exceptions.exit.label
                0x00000000000010a8        0x0 ../HelloNios_II_bsp/\libhal_bsp.a(alt_irq_entry.o)
 .exceptions.exit.label
                0x00000000000010a8        0x0 ../HelloNios_II_bsp/\libhal_bsp.a(alt_exception_entry.o)
 *(.exceptions.exit.user)
 *(.exceptions.exit)
 .exceptions.exit
                0x00000000000010a8       0x54 ../HelloNios_II_bsp/\libhal_bsp.a(alt_exception_entry.o)
 *(.exceptions)
 .exceptions    0x00000000000010fc       0x60 ../HelloNios_II_bsp/\libhal_bsp.a(alt_irq_handler.o)
                0x00000000000010fc                alt_irq_handler
 .exceptions    0x000000000000115c       0x24 ../HelloNios_II_bsp/\libhal_bsp.a(alt_instruction_exception_entry.o)
                0x000000000000115c                alt_instruction_exception_entry
                0x0000000000001180                PROVIDE (__ram_exceptions_end, ABSOLUTE (.))
                0x0000000000001020                PROVIDE (__flash_exceptions_start, LOADADDR (.exceptions))

.text           0x0000000000001180      0x7f0
                [!provide]                        PROVIDE (stext, ABSOLUTE (.))
 *(.interp)
 *(.hash)
 *(.dynsym)
 *(.dynstr)
 *(.gnu.version)
 *(.gnu.version_d)
 *(.gnu.version_r)
 *(.rel.init)
 *(.rela.init)
 *(.rel.text .rel.text.* .rel.gnu.linkonce.t.*)
 *(.rela.text .rela.text.* .rela.gnu.linkonce.t.*)
 *(.rel.fini)
 *(.rela.fini)
 *(.rel.rodata .rel.rodata.* .rel.gnu.linkonce.r.*)
 *(.rela.rodata .rela.rodata.* .rela.gnu.linkonce.r.*)
 *(.rel.data .rel.data.* .rel.gnu.linkonce.d.*)
 *(.rela.data .rela.data.* .rela.gnu.linkonce.d.*)
 *(.rel.tdata .rel.tdata.* .rel.gnu.linkonce.td.*)
 *(.rela.tdata .rela.tdata.* .rela.gnu.linkonce.td.*)
 *(.rel.tbss .rel.tbss.* .rel.gnu.linkonce.tb.*)
 *(.rela.tbss .rela.tbss.* .rela.gnu.linkonce.tb.*)
 *(.rel.ctors)
 *(.rela.ctors)
 *(.rel.dtors)
 *(.rela.dtors)
 *(.rel.got)
 *(.rela.got)
 *(.rel.sdata .rel.sdata.* .rel.gnu.linkonce.s.*)
 *(.rela.sdata .rela.sdata.* .rela.gnu.linkonce.s.*)
 *(.rel.sbss .rel.sbss.* .rel.gnu.linkonce.sb.*)
 *(.rela.sbss .rela.sbss.* .rela.gnu.linkonce.sb.*)
 *(.rel.sdata2 .rel.sdata2.* .rel.gnu.linkonce.s2.*)
 *(.rela.sdata2 .rela.sdata2.* .rela.gnu.linkonce.s2.*)
 *(.rel.sbss2 .rel.sbss2.* .rel.gnu.linkonce.sb2.*)
 *(.rela.sbss2 .rela.sbss2.* .rela.gnu.linkonce.sb2.*)
 *(.rel.bss .rel.bss.* .rel.gnu.linkonce.b.*)
 *(.rela.bss .rela.bss.* .rela.gnu.linkonce.b.*)
 *(.rel.plt)
 *(.rela.plt)
 *(.rel.dyn)
 *(.init)
 *(.plt)
 *(.text .stub .text.* .gnu.linkonce.t.*)
 .text          0x0000000000001180       0x3c ../HelloNios_II_bsp//obj/HAL/src/crt0.o
                0x0000000000001180                _start
 .text          0x00000000000011bc       0xdc obj/default/hello_world_small.o
                0x00000000000011bc                timer_isr
                0x00000000000011f0                init_timer
                0x000000000000122c                spi_command
                0x0000000000001278                delay_ms
 .text.startup  0x0000000000001298       0x58 obj/default/hello_world_small.o
                0x0000000000001298                main
 .text          0x00000000000012f0       0x28 c:/intelfpga_lite/18.1/nios2eds/bin/gnu/h-x86_64-mingw32/bin/../lib/gcc/nios2-elf/5.3.0/mno-hw-mul\libgcc.a(lib2-mul.o)
                0x00000000000012f0                __mulsi3
 .text          0x0000000000001318       0x8c ../HelloNios_II_bsp/\libhal_bsp.a(alt_iic.o)
                0x0000000000001318                alt_ic_isr_register
                0x000000000000131c                alt_ic_irq_enable
                0x0000000000001354                alt_ic_irq_disable
                0x000000000000138c                alt_ic_irq_enabled
 .text          0x00000000000013a4       0x68 ../HelloNios_II_bsp/\libhal_bsp.a(alt_iic_isr_register.o)
                0x00000000000013a4                alt_iic_isr_register
 .text          0x000000000000140c        0x0 ../HelloNios_II_bsp/\libhal_bsp.a(alt_irq_entry.o)
 .text          0x000000000000140c        0x0 ../HelloNios_II_bsp/\libhal_bsp.a(alt_irq_handler.o)
 .text          0x000000000000140c        0x0 ../HelloNios_II_bsp/\libhal_bsp.a(alt_irq_vars.o)
 .text          0x000000000000140c       0xe0 ../HelloNios_II_bsp/\libhal_bsp.a(alt_load.o)
                0x000000000000140c                alt_load
 .text          0x00000000000014ec       0x2c ../HelloNios_II_bsp/\libhal_bsp.a(alt_main.o)
                0x00000000000014ec                alt_main
 .text          0x0000000000001518       0x38 ../HelloNios_II_bsp/\libhal_bsp.a(alt_putstr.o)
                0x0000000000001518                alt_putstr
 .text          0x0000000000001550        0x4 ../HelloNios_II_bsp/\libhal_bsp.a(alt_usleep.o)
                0x0000000000001550                usleep
 .text          0x0000000000001554       0x24 ../HelloNios_II_bsp/\libhal_bsp.a(alt_sys_init.o)
                0x0000000000001554                alt_irq_init
                0x0000000000001574                alt_sys_init
 .text          0x0000000000001578       0x34 ../HelloNios_II_bsp/\libhal_bsp.a(altera_avalon_jtag_uart_write.o)
                0x0000000000001578                altera_avalon_jtag_uart_write
 .text          0x00000000000015ac       0xe8 ../HelloNios_II_bsp/\libhal_bsp.a(altera_avalon_spi.o)
                0x00000000000015ac                alt_avalon_spi_command
 .text          0x0000000000001694       0x88 ../HelloNios_II_bsp/\libhal_bsp.a(alt_busy_sleep.o)
                0x0000000000001694                alt_busy_sleep
 .text          0x000000000000171c        0x4 ../HelloNios_II_bsp/\libhal_bsp.a(alt_dcache_flush_all.o)
                0x000000000000171c                alt_dcache_flush_all
 .text          0x0000000000001720        0x0 ../HelloNios_II_bsp/\libhal_bsp.a(alt_exception_entry.o)
 .text          0x0000000000001720        0x4 ../HelloNios_II_bsp/\libhal_bsp.a(alt_icache_flush_all.o)
                0x0000000000001720                alt_icache_flush_all
 .text          0x0000000000001724       0x74 ../HelloNios_II_bsp/\libhal_bsp.a(alt_instruction_exception_entry.o)
                0x0000000000001724                alt_exception_cause_generated_bad_addr
 .text          0x0000000000001798        0x8 ../HelloNios_II_bsp/\libhal_bsp.a(altera_nios2_gen2_irq.o)
                0x0000000000001798                altera_nios2_gen2_irq_init
 .text          0x00000000000017a0        0x0 c:/intelfpga_lite/18.1/nios2eds/bin/gnu/h-x86_64-mingw32/bin/../lib/gcc/nios2-elf/5.3.0/../../../../../H-x86_64-mingw32/nios2-elf/lib/mno-hw-mul\libsmallc.a(lib_a-strlen.o)
 .text.strlen   0x00000000000017a0       0x1c c:/intelfpga_lite/18.1/nios2eds/bin/gnu/h-x86_64-mingw32/bin/../lib/gcc/nios2-elf/5.3.0/../../../../../H-x86_64-mingw32/nios2-elf/lib/mno-hw-mul\libsmallc.a(lib_a-strlen.o)
                0x00000000000017a0                strlen
 .text          0x00000000000017bc      0x1b4 c:/intelfpga_lite/18.1/nios2eds/bin/gnu/h-x86_64-mingw32/bin/../lib/gcc/nios2-elf/5.3.0/mno-hw-mul\libgcc.a(lib2-divmod.o)
                0x00000000000017bc                __divsi3
                0x0000000000001840                __modsi3
                0x00000000000018b4                __udivsi3
                0x0000000000001918                __umodsi3
 *(.gnu.warning.*)
 *(.fini)
                [!provide]                        PROVIDE (__etext, ABSOLUTE (.))
                [!provide]                        PROVIDE (_etext, ABSOLUTE (.))
                [!provide]                        PROVIDE (etext, ABSOLUTE (.))
 *(.eh_frame_hdr)
                0x0000000000001970                . = ALIGN (0x4)
                [!provide]                        PROVIDE (__preinit_array_start, ABSOLUTE (.))
 *(.preinit_array)
                [!provide]                        PROVIDE (__preinit_array_end, ABSOLUTE (.))
                [!provide]                        PROVIDE (__init_array_start, ABSOLUTE (.))
 *(.init_array)
                [!provide]                        PROVIDE (__init_array_end, ABSOLUTE (.))
                [!provide]                        PROVIDE (__fini_array_start, ABSOLUTE (.))
 *(.fini_array)
                [!provide]                        PROVIDE (__fini_array_end, ABSOLUTE (.))
 *(.eh_frame)
 *(.gcc_except_table .gcc_except_table.*)
 *(.dynamic)
                [!provide]                        PROVIDE (__CTOR_LIST__, ABSOLUTE (.))
 *(.ctors)
 *(SORT(.ctors.*))
                [!provide]                        PROVIDE (__CTOR_END__, ABSOLUTE (.))
                [!provide]                        PROVIDE (__DTOR_LIST__, ABSOLUTE (.))
 *(.dtors)
 *(SORT(.dtors.*))
                [!provide]                        PROVIDE (__DTOR_END__, ABSOLUTE (.))
 *(.jcr)
                0x0000000000001970                . = ALIGN (0x4)

.rodata         0x0000000000001970       0x48
                0x0000000000001970                PROVIDE (__ram_rodata_start, ABSOLUTE (.))
                0x0000000000001970                . = ALIGN (0x4)
 *(.rodata .rodata.* .gnu.linkonce.r.*)
 .rodata.str1.4
                0x0000000000001970       0x48 obj/default/hello_world_small.o
 *(.rodata1)
                0x00000000000019b8                . = ALIGN (0x4)
                0x00000000000019b8                PROVIDE (__ram_rodata_end, ABSOLUTE (.))
                0x0000000000001970                PROVIDE (__flash_rodata_start, LOADADDR (.rodata))

.rwdata         0x00000000000019b8        0x8 load address 0x00000000000019c0
                0x00000000000019b8                PROVIDE (__ram_rwdata_start, ABSOLUTE (.))
                0x00000000000019b8                . = ALIGN (0x4)
 *(.got.plt)
 *(.got)
 *(.data1)
 *(.data .data.* .gnu.linkonce.d.*)
 .data          0x00000000000019b8        0x0 ../HelloNios_II_bsp//obj/HAL/src/crt0.o
 .data          0x00000000000019b8        0x0 obj/default/hello_world_small.o
 .data          0x00000000000019b8        0x0 c:/intelfpga_lite/18.1/nios2eds/bin/gnu/h-x86_64-mingw32/bin/../lib/gcc/nios2-elf/5.3.0/mno-hw-mul\libgcc.a(lib2-mul.o)
 .data          0x00000000000019b8        0x0 ../HelloNios_II_bsp/\libhal_bsp.a(alt_iic.o)
 .data          0x00000000000019b8        0x0 ../HelloNios_II_bsp/\libhal_bsp.a(alt_iic_isr_register.o)
 .data          0x00000000000019b8        0x0 ../HelloNios_II_bsp/\libhal_bsp.a(alt_irq_entry.o)
 .data          0x00000000000019b8        0x0 ../HelloNios_II_bsp/\libhal_bsp.a(alt_irq_handler.o)
 .data          0x00000000000019b8        0x0 ../HelloNios_II_bsp/\libhal_bsp.a(alt_irq_vars.o)
 .data          0x00000000000019b8        0x0 ../HelloNios_II_bsp/\libhal_bsp.a(alt_load.o)
 .data          0x00000000000019b8        0x0 ../HelloNios_II_bsp/\libhal_bsp.a(alt_main.o)
 .data          0x00000000000019b8        0x0 ../HelloNios_II_bsp/\libhal_bsp.a(alt_putstr.o)
 .data          0x00000000000019b8        0x0 ../HelloNios_II_bsp/\libhal_bsp.a(alt_usleep.o)
 .data          0x00000000000019b8        0x0 ../HelloNios_II_bsp/\libhal_bsp.a(alt_sys_init.o)
 .data          0x00000000000019b8        0x0 ../HelloNios_II_bsp/\libhal_bsp.a(altera_avalon_jtag_uart_write.o)
 .data          0x00000000000019b8        0x0 ../HelloNios_II_bsp/\libhal_bsp.a(altera_avalon_spi.o)
 .data          0x00000000000019b8        0x0 ../HelloNios_II_bsp/\libhal_bsp.a(alt_busy_sleep.o)
 .data          0x00000000000019b8        0x0 ../HelloNios_II_bsp/\libhal_bsp.a(alt_dcache_flush_all.o)
 .data          0x00000000000019b8        0x0 ../HelloNios_II_bsp/\libhal_bsp.a(alt_exception_entry.o)
 .data          0x00000000000019b8        0x0 ../HelloNios_II_bsp/\libhal_bsp.a(alt_icache_flush_all.o)
 .data          0x00000000000019b8        0x0 ../HelloNios_II_bsp/\libhal_bsp.a(alt_instruction_exception_entry.o)
 .data          0x00000000000019b8        0x0 ../HelloNios_II_bsp/\libhal_bsp.a(altera_nios2_gen2_irq.o)
 .data          0x00000000000019b8        0x0 c:/intelfpga_lite/18.1/nios2eds/bin/gnu/h-x86_64-mingw32/bin/../lib/gcc/nios2-elf/5.3.0/../../../../../H-x86_64-mingw32/nios2-elf/lib/mno-hw-mul\libsmallc.a(lib_a-strlen.o)
 .data          0x00000000000019b8        0x0 c:/intelfpga_lite/18.1/nios2eds/bin/gnu/h-x86_64-mingw32/bin/../lib/gcc/nios2-elf/5.3.0/mno-hw-mul\libgcc.a(lib2-divmod.o)
                0x00000000000099b8                _gp = ABSOLUTE ((. + 0x8000))
                [!provide]                        PROVIDE (gp, _gp)
 *(.rwdata .rwdata.*)
 *(.sdata .sdata.* .gnu.linkonce.s.*)
 .sdata         0x00000000000019b8        0x4 ../HelloNios_II_bsp/\libhal_bsp.a(alt_irq_vars.o)
                0x00000000000019b8                alt_priority_mask
 .sdata         0x00000000000019bc        0x4 ../HelloNios_II_bsp/\libhal_bsp.a(alt_sys_init.o)
                0x00000000000019bc                DEBUG
 *(.sdata2 .sdata2.* .gnu.linkonce.s2.*)
                0x00000000000019c0                . = ALIGN (0x4)
                0x00000000000019c0                _edata = ABSOLUTE (.)
                [!provide]                        PROVIDE (edata, ABSOLUTE (.))
                0x00000000000019c0                PROVIDE (__ram_rwdata_end, ABSOLUTE (.))
                0x00000000000019c0                PROVIDE (__flash_rwdata_start, LOADADDR (.rwdata))

.bss            0x00000000000019c8      0x118
                0x00000000000019c8                __bss_start = ABSOLUTE (.)
                [!provide]                        PROVIDE (__sbss_start, ABSOLUTE (.))
                [!provide]                        PROVIDE (___sbss_start, ABSOLUTE (.))
 *(.dynsbss)
 *(.sbss .sbss.* .gnu.linkonce.sb.*)
 .sbss          0x00000000000019c8        0x4 obj/default/hello_world_small.o
 .sbss          0x00000000000019cc        0x4 ../HelloNios_II_bsp/\libhal_bsp.a(alt_irq_vars.o)
                0x00000000000019cc                alt_irq_active
 .sbss          0x00000000000019d0        0xc ../HelloNios_II_bsp/\libhal_bsp.a(alt_main.o)
                0x00000000000019d0                alt_envp
                0x00000000000019d4                alt_argv
                0x00000000000019d8                alt_argc
 .sbss          0x00000000000019dc        0x4 ../HelloNios_II_bsp/\libhal_bsp.a(alt_instruction_exception_entry.o)
                0x00000000000019dc                alt_instruction_exception_handler
 *(.sbss2 .sbss2.* .gnu.linkonce.sb2.*)
 *(.scommon)
                [!provide]                        PROVIDE (__sbss_end, ABSOLUTE (.))
                [!provide]                        PROVIDE (___sbss_end, ABSOLUTE (.))
 *(.dynbss)
 *(.bss .bss.* .gnu.linkonce.b.*)
 .bss           0x00000000000019e0        0x0 ../HelloNios_II_bsp//obj/HAL/src/crt0.o
 .bss           0x00000000000019e0        0x0 obj/default/hello_world_small.o
 .bss           0x00000000000019e0        0x0 c:/intelfpga_lite/18.1/nios2eds/bin/gnu/h-x86_64-mingw32/bin/../lib/gcc/nios2-elf/5.3.0/mno-hw-mul\libgcc.a(lib2-mul.o)
 .bss           0x00000000000019e0        0x0 ../HelloNios_II_bsp/\libhal_bsp.a(alt_iic.o)
 .bss           0x00000000000019e0        0x0 ../HelloNios_II_bsp/\libhal_bsp.a(alt_iic_isr_register.o)
 .bss           0x00000000000019e0        0x0 ../HelloNios_II_bsp/\libhal_bsp.a(alt_irq_entry.o)
 .bss           0x00000000000019e0        0x0 ../HelloNios_II_bsp/\libhal_bsp.a(alt_irq_handler.o)
 .bss           0x00000000000019e0        0x0 ../HelloNios_II_bsp/\libhal_bsp.a(alt_irq_vars.o)
 .bss           0x00000000000019e0        0x0 ../HelloNios_II_bsp/\libhal_bsp.a(alt_load.o)
 .bss           0x00000000000019e0        0x0 ../HelloNios_II_bsp/\libhal_bsp.a(alt_main.o)
 .bss           0x00000000000019e0        0x0 ../HelloNios_II_bsp/\libhal_bsp.a(alt_putstr.o)
 .bss           0x00000000000019e0        0x0 ../HelloNios_II_bsp/\libhal_bsp.a(alt_usleep.o)
 .bss           0x00000000000019e0        0x0 ../HelloNios_II_bsp/\libhal_bsp.a(alt_sys_init.o)
 .bss           0x00000000000019e0        0x0 ../HelloNios_II_bsp/\libhal_bsp.a(altera_avalon_jtag_uart_write.o)
 .bss           0x00000000000019e0        0x0 ../HelloNios_II_bsp/\libhal_bsp.a(altera_avalon_spi.o)
 .bss           0x00000000000019e0        0x0 ../HelloNios_II_bsp/\libhal_bsp.a(alt_busy_sleep.o)
 .bss           0x00000000000019e0        0x0 ../HelloNios_II_bsp/\libhal_bsp.a(alt_dcache_flush_all.o)
 .bss           0x00000000000019e0        0x0 ../HelloNios_II_bsp/\libhal_bsp.a(alt_exception_entry.o)
 .bss           0x00000000000019e0        0x0 ../HelloNios_II_bsp/\libhal_bsp.a(alt_icache_flush_all.o)
 .bss           0x00000000000019e0        0x0 ../HelloNios_II_bsp/\libhal_bsp.a(alt_instruction_exception_entry.o)
 .bss           0x00000000000019e0        0x0 ../HelloNios_II_bsp/\libhal_bsp.a(altera_nios2_gen2_irq.o)
 .bss           0x00000000000019e0        0x0 c:/intelfpga_lite/18.1/nios2eds/bin/gnu/h-x86_64-mingw32/bin/../lib/gcc/nios2-elf/5.3.0/../../../../../H-x86_64-mingw32/nios2-elf/lib/mno-hw-mul\libsmallc.a(lib_a-strlen.o)
 .bss           0x00000000000019e0        0x0 c:/intelfpga_lite/18.1/nios2eds/bin/gnu/h-x86_64-mingw32/bin/../lib/gcc/nios2-elf/5.3.0/mno-hw-mul\libgcc.a(lib2-divmod.o)
 *(COMMON)
 COMMON         0x00000000000019e0      0x100 ../HelloNios_II_bsp/\libhal_bsp.a(alt_irq_handler.o)
                0x00000000000019e0                alt_irq
                0x0000000000001ae0                . = ALIGN (0x4)
                0x0000000000001ae0                __bss_end = ABSOLUTE (.)

.SRAM           0x0000000000001ae0        0x0
                [!provide]                        PROVIDE (_alt_partition_SRAM_start, ABSOLUTE (.))
 *(.SRAM .SRAM. SRAM.*)
                0x0000000000001ae0                . = ALIGN (0x4)
                [!provide]                        PROVIDE (_alt_partition_SRAM_end, ABSOLUTE (.))
                0x0000000000001ae0                _end = ABSOLUTE (.)
                0x0000000000001ae0                end = ABSOLUTE (.)
                0x0000000000001ae0                __alt_stack_base = ABSOLUTE (.)
                [!provide]                        PROVIDE (_alt_partition_SRAM_load_addr, LOADADDR (.SRAM))

.stab
 *(.stab)

.stabstr
 *(.stabstr)

.stab.excl
 *(.stab.excl)

.stab.exclstr
 *(.stab.exclstr)

.stab.index
 *(.stab.index)

.stab.indexstr
 *(.stab.indexstr)

.comment        0x0000000000000000       0x23
 *(.comment)
 .comment       0x0000000000000000       0x23 obj/default/hello_world_small.o
                                         0x24 (size before relaxing)
 .comment       0x0000000000000023       0x24 c:/intelfpga_lite/18.1/nios2eds/bin/gnu/h-x86_64-mingw32/bin/../lib/gcc/nios2-elf/5.3.0/mno-hw-mul\libgcc.a(lib2-mul.o)
 .comment       0x0000000000000023       0x24 ../HelloNios_II_bsp/\libhal_bsp.a(alt_iic.o)
 .comment       0x0000000000000023       0x24 ../HelloNios_II_bsp/\libhal_bsp.a(alt_iic_isr_register.o)
 .comment       0x0000000000000023       0x24 ../HelloNios_II_bsp/\libhal_bsp.a(alt_irq_handler.o)
 .comment       0x0000000000000023       0x24 ../HelloNios_II_bsp/\libhal_bsp.a(alt_irq_vars.o)
 .comment       0x0000000000000023       0x24 ../HelloNios_II_bsp/\libhal_bsp.a(alt_load.o)
 .comment       0x0000000000000023       0x24 ../HelloNios_II_bsp/\libhal_bsp.a(alt_main.o)
 .comment       0x0000000000000023       0x24 ../HelloNios_II_bsp/\libhal_bsp.a(alt_putstr.o)
 .comment       0x0000000000000023       0x24 ../HelloNios_II_bsp/\libhal_bsp.a(alt_usleep.o)
 .comment       0x0000000000000023       0x24 ../HelloNios_II_bsp/\libhal_bsp.a(alt_sys_init.o)
 .comment       0x0000000000000023       0x24 ../HelloNios_II_bsp/\libhal_bsp.a(altera_avalon_jtag_uart_write.o)
 .comment       0x0000000000000023       0x24 ../HelloNios_II_bsp/\libhal_bsp.a(altera_avalon_spi.o)
 .comment       0x0000000000000023       0x24 ../HelloNios_II_bsp/\libhal_bsp.a(alt_busy_sleep.o)
 .comment       0x0000000000000023       0x24 ../HelloNios_II_bsp/\libhal_bsp.a(alt_dcache_flush_all.o)
 .comment       0x0000000000000023       0x24 ../HelloNios_II_bsp/\libhal_bsp.a(alt_icache_flush_all.o)
 .comment       0x0000000000000023       0x24 ../HelloNios_II_bsp/\libhal_bsp.a(alt_instruction_exception_entry.o)
 .comment       0x0000000000000023       0x24 ../HelloNios_II_bsp/\libhal_bsp.a(altera_nios2_gen2_irq.o)
 .comment       0x0000000000000023       0x24 c:/intelfpga_lite/18.1/nios2eds/bin/gnu/h-x86_64-mingw32/bin/../lib/gcc/nios2-elf/5.3.0/../../../../../H-x86_64-mingw32/nios2-elf/lib/mno-hw-mul\libsmallc.a(lib_a-strlen.o)
 .comment       0x0000000000000023       0x24 c:/intelfpga_lite/18.1/nios2eds/bin/gnu/h-x86_64-mingw32/bin/../lib/gcc/nios2-elf/5.3.0/mno-hw-mul\libgcc.a(lib2-divmod.o)

.debug
 *(.debug)

.line
 *(.line)

.debug_srcinfo
 *(.debug_srcinfo)

.debug_sfnames
 *(.debug_sfnames)

.debug_aranges  0x0000000000000000      0x318
 *(.debug_aranges)
 .debug_aranges
                0x0000000000000000       0x28 ../HelloNios_II_bsp//obj/HAL/src/crt0.o
 .debug_aranges
                0x0000000000000028       0x28 obj/default/hello_world_small.o
 .debug_aranges
                0x0000000000000050       0x20 c:/intelfpga_lite/18.1/nios2eds/bin/gnu/h-x86_64-mingw32/bin/../lib/gcc/nios2-elf/5.3.0/mno-hw-mul\libgcc.a(lib2-mul.o)
 .debug_aranges
                0x0000000000000070       0x20 ../HelloNios_II_bsp/\libhal_bsp.a(alt_iic.o)
 .debug_aranges
                0x0000000000000090       0x20 ../HelloNios_II_bsp/\libhal_bsp.a(alt_iic_isr_register.o)
 .debug_aranges
                0x00000000000000b0       0x30 ../HelloNios_II_bsp/\libhal_bsp.a(alt_irq_entry.o)
 .debug_aranges
                0x00000000000000e0       0x20 ../HelloNios_II_bsp/\libhal_bsp.a(alt_irq_handler.o)
 .debug_aranges
                0x0000000000000100       0x18 ../HelloNios_II_bsp/\libhal_bsp.a(alt_irq_vars.o)
 .debug_aranges
                0x0000000000000118       0x20 ../HelloNios_II_bsp/\libhal_bsp.a(alt_load.o)
 .debug_aranges
                0x0000000000000138       0x20 ../HelloNios_II_bsp/\libhal_bsp.a(alt_main.o)
 .debug_aranges
                0x0000000000000158       0x20 ../HelloNios_II_bsp/\libhal_bsp.a(alt_putstr.o)
 .debug_aranges
                0x0000000000000178       0x20 ../HelloNios_II_bsp/\libhal_bsp.a(alt_usleep.o)
 .debug_aranges
                0x0000000000000198       0x20 ../HelloNios_II_bsp/\libhal_bsp.a(alt_sys_init.o)
 .debug_aranges
                0x00000000000001b8       0x20 ../HelloNios_II_bsp/\libhal_bsp.a(altera_avalon_jtag_uart_write.o)
 .debug_aranges
                0x00000000000001d8       0x20 ../HelloNios_II_bsp/\libhal_bsp.a(altera_avalon_spi.o)
 .debug_aranges
                0x00000000000001f8       0x20 ../HelloNios_II_bsp/\libhal_bsp.a(alt_busy_sleep.o)
 .debug_aranges
                0x0000000000000218       0x20 ../HelloNios_II_bsp/\libhal_bsp.a(alt_dcache_flush_all.o)
 .debug_aranges
                0x0000000000000238       0x38 ../HelloNios_II_bsp/\libhal_bsp.a(alt_exception_entry.o)
 .debug_aranges
                0x0000000000000270       0x20 ../HelloNios_II_bsp/\libhal_bsp.a(alt_icache_flush_all.o)
 .debug_aranges
                0x0000000000000290       0x28 ../HelloNios_II_bsp/\libhal_bsp.a(alt_instruction_exception_entry.o)
 .debug_aranges
                0x00000000000002b8       0x20 ../HelloNios_II_bsp/\libhal_bsp.a(altera_nios2_gen2_irq.o)
 .debug_aranges
                0x00000000000002d8       0x20 c:/intelfpga_lite/18.1/nios2eds/bin/gnu/h-x86_64-mingw32/bin/../lib/gcc/nios2-elf/5.3.0/../../../../../H-x86_64-mingw32/nios2-elf/lib/mno-hw-mul\libsmallc.a(lib_a-strlen.o)
 .debug_aranges
                0x00000000000002f8       0x20 c:/intelfpga_lite/18.1/nios2eds/bin/gnu/h-x86_64-mingw32/bin/../lib/gcc/nios2-elf/5.3.0/mno-hw-mul\libgcc.a(lib2-divmod.o)

.debug_pubnames
 *(.debug_pubnames)

.debug_info     0x0000000000000000     0x1f6b
 *(.debug_info .gnu.linkonce.wi.*)
 .debug_info    0x0000000000000000       0xa5 ../HelloNios_II_bsp//obj/HAL/src/crt0.o
 .debug_info    0x00000000000000a5      0x2c9 obj/default/hello_world_small.o
 .debug_info    0x000000000000036e       0xb4 c:/intelfpga_lite/18.1/nios2eds/bin/gnu/h-x86_64-mingw32/bin/../lib/gcc/nios2-elf/5.3.0/mno-hw-mul\libgcc.a(lib2-mul.o)
 .debug_info    0x0000000000000422      0x38a ../HelloNios_II_bsp/\libhal_bsp.a(alt_iic.o)
 .debug_info    0x00000000000007ac      0x232 ../HelloNios_II_bsp/\libhal_bsp.a(alt_iic_isr_register.o)
 .debug_info    0x00000000000009de       0xae ../HelloNios_II_bsp/\libhal_bsp.a(alt_irq_entry.o)
 .debug_info    0x0000000000000a8c      0x184 ../HelloNios_II_bsp/\libhal_bsp.a(alt_irq_handler.o)
 .debug_info    0x0000000000000c10       0x88 ../HelloNios_II_bsp/\libhal_bsp.a(alt_irq_vars.o)
 .debug_info    0x0000000000000c98      0x1c9 ../HelloNios_II_bsp/\libhal_bsp.a(alt_load.o)
 .debug_info    0x0000000000000e61      0x169 ../HelloNios_II_bsp/\libhal_bsp.a(alt_main.o)
 .debug_info    0x0000000000000fca      0x13a ../HelloNios_II_bsp/\libhal_bsp.a(alt_putstr.o)
 .debug_info    0x0000000000001104       0xd1 ../HelloNios_II_bsp/\libhal_bsp.a(alt_usleep.o)
 .debug_info    0x00000000000011d5      0x19d ../HelloNios_II_bsp/\libhal_bsp.a(alt_sys_init.o)
 .debug_info    0x0000000000001372      0x197 ../HelloNios_II_bsp/\libhal_bsp.a(altera_avalon_jtag_uart_write.o)
 .debug_info    0x0000000000001509      0x194 ../HelloNios_II_bsp/\libhal_bsp.a(altera_avalon_spi.o)
 .debug_info    0x000000000000169d       0xd8 ../HelloNios_II_bsp/\libhal_bsp.a(alt_busy_sleep.o)
 .debug_info    0x0000000000001775       0x92 ../HelloNios_II_bsp/\libhal_bsp.a(alt_dcache_flush_all.o)
 .debug_info    0x0000000000001807       0xb4 ../HelloNios_II_bsp/\libhal_bsp.a(alt_exception_entry.o)
 .debug_info    0x00000000000018bb       0x92 ../HelloNios_II_bsp/\libhal_bsp.a(alt_icache_flush_all.o)
 .debug_info    0x000000000000194d      0x1fd ../HelloNios_II_bsp/\libhal_bsp.a(alt_instruction_exception_entry.o)
 .debug_info    0x0000000000001b4a       0x92 ../HelloNios_II_bsp/\libhal_bsp.a(altera_nios2_gen2_irq.o)
 .debug_info    0x0000000000001bdc       0xc9 c:/intelfpga_lite/18.1/nios2eds/bin/gnu/h-x86_64-mingw32/bin/../lib/gcc/nios2-elf/5.3.0/../../../../../H-x86_64-mingw32/nios2-elf/lib/mno-hw-mul\libsmallc.a(lib_a-strlen.o)
 .debug_info    0x0000000000001ca5      0x2c6 c:/intelfpga_lite/18.1/nios2eds/bin/gnu/h-x86_64-mingw32/bin/../lib/gcc/nios2-elf/5.3.0/mno-hw-mul\libgcc.a(lib2-divmod.o)

.debug_abbrev   0x0000000000000000     0x1000
 *(.debug_abbrev)
 .debug_abbrev  0x0000000000000000       0x12 ../HelloNios_II_bsp//obj/HAL/src/crt0.o
 .debug_abbrev  0x0000000000000012      0x147 obj/default/hello_world_small.o
 .debug_abbrev  0x0000000000000159       0x6f c:/intelfpga_lite/18.1/nios2eds/bin/gnu/h-x86_64-mingw32/bin/../lib/gcc/nios2-elf/5.3.0/mno-hw-mul\libgcc.a(lib2-mul.o)
 .debug_abbrev  0x00000000000001c8      0x1a0 ../HelloNios_II_bsp/\libhal_bsp.a(alt_iic.o)
 .debug_abbrev  0x0000000000000368      0x19c ../HelloNios_II_bsp/\libhal_bsp.a(alt_iic_isr_register.o)
 .debug_abbrev  0x0000000000000504       0x12 ../HelloNios_II_bsp/\libhal_bsp.a(alt_irq_entry.o)
 .debug_abbrev  0x0000000000000516      0x120 ../HelloNios_II_bsp/\libhal_bsp.a(alt_irq_handler.o)
 .debug_abbrev  0x0000000000000636       0x40 ../HelloNios_II_bsp/\libhal_bsp.a(alt_irq_vars.o)
 .debug_abbrev  0x0000000000000676       0xd8 ../HelloNios_II_bsp/\libhal_bsp.a(alt_load.o)
 .debug_abbrev  0x000000000000074e       0xee ../HelloNios_II_bsp/\libhal_bsp.a(alt_main.o)
 .debug_abbrev  0x000000000000083c       0xd3 ../HelloNios_II_bsp/\libhal_bsp.a(alt_putstr.o)
 .debug_abbrev  0x000000000000090f       0x8d ../HelloNios_II_bsp/\libhal_bsp.a(alt_usleep.o)
 .debug_abbrev  0x000000000000099c      0x10e ../HelloNios_II_bsp/\libhal_bsp.a(alt_sys_init.o)
 .debug_abbrev  0x0000000000000aaa       0xd5 ../HelloNios_II_bsp/\libhal_bsp.a(altera_avalon_jtag_uart_write.o)
 .debug_abbrev  0x0000000000000b7f       0xa8 ../HelloNios_II_bsp/\libhal_bsp.a(altera_avalon_spi.o)
 .debug_abbrev  0x0000000000000c27       0x8d ../HelloNios_II_bsp/\libhal_bsp.a(alt_busy_sleep.o)
 .debug_abbrev  0x0000000000000cb4       0x42 ../HelloNios_II_bsp/\libhal_bsp.a(alt_dcache_flush_all.o)
 .debug_abbrev  0x0000000000000cf6       0x12 ../HelloNios_II_bsp/\libhal_bsp.a(alt_exception_entry.o)
 .debug_abbrev  0x0000000000000d08       0x42 ../HelloNios_II_bsp/\libhal_bsp.a(alt_icache_flush_all.o)
 .debug_abbrev  0x0000000000000d4a       0xe7 ../HelloNios_II_bsp/\libhal_bsp.a(alt_instruction_exception_entry.o)
 .debug_abbrev  0x0000000000000e31       0x42 ../HelloNios_II_bsp/\libhal_bsp.a(altera_nios2_gen2_irq.o)
 .debug_abbrev  0x0000000000000e73       0x7f c:/intelfpga_lite/18.1/nios2eds/bin/gnu/h-x86_64-mingw32/bin/../lib/gcc/nios2-elf/5.3.0/../../../../../H-x86_64-mingw32/nios2-elf/lib/mno-hw-mul\libsmallc.a(lib_a-strlen.o)
 .debug_abbrev  0x0000000000000ef2      0x10e c:/intelfpga_lite/18.1/nios2eds/bin/gnu/h-x86_64-mingw32/bin/../lib/gcc/nios2-elf/5.3.0/mno-hw-mul\libgcc.a(lib2-divmod.o)

.debug_line     0x0000000000000000     0x1098
 *(.debug_line)
 .debug_line    0x0000000000000000       0x66 ../HelloNios_II_bsp//obj/HAL/src/crt0.o
 .debug_line    0x0000000000000066      0x178 obj/default/hello_world_small.o
 .debug_line    0x00000000000001de       0x80 c:/intelfpga_lite/18.1/nios2eds/bin/gnu/h-x86_64-mingw32/bin/../lib/gcc/nios2-elf/5.3.0/mno-hw-mul\libgcc.a(lib2-mul.o)
 .debug_line    0x000000000000025e       0xf1 ../HelloNios_II_bsp/\libhal_bsp.a(alt_iic.o)
 .debug_line    0x000000000000034f       0xd6 ../HelloNios_II_bsp/\libhal_bsp.a(alt_iic_isr_register.o)
 .debug_line    0x0000000000000425       0x6b ../HelloNios_II_bsp/\libhal_bsp.a(alt_irq_entry.o)
 .debug_line    0x0000000000000490       0xa5 ../HelloNios_II_bsp/\libhal_bsp.a(alt_irq_handler.o)
 .debug_line    0x0000000000000535       0x50 ../HelloNios_II_bsp/\libhal_bsp.a(alt_irq_vars.o)
 .debug_line    0x0000000000000585       0xa4 ../HelloNios_II_bsp/\libhal_bsp.a(alt_load.o)
 .debug_line    0x0000000000000629       0xbd ../HelloNios_II_bsp/\libhal_bsp.a(alt_main.o)
 .debug_line    0x00000000000006e6       0xa0 ../HelloNios_II_bsp/\libhal_bsp.a(alt_putstr.o)
 .debug_line    0x0000000000000786       0xcf ../HelloNios_II_bsp/\libhal_bsp.a(alt_usleep.o)
 .debug_line    0x0000000000000855      0x11a ../HelloNios_II_bsp/\libhal_bsp.a(alt_sys_init.o)
 .debug_line    0x000000000000096f       0xf0 ../HelloNios_II_bsp/\libhal_bsp.a(altera_avalon_jtag_uart_write.o)
 .debug_line    0x0000000000000a5f       0xc5 ../HelloNios_II_bsp/\libhal_bsp.a(altera_avalon_spi.o)
 .debug_line    0x0000000000000b24       0xb5 ../HelloNios_II_bsp/\libhal_bsp.a(alt_busy_sleep.o)
 .debug_line    0x0000000000000bd9       0x4e ../HelloNios_II_bsp/\libhal_bsp.a(alt_dcache_flush_all.o)
 .debug_line    0x0000000000000c27       0xb3 ../HelloNios_II_bsp/\libhal_bsp.a(alt_exception_entry.o)
 .debug_line    0x0000000000000cda       0x4e ../HelloNios_II_bsp/\libhal_bsp.a(alt_icache_flush_all.o)
 .debug_line    0x0000000000000d28       0xbf ../HelloNios_II_bsp/\libhal_bsp.a(alt_instruction_exception_entry.o)
 .debug_line    0x0000000000000de7       0x50 ../HelloNios_II_bsp/\libhal_bsp.a(altera_nios2_gen2_irq.o)
 .debug_line    0x0000000000000e37      0x15c c:/intelfpga_lite/18.1/nios2eds/bin/gnu/h-x86_64-mingw32/bin/../lib/gcc/nios2-elf/5.3.0/../../../../../H-x86_64-mingw32/nios2-elf/lib/mno-hw-mul\libsmallc.a(lib_a-strlen.o)
 .debug_line    0x0000000000000f93      0x105 c:/intelfpga_lite/18.1/nios2eds/bin/gnu/h-x86_64-mingw32/bin/../lib/gcc/nios2-elf/5.3.0/mno-hw-mul\libgcc.a(lib2-divmod.o)

.debug_frame    0x0000000000000000      0x3c0
 *(.debug_frame)
 .debug_frame   0x0000000000000000       0x94 obj/default/hello_world_small.o
 .debug_frame   0x0000000000000094       0x20 c:/intelfpga_lite/18.1/nios2eds/bin/gnu/h-x86_64-mingw32/bin/../lib/gcc/nios2-elf/5.3.0/mno-hw-mul\libgcc.a(lib2-mul.o)
 .debug_frame   0x00000000000000b4       0x50 ../HelloNios_II_bsp/\libhal_bsp.a(alt_iic.o)
 .debug_frame   0x0000000000000104       0x30 ../HelloNios_II_bsp/\libhal_bsp.a(alt_iic_isr_register.o)
 .debug_frame   0x0000000000000134       0x34 ../HelloNios_II_bsp/\libhal_bsp.a(alt_irq_handler.o)
 .debug_frame   0x0000000000000168       0x30 ../HelloNios_II_bsp/\libhal_bsp.a(alt_load.o)
 .debug_frame   0x0000000000000198       0x2c ../HelloNios_II_bsp/\libhal_bsp.a(alt_main.o)
 .debug_frame   0x00000000000001c4       0x30 ../HelloNios_II_bsp/\libhal_bsp.a(alt_putstr.o)
 .debug_frame   0x00000000000001f4       0x20 ../HelloNios_II_bsp/\libhal_bsp.a(alt_usleep.o)
 .debug_frame   0x0000000000000214       0x3c ../HelloNios_II_bsp/\libhal_bsp.a(alt_sys_init.o)
 .debug_frame   0x0000000000000250       0x20 ../HelloNios_II_bsp/\libhal_bsp.a(altera_avalon_jtag_uart_write.o)
 .debug_frame   0x0000000000000270       0x20 ../HelloNios_II_bsp/\libhal_bsp.a(altera_avalon_spi.o)
 .debug_frame   0x0000000000000290       0x30 ../HelloNios_II_bsp/\libhal_bsp.a(alt_busy_sleep.o)
 .debug_frame   0x00000000000002c0       0x20 ../HelloNios_II_bsp/\libhal_bsp.a(alt_dcache_flush_all.o)
 .debug_frame   0x00000000000002e0       0x20 ../HelloNios_II_bsp/\libhal_bsp.a(alt_icache_flush_all.o)
 .debug_frame   0x0000000000000300       0x30 ../HelloNios_II_bsp/\libhal_bsp.a(alt_instruction_exception_entry.o)
 .debug_frame   0x0000000000000330       0x20 ../HelloNios_II_bsp/\libhal_bsp.a(altera_nios2_gen2_irq.o)
 .debug_frame   0x0000000000000350       0x20 c:/intelfpga_lite/18.1/nios2eds/bin/gnu/h-x86_64-mingw32/bin/../lib/gcc/nios2-elf/5.3.0/../../../../../H-x86_64-mingw32/nios2-elf/lib/mno-hw-mul\libsmallc.a(lib_a-strlen.o)
 .debug_frame   0x0000000000000370       0x50 c:/intelfpga_lite/18.1/nios2eds/bin/gnu/h-x86_64-mingw32/bin/../lib/gcc/nios2-elf/5.3.0/mno-hw-mul\libgcc.a(lib2-divmod.o)

.debug_str      0x0000000000000000      0xf93
 *(.debug_str)
 .debug_str     0x0000000000000000      0x1f2 obj/default/hello_world_small.o
                                        0x244 (size before relaxing)
 .debug_str     0x00000000000001f2      0x148 c:/intelfpga_lite/18.1/nios2eds/bin/gnu/h-x86_64-mingw32/bin/../lib/gcc/nios2-elf/5.3.0/mno-hw-mul\libgcc.a(lib2-mul.o)
                                        0x193 (size before relaxing)
 .debug_str     0x000000000000033a      0x16c ../HelloNios_II_bsp/\libhal_bsp.a(alt_iic.o)
                                        0x28a (size before relaxing)
 .debug_str     0x00000000000004a6       0x37 ../HelloNios_II_bsp/\libhal_bsp.a(alt_iic_isr_register.o)
                                        0x244 (size before relaxing)
 .debug_str     0x00000000000004dd       0x3a ../HelloNios_II_bsp/\libhal_bsp.a(alt_irq_handler.o)
                                        0x1ce (size before relaxing)
 .debug_str     0x0000000000000517       0x17 ../HelloNios_II_bsp/\libhal_bsp.a(alt_irq_vars.o)
                                        0x171 (size before relaxing)
 .debug_str     0x000000000000052e      0x113 ../HelloNios_II_bsp/\libhal_bsp.a(alt_load.o)
                                        0x273 (size before relaxing)
 .debug_str     0x0000000000000641       0x8f ../HelloNios_II_bsp/\libhal_bsp.a(alt_main.o)
                                        0x1ec (size before relaxing)
 .debug_str     0x00000000000006d0       0x60 ../HelloNios_II_bsp/\libhal_bsp.a(alt_putstr.o)
                                        0x1c3 (size before relaxing)
 .debug_str     0x0000000000000730       0x2f ../HelloNios_II_bsp/\libhal_bsp.a(alt_usleep.o)
                                        0x18e (size before relaxing)
 .debug_str     0x000000000000075f       0xb9 ../HelloNios_II_bsp/\libhal_bsp.a(alt_sys_init.o)
                                        0x28f (size before relaxing)
 .debug_str     0x0000000000000818       0x32 ../HelloNios_II_bsp/\libhal_bsp.a(altera_avalon_jtag_uart_write.o)
                                        0x24c (size before relaxing)
 .debug_str     0x000000000000084a       0x74 ../HelloNios_II_bsp/\libhal_bsp.a(altera_avalon_spi.o)
                                        0x217 (size before relaxing)
 .debug_str     0x00000000000008be       0x33 ../HelloNios_II_bsp/\libhal_bsp.a(alt_busy_sleep.o)
                                        0x1a2 (size before relaxing)
 .debug_str     0x00000000000008f1       0x1f ../HelloNios_II_bsp/\libhal_bsp.a(alt_dcache_flush_all.o)
                                        0x18c (size before relaxing)
 .debug_str     0x0000000000000910       0x1f ../HelloNios_II_bsp/\libhal_bsp.a(alt_icache_flush_all.o)
                                        0x18c (size before relaxing)
 .debug_str     0x000000000000092f      0x48b ../HelloNios_II_bsp/\libhal_bsp.a(alt_instruction_exception_entry.o)
                                        0x5d7 (size before relaxing)
 .debug_str     0x0000000000000dba       0x20 ../HelloNios_II_bsp/\libhal_bsp.a(altera_nios2_gen2_irq.o)
                                        0x193 (size before relaxing)
 .debug_str     0x0000000000000dda      0x13a c:/intelfpga_lite/18.1/nios2eds/bin/gnu/h-x86_64-mingw32/bin/../lib/gcc/nios2-elf/5.3.0/../../../../../H-x86_64-mingw32/nios2-elf/lib/mno-hw-mul\libsmallc.a(lib_a-strlen.o)
                                        0x1e5 (size before relaxing)
 .debug_str     0x0000000000000f14       0x7f c:/intelfpga_lite/18.1/nios2eds/bin/gnu/h-x86_64-mingw32/bin/../lib/gcc/nios2-elf/5.3.0/mno-hw-mul\libgcc.a(lib2-divmod.o)
                                        0x1d2 (size before relaxing)

.debug_loc      0x0000000000000000      0xd50
 *(.debug_loc)
 .debug_loc     0x0000000000000000      0x104 obj/default/hello_world_small.o
 .debug_loc     0x0000000000000104       0x93 c:/intelfpga_lite/18.1/nios2eds/bin/gnu/h-x86_64-mingw32/bin/../lib/gcc/nios2-elf/5.3.0/mno-hw-mul\libgcc.a(lib2-mul.o)
 .debug_loc     0x0000000000000197      0x170 ../HelloNios_II_bsp/\libhal_bsp.a(alt_iic.o)
 .debug_loc     0x0000000000000307      0x193 ../HelloNios_II_bsp/\libhal_bsp.a(alt_iic_isr_register.o)
 .debug_loc     0x000000000000049a       0x72 ../HelloNios_II_bsp/\libhal_bsp.a(alt_irq_handler.o)
 .debug_loc     0x000000000000050c       0x37 ../HelloNios_II_bsp/\libhal_bsp.a(alt_putstr.o)
 .debug_loc     0x0000000000000543       0x21 ../HelloNios_II_bsp/\libhal_bsp.a(alt_usleep.o)
 .debug_loc     0x0000000000000564       0x21 ../HelloNios_II_bsp/\libhal_bsp.a(alt_sys_init.o)
 .debug_loc     0x0000000000000585       0x8b ../HelloNios_II_bsp/\libhal_bsp.a(altera_avalon_jtag_uart_write.o)
 .debug_loc     0x0000000000000610      0x188 ../HelloNios_II_bsp/\libhal_bsp.a(altera_avalon_spi.o)
 .debug_loc     0x0000000000000798       0x67 ../HelloNios_II_bsp/\libhal_bsp.a(alt_busy_sleep.o)
 .debug_loc     0x00000000000007ff       0x65 ../HelloNios_II_bsp/\libhal_bsp.a(alt_instruction_exception_entry.o)
 .debug_loc     0x0000000000000864       0x1e c:/intelfpga_lite/18.1/nios2eds/bin/gnu/h-x86_64-mingw32/bin/../lib/gcc/nios2-elf/5.3.0/../../../../../H-x86_64-mingw32/nios2-elf/lib/mno-hw-mul\libsmallc.a(lib_a-strlen.o)
 .debug_loc     0x0000000000000882      0x4ce c:/intelfpga_lite/18.1/nios2eds/bin/gnu/h-x86_64-mingw32/bin/../lib/gcc/nios2-elf/5.3.0/mno-hw-mul\libgcc.a(lib2-divmod.o)

.debug_macinfo
 *(.debug_macinfo)

.debug_weaknames
 *(.debug_weaknames)

.debug_funcnames
 *(.debug_funcnames)

.debug_typenames
 *(.debug_typenames)

.debug_varnames
 *(.debug_varnames)

.debug_alt_sim_info
                0x0000000000000000       0x40
 *(.debug_alt_sim_info)
 .debug_alt_sim_info
                0x0000000000000000       0x10 ../HelloNios_II_bsp//obj/HAL/src/crt0.o
 .debug_alt_sim_info
                0x0000000000000010       0x30 ../HelloNios_II_bsp/\libhal_bsp.a(alt_busy_sleep.o)
                0x0000000000002000                __alt_data_end = 0x2000
                0x0000000000002000                PROVIDE (__alt_stack_pointer, __alt_data_end)
                [!provide]                        PROVIDE (__alt_stack_limit, __alt_stack_base)
                [!provide]                        PROVIDE (__alt_heap_start, end)
                [!provide]                        PROVIDE (__alt_heap_limit, 0x2000)
OUTPUT(HelloNios_II.elf elf32-littlenios2)

.debug_ranges   0x0000000000000000      0x170
 .debug_ranges  0x0000000000000000       0x20 ../HelloNios_II_bsp//obj/HAL/src/crt0.o
 .debug_ranges  0x0000000000000020       0x18 obj/default/hello_world_small.o
 .debug_ranges  0x0000000000000038       0x28 ../HelloNios_II_bsp/\libhal_bsp.a(alt_irq_entry.o)
 .debug_ranges  0x0000000000000060       0x10 ../HelloNios_II_bsp/\libhal_bsp.a(alt_irq_handler.o)
 .debug_ranges  0x0000000000000070       0x48 ../HelloNios_II_bsp/\libhal_bsp.a(alt_load.o)
 .debug_ranges  0x00000000000000b8       0x30 ../HelloNios_II_bsp/\libhal_bsp.a(alt_exception_entry.o)
 .debug_ranges  0x00000000000000e8       0x18 ../HelloNios_II_bsp/\libhal_bsp.a(alt_instruction_exception_entry.o)
 .debug_ranges  0x0000000000000100       0x10 c:/intelfpga_lite/18.1/nios2eds/bin/gnu/h-x86_64-mingw32/bin/../lib/gcc/nios2-elf/5.3.0/../../../../../H-x86_64-mingw32/nios2-elf/lib/mno-hw-mul\libsmallc.a(lib_a-strlen.o)
 .debug_ranges  0x0000000000000110       0x60 c:/intelfpga_lite/18.1/nios2eds/bin/gnu/h-x86_64-mingw32/bin/../lib/gcc/nios2-elf/5.3.0/mno-hw-mul\libgcc.a(lib2-divmod.o)
