------------------------------------------------------------
Timing Analyzer Summary
------------------------------------------------------------

Type  : Slow 1200mV 100C Model Setup 'inst2|altpll_component|auto_generated|pll1|clk[1]'
Slack : 35.938
TNS   : 0.000

Type  : Slow 1200mV 100C Model Setup 'inst2|altpll_component|auto_generated|pll1|clk[0]'
Slack : 195.833
TNS   : 0.000

Type  : Slow 1200mV 100C Model Hold 'inst2|altpll_component|auto_generated|pll1|clk[0]'
Slack : 0.418
TNS   : 0.000

Type  : Slow 1200mV 100C Model Hold 'inst2|altpll_component|auto_generated|pll1|clk[1]'
Slack : 0.418
TNS   : 0.000

Type  : Slow 1200mV 100C Model Minimum Pulse Width 'OSC_clock'
Slack : 9.876
TNS   : 0.000

Type  : Slow 1200mV 100C Model Minimum Pulse Width 'inst2|altpll_component|auto_generated|pll1|clk[1]'
Slack : 19.673
TNS   : 0.000

Type  : Slow 1200mV 100C Model Minimum Pulse Width 'inst2|altpll_component|auto_generated|pll1|clk[0]'
Slack : 99.672
TNS   : 0.000

Type  : Slow 1200mV -40C Model Setup 'inst2|altpll_component|auto_generated|pll1|clk[1]'
Slack : 36.511
TNS   : 0.000

Type  : Slow 1200mV -40C Model Setup 'inst2|altpll_component|auto_generated|pll1|clk[0]'
Slack : 196.296
TNS   : 0.000

Type  : Slow 1200mV -40C Model Hold 'inst2|altpll_component|auto_generated|pll1|clk[0]'
Slack : 0.345
TNS   : 0.000

Type  : Slow 1200mV -40C Model Hold 'inst2|altpll_component|auto_generated|pll1|clk[1]'
Slack : 0.345
TNS   : 0.000

Type  : Slow 1200mV -40C Model Minimum Pulse Width 'OSC_clock'
Slack : 9.883
TNS   : 0.000

Type  : Slow 1200mV -40C Model Minimum Pulse Width 'inst2|altpll_component|auto_generated|pll1|clk[1]'
Slack : 19.680
TNS   : 0.000

Type  : Slow 1200mV -40C Model Minimum Pulse Width 'inst2|altpll_component|auto_generated|pll1|clk[0]'
Slack : 99.680
TNS   : 0.000

Type  : Fast 1200mV -40C Model Setup 'inst2|altpll_component|auto_generated|pll1|clk[1]'
Slack : 38.096
TNS   : 0.000

Type  : Fast 1200mV -40C Model Setup 'inst2|altpll_component|auto_generated|pll1|clk[0]'
Slack : 197.969
TNS   : 0.000

Type  : Fast 1200mV -40C Model Hold 'inst2|altpll_component|auto_generated|pll1|clk[0]'
Slack : 0.180
TNS   : 0.000

Type  : Fast 1200mV -40C Model Hold 'inst2|altpll_component|auto_generated|pll1|clk[1]'
Slack : 0.180
TNS   : 0.000

Type  : Fast 1200mV -40C Model Minimum Pulse Width 'OSC_clock'
Slack : 9.622
TNS   : 0.000

Type  : Fast 1200mV -40C Model Minimum Pulse Width 'inst2|altpll_component|auto_generated|pll1|clk[1]'
Slack : 19.761
TNS   : 0.000

Type  : Fast 1200mV -40C Model Minimum Pulse Width 'inst2|altpll_component|auto_generated|pll1|clk[0]'
Slack : 99.764
TNS   : 0.000

------------------------------------------------------------
