10:45:08 **** Build of configuration Nios II for project HelloNios_II ****
make all 
Info: Building ../HelloNios_II_bsp/
C:/intelFPGA_lite/18.1/nios2eds/bin/gnu/H-x86_64-mingw32/bin/make --no-print-directory -C ../HelloNios_II_bsp/
Compiling alt_alarm_start.c...
nios2-elf-gcc -xc -MP -MMD -c  -I./HAL/inc -I. -I./drivers/inc -pipe -D__hal__ -DALT_NO_C_PLUS_PLUS -DALT_NO_CLEAN_EXIT -D'exit(a)=_exit(a)' -DALT_NO_EXIT -DALT_USE_DIRECT_DRIVERS -DALT_NO_INSTRUCTION_EMULATION -DALT_USE_SMALL_DRIVERS -DSMALL_C_LIB -DALT_SINGLE_THREADED    '-Os' -g -Wall  -mno-hw-div -mno-hw-mul -mno-hw-mulx -mgpopt=global   -o obj/HAL/src/alt_alarm_start.o HAL/src/alt_alarm_start.c
Compiling alt_busy_sleep.c...
nios2-elf-gcc -xc -MP -MMD -c  -I./HAL/inc -I. -I./drivers/inc -pipe -D__hal__ -DALT_NO_C_PLUS_PLUS -DALT_NO_CLEAN_EXIT -D'exit(a)=_exit(a)' -DALT_NO_EXIT -DALT_USE_DIRECT_DRIVERS -DALT_NO_INSTRUCTION_EMULATION -DALT_USE_SMALL_DRIVERS -DSMALL_C_LIB -DALT_SINGLE_THREADED    '-Os' -g -Wall  -mno-hw-div -mno-hw-mul -mno-hw-mulx -mgpopt=global   -o obj/HAL/src/alt_busy_sleep.o HAL/src/alt_busy_sleep.c
Compiling alt_close.c...
nios2-elf-gcc -xc -MP -MMD -c  -I./HAL/inc -I. -I./drivers/inc -pipe -D__hal__ -DALT_NO_C_PLUS_PLUS -DALT_NO_CLEAN_EXIT -D'exit(a)=_exit(a)' -DALT_NO_EXIT -DALT_USE_DIRECT_DRIVERS -DALT_NO_INSTRUCTION_EMULATION -DALT_USE_SMALL_DRIVERS -DSMALL_C_LIB -DALT_SINGLE_THREADED    '-Os' -g -Wall  -mno-hw-div -mno-hw-mul -mno-hw-mulx -mgpopt=global   -o obj/HAL/src/alt_close.o HAL/src/alt_close.c
Compiling alt_dcache_flush.c...
nios2-elf-gcc -xc -MP -MMD -c  -I./HAL/inc -I. -I./drivers/inc -pipe -D__hal__ -DALT_NO_C_PLUS_PLUS -DALT_NO_CLEAN_EXIT -D'exit(a)=_exit(a)' -DALT_NO_EXIT -DALT_USE_DIRECT_DRIVERS -DALT_NO_INSTRUCTION_EMULATION -DALT_USE_SMALL_DRIVERS -DSMALL_C_LIB -DALT_SINGLE_THREADED    '-Os' -g -Wall  -mno-hw-div -mno-hw-mul -mno-hw-mulx -mgpopt=global   -o obj/HAL/src/alt_dcache_flush.o HAL/src/alt_dcache_flush.c
Compiling alt_dcache_flush_all.c...
nios2-elf-gcc -xc -MP -MMD -c  -I./HAL/inc -I. -I./drivers/inc -pipe -D__hal__ -DALT_NO_C_PLUS_PLUS -DALT_NO_CLEAN_EXIT -D'exit(a)=_exit(a)' -DALT_NO_EXIT -DALT_USE_DIRECT_DRIVERS -DALT_NO_INSTRUCTION_EMULATION -DALT_USE_SMALL_DRIVERS -DSMALL_C_LIB -DALT_SINGLE_THREADED    '-Os' -g -Wall  -mno-hw-div -mno-hw-mul -mno-hw-mulx -mgpopt=global   -o obj/HAL/src/alt_dcache_flush_all.o HAL/src/alt_dcache_flush_all.c
Compiling alt_dcache_flush_no_writeback.c...
nios2-elf-gcc -xc -MP -MMD -c  -I./HAL/inc -I. -I./drivers/inc -pipe -D__hal__ -DALT_NO_C_PLUS_PLUS -DALT_NO_CLEAN_EXIT -D'exit(a)=_exit(a)' -DALT_NO_EXIT -DALT_USE_DIRECT_DRIVERS -DALT_NO_INSTRUCTION_EMULATION -DALT_USE_SMALL_DRIVERS -DSMALL_C_LIB -DALT_SINGLE_THREADED    '-Os' -g -Wall  -mno-hw-div -mno-hw-mul -mno-hw-mulx -mgpopt=global   -o obj/HAL/src/alt_dcache_flush_no_writeback.o HAL/src/alt_dcache_flush_no_writeback.c
Compiling alt_dev.c...
nios2-elf-gcc -xc -MP -MMD -c  -I./HAL/inc -I. -I./drivers/inc -pipe -D__hal__ -DALT_NO_C_PLUS_PLUS -DALT_NO_CLEAN_EXIT -D'exit(a)=_exit(a)' -DALT_NO_EXIT -DALT_USE_DIRECT_DRIVERS -DALT_NO_INSTRUCTION_EMULATION -DALT_USE_SMALL_DRIVERS -DSMALL_C_LIB -DALT_SINGLE_THREADED    '-Os' -g -Wall  -mno-hw-div -mno-hw-mul -mno-hw-mulx -mgpopt=global   -o obj/HAL/src/alt_dev.o HAL/src/alt_dev.c
Compiling alt_dma_rxchan_open.c...
nios2-elf-gcc -xc -MP -MMD -c  -I./HAL/inc -I. -I./drivers/inc -pipe -D__hal__ -DALT_NO_C_PLUS_PLUS -DALT_NO_CLEAN_EXIT -D'exit(a)=_exit(a)' -DALT_NO_EXIT -DALT_USE_DIRECT_DRIVERS -DALT_NO_INSTRUCTION_EMULATION -DALT_USE_SMALL_DRIVERS -DSMALL_C_LIB -DALT_SINGLE_THREADED    '-Os' -g -Wall  -mno-hw-div -mno-hw-mul -mno-hw-mulx -mgpopt=global   -o obj/HAL/src/alt_dma_rxchan_open.o HAL/src/alt_dma_rxchan_open.c
Compiling alt_dma_txchan_open.c...
nios2-elf-gcc -xc -MP -MMD -c  -I./HAL/inc -I. -I./drivers/inc -pipe -D__hal__ -DALT_NO_C_PLUS_PLUS -DALT_NO_CLEAN_EXIT -D'exit(a)=_exit(a)' -DALT_NO_EXIT -DALT_USE_DIRECT_DRIVERS -DALT_NO_INSTRUCTION_EMULATION -DALT_USE_SMALL_DRIVERS -DSMALL_C_LIB -DALT_SINGLE_THREADED    '-Os' -g -Wall  -mno-hw-div -mno-hw-mul -mno-hw-mulx -mgpopt=global   -o obj/HAL/src/alt_dma_txchan_open.o HAL/src/alt_dma_txchan_open.c
Compiling alt_ecc_fatal_exception.c...
nios2-elf-gcc -xc -MP -MMD -c  -I./HAL/inc -I. -I./drivers/inc -pipe -D__hal__ -DALT_NO_C_PLUS_PLUS -DALT_NO_CLEAN_EXIT -D'exit(a)=_exit(a)' -DALT_NO_EXIT -DALT_USE_DIRECT_DRIVERS -DALT_NO_INSTRUCTION_EMULATION -DALT_USE_SMALL_DRIVERS -DSMALL_C_LIB -DALT_SINGLE_THREADED    '-Os' -g -Wall  -mno-hw-div -mno-hw-mul -mno-hw-mulx -mgpopt=global   -o obj/HAL/src/alt_ecc_fatal_exception.o HAL/src/alt_ecc_fatal_exception.c
Compiling alt_exception_entry.S...
nios2-elf-gcc -MP -MMD -c   '-Os' -g -Wall  -mno-hw-div -mno-hw-mul -mno-hw-mulx -mgpopt=global    -I./HAL/inc -I. -I./drivers/inc -pipe -D__hal__ -DALT_NO_C_PLUS_PLUS -DALT_NO_CLEAN_EXIT -D'exit(a)=_exit(a)' -DALT_NO_EXIT -DALT_USE_DIRECT_DRIVERS -DALT_NO_INSTRUCTION_EMULATION -DALT_USE_SMALL_DRIVERS -DSMALL_C_LIB -DALT_SINGLE_THREADED  -Wa,-gdwarf2  -o obj/HAL/src/alt_exception_entry.o HAL/src/alt_exception_entry.S
Compiling alt_exit.c...
nios2-elf-gcc -xc -MP -MMD -c  -I./HAL/inc -I. -I./drivers/inc -pipe -D__hal__ -DALT_NO_C_PLUS_PLUS -DALT_NO_CLEAN_EXIT -D'exit(a)=_exit(a)' -DALT_NO_EXIT -DALT_USE_DIRECT_DRIVERS -DALT_NO_INSTRUCTION_EMULATION -DALT_USE_SMALL_DRIVERS -DSMALL_C_LIB -DALT_SINGLE_THREADED    '-Os' -g -Wall  -mno-hw-div -mno-hw-mul -mno-hw-mulx -mgpopt=global   -o obj/HAL/src/alt_exit.o HAL/src/alt_exit.c
Compiling alt_fcntl.c...
nios2-elf-gcc -xc -MP -MMD -c  -I./HAL/inc -I. -I./drivers/inc -pipe -D__hal__ -DALT_NO_C_PLUS_PLUS -DALT_NO_CLEAN_EXIT -D'exit(a)=_exit(a)' -DALT_NO_EXIT -DALT_USE_DIRECT_DRIVERS -DALT_NO_INSTRUCTION_EMULATION -DALT_USE_SMALL_DRIVERS -DSMALL_C_LIB -DALT_SINGLE_THREADED    '-Os' -g -Wall  -mno-hw-div -mno-hw-mul -mno-hw-mulx -mgpopt=global   -o obj/HAL/src/alt_fcntl.o HAL/src/alt_fcntl.c
Compiling alt_fd_lock.c...
nios2-elf-gcc -xc -MP -MMD -c  -I./HAL/inc -I. -I./drivers/inc -pipe -D__hal__ -DALT_NO_C_PLUS_PLUS -DALT_NO_CLEAN_EXIT -D'exit(a)=_exit(a)' -DALT_NO_EXIT -DALT_USE_DIRECT_DRIVERS -DALT_NO_INSTRUCTION_EMULATION -DALT_USE_SMALL_DRIVERS -DSMALL_C_LIB -DALT_SINGLE_THREADED    '-Os' -g -Wall  -mno-hw-div -mno-hw-mul -mno-hw-mulx -mgpopt=global   -o obj/HAL/src/alt_fd_lock.o HAL/src/alt_fd_lock.c
Compiling alt_fd_unlock.c...
nios2-elf-gcc -xc -MP -MMD -c  -I./HAL/inc -I. -I./drivers/inc -pipe -D__hal__ -DALT_NO_C_PLUS_PLUS -DALT_NO_CLEAN_EXIT -D'exit(a)=_exit(a)' -DALT_NO_EXIT -DALT_USE_DIRECT_DRIVERS -DALT_NO_INSTRUCTION_EMULATION -DALT_USE_SMALL_DRIVERS -DSMALL_C_LIB -DALT_SINGLE_THREADED    '-Os' -g -Wall  -mno-hw-div -mno-hw-mul -mno-hw-mulx -mgpopt=global   -o obj/HAL/src/alt_fd_unlock.o HAL/src/alt_fd_unlock.c
Compiling alt_find_dev.c...
nios2-elf-gcc -xc -MP -MMD -c  -I./HAL/inc -I. -I./drivers/inc -pipe -D__hal__ -DALT_NO_C_PLUS_PLUS -DALT_NO_CLEAN_EXIT -D'exit(a)=_exit(a)' -DALT_NO_EXIT -DALT_USE_DIRECT_DRIVERS -DALT_NO_INSTRUCTION_EMULATION -DALT_USE_SMALL_DRIVERS -DSMALL_C_LIB -DALT_SINGLE_THREADED    '-Os' -g -Wall  -mno-hw-div -mno-hw-mul -mno-hw-mulx -mgpopt=global   -o obj/HAL/src/alt_find_dev.o HAL/src/alt_find_dev.c
Compiling alt_find_file.c...
nios2-elf-gcc -xc -MP -MMD -c  -I./HAL/inc -I. -I./drivers/inc -pipe -D__hal__ -DALT_NO_C_PLUS_PLUS -DALT_NO_CLEAN_EXIT -D'exit(a)=_exit(a)' -DALT_NO_EXIT -DALT_USE_DIRECT_DRIVERS -DALT_NO_INSTRUCTION_EMULATION -DALT_USE_SMALL_DRIVERS -DSMALL_C_LIB -DALT_SINGLE_THREADED    '-Os' -g -Wall  -mno-hw-div -mno-hw-mul -mno-hw-mulx -mgpopt=global   -o obj/HAL/src/alt_find_file.o HAL/src/alt_find_file.c
Compiling alt_flash_dev.c...
nios2-elf-gcc -xc -MP -MMD -c  -I./HAL/inc -I. -I./drivers/inc -pipe -D__hal__ -DALT_NO_C_PLUS_PLUS -DALT_NO_CLEAN_EXIT -D'exit(a)=_exit(a)' -DALT_NO_EXIT -DALT_USE_DIRECT_DRIVERS -DALT_NO_INSTRUCTION_EMULATION -DALT_USE_SMALL_DRIVERS -DSMALL_C_LIB -DALT_SINGLE_THREADED    '-Os' -g -Wall  -mno-hw-div -mno-hw-mul -mno-hw-mulx -mgpopt=global   -o obj/HAL/src/alt_flash_dev.o HAL/src/alt_flash_dev.c
Compiling alt_fs_reg.c...
nios2-elf-gcc -xc -MP -MMD -c  -I./HAL/inc -I. -I./drivers/inc -pipe -D__hal__ -DALT_NO_C_PLUS_PLUS -DALT_NO_CLEAN_EXIT -D'exit(a)=_exit(a)' -DALT_NO_EXIT -DALT_USE_DIRECT_DRIVERS -DALT_NO_INSTRUCTION_EMULATION -DALT_USE_SMALL_DRIVERS -DSMALL_C_LIB -DALT_SINGLE_THREADED    '-Os' -g -Wall  -mno-hw-div -mno-hw-mul -mno-hw-mulx -mgpopt=global   -o obj/HAL/src/alt_fs_reg.o HAL/src/alt_fs_reg.c
Compiling alt_fstat.c...
nios2-elf-gcc -xc -MP -MMD -c  -I./HAL/inc -I. -I./drivers/inc -pipe -D__hal__ -DALT_NO_C_PLUS_PLUS -DALT_NO_CLEAN_EXIT -D'exit(a)=_exit(a)' -DALT_NO_EXIT -DALT_USE_DIRECT_DRIVERS -DALT_NO_INSTRUCTION_EMULATION -DALT_USE_SMALL_DRIVERS -DSMALL_C_LIB -DALT_SINGLE_THREADED    '-Os' -g -Wall  -mno-hw-div -mno-hw-mul -mno-hw-mulx -mgpopt=global   -o obj/HAL/src/alt_fstat.o HAL/src/alt_fstat.c
Compiling alt_get_fd.c...
nios2-elf-gcc -xc -MP -MMD -c  -I./HAL/inc -I. -I./drivers/inc -pipe -D__hal__ -DALT_NO_C_PLUS_PLUS -DALT_NO_CLEAN_EXIT -D'exit(a)=_exit(a)' -DALT_NO_EXIT -DALT_USE_DIRECT_DRIVERS -DALT_NO_INSTRUCTION_EMULATION -DALT_USE_SMALL_DRIVERS -DSMALL_C_LIB -DALT_SINGLE_THREADED    '-Os' -g -Wall  -mno-hw-div -mno-hw-mul -mno-hw-mulx -mgpopt=global   -o obj/HAL/src/alt_get_fd.o HAL/src/alt_get_fd.c
Compiling alt_getchar.c...
nios2-elf-gcc -xc -MP -MMD -c  -I./HAL/inc -I. -I./drivers/inc -pipe -D__hal__ -DALT_NO_C_PLUS_PLUS -DALT_NO_CLEAN_EXIT -D'exit(a)=_exit(a)' -DALT_NO_EXIT -DALT_USE_DIRECT_DRIVERS -DALT_NO_INSTRUCTION_EMULATION -DALT_USE_SMALL_DRIVERS -DSMALL_C_LIB -DALT_SINGLE_THREADED    '-Os' -g -Wall  -mno-hw-div -mno-hw-mul -mno-hw-mulx -mgpopt=global   -o obj/HAL/src/alt_getchar.o HAL/src/alt_getchar.c
Compiling alt_gmon.c...
nios2-elf-gcc -xc -MP -MMD -c  -I./HAL/inc -I. -I./drivers/inc -pipe -D__hal__ -DALT_NO_C_PLUS_PLUS -DALT_NO_CLEAN_EXIT -D'exit(a)=_exit(a)' -DALT_NO_EXIT -DALT_USE_DIRECT_DRIVERS -DALT_NO_INSTRUCTION_EMULATION -DALT_USE_SMALL_DRIVERS -DSMALL_C_LIB -DALT_SINGLE_THREADED    '-Os' -g -Wall  -mno-hw-div -mno-hw-mul -mno-hw-mulx -mgpopt=global   -o obj/HAL/src/alt_gmon.o HAL/src/alt_gmon.c
Compiling alt_icache_flush.c...
nios2-elf-gcc -xc -MP -MMD -c  -I./HAL/inc -I. -I./drivers/inc -pipe -D__hal__ -DALT_NO_C_PLUS_PLUS -DALT_NO_CLEAN_EXIT -D'exit(a)=_exit(a)' -DALT_NO_EXIT -DALT_USE_DIRECT_DRIVERS -DALT_NO_INSTRUCTION_EMULATION -DALT_USE_SMALL_DRIVERS -DSMALL_C_LIB -DALT_SINGLE_THREADED    '-Os' -g -Wall  -mno-hw-div -mno-hw-mul -mno-hw-mulx -mgpopt=global   -o obj/HAL/src/alt_icache_flush.o HAL/src/alt_icache_flush.c
Compiling alt_icache_flush_all.c...
nios2-elf-gcc -xc -MP -MMD -c  -I./HAL/inc -I. -I./drivers/inc -pipe -D__hal__ -DALT_NO_C_PLUS_PLUS -DALT_NO_CLEAN_EXIT -D'exit(a)=_exit(a)' -DALT_NO_EXIT -DALT_USE_DIRECT_DRIVERS -DALT_NO_INSTRUCTION_EMULATION -DALT_USE_SMALL_DRIVERS -DSMALL_C_LIB -DALT_SINGLE_THREADED    '-Os' -g -Wall  -mno-hw-div -mno-hw-mul -mno-hw-mulx -mgpopt=global   -o obj/HAL/src/alt_icache_flush_all.o HAL/src/alt_icache_flush_all.c
Compiling alt_iic.c...
nios2-elf-gcc -xc -MP -MMD -c  -I./HAL/inc -I. -I./drivers/inc -pipe -D__hal__ -DALT_NO_C_PLUS_PLUS -DALT_NO_CLEAN_EXIT -D'exit(a)=_exit(a)' -DALT_NO_EXIT -DALT_USE_DIRECT_DRIVERS -DALT_NO_INSTRUCTION_EMULATION -DALT_USE_SMALL_DRIVERS -DSMALL_C_LIB -DALT_SINGLE_THREADED    '-Os' -g -Wall  -mno-hw-div -mno-hw-mul -mno-hw-mulx -mgpopt=global   -o obj/HAL/src/alt_iic.o HAL/src/alt_iic.c
Compiling alt_iic_isr_register.c...
nios2-elf-gcc -xc -MP -MMD -c  -I./HAL/inc -I. -I./drivers/inc -pipe -D__hal__ -DALT_NO_C_PLUS_PLUS -DALT_NO_CLEAN_EXIT -D'exit(a)=_exit(a)' -DALT_NO_EXIT -DALT_USE_DIRECT_DRIVERS -DALT_NO_INSTRUCTION_EMULATION -DALT_USE_SMALL_DRIVERS -DSMALL_C_LIB -DALT_SINGLE_THREADED    '-Os' -g -Wall  -mno-hw-div -mno-hw-mul -mno-hw-mulx -mgpopt=global   -o obj/HAL/src/alt_iic_isr_register.o HAL/src/alt_iic_isr_register.c
Compiling alt_instruction_exception_entry.c...
nios2-elf-gcc -xc -MP -MMD -c  -I./HAL/inc -I. -I./drivers/inc -pipe -D__hal__ -DALT_NO_C_PLUS_PLUS -DALT_NO_CLEAN_EXIT -D'exit(a)=_exit(a)' -DALT_NO_EXIT -DALT_USE_DIRECT_DRIVERS -DALT_NO_INSTRUCTION_EMULATION -DALT_USE_SMALL_DRIVERS -DSMALL_C_LIB -DALT_SINGLE_THREADED    '-Os' -g -Wall  -mno-hw-div -mno-hw-mul -mno-hw-mulx -mgpopt=global   -o obj/HAL/src/alt_instruction_exception_entry.o HAL/src/alt_instruction_exception_entry.c
Compiling alt_instruction_exception_register.c...
nios2-elf-gcc -xc -MP -MMD -c  -I./HAL/inc -I. -I./drivers/inc -pipe -D__hal__ -DALT_NO_C_PLUS_PLUS -DALT_NO_CLEAN_EXIT -D'exit(a)=_exit(a)' -DALT_NO_EXIT -DALT_USE_DIRECT_DRIVERS -DALT_NO_INSTRUCTION_EMULATION -DALT_USE_SMALL_DRIVERS -DSMALL_C_LIB -DALT_SINGLE_THREADED    '-Os' -g -Wall  -mno-hw-div -mno-hw-mul -mno-hw-mulx -mgpopt=global   -o obj/HAL/src/alt_instruction_exception_register.o HAL/src/alt_instruction_exception_register.c
Compiling alt_io_redirect.c...
nios2-elf-gcc -xc -MP -MMD -c  -I./HAL/inc -I. -I./drivers/inc -pipe -D__hal__ -DALT_NO_C_PLUS_PLUS -DALT_NO_CLEAN_EXIT -D'exit(a)=_exit(a)' -DALT_NO_EXIT -DALT_USE_DIRECT_DRIVERS -DALT_NO_INSTRUCTION_EMULATION -DALT_USE_SMALL_DRIVERS -DSMALL_C_LIB -DALT_SINGLE_THREADED    '-Os' -g -Wall  -mno-hw-div -mno-hw-mul -mno-hw-mulx -mgpopt=global   -o obj/HAL/src/alt_io_redirect.o HAL/src/alt_io_redirect.c
Compiling alt_ioctl.c...
nios2-elf-gcc -xc -MP -MMD -c  -I./HAL/inc -I. -I./drivers/inc -pipe -D__hal__ -DALT_NO_C_PLUS_PLUS -DALT_NO_CLEAN_EXIT -D'exit(a)=_exit(a)' -DALT_NO_EXIT -DALT_USE_DIRECT_DRIVERS -DALT_NO_INSTRUCTION_EMULATION -DALT_USE_SMALL_DRIVERS -DSMALL_C_LIB -DALT_SINGLE_THREADED    '-Os' -g -Wall  -mno-hw-div -mno-hw-mul -mno-hw-mulx -mgpopt=global   -o obj/HAL/src/alt_ioctl.o HAL/src/alt_ioctl.c
Compiling alt_irq_entry.S...
nios2-elf-gcc -MP -MMD -c   '-Os' -g -Wall  -mno-hw-div -mno-hw-mul -mno-hw-mulx -mgpopt=global    -I./HAL/inc -I. -I./drivers/inc -pipe -D__hal__ -DALT_NO_C_PLUS_PLUS -DALT_NO_CLEAN_EXIT -D'exit(a)=_exit(a)' -DALT_NO_EXIT -DALT_USE_DIRECT_DRIVERS -DALT_NO_INSTRUCTION_EMULATION -DALT_USE_SMALL_DRIVERS -DSMALL_C_LIB -DALT_SINGLE_THREADED  -Wa,-gdwarf2  -o obj/HAL/src/alt_irq_entry.o HAL/src/alt_irq_entry.S
Compiling alt_irq_handler.c...
nios2-elf-gcc -xc -MP -MMD -c  -I./HAL/inc -I. -I./drivers/inc -pipe -D__hal__ -DALT_NO_C_PLUS_PLUS -DALT_NO_CLEAN_EXIT -D'exit(a)=_exit(a)' -DALT_NO_EXIT -DALT_USE_DIRECT_DRIVERS -DALT_NO_INSTRUCTION_EMULATION -DALT_USE_SMALL_DRIVERS -DSMALL_C_LIB -DALT_SINGLE_THREADED    '-Os' -g -Wall  -mno-hw-div -mno-hw-mul -mno-hw-mulx -mgpopt=global   -o obj/HAL/src/alt_irq_handler.o HAL/src/alt_irq_handler.c
Compiling alt_irq_register.c...
nios2-elf-gcc -xc -MP -MMD -c  -I./HAL/inc -I. -I./drivers/inc -pipe -D__hal__ -DALT_NO_C_PLUS_PLUS -DALT_NO_CLEAN_EXIT -D'exit(a)=_exit(a)' -DALT_NO_EXIT -DALT_USE_DIRECT_DRIVERS -DALT_NO_INSTRUCTION_EMULATION -DALT_USE_SMALL_DRIVERS -DSMALL_C_LIB -DALT_SINGLE_THREADED    '-Os' -g -Wall  -mno-hw-div -mno-hw-mul -mno-hw-mulx -mgpopt=global   -o obj/HAL/src/alt_irq_register.o HAL/src/alt_irq_register.c
Compiling alt_irq_vars.c...
nios2-elf-gcc -xc -MP -MMD -c  -I./HAL/inc -I. -I./drivers/inc -pipe -D__hal__ -DALT_NO_C_PLUS_PLUS -DALT_NO_CLEAN_EXIT -D'exit(a)=_exit(a)' -DALT_NO_EXIT -DALT_USE_DIRECT_DRIVERS -DALT_NO_INSTRUCTION_EMULATION -DALT_USE_SMALL_DRIVERS -DSMALL_C_LIB -DALT_SINGLE_THREADED    '-Os' -g -Wall  -mno-hw-div -mno-hw-mul -mno-hw-mulx -mgpopt=global   -o obj/HAL/src/alt_irq_vars.o HAL/src/alt_irq_vars.c
Compiling alt_isatty.c...
nios2-elf-gcc -xc -MP -MMD -c  -I./HAL/inc -I. -I./drivers/inc -pipe -D__hal__ -DALT_NO_C_PLUS_PLUS -DALT_NO_CLEAN_EXIT -D'exit(a)=_exit(a)' -DALT_NO_EXIT -DALT_USE_DIRECT_DRIVERS -DALT_NO_INSTRUCTION_EMULATION -DALT_USE_SMALL_DRIVERS -DSMALL_C_LIB -DALT_SINGLE_THREADED    '-Os' -g -Wall  -mno-hw-div -mno-hw-mul -mno-hw-mulx -mgpopt=global   -o obj/HAL/src/alt_isatty.o HAL/src/alt_isatty.c
Compiling alt_lseek.c...
nios2-elf-gcc -xc -MP -MMD -c  -I./HAL/inc -I. -I./drivers/inc -pipe -D__hal__ -DALT_NO_C_PLUS_PLUS -DALT_NO_CLEAN_EXIT -D'exit(a)=_exit(a)' -DALT_NO_EXIT -DALT_USE_DIRECT_DRIVERS -DALT_NO_INSTRUCTION_EMULATION -DALT_USE_SMALL_DRIVERS -DSMALL_C_LIB -DALT_SINGLE_THREADED    '-Os' -g -Wall  -mno-hw-div -mno-hw-mul -mno-hw-mulx -mgpopt=global   -o obj/HAL/src/alt_lseek.o HAL/src/alt_lseek.c
Compiling alt_main.c...
nios2-elf-gcc -xc -MP -MMD -c  -I./HAL/inc -I. -I./drivers/inc -pipe -D__hal__ -DALT_NO_C_PLUS_PLUS -DALT_NO_CLEAN_EXIT -D'exit(a)=_exit(a)' -DALT_NO_EXIT -DALT_USE_DIRECT_DRIVERS -DALT_NO_INSTRUCTION_EMULATION -DALT_USE_SMALL_DRIVERS -DSMALL_C_LIB -DALT_SINGLE_THREADED    '-Os' -g -Wall  -mno-hw-div -mno-hw-mul -mno-hw-mulx -mgpopt=global   -o obj/HAL/src/alt_main.o HAL/src/alt_main.c
Compiling alt_open.c...
nios2-elf-gcc -xc -MP -MMD -c  -I./HAL/inc -I. -I./drivers/inc -pipe -D__hal__ -DALT_NO_C_PLUS_PLUS -DALT_NO_CLEAN_EXIT -D'exit(a)=_exit(a)' -DALT_NO_EXIT -DALT_USE_DIRECT_DRIVERS -DALT_NO_INSTRUCTION_EMULATION -DALT_USE_SMALL_DRIVERS -DSMALL_C_LIB -DALT_SINGLE_THREADED    '-Os' -g -Wall  -mno-hw-div -mno-hw-mul -mno-hw-mulx -mgpopt=global   -o obj/HAL/src/alt_open.o HAL/src/alt_open.c
Compiling alt_putchar.c...
nios2-elf-gcc -xc -MP -MMD -c  -I./HAL/inc -I. -I./drivers/inc -pipe -D__hal__ -DALT_NO_C_PLUS_PLUS -DALT_NO_CLEAN_EXIT -D'exit(a)=_exit(a)' -DALT_NO_EXIT -DALT_USE_DIRECT_DRIVERS -DALT_NO_INSTRUCTION_EMULATION -DALT_USE_SMALL_DRIVERS -DSMALL_C_LIB -DALT_SINGLE_THREADED    '-Os' -g -Wall  -mno-hw-div -mno-hw-mul -mno-hw-mulx -mgpopt=global   -o obj/HAL/src/alt_putchar.o HAL/src/alt_putchar.c
Compiling alt_putstr.c...
nios2-elf-gcc -xc -MP -MMD -c  -I./HAL/inc -I. -I./drivers/inc -pipe -D__hal__ -DALT_NO_C_PLUS_PLUS -DALT_NO_CLEAN_EXIT -D'exit(a)=_exit(a)' -DALT_NO_EXIT -DALT_USE_DIRECT_DRIVERS -DALT_NO_INSTRUCTION_EMULATION -DALT_USE_SMALL_DRIVERS -DSMALL_C_LIB -DALT_SINGLE_THREADED    '-Os' -g -Wall  -mno-hw-div -mno-hw-mul -mno-hw-mulx -mgpopt=global   -o obj/HAL/src/alt_putstr.o HAL/src/alt_putstr.c
Compiling alt_read.c...
nios2-elf-gcc -xc -MP -MMD -c  -I./HAL/inc -I. -I./drivers/inc -pipe -D__hal__ -DALT_NO_C_PLUS_PLUS -DALT_NO_CLEAN_EXIT -D'exit(a)=_exit(a)' -DALT_NO_EXIT -DALT_USE_DIRECT_DRIVERS -DALT_NO_INSTRUCTION_EMULATION -DALT_USE_SMALL_DRIVERS -DSMALL_C_LIB -DALT_SINGLE_THREADED    '-Os' -g -Wall  -mno-hw-div -mno-hw-mul -mno-hw-mulx -mgpopt=global   -o obj/HAL/src/alt_read.o HAL/src/alt_read.c
Compiling alt_release_fd.c...
nios2-elf-gcc -xc -MP -MMD -c  -I./HAL/inc -I. -I./drivers/inc -pipe -D__hal__ -DALT_NO_C_PLUS_PLUS -DALT_NO_CLEAN_EXIT -D'exit(a)=_exit(a)' -DALT_NO_EXIT -DALT_USE_DIRECT_DRIVERS -DALT_NO_INSTRUCTION_EMULATION -DALT_USE_SMALL_DRIVERS -DSMALL_C_LIB -DALT_SINGLE_THREADED    '-Os' -g -Wall  -mno-hw-div -mno-hw-mul -mno-hw-mulx -mgpopt=global   -o obj/HAL/src/alt_release_fd.o HAL/src/alt_release_fd.c
Compiling alt_remap_cached.c...
nios2-elf-gcc -xc -MP -MMD -c  -I./HAL/inc -I. -I./drivers/inc -pipe -D__hal__ -DALT_NO_C_PLUS_PLUS -DALT_NO_CLEAN_EXIT -D'exit(a)=_exit(a)' -DALT_NO_EXIT -DALT_USE_DIRECT_DRIVERS -DALT_NO_INSTRUCTION_EMULATION -DALT_USE_SMALL_DRIVERS -DSMALL_C_LIB -DALT_SINGLE_THREADED    '-Os' -g -Wall  -mno-hw-div -mno-hw-mul -mno-hw-mulx -mgpopt=global   -o obj/HAL/src/alt_remap_cached.o HAL/src/alt_remap_cached.c
Compiling alt_remap_uncached.c...
nios2-elf-gcc -xc -MP -MMD -c  -I./HAL/inc -I. -I./drivers/inc -pipe -D__hal__ -DALT_NO_C_PLUS_PLUS -DALT_NO_CLEAN_EXIT -D'exit(a)=_exit(a)' -DALT_NO_EXIT -DALT_USE_DIRECT_DRIVERS -DALT_NO_INSTRUCTION_EMULATION -DALT_USE_SMALL_DRIVERS -DSMALL_C_LIB -DALT_SINGLE_THREADED    '-Os' -g -Wall  -mno-hw-div -mno-hw-mul -mno-hw-mulx -mgpopt=global   -o obj/HAL/src/alt_remap_uncached.o HAL/src/alt_remap_uncached.c
Compiling alt_sbrk.c...
nios2-elf-gcc -xc -MP -MMD -c  -I./HAL/inc -I. -I./drivers/inc -pipe -D__hal__ -DALT_NO_C_PLUS_PLUS -DALT_NO_CLEAN_EXIT -D'exit(a)=_exit(a)' -DALT_NO_EXIT -DALT_USE_DIRECT_DRIVERS -DALT_NO_INSTRUCTION_EMULATION -DALT_USE_SMALL_DRIVERS -DSMALL_C_LIB -DALT_SINGLE_THREADED    '-Os' -g -Wall  -mno-hw-div -mno-hw-mul -mno-hw-mulx -mgpopt=global   -o obj/HAL/src/alt_sbrk.o HAL/src/alt_sbrk.c
Compiling alt_software_exception.S...
nios2-elf-gcc -MP -MMD -c   '-Os' -g -Wall  -mno-hw-div -mno-hw-mul -mno-hw-mulx -mgpopt=global    -I./HAL/inc -I. -I./drivers/inc -pipe -D__hal__ -DALT_NO_C_PLUS_PLUS -DALT_NO_CLEAN_EXIT -D'exit(a)=_exit(a)' -DALT_NO_EXIT -DALT_USE_DIRECT_DRIVERS -DALT_NO_INSTRUCTION_EMULATION -DALT_USE_SMALL_DRIVERS -DSMALL_C_LIB -DALT_SINGLE_THREADED  -Wa,-gdwarf2  -o obj/HAL/src/alt_software_exception.o HAL/src/alt_software_exception.S
Compiling alt_tick.c...
nios2-elf-gcc -xc -MP -MMD -c  -I./HAL/inc -I. -I./drivers/inc -pipe -D__hal__ -DALT_NO_C_PLUS_PLUS -DALT_NO_CLEAN_EXIT -D'exit(a)=_exit(a)' -DALT_NO_EXIT -DALT_USE_DIRECT_DRIVERS -DALT_NO_INSTRUCTION_EMULATION -DALT_USE_SMALL_DRIVERS -DSMALL_C_LIB -DALT_SINGLE_THREADED    '-Os' -g -Wall  -mno-hw-div -mno-hw-mul -mno-hw-mulx -mgpopt=global   -o obj/HAL/src/alt_tick.o HAL/src/alt_tick.c
Compiling alt_uncached_free.c...
nios2-elf-gcc -xc -MP -MMD -c  -I./HAL/inc -I. -I./drivers/inc -pipe -D__hal__ -DALT_NO_C_PLUS_PLUS -DALT_NO_CLEAN_EXIT -D'exit(a)=_exit(a)' -DALT_NO_EXIT -DALT_USE_DIRECT_DRIVERS -DALT_NO_INSTRUCTION_EMULATION -DALT_USE_SMALL_DRIVERS -DSMALL_C_LIB -DALT_SINGLE_THREADED    '-Os' -g -Wall  -mno-hw-div -mno-hw-mul -mno-hw-mulx -mgpopt=global   -o obj/HAL/src/alt_uncached_free.o HAL/src/alt_uncached_free.c
Compiling alt_uncached_malloc.c...
nios2-elf-gcc -xc -MP -MMD -c  -I./HAL/inc -I. -I./drivers/inc -pipe -D__hal__ -DALT_NO_C_PLUS_PLUS -DALT_NO_CLEAN_EXIT -D'exit(a)=_exit(a)' -DALT_NO_EXIT -DALT_USE_DIRECT_DRIVERS -DALT_NO_INSTRUCTION_EMULATION -DALT_USE_SMALL_DRIVERS -DSMALL_C_LIB -DALT_SINGLE_THREADED    '-Os' -g -Wall  -mno-hw-div -mno-hw-mul -mno-hw-mulx -mgpopt=global   -o obj/HAL/src/alt_uncached_malloc.o HAL/src/alt_uncached_malloc.c
Compiling alt_write.c...
nios2-elf-gcc -xc -MP -MMD -c  -I./HAL/inc -I. -I./drivers/inc -pipe -D__hal__ -DALT_NO_C_PLUS_PLUS -DALT_NO_CLEAN_EXIT -D'exit(a)=_exit(a)' -DALT_NO_EXIT -DALT_USE_DIRECT_DRIVERS -DALT_NO_INSTRUCTION_EMULATION -DALT_USE_SMALL_DRIVERS -DSMALL_C_LIB -DALT_SINGLE_THREADED    '-Os' -g -Wall  -mno-hw-div -mno-hw-mul -mno-hw-mulx -mgpopt=global   -o obj/HAL/src/alt_write.o HAL/src/alt_write.c
Compiling altera_nios2_gen2_irq.c...
nios2-elf-gcc -xc -MP -MMD -c  -I./HAL/inc -I. -I./drivers/inc -pipe -D__hal__ -DALT_NO_C_PLUS_PLUS -DALT_NO_CLEAN_EXIT -D'exit(a)=_exit(a)' -DALT_NO_EXIT -DALT_USE_DIRECT_DRIVERS -DALT_NO_INSTRUCTION_EMULATION -DALT_USE_SMALL_DRIVERS -DSMALL_C_LIB -DALT_SINGLE_THREADED    '-Os' -g -Wall  -mno-hw-div -mno-hw-mul -mno-hw-mulx -mgpopt=global   -o obj/HAL/src/altera_nios2_gen2_irq.o HAL/src/altera_nios2_gen2_irq.c
Compiling crt0.S...
nios2-elf-gcc -MP -MMD -c   '-Os' -g -Wall  -mno-hw-div -mno-hw-mul -mno-hw-mulx -mgpopt=global    -I./HAL/inc -I. -I./drivers/inc -pipe -D__hal__ -DALT_NO_C_PLUS_PLUS -DALT_NO_CLEAN_EXIT -D'exit(a)=_exit(a)' -DALT_NO_EXIT -DALT_USE_DIRECT_DRIVERS -DALT_NO_INSTRUCTION_EMULATION -DALT_USE_SMALL_DRIVERS -DSMALL_C_LIB -DALT_SINGLE_THREADED  -Wa,-gdwarf2  -o obj/HAL/src/crt0.o HAL/src/crt0.S
Compiling alt_sys_init.c...
nios2-elf-gcc -xc -MP -MMD -c  -I./HAL/inc -I. -I./drivers/inc -pipe -D__hal__ -DALT_NO_C_PLUS_PLUS -DALT_NO_CLEAN_EXIT -D'exit(a)=_exit(a)' -DALT_NO_EXIT -DALT_USE_DIRECT_DRIVERS -DALT_NO_INSTRUCTION_EMULATION -DALT_USE_SMALL_DRIVERS -DSMALL_C_LIB -DALT_SINGLE_THREADED    '-Os' -g -Wall  -mno-hw-div -mno-hw-mul -mno-hw-mulx -mgpopt=global   -o obj/alt_sys_init.o alt_sys_init.c
Compiling altera_avalon_jtag_uart_fd.c...
nios2-elf-gcc -xc -MP -MMD -c  -I./HAL/inc -I. -I./drivers/inc -pipe -D__hal__ -DALT_NO_C_PLUS_PLUS -DALT_NO_CLEAN_EXIT -D'exit(a)=_exit(a)' -DALT_NO_EXIT -DALT_USE_DIRECT_DRIVERS -DALT_NO_INSTRUCTION_EMULATION -DALT_USE_SMALL_DRIVERS -DSMALL_C_LIB -DALT_SINGLE_THREADED    '-Os' -g -Wall  -mno-hw-div -mno-hw-mul -mno-hw-mulx -mgpopt=global   -o obj/drivers/src/altera_avalon_jtag_uart_fd.o drivers/src/altera_avalon_jtag_uart_fd.c
Compiling altera_avalon_jtag_uart_init.c...
nios2-elf-gcc -xc -MP -MMD -c  -I./HAL/inc -I. -I./drivers/inc -pipe -D__hal__ -DALT_NO_C_PLUS_PLUS -DALT_NO_CLEAN_EXIT -D'exit(a)=_exit(a)' -DALT_NO_EXIT -DALT_USE_DIRECT_DRIVERS -DALT_NO_INSTRUCTION_EMULATION -DALT_USE_SMALL_DRIVERS -DSMALL_C_LIB -DALT_SINGLE_THREADED    '-Os' -g -Wall  -mno-hw-div -mno-hw-mul -mno-hw-mulx -mgpopt=global   -o obj/drivers/src/altera_avalon_jtag_uart_init.o drivers/src/altera_avalon_jtag_uart_init.c
Compiling altera_avalon_jtag_uart_ioctl.c...
nios2-elf-gcc -xc -MP -MMD -c  -I./HAL/inc -I. -I./drivers/inc -pipe -D__hal__ -DALT_NO_C_PLUS_PLUS -DALT_NO_CLEAN_EXIT -D'exit(a)=_exit(a)' -DALT_NO_EXIT -DALT_USE_DIRECT_DRIVERS -DALT_NO_INSTRUCTION_EMULATION -DALT_USE_SMALL_DRIVERS -DSMALL_C_LIB -DALT_SINGLE_THREADED    '-Os' -g -Wall  -mno-hw-div -mno-hw-mul -mno-hw-mulx -mgpopt=global   -o obj/drivers/src/altera_avalon_jtag_uart_ioctl.o drivers/src/altera_avalon_jtag_uart_ioctl.c
Compiling altera_avalon_jtag_uart_read.c...
nios2-elf-gcc -xc -MP -MMD -c  -I./HAL/inc -I. -I./drivers/inc -pipe -D__hal__ -DALT_NO_C_PLUS_PLUS -DALT_NO_CLEAN_EXIT -D'exit(a)=_exit(a)' -DALT_NO_EXIT -DALT_USE_DIRECT_DRIVERS -DALT_NO_INSTRUCTION_EMULATION -DALT_USE_SMALL_DRIVERS -DSMALL_C_LIB -DALT_SINGLE_THREADED    '-Os' -g -Wall  -mno-hw-div -mno-hw-mul -mno-hw-mulx -mgpopt=global   -o obj/drivers/src/altera_avalon_jtag_uart_read.o drivers/src/altera_avalon_jtag_uart_read.c
Compiling altera_avalon_jtag_uart_write.c...
nios2-elf-gcc -xc -MP -MMD -c  -I./HAL/inc -I. -I./drivers/inc -pipe -D__hal__ -DALT_NO_C_PLUS_PLUS -DALT_NO_CLEAN_EXIT -D'exit(a)=_exit(a)' -DALT_NO_EXIT -DALT_USE_DIRECT_DRIVERS -DALT_NO_INSTRUCTION_EMULATION -DALT_USE_SMALL_DRIVERS -DSMALL_C_LIB -DALT_SINGLE_THREADED    '-Os' -g -Wall  -mno-hw-div -mno-hw-mul -mno-hw-mulx -mgpopt=global   -o obj/drivers/src/altera_avalon_jtag_uart_write.o drivers/src/altera_avalon_jtag_uart_write.c
Compiling altera_avalon_timer_sc.c...
nios2-elf-gcc -xc -MP -MMD -c  -I./HAL/inc -I. -I./drivers/inc -pipe -D__hal__ -DALT_NO_C_PLUS_PLUS -DALT_NO_CLEAN_EXIT -D'exit(a)=_exit(a)' -DALT_NO_EXIT -DALT_USE_DIRECT_DRIVERS -DALT_NO_INSTRUCTION_EMULATION -DALT_USE_SMALL_DRIVERS -DSMALL_C_LIB -DALT_SINGLE_THREADED    '-Os' -g -Wall  -mno-hw-div -mno-hw-mul -mno-hw-mulx -mgpopt=global   -o obj/drivers/src/altera_avalon_timer_sc.o drivers/src/altera_avalon_timer_sc.c
Compiling altera_avalon_timer_ts.c...
nios2-elf-gcc -xc -MP -MMD -c  -I./HAL/inc -I. -I./drivers/inc -pipe -D__hal__ -DALT_NO_C_PLUS_PLUS -DALT_NO_CLEAN_EXIT -D'exit(a)=_exit(a)' -DALT_NO_EXIT -DALT_USE_DIRECT_DRIVERS -DALT_NO_INSTRUCTION_EMULATION -DALT_USE_SMALL_DRIVERS -DSMALL_C_LIB -DALT_SINGLE_THREADED    '-Os' -g -Wall  -mno-hw-div -mno-hw-mul -mno-hw-mulx -mgpopt=global   -o obj/drivers/src/altera_avalon_timer_ts.o drivers/src/altera_avalon_timer_ts.c
Compiling altera_avalon_timer_vars.c...
nios2-elf-gcc -xc -MP -MMD -c  -I./HAL/inc -I. -I./drivers/inc -pipe -D__hal__ -DALT_NO_C_PLUS_PLUS -DALT_NO_CLEAN_EXIT -D'exit(a)=_exit(a)' -DALT_NO_EXIT -DALT_USE_DIRECT_DRIVERS -DALT_NO_INSTRUCTION_EMULATION -DALT_USE_SMALL_DRIVERS -DSMALL_C_LIB -DALT_SINGLE_THREADED    '-Os' -g -Wall  -mno-hw-div -mno-hw-mul -mno-hw-mulx -mgpopt=global   -o obj/drivers/src/altera_avalon_timer_vars.o drivers/src/altera_avalon_timer_vars.c
Creating libhal_bsp.a...
rm -f -f libhal_bsp.a
nios2-elf-ar -src libhal_bsp.a obj/HAL/src/alt_alarm_start.o obj/HAL/src/alt_busy_sleep.o obj/HAL/src/alt_close.o obj/HAL/src/alt_dcache_flush.o obj/HAL/src/alt_dcache_flush_all.o obj/HAL/src/alt_dcache_flush_no_writeback.o obj/HAL/src/alt_dev.o obj/HAL/src/alt_dev_llist_insert.o obj/HAL/src/alt_dma_rxchan_open.o obj/HAL/src/alt_dma_txchan_open.o obj/HAL/src/alt_do_ctors.o obj/HAL/src/alt_do_dtors.o obj/HAL/src/alt_ecc_fatal_entry.o obj/HAL/src/alt_ecc_fatal_exception.o obj/HAL/src/alt_env_lock.o obj/HAL/src/alt_environ.o obj/HAL/src/alt_errno.o obj/HAL/src/alt_exception_entry.o obj/HAL/src/alt_exception_muldiv.o obj/HAL/src/alt_exception_trap.o obj/HAL/src/alt_execve.o obj/HAL/src/alt_exit.o obj/HAL/src/alt_fcntl.o obj/HAL/src/alt_fd_lock.o obj/HAL/src/alt_fd_unlock.o obj/HAL/src/alt_find_dev.o obj/HAL/src/alt_find_file.o obj/HAL/src/alt_flash_dev.o obj/HAL/src/alt_fork.o obj/HAL/src/alt_fs_reg.o obj/HAL/src/alt_fstat.o obj/HAL/src/alt_get_fd.o obj/HAL/src/alt_getchar.o obj/HAL/src/alt_getpid.o obj/HAL/src/alt_gettod.o obj/HAL/src/alt_gmon.o obj/HAL/src/alt_icache_flush.o obj/HAL/src/alt_icache_flush_all.o obj/HAL/src/alt_iic.o obj/HAL/src/alt_iic_isr_register.o obj/HAL/src/alt_instruction_exception_entry.o obj/HAL/src/alt_instruction_exception_register.o obj/HAL/src/alt_io_redirect.o obj/HAL/src/alt_ioctl.o obj/HAL/src/alt_irq_entry.o obj/HAL/src/alt_irq_handler.o obj/HAL/src/alt_irq_register.o obj/HAL/src/alt_irq_vars.o obj/HAL/src/alt_isatty.o obj/HAL/src/alt_kill.o obj/HAL/src/alt_link.o obj/HAL/src/alt_load.o obj/HAL/src/alt_log_macro.o obj/HAL/src/alt_log_printf.o obj/HAL/src/alt_lseek.o obj/HAL/src/alt_main.o obj/HAL/src/alt_malloc_lock.o obj/HAL/src/alt_mcount.o obj/HAL/src/alt_open.o obj/HAL/src/alt_printf.o obj/HAL/src/alt_putchar.o obj/HAL/src/alt_putcharbuf.o obj/HAL/src/alt_putstr.o obj/HAL/src/alt_read.o obj/HAL/src/alt_release_fd.o obj/HAL/src/alt_remap_cached.o obj/HAL/src/alt_remap_uncached.o obj/HAL/src/alt_rename.o obj/HAL/src/alt_sbrk.o obj/HAL/src/alt_settod.o obj/HAL/src/alt_software_exception.o obj/HAL/src/alt_stat.o obj/HAL/src/alt_tick.o obj/HAL/src/alt_times.o obj/HAL/src/alt_uncached_free.o obj/HAL/src/alt_uncached_malloc.o obj/HAL/src/alt_unlink.o obj/HAL/src/alt_usleep.o obj/HAL/src/alt_wait.o obj/HAL/src/alt_write.o obj/HAL/src/altera_nios2_gen2_irq.o obj/HAL/src/crt0.o obj/alt_sys_init.o obj/drivers/src/altera_avalon_jtag_uart_fd.o obj/drivers/src/altera_avalon_jtag_uart_init.o obj/drivers/src/altera_avalon_jtag_uart_ioctl.o obj/drivers/src/altera_avalon_jtag_uart_read.o obj/drivers/src/altera_avalon_jtag_uart_write.o obj/drivers/src/altera_avalon_spi.o obj/drivers/src/altera_avalon_timer_sc.o obj/drivers/src/altera_avalon_timer_ts.o obj/drivers/src/altera_avalon_timer_vars.o
[BSP build complete]
Info: Compiling hello_world_small.c to obj/default/hello_world_small.o
nios2-elf-gcc -xc -MP -MMD -c -I../HelloNios_II_bsp//HAL/inc -I../HelloNios_II_bsp/ -I../HelloNios_II_bsp//drivers/inc  -pipe -D__hal__ -DALT_NO_C_PLUS_PLUS -DALT_NO_CLEAN_EXIT -D'exit(a)=_exit(a)' -DALT_NO_EXIT -DALT_USE_DIRECT_DRIVERS -DALT_NO_INSTRUCTION_EMULATION -DALT_USE_SMALL_DRIVERS -DSMALL_C_LIB -DALT_SINGLE_THREADED    -Os -g -Wall   -mno-hw-div -mno-hw-mul -mno-hw-mulx -mgpopt=global  -o obj/default/hello_world_small.o hello_world_small.c
hello_world_small.c: In function 'main':
hello_world_small.c:10:2: warning: implicit declaration of function 'init_timer1' [-Wimplicit-function-declaration]
  init_timer1();
  ^
hello_world_small.c:18:2: warning: implicit declaration of function 'main_initial' [-Wimplicit-function-declaration]
  main_initial();
  ^
Info: Compiling imported_source/ViCAT_LSC.c to obj/default/imported_source/ViCAT_LSC.o
nios2-elf-gcc -xc -MP -MMD -c -I../HelloNios_II_bsp//HAL/inc -I../HelloNios_II_bsp/ -I../HelloNios_II_bsp//drivers/inc  -pipe -D__hal__ -DALT_NO_C_PLUS_PLUS -DALT_NO_CLEAN_EXIT -D'exit(a)=_exit(a)' -DALT_NO_EXIT -DALT_USE_DIRECT_DRIVERS -DALT_NO_INSTRUCTION_EMULATION -DALT_USE_SMALL_DRIVERS -DSMALL_C_LIB -DALT_SINGLE_THREADED    -Os -g -Wall   -mno-hw-div -mno-hw-mul -mno-hw-mulx -mgpopt=global  -o obj/default/imported_source/ViCAT_LSC.o imported_source/ViCAT_LSC.c
imported_source/ViCAT_LSC.c: In function 'APPL_InputMapping':
imported_source/ViCAT_LSC.c:275:6: warning: #warning "Implement input (Slave->Master) mapping" [-Wcpp]
     #warning "Implement input (Slave->Master) mapping"
      ^
imported_source/ViCAT_LSC.c: In function 'APPL_OutputMapping':
imported_source/ViCAT_LSC.c:291:6: warning: #warning "Implement output (Master->Slave) mapping" [-Wcpp]
     #warning "Implement output (Master->Slave) mapping"
      ^
imported_source/ViCAT_LSC.c: In function 'APPL_Application':
imported_source/ViCAT_LSC.c:305:6: warning: #warning "Implement the slave application" [-Wcpp]
     #warning "Implement the slave application"
      ^
imported_source/ViCAT_LSC.c: In function 'APPL_GetDeviceID':
imported_source/ViCAT_LSC.c:321:6: warning: #warning "Implement explicit Device ID latching" [-Wcpp]
     #warning "Implement explicit Device ID latching"
      ^
Info: Compiling imported_source/ax58100_hw.c to obj/default/imported_source/ax58100_hw.o
nios2-elf-gcc -xc -MP -MMD -c -I../HelloNios_II_bsp//HAL/inc -I../HelloNios_II_bsp/ -I../HelloNios_II_bsp//drivers/inc  -pipe -D__hal__ -DALT_NO_C_PLUS_PLUS -DALT_NO_CLEAN_EXIT -D'exit(a)=_exit(a)' -DALT_NO_EXIT -DALT_USE_DIRECT_DRIVERS -DALT_NO_INSTRUCTION_EMULATION -DALT_USE_SMALL_DRIVERS -DSMALL_C_LIB -DALT_SINGLE_THREADED    -Os -g -Wall   -mno-hw-div -mno-hw-mul -mno-hw-mulx -mgpopt=global  -o obj/default/imported_source/ax58100_hw.o imported_source/ax58100_hw.c
imported_source/ax58100_hw.c: In function 'HW_Init':
imported_source/ax58100_hw.c:284:14: warning: unused variable 'elapsedTime' [-Wunused-variable]
     uint16_t elapsedTime;
              ^
imported_source/ax58100_hw.c:283:14: warning: unused variable 'currentTime' [-Wunused-variable]
     uint16_t currentTime;
              ^
imported_source/ax58100_hw.c:282:14: warning: unused variable 'startTime' [-Wunused-variable]
     uint32_t startTime;
              ^
imported_source/ax58100_hw.c:281:14: warning: unused variable 'startTimeH' [-Wunused-variable]
     uint16_t startTimeH;
              ^
imported_source/ax58100_hw.c:280:14: warning: unused variable 'startTimeL' [-Wunused-variable]
     uint16_t startTimeL;
              ^
imported_source/ax58100_hw.c: At top level:
imported_source/ax58100_hw.c:61:16: warning: 'HW_SPI_TransmitReceive' defined but not used [-Wunused-function]
 static int32_t HW_SPI_TransmitReceive(uint8_t* pTxData, uint8_t* pRxData,
                ^
Info: Compiling imported_source/bootmode.c to obj/default/imported_source/bootmode.o
nios2-elf-gcc -xc -MP -MMD -c -I../HelloNios_II_bsp//HAL/inc -I../HelloNios_II_bsp/ -I../HelloNios_II_bsp//drivers/inc  -pipe -D__hal__ -DALT_NO_C_PLUS_PLUS -DALT_NO_CLEAN_EXIT -D'exit(a)=_exit(a)' -DALT_NO_EXIT -DALT_USE_DIRECT_DRIVERS -DALT_NO_INSTRUCTION_EMULATION -DALT_USE_SMALL_DRIVERS -DSMALL_C_LIB -DALT_SINGLE_THREADED    -Os -g -Wall   -mno-hw-div -mno-hw-mul -mno-hw-mulx -mgpopt=global  -o obj/default/imported_source/bootmode.o imported_source/bootmode.c
Info: Compiling imported_source/coeappl.c to obj/default/imported_source/coeappl.o
nios2-elf-gcc -xc -MP -MMD -c -I../HelloNios_II_bsp//HAL/inc -I../HelloNios_II_bsp/ -I../HelloNios_II_bsp//drivers/inc  -pipe -D__hal__ -DALT_NO_C_PLUS_PLUS -DALT_NO_CLEAN_EXIT -D'exit(a)=_exit(a)' -DALT_NO_EXIT -DALT_USE_DIRECT_DRIVERS -DALT_NO_INSTRUCTION_EMULATION -DALT_USE_SMALL_DRIVERS -DSMALL_C_LIB -DALT_SINGLE_THREADED    -Os -g -Wall   -mno-hw-div -mno-hw-mul -mno-hw-mulx -mgpopt=global  -o obj/default/imported_source/coeappl.o imported_source/coeappl.c
Info: Compiling imported_source/ecatappl.c to obj/default/imported_source/ecatappl.o
nios2-elf-gcc -xc -MP -MMD -c -I../HelloNios_II_bsp//HAL/inc -I../HelloNios_II_bsp/ -I../HelloNios_II_bsp//drivers/inc  -pipe -D__hal__ -DALT_NO_C_PLUS_PLUS -DALT_NO_CLEAN_EXIT -D'exit(a)=_exit(a)' -DALT_NO_EXIT -DALT_USE_DIRECT_DRIVERS -DALT_NO_INSTRUCTION_EMULATION -DALT_USE_SMALL_DRIVERS -DSMALL_C_LIB -DALT_SINGLE_THREADED    -Os -g -Wall   -mno-hw-div -mno-hw-mul -mno-hw-mulx -mgpopt=global  -o obj/default/imported_source/ecatappl.o imported_source/ecatappl.c
Info: Compiling imported_source/ecatcoe.c to obj/default/imported_source/ecatcoe.o
nios2-elf-gcc -xc -MP -MMD -c -I../HelloNios_II_bsp//HAL/inc -I../HelloNios_II_bsp/ -I../HelloNios_II_bsp//drivers/inc  -pipe -D__hal__ -DALT_NO_C_PLUS_PLUS -DALT_NO_CLEAN_EXIT -D'exit(a)=_exit(a)' -DALT_NO_EXIT -DALT_USE_DIRECT_DRIVERS -DALT_NO_INSTRUCTION_EMULATION -DALT_USE_SMALL_DRIVERS -DSMALL_C_LIB -DALT_SINGLE_THREADED    -Os -g -Wall   -mno-hw-div -mno-hw-mul -mno-hw-mulx -mgpopt=global  -o obj/default/imported_source/ecatcoe.o imported_source/ecatcoe.c
Info: Compiling imported_source/ecatfoe.c to obj/default/imported_source/ecatfoe.o
nios2-elf-gcc -xc -MP -MMD -c -I../HelloNios_II_bsp//HAL/inc -I../HelloNios_II_bsp/ -I../HelloNios_II_bsp//drivers/inc  -pipe -D__hal__ -DALT_NO_C_PLUS_PLUS -DALT_NO_CLEAN_EXIT -D'exit(a)=_exit(a)' -DALT_NO_EXIT -DALT_USE_DIRECT_DRIVERS -DALT_NO_INSTRUCTION_EMULATION -DALT_USE_SMALL_DRIVERS -DSMALL_C_LIB -DALT_SINGLE_THREADED    -Os -g -Wall   -mno-hw-div -mno-hw-mul -mno-hw-mulx -mgpopt=global  -o obj/default/imported_source/ecatfoe.o imported_source/ecatfoe.c
Info: Compiling imported_source/ecatslv.c to obj/default/imported_source/ecatslv.o
nios2-elf-gcc -xc -MP -MMD -c -I../HelloNios_II_bsp//HAL/inc -I../HelloNios_II_bsp/ -I../HelloNios_II_bsp//drivers/inc  -pipe -D__hal__ -DALT_NO_C_PLUS_PLUS -DALT_NO_CLEAN_EXIT -D'exit(a)=_exit(a)' -DALT_NO_EXIT -DALT_USE_DIRECT_DRIVERS -DALT_NO_INSTRUCTION_EMULATION -DALT_USE_SMALL_DRIVERS -DSMALL_C_LIB -DALT_SINGLE_THREADED    -Os -g -Wall   -mno-hw-div -mno-hw-mul -mno-hw-mulx -mgpopt=global  -o obj/default/imported_source/ecatslv.o imported_source/ecatslv.c
Info: Compiling imported_source/foeappl.c to obj/default/imported_source/foeappl.o
nios2-elf-gcc -xc -MP -MMD -c -I../HelloNios_II_bsp//HAL/inc -I../HelloNios_II_bsp/ -I../HelloNios_II_bsp//drivers/inc  -pipe -D__hal__ -DALT_NO_C_PLUS_PLUS -DALT_NO_CLEAN_EXIT -D'exit(a)=_exit(a)' -DALT_NO_EXIT -DALT_USE_DIRECT_DRIVERS -DALT_NO_INSTRUCTION_EMULATION -DALT_USE_SMALL_DRIVERS -DSMALL_C_LIB -DALT_SINGLE_THREADED    -Os -g -Wall   -mno-hw-div -mno-hw-mul -mno-hw-mulx -mgpopt=global  -o obj/default/imported_source/foeappl.o imported_source/foeappl.c
Info: Compiling imported_source/mailbox.c to obj/default/imported_source/mailbox.o
nios2-elf-gcc -xc -MP -MMD -c -I../HelloNios_II_bsp//HAL/inc -I../HelloNios_II_bsp/ -I../HelloNios_II_bsp//drivers/inc  -pipe -D__hal__ -DALT_NO_C_PLUS_PLUS -DALT_NO_CLEAN_EXIT -D'exit(a)=_exit(a)' -DALT_NO_EXIT -DALT_USE_DIRECT_DRIVERS -DALT_NO_INSTRUCTION_EMULATION -DALT_USE_SMALL_DRIVERS -DSMALL_C_LIB -DALT_SINGLE_THREADED    -Os -g -Wall   -mno-hw-div -mno-hw-mul -mno-hw-mulx -mgpopt=global  -o obj/default/imported_source/mailbox.o imported_source/mailbox.c
Info: Compiling imported_source/objdef.c to obj/default/imported_source/objdef.o
nios2-elf-gcc -xc -MP -MMD -c -I../HelloNios_II_bsp//HAL/inc -I../HelloNios_II_bsp/ -I../HelloNios_II_bsp//drivers/inc  -pipe -D__hal__ -DALT_NO_C_PLUS_PLUS -DALT_NO_CLEAN_EXIT -D'exit(a)=_exit(a)' -DALT_NO_EXIT -DALT_USE_DIRECT_DRIVERS -DALT_NO_INSTRUCTION_EMULATION -DALT_USE_SMALL_DRIVERS -DSMALL_C_LIB -DALT_SINGLE_THREADED    -Os -g -Wall   -mno-hw-div -mno-hw-mul -mno-hw-mulx -mgpopt=global  -o obj/default/imported_source/objdef.o imported_source/objdef.c
Info: Compiling imported_source/sdoserv.c to obj/default/imported_source/sdoserv.o
nios2-elf-gcc -xc -MP -MMD -c -I../HelloNios_II_bsp//HAL/inc -I../HelloNios_II_bsp/ -I../HelloNios_II_bsp//drivers/inc  -pipe -D__hal__ -DALT_NO_C_PLUS_PLUS -DALT_NO_CLEAN_EXIT -D'exit(a)=_exit(a)' -DALT_NO_EXIT -DALT_USE_DIRECT_DRIVERS -DALT_NO_INSTRUCTION_EMULATION -DALT_USE_SMALL_DRIVERS -DSMALL_C_LIB -DALT_SINGLE_THREADED    -Os -g -Wall   -mno-hw-div -mno-hw-mul -mno-hw-mulx -mgpopt=global  -o obj/default/imported_source/sdoserv.o imported_source/sdoserv.c
Info: Compiling peripheral/peripheral_linker.c to obj/default/peripheral/peripheral_linker.o
nios2-elf-gcc -xc -MP -MMD -c -I../HelloNios_II_bsp//HAL/inc -I../HelloNios_II_bsp/ -I../HelloNios_II_bsp//drivers/inc  -pipe -D__hal__ -DALT_NO_C_PLUS_PLUS -DALT_NO_CLEAN_EXIT -D'exit(a)=_exit(a)' -DALT_NO_EXIT -DALT_USE_DIRECT_DRIVERS -DALT_NO_INSTRUCTION_EMULATION -DALT_USE_SMALL_DRIVERS -DSMALL_C_LIB -DALT_SINGLE_THREADED    -Os -g -Wall   -mno-hw-div -mno-hw-mul -mno-hw-mulx -mgpopt=global  -o obj/default/peripheral/peripheral_linker.o peripheral/peripheral_linker.c
Info: Linking HelloNios_II.elf
nios2-elf-g++  -T'../HelloNios_II_bsp//linker.x' -msys-crt0='../HelloNios_II_bsp//obj/HAL/src/crt0.o' -msys-lib=hal_bsp -L../HelloNios_II_bsp/  -msmallc  -Wl,-Map=HelloNios_II.map   -Os -g -Wall   -mno-hw-div -mno-hw-mul -mno-hw-mulx -mgpopt=global  -o HelloNios_II.elf obj/default/hello_world_small.o obj/default/imported_source/ViCAT_LSC.o obj/default/imported_source/ax58100_hw.o obj/default/imported_source/bootmode.o obj/default/imported_source/coeappl.o obj/default/imported_source/ecatappl.o obj/default/imported_source/ecatcoe.o obj/default/imported_source/ecatfoe.o obj/default/imported_source/ecatslv.o obj/default/imported_source/foeappl.o obj/default/imported_source/mailbox.o obj/default/imported_source/objdef.o obj/default/imported_source/sdoserv.o obj/default/peripheral/peripheral_linker.o -lm -msys-lib=m
nios2-elf-insert HelloNios_II.elf --thread_model hal --cpu_name HelloNios --qsys true --simulation_enabled false --stderr_dev DEBUG --stdin_dev DEBUG --stdout_dev DEBUG --sopc_system_name My_First_NIOS_II_Platform_Designer --quartus_project_dir "C:/Users/guan-ming.dennis-won/Documents/Code/Workspace/Workspace/Cyclone_10_LP/NIOS_II" --jdi ../..//output_files/My_First_NIOS_II.jdi --sopcinfo C:/Users/guan-ming.dennis-won/Documents/Code/Workspace/Workspace/Cyclone_10_LP/NIOS_II/software/HelloNios_II_bsp/../../My_First_NIOS_II_Platform_Designer.sopcinfo
Info: (HelloNios_II.elf) 33 KBytes program size (code + initialized data).
Info:                    5208 Bytes free for stack + heap.
Info: Creating HelloNios_II.objdump
nios2-elf-objdump --disassemble --syms --all-header --source HelloNios_II.elf >HelloNios_II.objdump
[HelloNios_II build complete]
10:46:16 **** Incremental Build of configuration Nios II for project HelloNios_II ****
make all 
Info: Building ../HelloNios_II_bsp/
C:/intelFPGA_lite/18.1/nios2eds/bin/gnu/H-x86_64-mingw32/bin/make --no-print-directory -C ../HelloNios_II_bsp/
[BSP build complete]
[HelloNios_II build complete]
10:54:33 **** Incremental Build of configuration Nios II for project HelloNios_II ****
make all 
Info: Building ../HelloNios_II_bsp/
C:/intelFPGA_lite/18.1/nios2eds/bin/gnu/H-x86_64-mingw32/bin/make --no-print-directory -C ../HelloNios_II_bsp/
[BSP build complete]
Info: Compiling imported_source/ax58100_hw.c to obj/default/imported_source/ax58100_hw.o
nios2-elf-gcc -xc -MP -MMD -c -I../HelloNios_II_bsp//HAL/inc -I../HelloNios_II_bsp/ -I../HelloNios_II_bsp//drivers/inc  -pipe -D__hal__ -DALT_NO_C_PLUS_PLUS -DALT_NO_CLEAN_EXIT -D'exit(a)=_exit(a)' -DALT_NO_EXIT -DALT_USE_DIRECT_DRIVERS -DALT_NO_INSTRUCTION_EMULATION -DALT_USE_SMALL_DRIVERS -DSMALL_C_LIB -DALT_SINGLE_THREADED    -Os -g -Wall   -mno-hw-div -mno-hw-mul -mno-hw-mulx -mgpopt=global  -o obj/default/imported_source/ax58100_hw.o imported_source/ax58100_hw.c
imported_source/ax58100_hw.c: In function 'HW_Init':
imported_source/ax58100_hw.c:284:14: warning: unused variable 'elapsedTime' [-Wunused-variable]
     uint16_t elapsedTime;
              ^
imported_source/ax58100_hw.c:283:14: warning: unused variable 'currentTime' [-Wunused-variable]
     uint16_t currentTime;
              ^
imported_source/ax58100_hw.c:282:14: warning: unused variable 'startTime' [-Wunused-variable]
     uint32_t startTime;
              ^
imported_source/ax58100_hw.c:281:14: warning: unused variable 'startTimeH' [-Wunused-variable]
     uint16_t startTimeH;
              ^
imported_source/ax58100_hw.c:280:14: warning: unused variable 'startTimeL' [-Wunused-variable]
     uint16_t startTimeL;
              ^
imported_source/ax58100_hw.c: At top level:
imported_source/ax58100_hw.c:61:16: warning: 'HW_SPI_TransmitReceive' defined but not used [-Wunused-function]
 static int32_t HW_SPI_TransmitReceive(uint8_t* pTxData, uint8_t* pRxData,
                ^
Info: Linking HelloNios_II.elf
nios2-elf-g++  -T'../HelloNios_II_bsp//linker.x' -msys-crt0='../HelloNios_II_bsp//obj/HAL/src/crt0.o' -msys-lib=hal_bsp -L../HelloNios_II_bsp/  -msmallc  -Wl,-Map=HelloNios_II.map   -Os -g -Wall   -mno-hw-div -mno-hw-mul -mno-hw-mulx -mgpopt=global  -o HelloNios_II.elf obj/default/hello_world_small.o obj/default/imported_source/ViCAT_LSC.o obj/default/imported_source/ax58100_hw.o obj/default/imported_source/bootmode.o obj/default/imported_source/coeappl.o obj/default/imported_source/ecatappl.o obj/default/imported_source/ecatcoe.o obj/default/imported_source/ecatfoe.o obj/default/imported_source/ecatslv.o obj/default/imported_source/foeappl.o obj/default/imported_source/mailbox.o obj/default/imported_source/objdef.o obj/default/imported_source/sdoserv.o obj/default/peripheral/peripheral_linker.o -lm -msys-lib=m
nios2-elf-insert HelloNios_II.elf --thread_model hal --cpu_name HelloNios --qsys true --simulation_enabled false --stderr_dev DEBUG --stdin_dev DEBUG --stdout_dev DEBUG --sopc_system_name My_First_NIOS_II_Platform_Designer --quartus_project_dir "C:/Users/guan-ming.dennis-won/Documents/Code/Workspace/Workspace/Cyclone_10_LP/NIOS_II" --jdi ../..//output_files/My_First_NIOS_II.jdi --sopcinfo C:/Users/guan-ming.dennis-won/Documents/Code/Workspace/Workspace/Cyclone_10_LP/NIOS_II/software/HelloNios_II_bsp/../../My_First_NIOS_II_Platform_Designer.sopcinfo
Info: (HelloNios_II.elf) 33 KBytes program size (code + initialized data).
Info:                    5208 Bytes free for stack + heap.
Info: Creating HelloNios_II.objdump
nios2-elf-objdump --disassemble --syms --all-header --source HelloNios_II.elf >HelloNios_II.objdump
[HelloNios_II build complete]
10:54:41 **** Clean-only build of configuration Nios II for project HelloNios_II ****
make clean 
[HelloNios_II clean complete]
10:54:41 **** Build of configuration Nios II for project HelloNios_II ****
make all 
Info: Building ../HelloNios_II_bsp/
C:/intelFPGA_lite/18.1/nios2eds/bin/gnu/H-x86_64-mingw32/bin/make --no-print-directory -C ../HelloNios_II_bsp/
[BSP build complete]
Info: Compiling hello_world_small.c to obj/default/hello_world_small.o
nios2-elf-gcc -xc -MP -MMD -c -I../HelloNios_II_bsp//HAL/inc -I../HelloNios_II_bsp/ -I../HelloNios_II_bsp//drivers/inc  -pipe -D__hal__ -DALT_NO_C_PLUS_PLUS -DALT_NO_CLEAN_EXIT -D'exit(a)=_exit(a)' -DALT_NO_EXIT -DALT_USE_DIRECT_DRIVERS -DALT_NO_INSTRUCTION_EMULATION -DALT_USE_SMALL_DRIVERS -DSMALL_C_LIB -DALT_SINGLE_THREADED    -Os -g -Wall   -mno-hw-div -mno-hw-mul -mno-hw-mulx -mgpopt=global  -o obj/default/hello_world_small.o hello_world_small.c
hello_world_small.c: In function 'main':
hello_world_small.c:10:2: warning: implicit declaration of function 'init_timer1' [-Wimplicit-function-declaration]
  init_timer1();
  ^
hello_world_small.c:18:2: warning: implicit declaration of function 'main_initial' [-Wimplicit-function-declaration]
  main_initial();
  ^
Info: Compiling imported_source/ViCAT_LSC.c to obj/default/imported_source/ViCAT_LSC.o
nios2-elf-gcc -xc -MP -MMD -c -I../HelloNios_II_bsp//HAL/inc -I../HelloNios_II_bsp/ -I../HelloNios_II_bsp//drivers/inc  -pipe -D__hal__ -DALT_NO_C_PLUS_PLUS -DALT_NO_CLEAN_EXIT -D'exit(a)=_exit(a)' -DALT_NO_EXIT -DALT_USE_DIRECT_DRIVERS -DALT_NO_INSTRUCTION_EMULATION -DALT_USE_SMALL_DRIVERS -DSMALL_C_LIB -DALT_SINGLE_THREADED    -Os -g -Wall   -mno-hw-div -mno-hw-mul -mno-hw-mulx -mgpopt=global  -o obj/default/imported_source/ViCAT_LSC.o imported_source/ViCAT_LSC.c
imported_source/ViCAT_LSC.c: In function 'APPL_InputMapping':
imported_source/ViCAT_LSC.c:275:6: warning: #warning "Implement input (Slave->Master) mapping" [-Wcpp]
     #warning "Implement input (Slave->Master) mapping"
      ^
imported_source/ViCAT_LSC.c: In function 'APPL_OutputMapping':
imported_source/ViCAT_LSC.c:291:6: warning: #warning "Implement output (Master->Slave) mapping" [-Wcpp]
     #warning "Implement output (Master->Slave) mapping"
      ^
imported_source/ViCAT_LSC.c: In function 'APPL_Application':
imported_source/ViCAT_LSC.c:305:6: warning: #warning "Implement the slave application" [-Wcpp]
     #warning "Implement the slave application"
      ^
imported_source/ViCAT_LSC.c: In function 'APPL_GetDeviceID':
imported_source/ViCAT_LSC.c:321:6: warning: #warning "Implement explicit Device ID latching" [-Wcpp]
     #warning "Implement explicit Device ID latching"
      ^
Info: Compiling imported_source/ax58100_hw.c to obj/default/imported_source/ax58100_hw.o
nios2-elf-gcc -xc -MP -MMD -c -I../HelloNios_II_bsp//HAL/inc -I../HelloNios_II_bsp/ -I../HelloNios_II_bsp//drivers/inc  -pipe -D__hal__ -DALT_NO_C_PLUS_PLUS -DALT_NO_CLEAN_EXIT -D'exit(a)=_exit(a)' -DALT_NO_EXIT -DALT_USE_DIRECT_DRIVERS -DALT_NO_INSTRUCTION_EMULATION -DALT_USE_SMALL_DRIVERS -DSMALL_C_LIB -DALT_SINGLE_THREADED    -Os -g -Wall   -mno-hw-div -mno-hw-mul -mno-hw-mulx -mgpopt=global  -o obj/default/imported_source/ax58100_hw.o imported_source/ax58100_hw.c
imported_source/ax58100_hw.c: In function 'HW_Init':
imported_source/ax58100_hw.c:284:14: warning: unused variable 'elapsedTime' [-Wunused-variable]
     uint16_t elapsedTime;
              ^
imported_source/ax58100_hw.c:283:14: warning: unused variable 'currentTime' [-Wunused-variable]
     uint16_t currentTime;
              ^
imported_source/ax58100_hw.c:282:14: warning: unused variable 'startTime' [-Wunused-variable]
     uint32_t startTime;
              ^
imported_source/ax58100_hw.c:281:14: warning: unused variable 'startTimeH' [-Wunused-variable]
     uint16_t startTimeH;
              ^
imported_source/ax58100_hw.c:280:14: warning: unused variable 'startTimeL' [-Wunused-variable]
     uint16_t startTimeL;
              ^
imported_source/ax58100_hw.c: At top level:
imported_source/ax58100_hw.c:61:16: warning: 'HW_SPI_TransmitReceive' defined but not used [-Wunused-function]
 static int32_t HW_SPI_TransmitReceive(uint8_t* pTxData, uint8_t* pRxData,
                ^
Info: Compiling imported_source/bootmode.c to obj/default/imported_source/bootmode.o
nios2-elf-gcc -xc -MP -MMD -c -I../HelloNios_II_bsp//HAL/inc -I../HelloNios_II_bsp/ -I../HelloNios_II_bsp//drivers/inc  -pipe -D__hal__ -DALT_NO_C_PLUS_PLUS -DALT_NO_CLEAN_EXIT -D'exit(a)=_exit(a)' -DALT_NO_EXIT -DALT_USE_DIRECT_DRIVERS -DALT_NO_INSTRUCTION_EMULATION -DALT_USE_SMALL_DRIVERS -DSMALL_C_LIB -DALT_SINGLE_THREADED    -Os -g -Wall   -mno-hw-div -mno-hw-mul -mno-hw-mulx -mgpopt=global  -o obj/default/imported_source/bootmode.o imported_source/bootmode.c
Info: Compiling imported_source/coeappl.c to obj/default/imported_source/coeappl.o
nios2-elf-gcc -xc -MP -MMD -c -I../HelloNios_II_bsp//HAL/inc -I../HelloNios_II_bsp/ -I../HelloNios_II_bsp//drivers/inc  -pipe -D__hal__ -DALT_NO_C_PLUS_PLUS -DALT_NO_CLEAN_EXIT -D'exit(a)=_exit(a)' -DALT_NO_EXIT -DALT_USE_DIRECT_DRIVERS -DALT_NO_INSTRUCTION_EMULATION -DALT_USE_SMALL_DRIVERS -DSMALL_C_LIB -DALT_SINGLE_THREADED    -Os -g -Wall   -mno-hw-div -mno-hw-mul -mno-hw-mulx -mgpopt=global  -o obj/default/imported_source/coeappl.o imported_source/coeappl.c
Info: Compiling imported_source/ecatappl.c to obj/default/imported_source/ecatappl.o
nios2-elf-gcc -xc -MP -MMD -c -I../HelloNios_II_bsp//HAL/inc -I../HelloNios_II_bsp/ -I../HelloNios_II_bsp//drivers/inc  -pipe -D__hal__ -DALT_NO_C_PLUS_PLUS -DALT_NO_CLEAN_EXIT -D'exit(a)=_exit(a)' -DALT_NO_EXIT -DALT_USE_DIRECT_DRIVERS -DALT_NO_INSTRUCTION_EMULATION -DALT_USE_SMALL_DRIVERS -DSMALL_C_LIB -DALT_SINGLE_THREADED    -Os -g -Wall   -mno-hw-div -mno-hw-mul -mno-hw-mulx -mgpopt=global  -o obj/default/imported_source/ecatappl.o imported_source/ecatappl.c
Info: Compiling imported_source/ecatcoe.c to obj/default/imported_source/ecatcoe.o
nios2-elf-gcc -xc -MP -MMD -c -I../HelloNios_II_bsp//HAL/inc -I../HelloNios_II_bsp/ -I../HelloNios_II_bsp//drivers/inc  -pipe -D__hal__ -DALT_NO_C_PLUS_PLUS -DALT_NO_CLEAN_EXIT -D'exit(a)=_exit(a)' -DALT_NO_EXIT -DALT_USE_DIRECT_DRIVERS -DALT_NO_INSTRUCTION_EMULATION -DALT_USE_SMALL_DRIVERS -DSMALL_C_LIB -DALT_SINGLE_THREADED    -Os -g -Wall   -mno-hw-div -mno-hw-mul -mno-hw-mulx -mgpopt=global  -o obj/default/imported_source/ecatcoe.o imported_source/ecatcoe.c
Info: Compiling imported_source/ecatfoe.c to obj/default/imported_source/ecatfoe.o
nios2-elf-gcc -xc -MP -MMD -c -I../HelloNios_II_bsp//HAL/inc -I../HelloNios_II_bsp/ -I../HelloNios_II_bsp//drivers/inc  -pipe -D__hal__ -DALT_NO_C_PLUS_PLUS -DALT_NO_CLEAN_EXIT -D'exit(a)=_exit(a)' -DALT_NO_EXIT -DALT_USE_DIRECT_DRIVERS -DALT_NO_INSTRUCTION_EMULATION -DALT_USE_SMALL_DRIVERS -DSMALL_C_LIB -DALT_SINGLE_THREADED    -Os -g -Wall   -mno-hw-div -mno-hw-mul -mno-hw-mulx -mgpopt=global  -o obj/default/imported_source/ecatfoe.o imported_source/ecatfoe.c
Info: Compiling imported_source/ecatslv.c to obj/default/imported_source/ecatslv.o
nios2-elf-gcc -xc -MP -MMD -c -I../HelloNios_II_bsp//HAL/inc -I../HelloNios_II_bsp/ -I../HelloNios_II_bsp//drivers/inc  -pipe -D__hal__ -DALT_NO_C_PLUS_PLUS -DALT_NO_CLEAN_EXIT -D'exit(a)=_exit(a)' -DALT_NO_EXIT -DALT_USE_DIRECT_DRIVERS -DALT_NO_INSTRUCTION_EMULATION -DALT_USE_SMALL_DRIVERS -DSMALL_C_LIB -DALT_SINGLE_THREADED    -Os -g -Wall   -mno-hw-div -mno-hw-mul -mno-hw-mulx -mgpopt=global  -o obj/default/imported_source/ecatslv.o imported_source/ecatslv.c
Info: Compiling imported_source/foeappl.c to obj/default/imported_source/foeappl.o
nios2-elf-gcc -xc -MP -MMD -c -I../HelloNios_II_bsp//HAL/inc -I../HelloNios_II_bsp/ -I../HelloNios_II_bsp//drivers/inc  -pipe -D__hal__ -DALT_NO_C_PLUS_PLUS -DALT_NO_CLEAN_EXIT -D'exit(a)=_exit(a)' -DALT_NO_EXIT -DALT_USE_DIRECT_DRIVERS -DALT_NO_INSTRUCTION_EMULATION -DALT_USE_SMALL_DRIVERS -DSMALL_C_LIB -DALT_SINGLE_THREADED    -Os -g -Wall   -mno-hw-div -mno-hw-mul -mno-hw-mulx -mgpopt=global  -o obj/default/imported_source/foeappl.o imported_source/foeappl.c
Info: Compiling imported_source/mailbox.c to obj/default/imported_source/mailbox.o
nios2-elf-gcc -xc -MP -MMD -c -I../HelloNios_II_bsp//HAL/inc -I../HelloNios_II_bsp/ -I../HelloNios_II_bsp//drivers/inc  -pipe -D__hal__ -DALT_NO_C_PLUS_PLUS -DALT_NO_CLEAN_EXIT -D'exit(a)=_exit(a)' -DALT_NO_EXIT -DALT_USE_DIRECT_DRIVERS -DALT_NO_INSTRUCTION_EMULATION -DALT_USE_SMALL_DRIVERS -DSMALL_C_LIB -DALT_SINGLE_THREADED    -Os -g -Wall   -mno-hw-div -mno-hw-mul -mno-hw-mulx -mgpopt=global  -o obj/default/imported_source/mailbox.o imported_source/mailbox.c
Info: Compiling imported_source/objdef.c to obj/default/imported_source/objdef.o
nios2-elf-gcc -xc -MP -MMD -c -I../HelloNios_II_bsp//HAL/inc -I../HelloNios_II_bsp/ -I../HelloNios_II_bsp//drivers/inc  -pipe -D__hal__ -DALT_NO_C_PLUS_PLUS -DALT_NO_CLEAN_EXIT -D'exit(a)=_exit(a)' -DALT_NO_EXIT -DALT_USE_DIRECT_DRIVERS -DALT_NO_INSTRUCTION_EMULATION -DALT_USE_SMALL_DRIVERS -DSMALL_C_LIB -DALT_SINGLE_THREADED    -Os -g -Wall   -mno-hw-div -mno-hw-mul -mno-hw-mulx -mgpopt=global  -o obj/default/imported_source/objdef.o imported_source/objdef.c
Info: Compiling imported_source/sdoserv.c to obj/default/imported_source/sdoserv.o
nios2-elf-gcc -xc -MP -MMD -c -I../HelloNios_II_bsp//HAL/inc -I../HelloNios_II_bsp/ -I../HelloNios_II_bsp//drivers/inc  -pipe -D__hal__ -DALT_NO_C_PLUS_PLUS -DALT_NO_CLEAN_EXIT -D'exit(a)=_exit(a)' -DALT_NO_EXIT -DALT_USE_DIRECT_DRIVERS -DALT_NO_INSTRUCTION_EMULATION -DALT_USE_SMALL_DRIVERS -DSMALL_C_LIB -DALT_SINGLE_THREADED    -Os -g -Wall   -mno-hw-div -mno-hw-mul -mno-hw-mulx -mgpopt=global  -o obj/default/imported_source/sdoserv.o imported_source/sdoserv.c
Info: Compiling peripheral/peripheral_linker.c to obj/default/peripheral/peripheral_linker.o
nios2-elf-gcc -xc -MP -MMD -c -I../HelloNios_II_bsp//HAL/inc -I../HelloNios_II_bsp/ -I../HelloNios_II_bsp//drivers/inc  -pipe -D__hal__ -DALT_NO_C_PLUS_PLUS -DALT_NO_CLEAN_EXIT -D'exit(a)=_exit(a)' -DALT_NO_EXIT -DALT_USE_DIRECT_DRIVERS -DALT_NO_INSTRUCTION_EMULATION -DALT_USE_SMALL_DRIVERS -DSMALL_C_LIB -DALT_SINGLE_THREADED    -Os -g -Wall   -mno-hw-div -mno-hw-mul -mno-hw-mulx -mgpopt=global  -o obj/default/peripheral/peripheral_linker.o peripheral/peripheral_linker.c
Info: Linking HelloNios_II.elf
nios2-elf-g++  -T'../HelloNios_II_bsp//linker.x' -msys-crt0='../HelloNios_II_bsp//obj/HAL/src/crt0.o' -msys-lib=hal_bsp -L../HelloNios_II_bsp/  -msmallc  -Wl,-Map=HelloNios_II.map   -Os -g -Wall   -mno-hw-div -mno-hw-mul -mno-hw-mulx -mgpopt=global  -o HelloNios_II.elf obj/default/hello_world_small.o obj/default/imported_source/ViCAT_LSC.o obj/default/imported_source/ax58100_hw.o obj/default/imported_source/bootmode.o obj/default/imported_source/coeappl.o obj/default/imported_source/ecatappl.o obj/default/imported_source/ecatcoe.o obj/default/imported_source/ecatfoe.o obj/default/imported_source/ecatslv.o obj/default/imported_source/foeappl.o obj/default/imported_source/mailbox.o obj/default/imported_source/objdef.o obj/default/imported_source/sdoserv.o obj/default/peripheral/peripheral_linker.o -lm -msys-lib=m
nios2-elf-insert HelloNios_II.elf --thread_model hal --cpu_name HelloNios --qsys true --simulation_enabled false --stderr_dev DEBUG --stdin_dev DEBUG --stdout_dev DEBUG --sopc_system_name My_First_NIOS_II_Platform_Designer --quartus_project_dir "C:/Users/guan-ming.dennis-won/Documents/Code/Workspace/Workspace/Cyclone_10_LP/NIOS_II" --jdi ../..//output_files/My_First_NIOS_II.jdi --sopcinfo C:/Users/guan-ming.dennis-won/Documents/Code/Workspace/Workspace/Cyclone_10_LP/NIOS_II/software/HelloNios_II_bsp/../../My_First_NIOS_II_Platform_Designer.sopcinfo
Info: (HelloNios_II.elf) 33 KBytes program size (code + initialized data).
Info:                    5208 Bytes free for stack + heap.
Info: Creating HelloNios_II.objdump
nios2-elf-objdump --disassemble --syms --all-header --source HelloNios_II.elf >HelloNios_II.objdump
[HelloNios_II build complete]
10:55:13 **** Incremental Build of configuration Nios II for project HelloNios_II ****
make all 
Info: Building ../HelloNios_II_bsp/
C:/intelFPGA_lite/18.1/nios2eds/bin/gnu/H-x86_64-mingw32/bin/make --no-print-directory -C ../HelloNios_II_bsp/
[BSP build complete]
[HelloNios_II build complete]
10:55:28 **** Incremental Build of configuration Nios II for project HelloNios_II ****
make all 
Info: Building ../HelloNios_II_bsp/
C:/intelFPGA_lite/18.1/nios2eds/bin/gnu/H-x86_64-mingw32/bin/make --no-print-directory -C ../HelloNios_II_bsp/
[BSP build complete]
[HelloNios_II build complete]
11:09:17 **** Incremental Build of configuration Nios II for project HelloNios_II ****
make all 
Info: Building ../HelloNios_II_bsp/
C:/intelFPGA_lite/18.1/nios2eds/bin/gnu/H-x86_64-mingw32/bin/make --no-print-directory -C ../HelloNios_II_bsp/
[BSP build complete]
[HelloNios_II build complete]
11:21:20 **** Clean-only build of configuration Nios II for project HelloNios_II ****
make clean 
[HelloNios_II clean complete]
11:21:20 **** Build of configuration Nios II for project HelloNios_II ****
make all 
Info: Building ../HelloNios_II_bsp/
C:/intelFPGA_lite/18.1/nios2eds/bin/gnu/H-x86_64-mingw32/bin/make --no-print-directory -C ../HelloNios_II_bsp/
[BSP build complete]
Info: Compiling hello_world_small.c to obj/default/hello_world_small.o
nios2-elf-gcc -xc -MP -MMD -c -I../HelloNios_II_bsp//HAL/inc -I../HelloNios_II_bsp/ -I../HelloNios_II_bsp//drivers/inc  -pipe -D__hal__ -DALT_NO_C_PLUS_PLUS -DALT_NO_CLEAN_EXIT -D'exit(a)=_exit(a)' -DALT_NO_EXIT -DALT_USE_DIRECT_DRIVERS -DALT_NO_INSTRUCTION_EMULATION -DALT_USE_SMALL_DRIVERS -DSMALL_C_LIB -DALT_SINGLE_THREADED    -Os -g -Wall   -mno-hw-div -mno-hw-mul -mno-hw-mulx -mgpopt=global  -o obj/default/hello_world_small.o hello_world_small.c
hello_world_small.c: In function 'main':
hello_world_small.c:10:2: warning: implicit declaration of function 'init_timer1' [-Wimplicit-function-declaration]
  init_timer1();
  ^
hello_world_small.c:18:2: warning: implicit declaration of function 'main_initial' [-Wimplicit-function-declaration]
  main_initial();
  ^
Info: Compiling imported_source/ViCAT_LSC.c to obj/default/imported_source/ViCAT_LSC.o
nios2-elf-gcc -xc -MP -MMD -c -I../HelloNios_II_bsp//HAL/inc -I../HelloNios_II_bsp/ -I../HelloNios_II_bsp//drivers/inc  -pipe -D__hal__ -DALT_NO_C_PLUS_PLUS -DALT_NO_CLEAN_EXIT -D'exit(a)=_exit(a)' -DALT_NO_EXIT -DALT_USE_DIRECT_DRIVERS -DALT_NO_INSTRUCTION_EMULATION -DALT_USE_SMALL_DRIVERS -DSMALL_C_LIB -DALT_SINGLE_THREADED    -Os -g -Wall   -mno-hw-div -mno-hw-mul -mno-hw-mulx -mgpopt=global  -o obj/default/imported_source/ViCAT_LSC.o imported_source/ViCAT_LSC.c
imported_source/ViCAT_LSC.c: In function 'APPL_InputMapping':
imported_source/ViCAT_LSC.c:275:6: warning: #warning "Implement input (Slave->Master) mapping" [-Wcpp]
     #warning "Implement input (Slave->Master) mapping"
      ^
imported_source/ViCAT_LSC.c: In function 'APPL_OutputMapping':
imported_source/ViCAT_LSC.c:291:6: warning: #warning "Implement output (Master->Slave) mapping" [-Wcpp]
     #warning "Implement output (Master->Slave) mapping"
      ^
imported_source/ViCAT_LSC.c: In function 'APPL_Application':
imported_source/ViCAT_LSC.c:305:6: warning: #warning "Implement the slave application" [-Wcpp]
     #warning "Implement the slave application"
      ^
imported_source/ViCAT_LSC.c: In function 'APPL_GetDeviceID':
imported_source/ViCAT_LSC.c:321:6: warning: #warning "Implement explicit Device ID latching" [-Wcpp]
     #warning "Implement explicit Device ID latching"
      ^
Info: Compiling imported_source/ax58100_hw.c to obj/default/imported_source/ax58100_hw.o
nios2-elf-gcc -xc -MP -MMD -c -I../HelloNios_II_bsp//HAL/inc -I../HelloNios_II_bsp/ -I../HelloNios_II_bsp//drivers/inc  -pipe -D__hal__ -DALT_NO_C_PLUS_PLUS -DALT_NO_CLEAN_EXIT -D'exit(a)=_exit(a)' -DALT_NO_EXIT -DALT_USE_DIRECT_DRIVERS -DALT_NO_INSTRUCTION_EMULATION -DALT_USE_SMALL_DRIVERS -DSMALL_C_LIB -DALT_SINGLE_THREADED    -Os -g -Wall   -mno-hw-div -mno-hw-mul -mno-hw-mulx -mgpopt=global  -o obj/default/imported_source/ax58100_hw.o imported_source/ax58100_hw.c
imported_source/ax58100_hw.c: In function 'HW_Init':
imported_source/ax58100_hw.c:285:14: warning: unused variable 'elapsedTime' [-Wunused-variable]
     uint16_t elapsedTime;
              ^
imported_source/ax58100_hw.c:284:14: warning: unused variable 'currentTime' [-Wunused-variable]
     uint16_t currentTime;
              ^
imported_source/ax58100_hw.c:283:14: warning: unused variable 'startTime' [-Wunused-variable]
     uint32_t startTime;
              ^
imported_source/ax58100_hw.c:282:14: warning: unused variable 'startTimeH' [-Wunused-variable]
     uint16_t startTimeH;
              ^
imported_source/ax58100_hw.c:281:14: warning: unused variable 'startTimeL' [-Wunused-variable]
     uint16_t startTimeL;
              ^
imported_source/ax58100_hw.c: At top level:
imported_source/ax58100_hw.c:61:16: warning: 'HW_SPI_TransmitReceive' defined but not used [-Wunused-function]
 static int32_t HW_SPI_TransmitReceive(uint8_t* pTxData, uint8_t* pRxData,
                ^
Info: Compiling imported_source/bootmode.c to obj/default/imported_source/bootmode.o
nios2-elf-gcc -xc -MP -MMD -c -I../HelloNios_II_bsp//HAL/inc -I../HelloNios_II_bsp/ -I../HelloNios_II_bsp//drivers/inc  -pipe -D__hal__ -DALT_NO_C_PLUS_PLUS -DALT_NO_CLEAN_EXIT -D'exit(a)=_exit(a)' -DALT_NO_EXIT -DALT_USE_DIRECT_DRIVERS -DALT_NO_INSTRUCTION_EMULATION -DALT_USE_SMALL_DRIVERS -DSMALL_C_LIB -DALT_SINGLE_THREADED    -Os -g -Wall   -mno-hw-div -mno-hw-mul -mno-hw-mulx -mgpopt=global  -o obj/default/imported_source/bootmode.o imported_source/bootmode.c
Info: Compiling imported_source/coeappl.c to obj/default/imported_source/coeappl.o
nios2-elf-gcc -xc -MP -MMD -c -I../HelloNios_II_bsp//HAL/inc -I../HelloNios_II_bsp/ -I../HelloNios_II_bsp//drivers/inc  -pipe -D__hal__ -DALT_NO_C_PLUS_PLUS -DALT_NO_CLEAN_EXIT -D'exit(a)=_exit(a)' -DALT_NO_EXIT -DALT_USE_DIRECT_DRIVERS -DALT_NO_INSTRUCTION_EMULATION -DALT_USE_SMALL_DRIVERS -DSMALL_C_LIB -DALT_SINGLE_THREADED    -Os -g -Wall   -mno-hw-div -mno-hw-mul -mno-hw-mulx -mgpopt=global  -o obj/default/imported_source/coeappl.o imported_source/coeappl.c
Info: Compiling imported_source/ecatappl.c to obj/default/imported_source/ecatappl.o
nios2-elf-gcc -xc -MP -MMD -c -I../HelloNios_II_bsp//HAL/inc -I../HelloNios_II_bsp/ -I../HelloNios_II_bsp//drivers/inc  -pipe -D__hal__ -DALT_NO_C_PLUS_PLUS -DALT_NO_CLEAN_EXIT -D'exit(a)=_exit(a)' -DALT_NO_EXIT -DALT_USE_DIRECT_DRIVERS -DALT_NO_INSTRUCTION_EMULATION -DALT_USE_SMALL_DRIVERS -DSMALL_C_LIB -DALT_SINGLE_THREADED    -Os -g -Wall   -mno-hw-div -mno-hw-mul -mno-hw-mulx -mgpopt=global  -o obj/default/imported_source/ecatappl.o imported_source/ecatappl.c
Info: Compiling imported_source/ecatcoe.c to obj/default/imported_source/ecatcoe.o
nios2-elf-gcc -xc -MP -MMD -c -I../HelloNios_II_bsp//HAL/inc -I../HelloNios_II_bsp/ -I../HelloNios_II_bsp//drivers/inc  -pipe -D__hal__ -DALT_NO_C_PLUS_PLUS -DALT_NO_CLEAN_EXIT -D'exit(a)=_exit(a)' -DALT_NO_EXIT -DALT_USE_DIRECT_DRIVERS -DALT_NO_INSTRUCTION_EMULATION -DALT_USE_SMALL_DRIVERS -DSMALL_C_LIB -DALT_SINGLE_THREADED    -Os -g -Wall   -mno-hw-div -mno-hw-mul -mno-hw-mulx -mgpopt=global  -o obj/default/imported_source/ecatcoe.o imported_source/ecatcoe.c
Info: Compiling imported_source/ecatfoe.c to obj/default/imported_source/ecatfoe.o
nios2-elf-gcc -xc -MP -MMD -c -I../HelloNios_II_bsp//HAL/inc -I../HelloNios_II_bsp/ -I../HelloNios_II_bsp//drivers/inc  -pipe -D__hal__ -DALT_NO_C_PLUS_PLUS -DALT_NO_CLEAN_EXIT -D'exit(a)=_exit(a)' -DALT_NO_EXIT -DALT_USE_DIRECT_DRIVERS -DALT_NO_INSTRUCTION_EMULATION -DALT_USE_SMALL_DRIVERS -DSMALL_C_LIB -DALT_SINGLE_THREADED    -Os -g -Wall   -mno-hw-div -mno-hw-mul -mno-hw-mulx -mgpopt=global  -o obj/default/imported_source/ecatfoe.o imported_source/ecatfoe.c
Info: Compiling imported_source/ecatslv.c to obj/default/imported_source/ecatslv.o
nios2-elf-gcc -xc -MP -MMD -c -I../HelloNios_II_bsp//HAL/inc -I../HelloNios_II_bsp/ -I../HelloNios_II_bsp//drivers/inc  -pipe -D__hal__ -DALT_NO_C_PLUS_PLUS -DALT_NO_CLEAN_EXIT -D'exit(a)=_exit(a)' -DALT_NO_EXIT -DALT_USE_DIRECT_DRIVERS -DALT_NO_INSTRUCTION_EMULATION -DALT_USE_SMALL_DRIVERS -DSMALL_C_LIB -DALT_SINGLE_THREADED    -Os -g -Wall   -mno-hw-div -mno-hw-mul -mno-hw-mulx -mgpopt=global  -o obj/default/imported_source/ecatslv.o imported_source/ecatslv.c
Info: Compiling imported_source/foeappl.c to obj/default/imported_source/foeappl.o
nios2-elf-gcc -xc -MP -MMD -c -I../HelloNios_II_bsp//HAL/inc -I../HelloNios_II_bsp/ -I../HelloNios_II_bsp//drivers/inc  -pipe -D__hal__ -DALT_NO_C_PLUS_PLUS -DALT_NO_CLEAN_EXIT -D'exit(a)=_exit(a)' -DALT_NO_EXIT -DALT_USE_DIRECT_DRIVERS -DALT_NO_INSTRUCTION_EMULATION -DALT_USE_SMALL_DRIVERS -DSMALL_C_LIB -DALT_SINGLE_THREADED    -Os -g -Wall   -mno-hw-div -mno-hw-mul -mno-hw-mulx -mgpopt=global  -o obj/default/imported_source/foeappl.o imported_source/foeappl.c
Info: Compiling imported_source/mailbox.c to obj/default/imported_source/mailbox.o
nios2-elf-gcc -xc -MP -MMD -c -I../HelloNios_II_bsp//HAL/inc -I../HelloNios_II_bsp/ -I../HelloNios_II_bsp//drivers/inc  -pipe -D__hal__ -DALT_NO_C_PLUS_PLUS -DALT_NO_CLEAN_EXIT -D'exit(a)=_exit(a)' -DALT_NO_EXIT -DALT_USE_DIRECT_DRIVERS -DALT_NO_INSTRUCTION_EMULATION -DALT_USE_SMALL_DRIVERS -DSMALL_C_LIB -DALT_SINGLE_THREADED    -Os -g -Wall   -mno-hw-div -mno-hw-mul -mno-hw-mulx -mgpopt=global  -o obj/default/imported_source/mailbox.o imported_source/mailbox.c
Info: Compiling imported_source/objdef.c to obj/default/imported_source/objdef.o
nios2-elf-gcc -xc -MP -MMD -c -I../HelloNios_II_bsp//HAL/inc -I../HelloNios_II_bsp/ -I../HelloNios_II_bsp//drivers/inc  -pipe -D__hal__ -DALT_NO_C_PLUS_PLUS -DALT_NO_CLEAN_EXIT -D'exit(a)=_exit(a)' -DALT_NO_EXIT -DALT_USE_DIRECT_DRIVERS -DALT_NO_INSTRUCTION_EMULATION -DALT_USE_SMALL_DRIVERS -DSMALL_C_LIB -DALT_SINGLE_THREADED    -Os -g -Wall   -mno-hw-div -mno-hw-mul -mno-hw-mulx -mgpopt=global  -o obj/default/imported_source/objdef.o imported_source/objdef.c
Info: Compiling imported_source/sdoserv.c to obj/default/imported_source/sdoserv.o
nios2-elf-gcc -xc -MP -MMD -c -I../HelloNios_II_bsp//HAL/inc -I../HelloNios_II_bsp/ -I../HelloNios_II_bsp//drivers/inc  -pipe -D__hal__ -DALT_NO_C_PLUS_PLUS -DALT_NO_CLEAN_EXIT -D'exit(a)=_exit(a)' -DALT_NO_EXIT -DALT_USE_DIRECT_DRIVERS -DALT_NO_INSTRUCTION_EMULATION -DALT_USE_SMALL_DRIVERS -DSMALL_C_LIB -DALT_SINGLE_THREADED    -Os -g -Wall   -mno-hw-div -mno-hw-mul -mno-hw-mulx -mgpopt=global  -o obj/default/imported_source/sdoserv.o imported_source/sdoserv.c
Info: Compiling peripheral/peripheral_linker.c to obj/default/peripheral/peripheral_linker.o
nios2-elf-gcc -xc -MP -MMD -c -I../HelloNios_II_bsp//HAL/inc -I../HelloNios_II_bsp/ -I../HelloNios_II_bsp//drivers/inc  -pipe -D__hal__ -DALT_NO_C_PLUS_PLUS -DALT_NO_CLEAN_EXIT -D'exit(a)=_exit(a)' -DALT_NO_EXIT -DALT_USE_DIRECT_DRIVERS -DALT_NO_INSTRUCTION_EMULATION -DALT_USE_SMALL_DRIVERS -DSMALL_C_LIB -DALT_SINGLE_THREADED    -Os -g -Wall   -mno-hw-div -mno-hw-mul -mno-hw-mulx -mgpopt=global  -o obj/default/peripheral/peripheral_linker.o peripheral/peripheral_linker.c
Info: Linking HelloNios_II.elf
nios2-elf-g++  -T'../HelloNios_II_bsp//linker.x' -msys-crt0='../HelloNios_II_bsp//obj/HAL/src/crt0.o' -msys-lib=hal_bsp -L../HelloNios_II_bsp/  -msmallc  -Wl,-Map=HelloNios_II.map   -Os -g -Wall   -mno-hw-div -mno-hw-mul -mno-hw-mulx -mgpopt=global  -o HelloNios_II.elf obj/default/hello_world_small.o obj/default/imported_source/ViCAT_LSC.o obj/default/imported_source/ax58100_hw.o obj/default/imported_source/bootmode.o obj/default/imported_source/coeappl.o obj/default/imported_source/ecatappl.o obj/default/imported_source/ecatcoe.o obj/default/imported_source/ecatfoe.o obj/default/imported_source/ecatslv.o obj/default/imported_source/foeappl.o obj/default/imported_source/mailbox.o obj/default/imported_source/objdef.o obj/default/imported_source/sdoserv.o obj/default/peripheral/peripheral_linker.o -lm -msys-lib=m
nios2-elf-insert HelloNios_II.elf --thread_model hal --cpu_name HelloNios --qsys true --simulation_enabled false --stderr_dev DEBUG --stdin_dev DEBUG --stdout_dev DEBUG --sopc_system_name My_First_NIOS_II_Platform_Designer --quartus_project_dir "C:/Users/guan-ming.dennis-won/Documents/Code/Workspace/Workspace/Cyclone_10_LP/NIOS_II" --jdi ../..//output_files/My_First_NIOS_II.jdi --sopcinfo C:/Users/guan-ming.dennis-won/Documents/Code/Workspace/Workspace/Cyclone_10_LP/NIOS_II/software/HelloNios_II_bsp/../../My_First_NIOS_II_Platform_Designer.sopcinfo
Info: (HelloNios_II.elf) 33 KBytes program size (code + initialized data).
Info:                    5256 Bytes free for stack + heap.
Info: Creating HelloNios_II.objdump
nios2-elf-objdump --disassemble --syms --all-header --source HelloNios_II.elf >HelloNios_II.objdump
[HelloNios_II build complete]
11:21:42 **** Incremental Build of configuration Nios II for project HelloNios_II ****
make all 
Info: Building ../HelloNios_II_bsp/
C:/intelFPGA_lite/18.1/nios2eds/bin/gnu/H-x86_64-mingw32/bin/make --no-print-directory -C ../HelloNios_II_bsp/
[BSP build complete]
[HelloNios_II build complete]
13:54:40 **** Clean-only build of configuration Nios II for project HelloNios_II ****
make clean 
[HelloNios_II clean complete]
13:54:40 **** Build of configuration Nios II for project HelloNios_II ****
make all 
Info: Building ../HelloNios_II_bsp/
C:/intelFPGA_lite/18.1/nios2eds/bin/gnu/H-x86_64-mingw32/bin/make --no-print-directory -C ../HelloNios_II_bsp/
[BSP build complete]
Info: Compiling hello_world_small.c to obj/default/hello_world_small.o
nios2-elf-gcc -xc -MP -MMD -c -I../HelloNios_II_bsp//HAL/inc -I../HelloNios_II_bsp/ -I../HelloNios_II_bsp//drivers/inc  -pipe -D__hal__ -DALT_NO_C_PLUS_PLUS -DALT_NO_CLEAN_EXIT -D'exit(a)=_exit(a)' -DALT_NO_EXIT -DALT_USE_DIRECT_DRIVERS -DALT_NO_INSTRUCTION_EMULATION -DALT_USE_SMALL_DRIVERS -DSMALL_C_LIB -DALT_SINGLE_THREADED    -Os -g -Wall   -mno-hw-div -mno-hw-mul -mno-hw-mulx -mgpopt=global  -o obj/default/hello_world_small.o hello_world_small.c
hello_world_small.c: In function 'main':
hello_world_small.c:10:2: warning: implicit declaration of function 'init_timer1' [-Wimplicit-function-declaration]
  init_timer1();
  ^
hello_world_small.c:18:2: warning: implicit declaration of function 'main_initial' [-Wimplicit-function-declaration]
  main_initial();
  ^
Info: Compiling imported_source/ViCAT_LSC.c to obj/default/imported_source/ViCAT_LSC.o
nios2-elf-gcc -xc -MP -MMD -c -I../HelloNios_II_bsp//HAL/inc -I../HelloNios_II_bsp/ -I../HelloNios_II_bsp//drivers/inc  -pipe -D__hal__ -DALT_NO_C_PLUS_PLUS -DALT_NO_CLEAN_EXIT -D'exit(a)=_exit(a)' -DALT_NO_EXIT -DALT_USE_DIRECT_DRIVERS -DALT_NO_INSTRUCTION_EMULATION -DALT_USE_SMALL_DRIVERS -DSMALL_C_LIB -DALT_SINGLE_THREADED    -Os -g -Wall   -mno-hw-div -mno-hw-mul -mno-hw-mulx -mgpopt=global  -o obj/default/imported_source/ViCAT_LSC.o imported_source/ViCAT_LSC.c
imported_source/ViCAT_LSC.c: In function 'APPL_InputMapping':
imported_source/ViCAT_LSC.c:275:6: warning: #warning "Implement input (Slave->Master) mapping" [-Wcpp]
     #warning "Implement input (Slave->Master) mapping"
      ^
imported_source/ViCAT_LSC.c: In function 'APPL_OutputMapping':
imported_source/ViCAT_LSC.c:291:6: warning: #warning "Implement output (Master->Slave) mapping" [-Wcpp]
     #warning "Implement output (Master->Slave) mapping"
      ^
imported_source/ViCAT_LSC.c: In function 'APPL_Application':
imported_source/ViCAT_LSC.c:305:6: warning: #warning "Implement the slave application" [-Wcpp]
     #warning "Implement the slave application"
      ^
imported_source/ViCAT_LSC.c: In function 'APPL_GetDeviceID':
imported_source/ViCAT_LSC.c:321:6: warning: #warning "Implement explicit Device ID latching" [-Wcpp]
     #warning "Implement explicit Device ID latching"
      ^
Info: Compiling imported_source/ax58100_hw.c to obj/default/imported_source/ax58100_hw.o
nios2-elf-gcc -xc -MP -MMD -c -I../HelloNios_II_bsp//HAL/inc -I../HelloNios_II_bsp/ -I../HelloNios_II_bsp//drivers/inc  -pipe -D__hal__ -DALT_NO_C_PLUS_PLUS -DALT_NO_CLEAN_EXIT -D'exit(a)=_exit(a)' -DALT_NO_EXIT -DALT_USE_DIRECT_DRIVERS -DALT_NO_INSTRUCTION_EMULATION -DALT_USE_SMALL_DRIVERS -DSMALL_C_LIB -DALT_SINGLE_THREADED    -Os -g -Wall   -mno-hw-div -mno-hw-mul -mno-hw-mulx -mgpopt=global  -o obj/default/imported_source/ax58100_hw.o imported_source/ax58100_hw.c
imported_source/ax58100_hw.c: In function 'HW_Init':
imported_source/ax58100_hw.c:285:14: warning: unused variable 'elapsedTime' [-Wunused-variable]
     uint16_t elapsedTime;
              ^
imported_source/ax58100_hw.c:284:14: warning: unused variable 'currentTime' [-Wunused-variable]
     uint16_t currentTime;
              ^
imported_source/ax58100_hw.c:283:14: warning: unused variable 'startTime' [-Wunused-variable]
     uint32_t startTime;
              ^
imported_source/ax58100_hw.c:282:14: warning: unused variable 'startTimeH' [-Wunused-variable]
     uint16_t startTimeH;
              ^
imported_source/ax58100_hw.c:281:14: warning: unused variable 'startTimeL' [-Wunused-variable]
     uint16_t startTimeL;
              ^
imported_source/ax58100_hw.c: At top level:
imported_source/ax58100_hw.c:61:16: warning: 'HW_SPI_TransmitReceive' defined but not used [-Wunused-function]
 static int32_t HW_SPI_TransmitReceive(uint8_t* pTxData, uint8_t* pRxData,
                ^
Info: Compiling imported_source/bootmode.c to obj/default/imported_source/bootmode.o
nios2-elf-gcc -xc -MP -MMD -c -I../HelloNios_II_bsp//HAL/inc -I../HelloNios_II_bsp/ -I../HelloNios_II_bsp//drivers/inc  -pipe -D__hal__ -DALT_NO_C_PLUS_PLUS -DALT_NO_CLEAN_EXIT -D'exit(a)=_exit(a)' -DALT_NO_EXIT -DALT_USE_DIRECT_DRIVERS -DALT_NO_INSTRUCTION_EMULATION -DALT_USE_SMALL_DRIVERS -DSMALL_C_LIB -DALT_SINGLE_THREADED    -Os -g -Wall   -mno-hw-div -mno-hw-mul -mno-hw-mulx -mgpopt=global  -o obj/default/imported_source/bootmode.o imported_source/bootmode.c
Info: Compiling imported_source/coeappl.c to obj/default/imported_source/coeappl.o
nios2-elf-gcc -xc -MP -MMD -c -I../HelloNios_II_bsp//HAL/inc -I../HelloNios_II_bsp/ -I../HelloNios_II_bsp//drivers/inc  -pipe -D__hal__ -DALT_NO_C_PLUS_PLUS -DALT_NO_CLEAN_EXIT -D'exit(a)=_exit(a)' -DALT_NO_EXIT -DALT_USE_DIRECT_DRIVERS -DALT_NO_INSTRUCTION_EMULATION -DALT_USE_SMALL_DRIVERS -DSMALL_C_LIB -DALT_SINGLE_THREADED    -Os -g -Wall   -mno-hw-div -mno-hw-mul -mno-hw-mulx -mgpopt=global  -o obj/default/imported_source/coeappl.o imported_source/coeappl.c
Info: Compiling imported_source/ecatappl.c to obj/default/imported_source/ecatappl.o
nios2-elf-gcc -xc -MP -MMD -c -I../HelloNios_II_bsp//HAL/inc -I../HelloNios_II_bsp/ -I../HelloNios_II_bsp//drivers/inc  -pipe -D__hal__ -DALT_NO_C_PLUS_PLUS -DALT_NO_CLEAN_EXIT -D'exit(a)=_exit(a)' -DALT_NO_EXIT -DALT_USE_DIRECT_DRIVERS -DALT_NO_INSTRUCTION_EMULATION -DALT_USE_SMALL_DRIVERS -DSMALL_C_LIB -DALT_SINGLE_THREADED    -Os -g -Wall   -mno-hw-div -mno-hw-mul -mno-hw-mulx -mgpopt=global  -o obj/default/imported_source/ecatappl.o imported_source/ecatappl.c
Info: Compiling imported_source/ecatcoe.c to obj/default/imported_source/ecatcoe.o
nios2-elf-gcc -xc -MP -MMD -c -I../HelloNios_II_bsp//HAL/inc -I../HelloNios_II_bsp/ -I../HelloNios_II_bsp//drivers/inc  -pipe -D__hal__ -DALT_NO_C_PLUS_PLUS -DALT_NO_CLEAN_EXIT -D'exit(a)=_exit(a)' -DALT_NO_EXIT -DALT_USE_DIRECT_DRIVERS -DALT_NO_INSTRUCTION_EMULATION -DALT_USE_SMALL_DRIVERS -DSMALL_C_LIB -DALT_SINGLE_THREADED    -Os -g -Wall   -mno-hw-div -mno-hw-mul -mno-hw-mulx -mgpopt=global  -o obj/default/imported_source/ecatcoe.o imported_source/ecatcoe.c
Info: Compiling imported_source/ecatfoe.c to obj/default/imported_source/ecatfoe.o
nios2-elf-gcc -xc -MP -MMD -c -I../HelloNios_II_bsp//HAL/inc -I../HelloNios_II_bsp/ -I../HelloNios_II_bsp//drivers/inc  -pipe -D__hal__ -DALT_NO_C_PLUS_PLUS -DALT_NO_CLEAN_EXIT -D'exit(a)=_exit(a)' -DALT_NO_EXIT -DALT_USE_DIRECT_DRIVERS -DALT_NO_INSTRUCTION_EMULATION -DALT_USE_SMALL_DRIVERS -DSMALL_C_LIB -DALT_SINGLE_THREADED    -Os -g -Wall   -mno-hw-div -mno-hw-mul -mno-hw-mulx -mgpopt=global  -o obj/default/imported_source/ecatfoe.o imported_source/ecatfoe.c
Info: Compiling imported_source/ecatslv.c to obj/default/imported_source/ecatslv.o
nios2-elf-gcc -xc -MP -MMD -c -I../HelloNios_II_bsp//HAL/inc -I../HelloNios_II_bsp/ -I../HelloNios_II_bsp//drivers/inc  -pipe -D__hal__ -DALT_NO_C_PLUS_PLUS -DALT_NO_CLEAN_EXIT -D'exit(a)=_exit(a)' -DALT_NO_EXIT -DALT_USE_DIRECT_DRIVERS -DALT_NO_INSTRUCTION_EMULATION -DALT_USE_SMALL_DRIVERS -DSMALL_C_LIB -DALT_SINGLE_THREADED    -Os -g -Wall   -mno-hw-div -mno-hw-mul -mno-hw-mulx -mgpopt=global  -o obj/default/imported_source/ecatslv.o imported_source/ecatslv.c
Info: Compiling imported_source/foeappl.c to obj/default/imported_source/foeappl.o
nios2-elf-gcc -xc -MP -MMD -c -I../HelloNios_II_bsp//HAL/inc -I../HelloNios_II_bsp/ -I../HelloNios_II_bsp//drivers/inc  -pipe -D__hal__ -DALT_NO_C_PLUS_PLUS -DALT_NO_CLEAN_EXIT -D'exit(a)=_exit(a)' -DALT_NO_EXIT -DALT_USE_DIRECT_DRIVERS -DALT_NO_INSTRUCTION_EMULATION -DALT_USE_SMALL_DRIVERS -DSMALL_C_LIB -DALT_SINGLE_THREADED    -Os -g -Wall   -mno-hw-div -mno-hw-mul -mno-hw-mulx -mgpopt=global  -o obj/default/imported_source/foeappl.o imported_source/foeappl.c
Info: Compiling imported_source/mailbox.c to obj/default/imported_source/mailbox.o
nios2-elf-gcc -xc -MP -MMD -c -I../HelloNios_II_bsp//HAL/inc -I../HelloNios_II_bsp/ -I../HelloNios_II_bsp//drivers/inc  -pipe -D__hal__ -DALT_NO_C_PLUS_PLUS -DALT_NO_CLEAN_EXIT -D'exit(a)=_exit(a)' -DALT_NO_EXIT -DALT_USE_DIRECT_DRIVERS -DALT_NO_INSTRUCTION_EMULATION -DALT_USE_SMALL_DRIVERS -DSMALL_C_LIB -DALT_SINGLE_THREADED    -Os -g -Wall   -mno-hw-div -mno-hw-mul -mno-hw-mulx -mgpopt=global  -o obj/default/imported_source/mailbox.o imported_source/mailbox.c
Info: Compiling imported_source/objdef.c to obj/default/imported_source/objdef.o
nios2-elf-gcc -xc -MP -MMD -c -I../HelloNios_II_bsp//HAL/inc -I../HelloNios_II_bsp/ -I../HelloNios_II_bsp//drivers/inc  -pipe -D__hal__ -DALT_NO_C_PLUS_PLUS -DALT_NO_CLEAN_EXIT -D'exit(a)=_exit(a)' -DALT_NO_EXIT -DALT_USE_DIRECT_DRIVERS -DALT_NO_INSTRUCTION_EMULATION -DALT_USE_SMALL_DRIVERS -DSMALL_C_LIB -DALT_SINGLE_THREADED    -Os -g -Wall   -mno-hw-div -mno-hw-mul -mno-hw-mulx -mgpopt=global  -o obj/default/imported_source/objdef.o imported_source/objdef.c
Info: Compiling imported_source/sdoserv.c to obj/default/imported_source/sdoserv.o
nios2-elf-gcc -xc -MP -MMD -c -I../HelloNios_II_bsp//HAL/inc -I../HelloNios_II_bsp/ -I../HelloNios_II_bsp//drivers/inc  -pipe -D__hal__ -DALT_NO_C_PLUS_PLUS -DALT_NO_CLEAN_EXIT -D'exit(a)=_exit(a)' -DALT_NO_EXIT -DALT_USE_DIRECT_DRIVERS -DALT_NO_INSTRUCTION_EMULATION -DALT_USE_SMALL_DRIVERS -DSMALL_C_LIB -DALT_SINGLE_THREADED    -Os -g -Wall   -mno-hw-div -mno-hw-mul -mno-hw-mulx -mgpopt=global  -o obj/default/imported_source/sdoserv.o imported_source/sdoserv.c
Info: Compiling peripheral/peripheral_linker.c to obj/default/peripheral/peripheral_linker.o
nios2-elf-gcc -xc -MP -MMD -c -I../HelloNios_II_bsp//HAL/inc -I../HelloNios_II_bsp/ -I../HelloNios_II_bsp//drivers/inc  -pipe -D__hal__ -DALT_NO_C_PLUS_PLUS -DALT_NO_CLEAN_EXIT -D'exit(a)=_exit(a)' -DALT_NO_EXIT -DALT_USE_DIRECT_DRIVERS -DALT_NO_INSTRUCTION_EMULATION -DALT_USE_SMALL_DRIVERS -DSMALL_C_LIB -DALT_SINGLE_THREADED    -Os -g -Wall   -mno-hw-div -mno-hw-mul -mno-hw-mulx -mgpopt=global  -o obj/default/peripheral/peripheral_linker.o peripheral/peripheral_linker.c
Info: Linking HelloNios_II.elf
nios2-elf-g++  -T'../HelloNios_II_bsp//linker.x' -msys-crt0='../HelloNios_II_bsp//obj/HAL/src/crt0.o' -msys-lib=hal_bsp -L../HelloNios_II_bsp/  -msmallc  -Wl,-Map=HelloNios_II.map   -Os -g -Wall   -mno-hw-div -mno-hw-mul -mno-hw-mulx -mgpopt=global  -o HelloNios_II.elf obj/default/hello_world_small.o obj/default/imported_source/ViCAT_LSC.o obj/default/imported_source/ax58100_hw.o obj/default/imported_source/bootmode.o obj/default/imported_source/coeappl.o obj/default/imported_source/ecatappl.o obj/default/imported_source/ecatcoe.o obj/default/imported_source/ecatfoe.o obj/default/imported_source/ecatslv.o obj/default/imported_source/foeappl.o obj/default/imported_source/mailbox.o obj/default/imported_source/objdef.o obj/default/imported_source/sdoserv.o obj/default/peripheral/peripheral_linker.o -lm -msys-lib=m
nios2-elf-insert HelloNios_II.elf --thread_model hal --cpu_name HelloNios --qsys true --simulation_enabled false --stderr_dev DEBUG --stdin_dev DEBUG --stdout_dev DEBUG --sopc_system_name My_First_NIOS_II_Platform_Designer --quartus_project_dir "C:/Users/guan-ming.dennis-won/Documents/Code/Workspace/Workspace/Cyclone_10_LP/NIOS_II" --jdi ../..//output_files/My_First_NIOS_II.jdi --sopcinfo C:/Users/guan-ming.dennis-won/Documents/Code/Workspace/Workspace/Cyclone_10_LP/NIOS_II/software/HelloNios_II_bsp/../../My_First_NIOS_II_Platform_Designer.sopcinfo
Info: (HelloNios_II.elf) 33 KBytes program size (code + initialized data).
Info:                    5256 Bytes free for stack + heap.
Info: Creating HelloNios_II.objdump
nios2-elf-objdump --disassemble --syms --all-header --source HelloNios_II.elf >HelloNios_II.objdump
[HelloNios_II build complete]
13:55:02 **** Incremental Build of configuration Nios II for project HelloNios_II ****
make all 
Info: Building ../HelloNios_II_bsp/
C:/intelFPGA_lite/18.1/nios2eds/bin/gnu/H-x86_64-mingw32/bin/make --no-print-directory -C ../HelloNios_II_bsp/
[BSP build complete]
[HelloNios_II build complete]
14:10:05 **** Incremental Build of configuration Nios II for project HelloNios_II ****
make all 
Info: Building ../HelloNios_II_bsp/
C:/intelFPGA_lite/18.1/nios2eds/bin/gnu/H-x86_64-mingw32/bin/make --no-print-directory -C ../HelloNios_II_bsp/
[BSP build complete]
[HelloNios_II build complete]
