../Core/Src/ethercat/ecatslv.c:268:6:ResetALEventMask	24	static
../Core/Src/ethercat/ecatslv.c:289:6:SetALEventMask	24	static
../Core/Src/ethercat/ecatslv.c:310:6:UpdateEEPROMLoadedState	16	static
../Core/Src/ethercat/ecatslv.c:347:19:GetSyncMan	16	static
../Core/Src/ethercat/ecatslv.c:362:6:DisableSyncManChannel	24	static
../Core/Src/ethercat/ecatslv.c:383:6:EnableSyncManChannel	24	static
../Core/Src/ethercat/ecatslv.c:410:10:CheckSmSettings	32	static
../Core/Src/ethercat/ecatslv.c:697:8:StartInputHandler	64	static
../Core/Src/ethercat/ecatslv.c:1259:8:StartOutputHandler	16	static
../Core/Src/ethercat/ecatslv.c:1304:6:StopOutputHandler	4	static
../Core/Src/ethercat/ecatslv.c:1317:6:StopInputHandler	16	static
../Core/Src/ethercat/ecatslv.c:1384:6:BackToInitTransition	4	static
../Core/Src/ethercat/ecatslv.c:1397:6:SetALStatus	24	static
../Core/Src/ethercat/ecatslv.c:1452:6:AL_ControlInd	24	static
../Core/Src/ethercat/ecatslv.c:1994:6:AL_ControlRes	16	static
../Core/Src/ethercat/ecatslv.c:2255:6:DC_CheckWatchdog	4	static
../Core/Src/ethercat/ecatslv.c:2330:6:CheckIfEcatError	16	static
../Core/Src/ethercat/ecatslv.c:2389:6:ECAT_StateChange	24	static
../Core/Src/ethercat/ecatslv.c:2544:6:ECAT_Init	16	static
../Core/Src/ethercat/ecatslv.c:2616:6:ECAT_Main	16	static
