../Core/Src/ethercat/New_Analog.c:62:9:APPL_AckErrorInd	16	static
../Core/Src/ethercat/New_Analog.c:81:8:APPL_StartMailboxHandler	4	static
../Core/Src/ethercat/New_Analog.c:97:8:APPL_StopMailboxHandler	4	static
../Core/Src/ethercat/New_Analog.c:118:8:APPL_StartInputHandler	16	static
../Core/Src/ethercat/New_Analog.c:134:8:APPL_StopInputHandler	4	static
../Core/Src/ethercat/New_Analog.c:152:8:APPL_StartOutputHandler	4	static
../Core/Src/ethercat/New_Analog.c:168:8:APPL_StopOutputHandler	4	static
../Core/Src/ethercat/New_Analog.c:182:8:APPL_GenerateMapping	48	static
../Core/Src/ethercat/New_Analog.c:271:6:APPL_InputMapping	24	static
../Core/Src/ethercat/New_Analog.c:356:6:APPL_OutputMapping	24	static
../Core/Src/ethercat/New_Analog.c:382:7:ReadObject0x8000	24	static
../Core/Src/ethercat/New_Analog.c:433:7:WriteObject0x8000	24	static
../Core/Src/ethercat/New_Analog.c:477:6:APPL_Application	16	static
../Core/Src/ethercat/New_Analog.c:625:8:APPL_GetDeviceID	4	static
../Core/Src/ethercat/New_Analog.c:635:6:main_initial	8	static
