13:36:28 **** Incremental Build of configuration Debug for project EtherCAT_Stack_2025 ****
make -j8 all 
arm-none-eabi-gcc "../Core/Src/ethercat/New_Analog.c" -mcpu=cortex-m7 -std=gnu11 -g3 -DDEBUG -DUSE_PWR_LDO_SUPPLY -DUSE_HAL_DRIVER -DSTM32H743xx -c -I../Core/Inc -I../Drivers/STM32H7xx_HAL_Driver/Inc -I../Drivers/STM32H7xx_HAL_Driver/Inc/Legacy -I../Drivers/CMSIS/Device/ST/STM32H7xx/Include -I../Drivers/CMSIS/Include -I"C:/Users/guan-ming.dennis-won/Documents/Code/Workspace/Workspace/STM32_Workspace/EtherCAT_Stack_2025/Core/Src/ads131a04" -I"C:/Users/guan-ming.dennis-won/Documents/Code/Workspace/Workspace/STM32_Workspace/EtherCAT_Stack_2025/Core/Src/app_core" -I"C:/Users/guan-ming.dennis-won/Documents/Code/Workspace/Workspace/STM32_Workspace/EtherCAT_Stack_2025/Core/Src/led_hearbeat" -I"C:/Users/guan-ming.dennis-won/Documents/Code/Workspace/Workspace/STM32_Workspace/EtherCAT_Stack_2025/Core/Src/chip_driver" -I"C:/Users/guan-ming.dennis-won/Documents/Code/Workspace/Workspace/STM32_Workspace/EtherCAT_Stack_2025/Core/Src/ethercat" -O0 -ffunction-sections -fdata-sections -Wall -fstack-usage -fcyclomatic-complexity -MMD -MP -MF"Core/Src/ethercat/New_Analog.d" -MT"Core/Src/ethercat/New_Analog.o" --specs=nano.specs -mfpu=fpv5-d16 -mfloat-abi=hard -mthumb -o "Core/Src/ethercat/New_Analog.o"
../Core/Src/ethercat/New_Analog.c: In function 'APPL_Application':
../Core/Src/ethercat/New_Analog.c:483:14: warning: unused variable 'isReadSuccess' [-Wunused-variable]
  483 |         bool isReadSuccess = readData(&my_adc_struct); // 82.5micro seconds
      |              ^~~~~~~~~~~~~
../Core/Src/ethercat/New_Analog.c: In function 'main_initial':
../Core/Src/ethercat/New_Analog.c:651:9: warning: implicit declaration of function 'BL_Reboot' [-Wimplicit-function-declaration]
  651 |         BL_Reboot();
      |         ^~~~~~~~~
arm-none-eabi-gcc -o "EtherCAT_Stack_2025.elf" @"objects.list"   -mcpu=cortex-m7 -T"C:\Users\guan-ming.dennis-won\Documents\Code\Workspace\Workspace\STM32_Workspace\EtherCAT_Stack_2025\STM32H743ZITX_FLASH.ld" --specs=nosys.specs -Wl,-Map="EtherCAT_Stack_2025.map" -Wl,--gc-sections -static --specs=nano.specs -mfpu=fpv5-d16 -mfloat-abi=hard -mthumb -Wl,--start-group -lc -lm -Wl,--end-group
Finished building target: EtherCAT_Stack_2025.elf
 
arm-none-eabi-size  EtherCAT_Stack_2025.elf 
arm-none-eabi-objdump -h -S EtherCAT_Stack_2025.elf  > "EtherCAT_Stack_2025.list"
   text	   data	    bss	    dec	    hex	filename
  59312	   1940	   4136	  65388	   ff6c	EtherCAT_Stack_2025.elf
Finished building: default.size.stdout
 
Finished building: EtherCAT_Stack_2025.list
 
13:36:40 **** Incremental Build of configuration Debug for project EtherCAT_Stack_2025 ****
make -j8 all 
arm-none-eabi-size  EtherCAT_Stack_2025.elf 
   text	   data	    bss	    dec	    hex	filename
  59312	   1940	   4136	  65388	   ff6c	EtherCAT_Stack_2025.elf
Finished building: default.size.stdout
 
13:41:21 **** Incremental Build of configuration Debug for project EtherCAT_Stack_2025 ****
make -j8 all 
arm-none-eabi-size  EtherCAT_Stack_2025.elf 
   text	   data	    bss	    dec	    hex	filename
  59312	   1940	   4136	  65388	   ff6c	EtherCAT_Stack_2025.elf
Finished building: default.size.stdout
 
