../Core/EtherCAT_Src/ecatslv.c:264:6:ResetALEventMask	24	static
../Core/EtherCAT_Src/ecatslv.c:285:6:SetALEventMask	24	static
../Core/EtherCAT_Src/ecatslv.c:306:6:UpdateEEPROMLoadedState	16	static
../Core/EtherCAT_Src/ecatslv.c:343:19:GetSyncMan	16	static
../Core/EtherCAT_Src/ecatslv.c:358:6:DisableSyncManChannel	24	static
../Core/EtherCAT_Src/ecatslv.c:381:6:EnableSyncManChannel	24	static
../Core/EtherCAT_Src/ecatslv.c:411:10:CheckSmSettings	32	static
../Core/EtherCAT_Src/ecatslv.c:698:8:StartInputHandler	64	static
../Core/EtherCAT_Src/ecatslv.c:1261:8:StartOutputHandler	16	static
../Core/EtherCAT_Src/ecatslv.c:1306:6:StopOutputHandler	4	static
../Core/EtherCAT_Src/ecatslv.c:1319:6:StopInputHandler	16	static
../Core/EtherCAT_Src/ecatslv.c:1386:6:BackToInitTransition	4	static
../Core/EtherCAT_Src/ecatslv.c:1399:6:SetALStatus	24	static
../Core/EtherCAT_Src/ecatslv.c:1466:6:AL_ControlInd	24	static
../Core/EtherCAT_Src/ecatslv.c:1946:6:AL_ControlRes	16	static
../Core/EtherCAT_Src/ecatslv.c:2213:6:DC_CheckWatchdog	4	static
../Core/EtherCAT_Src/ecatslv.c:2290:6:CheckIfEcatError	16	static
../Core/EtherCAT_Src/ecatslv.c:2348:6:ECAT_StateChange	24	static
../Core/EtherCAT_Src/ecatslv.c:2503:6:ECAT_Init	16	static
../Core/EtherCAT_Src/ecatslv.c:2580:6:ECAT_Main	16	static
