09:56:45 **** Incremental Build of configuration Debug for project Cyclone10LP_SPI_NucleoH743ZIT6 ****
make -j8 all 
arm-none-eabi-gcc "../Core/Src/main.c" -mcpu=cortex-m7 -std=gnu11 -g3 -DDEBUG -DUSE_HAL_DRIVER -DSTM32H743xx -c -I../Core/Inc -I../Drivers/STM32H7xx_HAL_Driver/Inc -I../Drivers/STM32H7xx_HAL_Driver/Inc/Legacy -I../Drivers/CMSIS/Device/ST/STM32H7xx/Include -I../Drivers/CMSIS/Include -O0 -ffunction-sections -fdata-sections -Wall -fstack-usage -fcyclomatic-complexity -MMD -MP -MF"Core/Src/main.d" -MT"Core/Src/main.o" --specs=nano.specs -mfpu=fpv5-d16 -mfloat-abi=hard -mthumb -o "Core/Src/main.o"
arm-none-eabi-gcc -o "Cyclone10LP_SPI_NucleoH743ZIT6.elf" @"objects.list"   -mcpu=cortex-m7 -T"C:\Users\guan-ming.dennis-won\Documents\Code\Workspace\Workspace\Cyclone_10_LP\NIOS_II_STM32\Cyclone10LP_SPI_NucleoH743ZIT6\STM32H743ZITX_FLASH.ld" --specs=nosys.specs -Wl,-Map="Cyclone10LP_SPI_NucleoH743ZIT6.map" -Wl,--gc-sections -static --specs=nano.specs -mfpu=fpv5-d16 -mfloat-abi=hard -mthumb -Wl,--start-group -lc -lm -Wl,--end-group
Finished building target: Cyclone10LP_SPI_NucleoH743ZIT6.elf
 
arm-none-eabi-size  Cyclone10LP_SPI_NucleoH743ZIT6.elf 
arm-none-eabi-objdump -h -S Cyclone10LP_SPI_NucleoH743ZIT6.elf  > "Cyclone10LP_SPI_NucleoH743ZIT6.list"
   text	   data	    bss	    dec	    hex	filename
  23632	     28	   1852	  25512	   63a8	Cyclone10LP_SPI_NucleoH743ZIT6.elf
Finished building: default.size.stdout
 
Finished building: Cyclone10LP_SPI_NucleoH743ZIT6.list
 

09:56:50 Build Finished. 0 errors, 0 warnings. (took 5s.363ms)

