Component: Arm Compiler for Embedded 6.18 Tool: armlink [5e4cc100]

==============================================================================

Section Cross References

    startup_stm32f103xe.o(RESET) refers to startup_stm32f103xe.o(STACK) for __initial_sp
    startup_stm32f103xe.o(RESET) refers to startup_stm32f103xe.o(.text) for Reset_Handler
    startup_stm32f103xe.o(RESET) refers to stm32f1xx_it.o(.text.NMI_Handler) for NMI_Handler
    startup_stm32f103xe.o(RESET) refers to stm32f1xx_it.o(.text.HardFault_Handler) for HardFault_Handler
    startup_stm32f103xe.o(RESET) refers to stm32f1xx_it.o(.text.MemManage_Handler) for MemManage_Handler
    startup_stm32f103xe.o(RESET) refers to stm32f1xx_it.o(.text.BusFault_Handler) for BusFault_Handler
    startup_stm32f103xe.o(RESET) refers to stm32f1xx_it.o(.text.UsageFault_Handler) for UsageFault_Handler
    startup_stm32f103xe.o(RESET) refers to stm32f1xx_it.o(.text.SVC_Handler) for SVC_Handler
    startup_stm32f103xe.o(RESET) refers to stm32f1xx_it.o(.text.DebugMon_Handler) for DebugMon_Handler
    startup_stm32f103xe.o(RESET) refers to stm32f1xx_it.o(.text.PendSV_Handler) for PendSV_Handler
    startup_stm32f103xe.o(RESET) refers to stm32f1xx_it.o(.text.SysTick_Handler) for SysTick_Handler
    startup_stm32f103xe.o(.text) refers to system_stm32f1xx.o(.text.SystemInit) for SystemInit
    startup_stm32f103xe.o(.text) refers to entry.o(.ARM.Collect$$$$00000000) for __main
    main.o(.text.main) refers to stm32f1xx_hal.o(.text.HAL_Init) for HAL_Init
    main.o(.text.main) refers to main.o(.text.SystemClock_Config) for SystemClock_Config
    main.o(.text.main) refers to main.o(.text.MX_GPIO_Init) for MX_GPIO_Init
    main.o(.text.main) refers to main.o(.text.MX_I2C1_Init) for MX_I2C1_Init
    main.o(.text.main) refers to main.o(.text.MX_USART1_UART_Init) for MX_USART1_UART_Init
    main.o(.text.main) refers to main.o(.bss.hi2c1) for hi2c1
    main.o(.text.main) refers to main.o(.data.dataBuffer) for dataBuffer
    main.o(.text.main) refers to stm32f1xx_hal_i2c.o(.text.HAL_I2C_Master_Transmit) for HAL_I2C_Master_Transmit
    main.o(.text.main) refers to stm32f1xx_hal.o(.text.HAL_Delay) for HAL_Delay
    main.o(.text.main) refers to stm32f1xx_hal_i2c.o(.text.HAL_I2C_Master_Receive) for HAL_I2C_Master_Receive
    main.o(.text.main) refers to main.o(.rodata.str1.1) for .L.str
    main.o(.text.main) refers to printfa.o(i.__0sprintf) for sprintf
    main.o(.text.main) refers to hex2bin.o(.text.HexToBin) for HexToBin
    main.o(.text.main) refers to dflti.o(.text) for __aeabi_i2d
    main.o(.text.main) refers to dfltui.o(.text) for __aeabi_ui2d
    main.o(.text.main) refers to pow.o(i.pow) for pow
    main.o(.text.main) refers to dadd.o(.text) for __aeabi_dadd
    main.o(.text.main) refers to dfixi.o(.text) for __aeabi_d2iz
    main.o(.text.main) refers to func.o(.text.light_on_Init) for light_on_Init
    main.o(.text.main) refers to func.o(.text.light_status_indicator) for light_status_indicator
    main.o(.text.main) refers to stm32f1xx_hal_gpio.o(.text.HAL_GPIO_WritePin) for HAL_GPIO_WritePin
    main.o(.text.main) refers to strlen.o(.text) for strlen
    main.o(.text.main) refers to main.o(.bss.huart1) for huart1
    main.o(.text.main) refers to stm32f1xx_hal_uart.o(.text.HAL_UART_Transmit) for HAL_UART_Transmit
    main.o(.ARM.exidx.text.main) refers to main.o(.text.main) for [Anonymous Symbol]
    main.o(.text.SystemClock_Config) refers to memseta.o(.text) for __aeabi_memclr4
    main.o(.text.SystemClock_Config) refers to stm32f1xx_hal_rcc.o(.text.HAL_RCC_OscConfig) for HAL_RCC_OscConfig
    main.o(.text.SystemClock_Config) refers to main.o(.text.Error_Handler) for Error_Handler
    main.o(.text.SystemClock_Config) refers to stm32f1xx_hal_rcc.o(.text.HAL_RCC_ClockConfig) for HAL_RCC_ClockConfig
    main.o(.ARM.exidx.text.SystemClock_Config) refers to main.o(.text.SystemClock_Config) for [Anonymous Symbol]
    main.o(.text.MX_GPIO_Init) refers to stm32f1xx_hal_gpio.o(.text.HAL_GPIO_WritePin) for HAL_GPIO_WritePin
    main.o(.text.MX_GPIO_Init) refers to stm32f1xx_hal_gpio.o(.text.HAL_GPIO_Init) for HAL_GPIO_Init
    main.o(.ARM.exidx.text.MX_GPIO_Init) refers to main.o(.text.MX_GPIO_Init) for [Anonymous Symbol]
    main.o(.text.MX_I2C1_Init) refers to main.o(.bss.hi2c1) for hi2c1
    main.o(.text.MX_I2C1_Init) refers to stm32f1xx_hal_i2c.o(.text.HAL_I2C_Init) for HAL_I2C_Init
    main.o(.text.MX_I2C1_Init) refers to main.o(.text.Error_Handler) for Error_Handler
    main.o(.ARM.exidx.text.MX_I2C1_Init) refers to main.o(.text.MX_I2C1_Init) for [Anonymous Symbol]
    main.o(.text.MX_USART1_UART_Init) refers to main.o(.bss.huart1) for huart1
    main.o(.text.MX_USART1_UART_Init) refers to stm32f1xx_hal_uart.o(.text.HAL_UART_Init) for HAL_UART_Init
    main.o(.text.MX_USART1_UART_Init) refers to main.o(.text.Error_Handler) for Error_Handler
    main.o(.ARM.exidx.text.MX_USART1_UART_Init) refers to main.o(.text.MX_USART1_UART_Init) for [Anonymous Symbol]
[...]
    Removing stm32f1xx_hal_uart.o(.text.UART_DMARxAbortCallback), (82 bytes).
    Removing stm32f1xx_hal_uart.o(.ARM.exidx.text.UART_DMARxAbortCallback), (8 bytes).
    Removing stm32f1xx_hal_uart.o(.text.HAL_UART_AbortCpltCallback), (8 bytes).
    Removing stm32f1xx_hal_uart.o(.ARM.exidx.text.HAL_UART_AbortCpltCallback), (8 bytes).
    Removing stm32f1xx_hal_uart.o(.text.HAL_UART_AbortTransmit_IT), (142 bytes).
    Removing stm32f1xx_hal_uart.o(.ARM.exidx.text.HAL_UART_AbortTransmit_IT), (8 bytes).
    Removing stm32f1xx_hal_uart.o(.text.UART_DMATxOnlyAbortCallback), (36 bytes).
    Removing stm32f1xx_hal_uart.o(.ARM.exidx.text.UART_DMATxOnlyAbortCallback), (8 bytes).
    Removing stm32f1xx_hal_uart.o(.text.HAL_UART_AbortTransmitCpltCallback), (8 bytes).
    Removing stm32f1xx_hal_uart.o(.ARM.exidx.text.HAL_UART_AbortTransmitCpltCallback), (8 bytes).
    Removing stm32f1xx_hal_uart.o(.text.HAL_UART_AbortReceive_IT), (154 bytes).
    Removing stm32f1xx_hal_uart.o(.ARM.exidx.text.HAL_UART_AbortReceive_IT), (8 bytes).
    Removing stm32f1xx_hal_uart.o(.text.UART_DMARxOnlyAbortCallback), (36 bytes).
    Removing stm32f1xx_hal_uart.o(.ARM.exidx.text.UART_DMARxOnlyAbortCallback), (8 bytes).
    Removing stm32f1xx_hal_uart.o(.text.HAL_UART_AbortReceiveCpltCallback), (8 bytes).
    Removing stm32f1xx_hal_uart.o(.ARM.exidx.text.HAL_UART_AbortReceiveCpltCallback), (8 bytes).
    Removing stm32f1xx_hal_uart.o(.text.HAL_UART_IRQHandler), (508 bytes).
    Removing stm32f1xx_hal_uart.o(.ARM.exidx.text.HAL_UART_IRQHandler), (8 bytes).
    Removing stm32f1xx_hal_uart.o(.text.UART_Receive_IT), (238 bytes).
    Removing stm32f1xx_hal_uart.o(.ARM.exidx.text.UART_Receive_IT), (8 bytes).
    Removing stm32f1xx_hal_uart.o(.text.UART_DMAAbortOnError), (32 bytes).
    Removing stm32f1xx_hal_uart.o(.ARM.exidx.text.UART_DMAAbortOnError), (8 bytes).
    Removing stm32f1xx_hal_uart.o(.text.HAL_UART_ErrorCallback), (8 bytes).
    Removing stm32f1xx_hal_uart.o(.ARM.exidx.text.HAL_UART_ErrorCallback), (8 bytes).
    Removing stm32f1xx_hal_uart.o(.text.UART_Transmit_IT), (160 bytes).
    Removing stm32f1xx_hal_uart.o(.ARM.exidx.text.UART_Transmit_IT), (8 bytes).
    Removing stm32f1xx_hal_uart.o(.text.UART_EndTransmit_IT), (38 bytes).
    Removing stm32f1xx_hal_uart.o(.ARM.exidx.text.UART_EndTransmit_IT), (8 bytes).
    Removing stm32f1xx_hal_uart.o(.text.HAL_UART_TxCpltCallback), (8 bytes).
    Removing stm32f1xx_hal_uart.o(.ARM.exidx.text.HAL_UART_TxCpltCallback), (8 bytes).
    Removing stm32f1xx_hal_uart.o(.text.HAL_UART_TxHalfCpltCallback), (8 bytes).
    Removing stm32f1xx_hal_uart.o(.ARM.exidx.text.HAL_UART_TxHalfCpltCallback), (8 bytes).
    Removing stm32f1xx_hal_uart.o(.text.HAL_UART_RxCpltCallback), (8 bytes).
    Removing stm32f1xx_hal_uart.o(.ARM.exidx.text.HAL_UART_RxCpltCallback), (8 bytes).
    Removing stm32f1xx_hal_uart.o(.text.HAL_UART_RxHalfCpltCallback), (8 bytes).
    Removing stm32f1xx_hal_uart.o(.ARM.exidx.text.HAL_UART_RxHalfCpltCallback), (8 bytes).
    Removing stm32f1xx_hal_uart.o(.text.HAL_LIN_SendBreak), (94 bytes).
    Removing stm32f1xx_hal_uart.o(.ARM.exidx.text.HAL_LIN_SendBreak), (8 bytes).
    Removing stm32f1xx_hal_uart.o(.text.HAL_MultiProcessor_EnterMuteMode), (94 bytes).
    Removing stm32f1xx_hal_uart.o(.ARM.exidx.text.HAL_MultiProcessor_EnterMuteMode), (8 bytes).
    Removing stm32f1xx_hal_uart.o(.text.HAL_MultiProcessor_ExitMuteMode), (94 bytes).
    Removing stm32f1xx_hal_uart.o(.ARM.exidx.text.HAL_MultiProcessor_ExitMuteMode), (8 bytes).
    Removing stm32f1xx_hal_uart.o(.text.HAL_HalfDuplex_EnableTransmitter), (118 bytes).
    Removing stm32f1xx_hal_uart.o(.ARM.exidx.text.HAL_HalfDuplex_EnableTransmitter), (8 bytes).
    Removing stm32f1xx_hal_uart.o(.text.HAL_HalfDuplex_EnableReceiver), (118 bytes).
    Removing stm32f1xx_hal_uart.o(.ARM.exidx.text.HAL_HalfDuplex_EnableReceiver), (8 bytes).
    Removing stm32f1xx_hal_uart.o(.text.HAL_UART_GetState), (40 bytes).
    Removing stm32f1xx_hal_uart.o(.ARM.exidx.text.HAL_UART_GetState), (8 bytes).
    Removing stm32f1xx_hal_uart.o(.text.HAL_UART_GetError), (12 bytes).
    Removing stm32f1xx_hal_uart.o(.ARM.exidx.text.HAL_UART_GetError), (8 bytes).
    Removing stm32f1xx_hal.o(.text), (0 bytes).
    Removing stm32f1xx_hal.o(.ARM.exidx.text.HAL_Init), (8 bytes).
    Removing stm32f1xx_hal.o(.ARM.exidx.text.HAL_InitTick), (8 bytes).
    Removing stm32f1xx_hal.o(.text.HAL_MspInit), (2 bytes).
    Removing stm32f1xx_hal.o(.ARM.exidx.text.HAL_MspInit), (8 bytes).
    Removing stm32f1xx_hal.o(.text.HAL_DeInit), (46 bytes).
    Removing stm32f1xx_hal.o(.ARM.exidx.text.HAL_DeInit), (8 bytes).
    Removing stm32f1xx_hal.o(.text.HAL_MspDeInit), (2 bytes).
    Removing stm32f1xx_hal.o(.ARM.exidx.text.HAL_MspDeInit), (8 bytes).
    Removing stm32f1xx_hal.o(.ARM.exidx.text.HAL_IncTick), (8 bytes).
    Removing stm32f1xx_hal.o(.ARM.exidx.text.HAL_GetTick), (8 bytes).
    Removing stm32f1xx_hal.o(.text.HAL_GetTickPrio), (12 bytes).
    Removing stm32f1xx_hal.o(.ARM.exidx.text.HAL_GetTickPrio), (8 bytes).
    Removing stm32f1xx_hal.o(.text.HAL_SetTickFreq), (76 bytes).
    Removing stm32f1xx_hal.o(.ARM.exidx.text.HAL_SetTickFreq), (8 bytes).
    Removing stm32f1xx_hal.o(.text.HAL_GetTickFreq), (12 bytes).
    Removing stm32f1xx_hal.o(.ARM.exidx.text.HAL_GetTickFreq), (8 bytes).
    Removing stm32f1xx_hal.o(.ARM.exidx.text.HAL_Delay), (8 bytes).
    Removing stm32f1xx_hal.o(.text.HAL_SuspendTick), (18 bytes).
    Removing stm32f1xx_hal.o(.ARM.exidx.text.HAL_SuspendTick), (8 bytes).
    Removing stm32f1xx_hal.o(.text.HAL_ResumeTick), (18 bytes).
    Removing stm32f1xx_hal.o(.ARM.exidx.text.HAL_ResumeTick), (8 bytes).
    Removing stm32f1xx_hal.o(.text.HAL_GetHalVersion), (10 bytes).
    Removing stm32f1xx_hal.o(.ARM.exidx.text.HAL_GetHalVersion), (8 bytes).
    Removing stm32f1xx_hal.o(.text.HAL_GetREVID), (14 bytes).
    Removing stm32f1xx_hal.o(.ARM.exidx.text.HAL_GetREVID), (8 bytes).
    Removing stm32f1xx_hal.o(.text.HAL_GetDEVID), (16 bytes).
    Removing stm32f1xx_hal.o(.ARM.exidx.text.HAL_GetDEVID), (8 bytes).
    Removing stm32f1xx_hal.o(.text.HAL_DBGMCU_EnableDBGSleepMode), (18 bytes).
    Removing stm32f1xx_hal.o(.ARM.exidx.text.HAL_DBGMCU_EnableDBGSleepMode), (8 bytes).
    Removing stm32f1xx_hal.o(.text.HAL_DBGMCU_DisableDBGSleepMode), (18 bytes).
    Removing stm32f1xx_hal.o(.ARM.exidx.text.HAL_DBGMCU_DisableDBGSleepMode), (8 bytes).
    Removing stm32f1xx_hal.o(.text.HAL_DBGMCU_EnableDBGStopMode), (18 bytes).
    Removing stm32f1xx_hal.o(.ARM.exidx.text.HAL_DBGMCU_EnableDBGStopMode), (8 bytes).
    Removing stm32f1xx_hal.o(.text.HAL_DBGMCU_DisableDBGStopMode), (18 bytes).
    Removing stm32f1xx_hal.o(.ARM.exidx.text.HAL_DBGMCU_DisableDBGStopMode), (8 bytes).
    Removing stm32f1xx_hal.o(.text.HAL_DBGMCU_EnableDBGStandbyMode), (18 bytes).
    Removing stm32f1xx_hal.o(.ARM.exidx.text.HAL_DBGMCU_EnableDBGStandbyMode), (8 bytes).
    Removing stm32f1xx_hal.o(.text.HAL_DBGMCU_DisableDBGStandbyMode), (18 bytes).
    Removing stm32f1xx_hal.o(.ARM.exidx.text.HAL_DBGMCU_DisableDBGStandbyMode), (8 bytes).
    Removing stm32f1xx_hal.o(.text.HAL_GetUID), (50 bytes).
    Removing stm32f1xx_hal.o(.ARM.exidx.text.HAL_GetUID), (8 bytes).
    Removing stm32f1xx_hal_rcc.o(.text), (0 bytes).
    Removing stm32f1xx_hal_rcc.o(.text.HAL_RCC_DeInit), (392 bytes).
    Removing stm32f1xx_hal_rcc.o(.ARM.exidx.text.HAL_RCC_DeInit), (8 bytes).
    Removing stm32f1xx_hal_rcc.o(.ARM.exidx.text.HAL_RCC_OscConfig), (8 bytes).
    Removing stm32f1xx_hal_rcc.o(.ARM.exidx.text.RCC_Delay), (8 bytes).
    Removing stm32f1xx_hal_rcc.o(.ARM.exidx.text.HAL_RCC_ClockConfig), (8 bytes).
    Removing stm32f1xx_hal_rcc.o(.ARM.exidx.text.HAL_RCC_GetSysClockFreq), (8 bytes).
    Removing stm32f1xx_hal_rcc.o(.text.HAL_RCC_MCOConfig), (104 bytes).
    Removing stm32f1xx_hal_rcc.o(.ARM.exidx.text.HAL_RCC_MCOConfig), (8 bytes).
    Removing stm32f1xx_hal_rcc.o(.text.HAL_RCC_EnableCSS), (12 bytes).
    Removing stm32f1xx_hal_rcc.o(.ARM.exidx.text.HAL_RCC_EnableCSS), (8 bytes).
    Removing stm32f1xx_hal_rcc.o(.text.HAL_RCC_DisableCSS), (12 bytes).
    Removing stm32f1xx_hal_rcc.o(.ARM.exidx.text.HAL_RCC_DisableCSS), (8 bytes).
    Removing stm32f1xx_hal_rcc.o(.ARM.exidx.text.HAL_RCC_GetHCLKFreq), (8 bytes).
    Removing stm32f1xx_hal_rcc.o(.ARM.exidx.text.HAL_RCC_GetPCLK1Freq), (8 bytes).
    Removing stm32f1xx_hal_rcc.o(.ARM.exidx.text.HAL_RCC_GetPCLK2Freq), (8 bytes).
    Removing stm32f1xx_hal_rcc.o(.text.HAL_RCC_GetOscConfig), (302 bytes).
    Removing stm32f1xx_hal_rcc.o(.ARM.exidx.text.HAL_RCC_GetOscConfig), (8 bytes).
    Removing stm32f1xx_hal_rcc.o(.text.HAL_RCC_GetClockConfig), (84 bytes).
    Removing stm32f1xx_hal_rcc.o(.ARM.exidx.text.HAL_RCC_GetClockConfig), (8 bytes).
    Removing stm32f1xx_hal_rcc.o(.text.HAL_RCC_NMI_IRQHandler), (40 bytes).
    Removing stm32f1xx_hal_rcc.o(.ARM.exidx.text.HAL_RCC_NMI_IRQHandler), (8 bytes).
    Removing stm32f1xx_hal_rcc.o(.text.HAL_RCC_CSSCallback), (2 bytes).
    Removing stm32f1xx_hal_rcc.o(.ARM.exidx.text.HAL_RCC_CSSCallback), (8 bytes).
    Removing stm32f1xx_hal_rcc.o(.rodata.cst16), (16 bytes).
    Removing stm32f1xx_hal_rcc.o(.rodata..L__const.HAL_RCC_GetSysClockFreq.aPredivFactorTable), (2 bytes).
    Removing stm32f1xx_hal_rcc_ex.o(.text), (0 bytes).
    Removing stm32f1xx_hal_rcc_ex.o(.text.HAL_RCCEx_PeriphCLKConfig), (456 bytes).
    Removing stm32f1xx_hal_rcc_ex.o(.ARM.exidx.text.HAL_RCCEx_PeriphCLKConfig), (8 bytes).
    Removing stm32f1xx_hal_rcc_ex.o(.text.HAL_RCCEx_GetPeriphCLKConfig), (116 bytes).
    Removing stm32f1xx_hal_rcc_ex.o(.ARM.exidx.text.HAL_RCCEx_GetPeriphCLKConfig), (8 bytes).
    Removing stm32f1xx_hal_rcc_ex.o(.text.HAL_RCCEx_GetPeriphCLKFreq), (474 bytes).
    Removing stm32f1xx_hal_rcc_ex.o(.ARM.exidx.text.HAL_RCCEx_GetPeriphCLKFreq), (8 bytes).
    Removing stm32f1xx_hal_rcc_ex.o(.rodata.cst16), (16 bytes).
    Removing stm32f1xx_hal_rcc_ex.o(.rodata..L__const.HAL_RCCEx_GetPeriphCLKFreq.aPredivFactorTable), (2 bytes).
    Removing stm32f1xx_hal_gpio.o(.text), (0 bytes).
    Removing stm32f1xx_hal_gpio.o(.ARM.exidx.text.HAL_GPIO_Init), (8 bytes).
    Removing stm32f1xx_hal_gpio.o(.text.HAL_GPIO_DeInit), (476 bytes).
    Removing stm32f1xx_hal_gpio.o(.ARM.exidx.text.HAL_GPIO_DeInit), (8 bytes).
    Removing stm32f1xx_hal_gpio.o(.text.HAL_GPIO_ReadPin), (46 bytes).
    Removing stm32f1xx_hal_gpio.o(.ARM.exidx.text.HAL_GPIO_ReadPin), (8 bytes).
    Removing stm32f1xx_hal_gpio.o(.ARM.exidx.text.HAL_GPIO_WritePin), (8 bytes).
    Removing stm32f1xx_hal_gpio.o(.text.HAL_GPIO_TogglePin), (24 bytes).
    Removing stm32f1xx_hal_gpio.o(.ARM.exidx.text.HAL_GPIO_TogglePin), (8 bytes).
    Removing stm32f1xx_hal_gpio.o(.text.HAL_GPIO_LockPin), (86 bytes).
    Removing stm32f1xx_hal_gpio.o(.ARM.exidx.text.HAL_GPIO_LockPin), (8 bytes).
    Removing stm32f1xx_hal_gpio.o(.text.HAL_GPIO_EXTI_IRQHandler), (56 bytes).
    Removing stm32f1xx_hal_gpio.o(.ARM.exidx.text.HAL_GPIO_EXTI_IRQHandler), (8 bytes).
    Removing stm32f1xx_hal_gpio.o(.text.HAL_GPIO_EXTI_Callback), (10 bytes).
    Removing stm32f1xx_hal_gpio.o(.ARM.exidx.text.HAL_GPIO_EXTI_Callback), (8 bytes).
    Removing stm32f1xx_hal_dma.o(.text), (0 bytes).
    Removing stm32f1xx_hal_dma.o(.text.HAL_DMA_Init), (244 bytes).
    Removing stm32f1xx_hal_dma.o(.ARM.exidx.text.HAL_DMA_Init), (8 bytes).
    Removing stm32f1xx_hal_dma.o(.text.HAL_DMA_DeInit), (240 bytes).
    Removing stm32f1xx_hal_dma.o(.ARM.exidx.text.HAL_DMA_DeInit), (8 bytes).
    Removing stm32f1xx_hal_dma.o(.text.HAL_DMA_Start), (154 bytes).
    Removing stm32f1xx_hal_dma.o(.ARM.exidx.text.HAL_DMA_Start), (8 bytes).
    Removing stm32f1xx_hal_dma.o(.text.DMA_SetConfig), (80 bytes).
    Removing stm32f1xx_hal_dma.o(.ARM.exidx.text.DMA_SetConfig), (8 bytes).
    Removing stm32f1xx_hal_dma.o(.text.HAL_DMA_Start_IT), (202 bytes).
    Removing stm32f1xx_hal_dma.o(.ARM.exidx.text.HAL_DMA_Start_IT), (8 bytes).
    Removing stm32f1xx_hal_dma.o(.text.HAL_DMA_Abort), (74 bytes).
    Removing stm32f1xx_hal_dma.o(.ARM.exidx.text.HAL_DMA_Abort), (8 bytes).
    Removing stm32f1xx_hal_dma.o(.text.HAL_DMA_Abort_IT), (792 bytes).
    Removing stm32f1xx_hal_dma.o(.ARM.exidx.text.HAL_DMA_Abort_IT), (8 bytes).
    Removing stm32f1xx_hal_dma.o(.text.HAL_DMA_PollForTransfer), (3062 bytes).
    Removing stm32f1xx_hal_dma.o(.ARM.exidx.text.HAL_DMA_PollForTransfer), (8 bytes).
    Removing stm32f1xx_hal_dma.o(.text.HAL_DMA_IRQHandler), (1668 bytes).
    Removing stm32f1xx_hal_dma.o(.ARM.exidx.text.HAL_DMA_IRQHandler), (8 bytes).
    Removing stm32f1xx_hal_dma.o(.text.HAL_DMA_RegisterCallback), (164 bytes).
    Removing stm32f1xx_hal_dma.o(.ARM.exidx.text.HAL_DMA_RegisterCallback), (8 bytes).
    Removing stm32f1xx_hal_dma.o(.text.HAL_DMA_UnRegisterCallback), (184 bytes).
    Removing stm32f1xx_hal_dma.o(.ARM.exidx.text.HAL_DMA_UnRegisterCallback), (8 bytes).
    Removing stm32f1xx_hal_dma.o(.text.HAL_DMA_GetState), (14 bytes).
    Removing stm32f1xx_hal_dma.o(.ARM.exidx.text.HAL_DMA_GetState), (8 bytes).
    Removing stm32f1xx_hal_dma.o(.text.HAL_DMA_GetError), (12 bytes).
    Removing stm32f1xx_hal_dma.o(.ARM.exidx.text.HAL_DMA_GetError), (8 bytes).
    Removing stm32f1xx_hal_cortex.o(.text), (0 bytes).
    Removing stm32f1xx_hal_cortex.o(.ARM.exidx.text.HAL_NVIC_SetPriorityGrouping), (8 bytes).
    Removing stm32f1xx_hal_cortex.o(.ARM.exidx.text.NVIC_SetPriorityGrouping), (8 bytes).
    Removing stm32f1xx_hal_cortex.o(.ARM.exidx.text.HAL_NVIC_SetPriority), (8 bytes).
    Removing stm32f1xx_hal_cortex.o(.ARM.exidx.text.NVIC_GetPriorityGrouping), (8 bytes).
    Removing stm32f1xx_hal_cortex.o(.ARM.exidx.text.NVIC_SetPriority), (8 bytes).
    Removing stm32f1xx_hal_cortex.o(.ARM.exidx.text.NVIC_EncodePriority), (8 bytes).
    Removing stm32f1xx_hal_cortex.o(.text.HAL_NVIC_EnableIRQ), (20 bytes).
    Removing stm32f1xx_hal_cortex.o(.ARM.exidx.text.HAL_NVIC_EnableIRQ), (8 bytes).
    Removing stm32f1xx_hal_cortex.o(.text.NVIC_EnableIRQ), (36 bytes).
    Removing stm32f1xx_hal_cortex.o(.ARM.exidx.text.NVIC_EnableIRQ), (8 bytes).
    Removing stm32f1xx_hal_cortex.o(.text.HAL_NVIC_DisableIRQ), (20 bytes).
    Removing stm32f1xx_hal_cortex.o(.ARM.exidx.text.HAL_NVIC_DisableIRQ), (8 bytes).
    Removing stm32f1xx_hal_cortex.o(.text.NVIC_DisableIRQ), (36 bytes).
    Removing stm32f1xx_hal_cortex.o(.ARM.exidx.text.NVIC_DisableIRQ), (8 bytes).
    Removing stm32f1xx_hal_cortex.o(.text.HAL_NVIC_SystemReset), (8 bytes).
    Removing stm32f1xx_hal_cortex.o(.ARM.exidx.text.HAL_NVIC_SystemReset), (8 bytes).
    Removing stm32f1xx_hal_cortex.o(.text.NVIC_SystemReset), (38 bytes).
    Removing stm32f1xx_hal_cortex.o(.ARM.exidx.text.NVIC_SystemReset), (8 bytes).
    Removing stm32f1xx_hal_cortex.o(.ARM.exidx.text.HAL_SYSTICK_Config), (8 bytes).
    Removing stm32f1xx_hal_cortex.o(.ARM.exidx.text.SysTick_Config), (8 bytes).
    Removing stm32f1xx_hal_cortex.o(.text.HAL_NVIC_GetPriorityGrouping), (8 bytes).
    Removing stm32f1xx_hal_cortex.o(.ARM.exidx.text.HAL_NVIC_GetPriorityGrouping), (8 bytes).
    Removing stm32f1xx_hal_cortex.o(.text.HAL_NVIC_GetPriority), (36 bytes).
    Removing stm32f1xx_hal_cortex.o(.ARM.exidx.text.HAL_NVIC_GetPriority), (8 bytes).
    Removing stm32f1xx_hal_cortex.o(.text.NVIC_DecodePriority), (118 bytes).
    Removing stm32f1xx_hal_cortex.o(.ARM.exidx.text.NVIC_DecodePriority), (8 bytes).
    Removing stm32f1xx_hal_cortex.o(.text.NVIC_GetPriority), (68 bytes).
    Removing stm32f1xx_hal_cortex.o(.ARM.exidx.text.NVIC_GetPriority), (8 bytes).
    Removing stm32f1xx_hal_cortex.o(.text.HAL_NVIC_SetPendingIRQ), (20 bytes).
    Removing stm32f1xx_hal_cortex.o(.ARM.exidx.text.HAL_NVIC_SetPendingIRQ), (8 bytes).
    Removing stm32f1xx_hal_cortex.o(.text.NVIC_SetPendingIRQ), (36 bytes).
    Removing stm32f1xx_hal_cortex.o(.ARM.exidx.text.NVIC_SetPendingIRQ), (8 bytes).
    Removing stm32f1xx_hal_cortex.o(.text.HAL_NVIC_GetPendingIRQ), (20 bytes).
    Removing stm32f1xx_hal_cortex.o(.ARM.exidx.text.HAL_NVIC_GetPendingIRQ), (8 bytes).
    Removing stm32f1xx_hal_cortex.o(.text.NVIC_GetPendingIRQ), (42 bytes).
    Removing stm32f1xx_hal_cortex.o(.ARM.exidx.text.NVIC_GetPendingIRQ), (8 bytes).
    Removing stm32f1xx_hal_cortex.o(.text.HAL_NVIC_ClearPendingIRQ), (20 bytes).
    Removing stm32f1xx_hal_cortex.o(.ARM.exidx.text.HAL_NVIC_ClearPendingIRQ), (8 bytes).
    Removing stm32f1xx_hal_cortex.o(.text.NVIC_ClearPendingIRQ), (36 bytes).
    Removing stm32f1xx_hal_cortex.o(.ARM.exidx.text.NVIC_ClearPendingIRQ), (8 bytes).
    Removing stm32f1xx_hal_cortex.o(.text.HAL_NVIC_GetActive), (20 bytes).
    Removing stm32f1xx_hal_cortex.o(.ARM.exidx.text.HAL_NVIC_GetActive), (8 bytes).
    Removing stm32f1xx_hal_cortex.o(.text.NVIC_GetActive), (42 bytes).
    Removing stm32f1xx_hal_cortex.o(.ARM.exidx.text.NVIC_GetActive), (8 bytes).
    Removing stm32f1xx_hal_cortex.o(.text.HAL_SYSTICK_CLKSourceConfig), (52 bytes).
    Removing stm32f1xx_hal_cortex.o(.ARM.exidx.text.HAL_SYSTICK_CLKSourceConfig), (8 bytes).
    Removing stm32f1xx_hal_cortex.o(.text.HAL_SYSTICK_IRQHandler), (8 bytes).
    Removing stm32f1xx_hal_cortex.o(.ARM.exidx.text.HAL_SYSTICK_IRQHandler), (8 bytes).
    Removing stm32f1xx_hal_cortex.o(.text.HAL_SYSTICK_Callback), (2 bytes).
    Removing stm32f1xx_hal_cortex.o(.ARM.exidx.text.HAL_SYSTICK_Callback), (8 bytes).
    Removing stm32f1xx_hal_pwr.o(.text), (0 bytes).
    Removing stm32f1xx_hal_pwr.o(.text.HAL_PWR_DeInit), (26 bytes).
    Removing stm32f1xx_hal_pwr.o(.ARM.exidx.text.HAL_PWR_DeInit), (8 bytes).
    Removing stm32f1xx_hal_pwr.o(.text.HAL_PWR_EnableBkUpAccess), (12 bytes).
    Removing stm32f1xx_hal_pwr.o(.ARM.exidx.text.HAL_PWR_EnableBkUpAccess), (8 bytes).
    Removing stm32f1xx_hal_pwr.o(.text.HAL_PWR_DisableBkUpAccess), (12 bytes).
    Removing stm32f1xx_hal_pwr.o(.ARM.exidx.text.HAL_PWR_DisableBkUpAccess), (8 bytes).
    Removing stm32f1xx_hal_pwr.o(.text.HAL_PWR_ConfigPVD), (210 bytes).
    Removing stm32f1xx_hal_pwr.o(.ARM.exidx.text.HAL_PWR_ConfigPVD), (8 bytes).
    Removing stm32f1xx_hal_pwr.o(.text.HAL_PWR_EnablePVD), (12 bytes).
    Removing stm32f1xx_hal_pwr.o(.ARM.exidx.text.HAL_PWR_EnablePVD), (8 bytes).
    Removing stm32f1xx_hal_pwr.o(.text.HAL_PWR_DisablePVD), (12 bytes).
    Removing stm32f1xx_hal_pwr.o(.ARM.exidx.text.HAL_PWR_DisablePVD), (8 bytes).
    Removing stm32f1xx_hal_pwr.o(.text.HAL_PWR_EnableWakeUpPin), (38 bytes).
    Removing stm32f1xx_hal_pwr.o(.ARM.exidx.text.HAL_PWR_EnableWakeUpPin), (8 bytes).
    Removing stm32f1xx_hal_pwr.o(.text.HAL_PWR_DisableWakeUpPin), (38 bytes).
    Removing stm32f1xx_hal_pwr.o(.ARM.exidx.text.HAL_PWR_DisableWakeUpPin), (8 bytes).
    Removing stm32f1xx_hal_pwr.o(.text.HAL_PWR_EnterSLEEPMode), (50 bytes).
    Removing stm32f1xx_hal_pwr.o(.ARM.exidx.text.HAL_PWR_EnterSLEEPMode), (8 bytes).
    Removing stm32f1xx_hal_pwr.o(.text.HAL_PWR_EnterSTOPMode), (100 bytes).
    Removing stm32f1xx_hal_pwr.o(.ARM.exidx.text.HAL_PWR_EnterSTOPMode), (8 bytes).
    Removing stm32f1xx_hal_pwr.o(.text.PWR_OverloadWfe), (6 bytes).
    Removing stm32f1xx_hal_pwr.o(.ARM.exidx.text.PWR_OverloadWfe), (8 bytes).
    Removing stm32f1xx_hal_pwr.o(.text.HAL_PWR_EnterSTANDBYMode), (36 bytes).
    Removing stm32f1xx_hal_pwr.o(.ARM.exidx.text.HAL_PWR_EnterSTANDBYMode), (8 bytes).
    Removing stm32f1xx_hal_pwr.o(.text.HAL_PWR_EnableSleepOnExit), (18 bytes).
    Removing stm32f1xx_hal_pwr.o(.ARM.exidx.text.HAL_PWR_EnableSleepOnExit), (8 bytes).
    Removing stm32f1xx_hal_pwr.o(.text.HAL_PWR_DisableSleepOnExit), (18 bytes).
    Removing stm32f1xx_hal_pwr.o(.ARM.exidx.text.HAL_PWR_DisableSleepOnExit), (8 bytes).
    Removing stm32f1xx_hal_pwr.o(.text.HAL_PWR_EnableSEVOnPend), (18 bytes).
    Removing stm32f1xx_hal_pwr.o(.ARM.exidx.text.HAL_PWR_EnableSEVOnPend), (8 bytes).
    Removing stm32f1xx_hal_pwr.o(.text.HAL_PWR_DisableSEVOnPend), (18 bytes).
    Removing stm32f1xx_hal_pwr.o(.ARM.exidx.text.HAL_PWR_DisableSEVOnPend), (8 bytes).
    Removing stm32f1xx_hal_pwr.o(.text.HAL_PWR_PVD_IRQHandler), (42 bytes).
    Removing stm32f1xx_hal_pwr.o(.ARM.exidx.text.HAL_PWR_PVD_IRQHandler), (8 bytes).
    Removing stm32f1xx_hal_pwr.o(.text.HAL_PWR_PVDCallback), (2 bytes).
    Removing stm32f1xx_hal_pwr.o(.ARM.exidx.text.HAL_PWR_PVDCallback), (8 bytes).
    Removing stm32f1xx_hal_flash.o(.text), (0 bytes).
    Removing stm32f1xx_hal_flash.o(.text.HAL_FLASH_Program), (300 bytes).
    Removing stm32f1xx_hal_flash.o(.ARM.exidx.text.HAL_FLASH_Program), (8 bytes).
    Removing stm32f1xx_hal_flash.o(.text.FLASH_WaitForLastOperation), (280 bytes).
    Removing stm32f1xx_hal_flash.o(.ARM.exidx.text.FLASH_WaitForLastOperation), (8 bytes).
    Removing stm32f1xx_hal_flash.o(.text.FLASH_Program_HalfWord), (48 bytes).
    Removing stm32f1xx_hal_flash.o(.ARM.exidx.text.FLASH_Program_HalfWord), (8 bytes).
    Removing stm32f1xx_hal_flash.o(.text.HAL_FLASH_Program_IT), (196 bytes).
    Removing stm32f1xx_hal_flash.o(.ARM.exidx.text.HAL_FLASH_Program_IT), (8 bytes).
    Removing stm32f1xx_hal_flash.o(.text.HAL_FLASH_IRQHandler), (638 bytes).
    Removing stm32f1xx_hal_flash.o(.ARM.exidx.text.HAL_FLASH_IRQHandler), (8 bytes).
    Removing stm32f1xx_hal_flash.o(.text.FLASH_SetErrorCode), (270 bytes).
    Removing stm32f1xx_hal_flash.o(.ARM.exidx.text.FLASH_SetErrorCode), (8 bytes).
    Removing stm32f1xx_hal_flash.o(.text.HAL_FLASH_OperationErrorCallback), (8 bytes).
    Removing stm32f1xx_hal_flash.o(.ARM.exidx.text.HAL_FLASH_OperationErrorCallback), (8 bytes).
    Removing stm32f1xx_hal_flash.o(.text.HAL_FLASH_EndOfOperationCallback), (8 bytes).
    Removing stm32f1xx_hal_flash.o(.ARM.exidx.text.HAL_FLASH_EndOfOperationCallback), (8 bytes).
    Removing stm32f1xx_hal_flash.o(.text.HAL_FLASH_Unlock), (90 bytes).
    Removing stm32f1xx_hal_flash.o(.ARM.exidx.text.HAL_FLASH_Unlock), (8 bytes).
    Removing stm32f1xx_hal_flash.o(.text.HAL_FLASH_Lock), (20 bytes).
    Removing stm32f1xx_hal_flash.o(.ARM.exidx.text.HAL_FLASH_Lock), (8 bytes).
    Removing stm32f1xx_hal_flash.o(.text.HAL_FLASH_OB_Unlock), (74 bytes).
    Removing stm32f1xx_hal_flash.o(.ARM.exidx.text.HAL_FLASH_OB_Unlock), (8 bytes).
    Removing stm32f1xx_hal_flash.o(.text.HAL_FLASH_OB_Lock), (20 bytes).
    Removing stm32f1xx_hal_flash.o(.ARM.exidx.text.HAL_FLASH_OB_Lock), (8 bytes).
    Removing stm32f1xx_hal_flash.o(.text.HAL_FLASH_OB_Launch), (8 bytes).
    Removing stm32f1xx_hal_flash.o(.ARM.exidx.text.HAL_FLASH_OB_Launch), (8 bytes).
    Removing stm32f1xx_hal_flash.o(.text.HAL_FLASH_GetError), (12 bytes).
    Removing stm32f1xx_hal_flash.o(.ARM.exidx.text.HAL_FLASH_GetError), (8 bytes).
    Removing stm32f1xx_hal_flash.o(.bss.pFlash), (32 bytes).
    Removing stm32f1xx_hal_flash_ex.o(.text), (0 bytes).
    Removing stm32f1xx_hal_flash_ex.o(.text.HAL_FLASHEx_Erase), (266 bytes).
    Removing stm32f1xx_hal_flash_ex.o(.ARM.exidx.text.HAL_FLASHEx_Erase), (8 bytes).
    Removing stm32f1xx_hal_flash_ex.o(.text.FLASH_MassErase), (44 bytes).
    Removing stm32f1xx_hal_flash_ex.o(.ARM.exidx.text.FLASH_MassErase), (8 bytes).
    Removing stm32f1xx_hal_flash_ex.o(.text.FLASH_PageErase), (56 bytes).
    Removing stm32f1xx_hal_flash_ex.o(.ARM.exidx.text.FLASH_PageErase), (8 bytes).
    Removing stm32f1xx_hal_flash_ex.o(.text.HAL_FLASHEx_Erase_IT), (176 bytes).
    Removing stm32f1xx_hal_flash_ex.o(.ARM.exidx.text.HAL_FLASHEx_Erase_IT), (8 bytes).
    Removing stm32f1xx_hal_flash_ex.o(.text.HAL_FLASHEx_OBErase), (136 bytes).
    Removing stm32f1xx_hal_flash_ex.o(.ARM.exidx.text.HAL_FLASHEx_OBErase), (8 bytes).
    Removing stm32f1xx_hal_flash_ex.o(.text.FLASH_OB_GetRDP), (52 bytes).
    Removing stm32f1xx_hal_flash_ex.o(.ARM.exidx.text.FLASH_OB_GetRDP), (8 bytes).
    Removing stm32f1xx_hal_flash_ex.o(.text.FLASH_OB_RDP_LevelConfig), (170 bytes).
    Removing stm32f1xx_hal_flash_ex.o(.ARM.exidx.text.FLASH_OB_RDP_LevelConfig), (8 bytes).
    Removing stm32f1xx_hal_flash_ex.o(.text.HAL_FLASHEx_OBProgram), (354 bytes).
    Removing stm32f1xx_hal_flash_ex.o(.ARM.exidx.text.HAL_FLASHEx_OBProgram), (8 bytes).
    Removing stm32f1xx_hal_flash_ex.o(.text.FLASH_OB_EnableWRP), (370 bytes).
    Removing stm32f1xx_hal_flash_ex.o(.ARM.exidx.text.FLASH_OB_EnableWRP), (8 bytes).
    Removing stm32f1xx_hal_flash_ex.o(.text.FLASH_OB_DisableWRP), (364 bytes).
    Removing stm32f1xx_hal_flash_ex.o(.ARM.exidx.text.FLASH_OB_DisableWRP), (8 bytes).
    Removing stm32f1xx_hal_flash_ex.o(.text.FLASH_OB_UserConfig), (114 bytes).
    Removing stm32f1xx_hal_flash_ex.o(.ARM.exidx.text.FLASH_OB_UserConfig), (8 bytes).
    Removing stm32f1xx_hal_flash_ex.o(.text.FLASH_OB_ProgramData), (106 bytes).
    Removing stm32f1xx_hal_flash_ex.o(.ARM.exidx.text.FLASH_OB_ProgramData), (8 bytes).
    Removing stm32f1xx_hal_flash_ex.o(.text.HAL_FLASHEx_OBGetConfig), (40 bytes).
    Removing stm32f1xx_hal_flash_ex.o(.ARM.exidx.text.HAL_FLASHEx_OBGetConfig), (8 bytes).
    Removing stm32f1xx_hal_flash_ex.o(.text.FLASH_OB_GetWRP), (12 bytes).
    Removing stm32f1xx_hal_flash_ex.o(.ARM.exidx.text.FLASH_OB_GetWRP), (8 bytes).
    Removing stm32f1xx_hal_flash_ex.o(.text.FLASH_OB_GetUser), (16 bytes).
    Removing stm32f1xx_hal_flash_ex.o(.ARM.exidx.text.FLASH_OB_GetUser), (8 bytes).
    Removing stm32f1xx_hal_flash_ex.o(.text.HAL_FLASHEx_OBGetUserData), (66 bytes).
    Removing stm32f1xx_hal_flash_ex.o(.ARM.exidx.text.HAL_FLASHEx_OBGetUserData), (8 bytes).
    Removing system_stm32f1xx.o(.text), (0 bytes).
    Removing system_stm32f1xx.o(.ARM.exidx.text.SystemInit), (8 bytes).
    Removing system_stm32f1xx.o(.text.SystemCoreClockUpdate), (290 bytes).
    Removing system_stm32f1xx.o(.ARM.exidx.text.SystemCoreClockUpdate), (8 bytes).

567 unused section(s) (total 41619 bytes) removed from the image.

==============================================================================

Image Symbol Table

    Local Symbols

    Symbol Name                              Value     Ov Type        Size  Object(Section)

    ../clib/division.s                       0x00000000   Number         0  aeabi_sdiv.o ABSOLUTE
    ../clib/microlib/division.c              0x00000000   Number         0  uidiv.o ABSOLUTE
    ../clib/microlib/division.c              0x00000000   Number         0  uldiv.o ABSOLUTE
    ../clib/microlib/errno.c                 0x00000000   Number         0  errno.o ABSOLUTE
    ../clib/microlib/init/entry.s            0x00000000   Number         0  entry.o ABSOLUTE
    ../clib/microlib/init/entry.s            0x00000000   Number         0  entry2.o ABSOLUTE
    ../clib/microlib/init/entry.s            0x00000000   Number         0  entry5.o ABSOLUTE
    ../clib/microlib/init/entry.s            0x00000000   Number         0  entry7a.o ABSOLUTE
    ../clib/microlib/init/entry.s            0x00000000   Number         0  entry7b.o ABSOLUTE
    ../clib/microlib/init/entry.s            0x00000000   Number         0  entry8a.o ABSOLUTE
    ../clib/microlib/init/entry.s            0x00000000   Number         0  entry8b.o ABSOLUTE
    ../clib/microlib/init/entry.s            0x00000000   Number         0  entry9a.o ABSOLUTE
    ../clib/microlib/init/entry.s            0x00000000   Number         0  entry9b.o ABSOLUTE
    ../clib/microlib/init/entry.s            0x00000000   Number         0  entry10a.o ABSOLUTE
    ../clib/microlib/init/entry.s            0x00000000   Number         0  entry10b.o ABSOLUTE
    ../clib/microlib/init/entry.s            0x00000000   Number         0  entry11a.o ABSOLUTE
    ../clib/microlib/init/entry.s            0x00000000   Number         0  entry11b.o ABSOLUTE
    ../clib/microlib/longlong.c              0x00000000   Number         0  llshl.o ABSOLUTE
    ../clib/microlib/longlong.c              0x00000000   Number         0  llushr.o ABSOLUTE
    ../clib/microlib/longlong.c              0x00000000   Number         0  llsshr.o ABSOLUTE
    ../clib/microlib/printf/printf.c         0x00000000   Number         0  printfa.o ABSOLUTE
    ../clib/microlib/stdio/fputc.c           0x00000000   Number         0  fputc.o ABSOLUTE
    ../clib/microlib/stdio/fputc.c           0x00000000   Number         0  fputc_h.o ABSOLUTE
    ../clib/microlib/stdio/semi.s            0x00000000   Number         0  semi.o ABSOLUTE
    ../clib/microlib/stdio/streams.c         0x00000000   Number         0  stdout.o ABSOLUTE
    ../clib/microlib/string/memset.c         0x00000000   Number         0  memseta.o ABSOLUTE
    ../clib/microlib/string/strcat.c         0x00000000   Number         0  strcat.o ABSOLUTE
    ../clib/microlib/string/strcpy.c         0x00000000   Number         0  strcpy.o ABSOLUTE
    ../clib/microlib/string/strlen.c         0x00000000   Number         0  strlen.o ABSOLUTE
    ../clib/microlib/stubs.s                 0x00000000   Number         0  iusefp.o ABSOLUTE
    ../clib/microlib/stubs.s                 0x00000000   Number         0  iusesemip.o ABSOLUTE
    ../fplib/microlib/fpadd.c                0x00000000   Number         0  dadd.o ABSOLUTE
    ../fplib/microlib/fpdiv.c                0x00000000   Number         0  ddiv.o ABSOLUTE
    ../fplib/microlib/fpepilogue.c           0x00000000   Number         0  depilogue.o ABSOLUTE
    ../fplib/microlib/fpfix.c                0x00000000   Number         0  dfixi.o ABSOLUTE
    ../fplib/microlib/fpfix.c                0x00000000   Number         0  dfixul.o ABSOLUTE
    ../fplib/microlib/fpflt.c                0x00000000   Number         0  dflti.o ABSOLUTE
    ../fplib/microlib/fpflt.c                0x00000000   Number         0  dfltui.o ABSOLUTE
    ../fplib/microlib/fpmul.c                0x00000000   Number         0  dmul.o ABSOLUTE
    ../fplib/microlib/fpscalb.c              0x00000000   Number         0  dscalb.o ABSOLUTE
    ../fplib/microlib/fpsqrt.c               0x00000000   Number         0  dsqrt.o ABSOLUTE
    ../mathlib/dunder.c                      0x00000000   Number         0  dunder.o ABSOLUTE
    ../mathlib/fpclassify.c                  0x00000000   Number         0  fpclassify.o ABSOLUTE
    ../mathlib/poly.c                        0x00000000   Number         0  poly.o ABSOLUTE
    ../mathlib/pow.c                         0x00000000   Number         0  pow.o ABSOLUTE
    ../mathlib/qnan.c                        0x00000000   Number         0  qnan.o ABSOLUTE
    ../mathlib/sqrt.c                        0x00000000   Number         0  sqrt.o ABSOLUTE
    cdrcmple.s                               0x00000000   Number         0  cdrcmple.o ABSOLUTE
    dc.s                                     0x00000000   Number         0  dc.o ABSOLUTE
    func.c                                   0x00000000   Number         0  func.o ABSOLUTE
    handlers.s                               0x00000000   Number         0  handlers.o ABSOLUTE
    hex2bin.c                                0x00000000   Number         0  hex2bin.o ABSOLUTE
    init.s                                   0x00000000   Number         0  init.o ABSOLUTE
    main.c                                   0x00000000   Number         0  main.o ABSOLUTE
    startup_stm32f103xe.s                    0x00000000   Number         0  startup_stm32f103xe.o ABSOLUTE
    stm32f1xx_hal.c                          0x00000000   Number         0  stm32f1xx_hal.o ABSOLUTE
    stm32f1xx_hal_cortex.c                   0x00000000   Number         0  stm32f1xx_hal_cortex.o ABSOLUTE
    stm32f1xx_hal_dma.c                      0x00000000   Number         0  stm32f1xx_hal_dma.o ABSOLUTE
    stm32f1xx_hal_flash.c                    0x00000000   Number         0  stm32f1xx_hal_flash.o ABSOLUTE
    stm32f1xx_hal_flash_ex.c                 0x00000000   Number         0  stm32f1xx_hal_flash_ex.o ABSOLUTE
    stm32f1xx_hal_gpio.c                     0x00000000   Number         0  stm32f1xx_hal_gpio.o ABSOLUTE
    stm32f1xx_hal_gpio_ex.c                  0x00000000   Number         0  stm32f1xx_hal_gpio_ex.o ABSOLUTE
    stm32f1xx_hal_i2c.c                      0x00000000   Number         0  stm32f1xx_hal_i2c.o ABSOLUTE
    stm32f1xx_hal_msp.c                      0x00000000   Number         0  stm32f1xx_hal_msp.o ABSOLUTE
    stm32f1xx_hal_pwr.c                      0x00000000   Number         0  stm32f1xx_hal_pwr.o ABSOLUTE
    stm32f1xx_hal_rcc.c                      0x00000000   Number         0  stm32f1xx_hal_rcc.o ABSOLUTE
    stm32f1xx_hal_rcc_ex.c                   0x00000000   Number         0  stm32f1xx_hal_rcc_ex.o ABSOLUTE
    stm32f1xx_hal_tim.c                      0x00000000   Number         0  stm32f1xx_hal_tim.o ABSOLUTE
    stm32f1xx_hal_tim_ex.c                   0x00000000   Number         0  stm32f1xx_hal_tim_ex.o ABSOLUTE
    stm32f1xx_hal_uart.c                     0x00000000   Number         0  stm32f1xx_hal_uart.o ABSOLUTE
    stm32f1xx_it.c                           0x00000000   Number         0  stm32f1xx_it.o ABSOLUTE
    system_stm32f1xx.c                       0x00000000   Number         0  system_stm32f1xx.o ABSOLUTE
    RESET                                    0x08000000   Section      304  startup_stm32f103xe.o(RESET)
    .ARM.Collect$$$$00000000                 0x08000130   Section        0  entry.o(.ARM.Collect$$$$00000000)
    .ARM.Collect$$$$00000001                 0x08000130   Section        4  entry2.o(.ARM.Collect$$$$00000001)
    .ARM.Collect$$$$00000004                 0x08000134   Section        4  entry5.o(.ARM.Collect$$$$00000004)
    .ARM.Collect$$$$00000008                 0x08000138   Section        0  entry7b.o(.ARM.Collect$$$$00000008)
    .ARM.Collect$$$$0000000A                 0x08000138   Section        0  entry8b.o(.ARM.Collect$$$$0000000A)
    .ARM.Collect$$$$0000000B                 0x08000138   Section        8  entry9a.o(.ARM.Collect$$$$0000000B)
    __lit__00000000                          0x08000140   Data           4  entry2.o(.ARM.Collect$$$$00002712)
    .ARM.Collect$$$$0000000D                 0x08000140   Section        0  entry10a.o(.ARM.Collect$$$$0000000D)
    .ARM.Collect$$$$0000000F                 0x08000140   Section        0  entry11a.o(.ARM.Collect$$$$0000000F)
    .ARM.Collect$$$$00002712                 0x08000140   Section        4  entry2.o(.ARM.Collect$$$$00002712)
    .text                                    0x08000144   Section       36  startup_stm32f103xe.o(.text)
    .text                                    0x08000168   Section        0  memseta.o(.text)
    .text                                    0x0800018c   Section        0  strcat.o(.text)
    .text                                    0x080001a4   Section        0  strlen.o(.text)
    .text                                    0x080001b2   Section        0  strcpy.o(.text)
    .text                                    0x080001c4   Section        0  dadd.o(.text)
    .text                                    0x08000312   Section        0  dflti.o(.text)
    .text                                    0x08000334   Section        0  dfltui.o(.text)
    .text                                    0x0800034e   Section        0  dfixi.o(.text)
    .text                                    0x0800038c   Section        0  uidiv.o(.text)
    .text                                    0x080003b8   Section        0  uldiv.o(.text)
    .text                                    0x0800041a   Section        0  llshl.o(.text)
    .text                                    0x08000438   Section        0  llushr.o(.text)
    .text                                    0x08000458   Section        0  llsshr.o(.text)
    .text                                    0x0800047c   Section        0  iusefp.o(.text)
    .text                                    0x0800047c   Section        0  depilogue.o(.text)
    .text                                    0x08000536   Section        0  dmul.o(.text)
    .text                                    0x0800061a   Section        0  ddiv.o(.text)
    .text                                    0x080006f8   Section        0  dscalb.o(.text)
    .text                                    0x08000726   Section        0  dfixul.o(.text)
    .text                                    0x08000758   Section       48  cdrcmple.o(.text)
    .text                                    0x08000788   Section       36  init.o(.text)
    .text                                    0x080007ac   Section        0  dsqrt.o(.text)
    [Anonymous Symbol]                       0x08000850   Section        0  stm32f1xx_it.o(.text.BusFault_Handler)
    [Anonymous Symbol]                       0x08000854   Section        0  stm32f1xx_it.o(.text.DebugMon_Handler)
    [Anonymous Symbol]                       0x08000858   Section        0  main.o(.text.Error_Handler)
    [Anonymous Symbol]                       0x0800085c   Section        0  stm32f1xx_hal.o(.text.HAL_Delay)
    [Anonymous Symbol]                       0x080008a0   Section        0  stm32f1xx_hal_gpio.o(.text.HAL_GPIO_Init)
    [Anonymous Symbol]                       0x08000bfc   Section        0  stm32f1xx_hal_gpio.o(.text.HAL_GPIO_WritePin)
    [Anonymous Symbol]                       0x08000c2c   Section        0  stm32f1xx_hal.o(.text.HAL_GetTick)
    [Anonymous Symbol]                       0x08000c38   Section        0  stm32f1xx_hal_i2c.o(.text.HAL_I2C_Init)
    [Anonymous Symbol]                       0x08000e78   Section        0  stm32f1xx_hal_i2c.o(.text.HAL_I2C_Master_Receive)
    [Anonymous Symbol]                       0x080012d0   Section        0  stm32f1xx_hal_i2c.o(.text.HAL_I2C_Master_Transmit)
    [Anonymous Symbol]                       0x08001510   Section        0  stm32f1xx_hal_msp.o(.text.HAL_I2C_MspInit)
    [Anonymous Symbol]                       0x080015b0   Section        0  stm32f1xx_hal.o(.text.HAL_IncTick)
    [Anonymous Symbol]                       0x080015cc   Section        0  stm32f1xx_hal.o(.text.HAL_Init)
    [Anonymous Symbol]                       0x080015f8   Section        0  stm32f1xx_hal.o(.text.HAL_InitTick)
    [Anonymous Symbol]                       0x08001668   Section        0  stm32f1xx_hal_msp.o(.text.HAL_MspInit)
    [Anonymous Symbol]                       0x080016cc   Section        0  stm32f1xx_hal_cortex.o(.text.HAL_NVIC_SetPriority)
    [Anonymous Symbol]                       0x08001700   Section        0  stm32f1xx_hal_cortex.o(.text.HAL_NVIC_SetPriorityGrouping)
    [Anonymous Symbol]                       0x08001710   Section        0  stm32f1xx_hal_rcc.o(.text.HAL_RCC_ClockConfig)
    [Anonymous Symbol]                       0x080019d0   Section        0  stm32f1xx_hal_rcc.o(.text.HAL_RCC_GetHCLKFreq)
    [Anonymous Symbol]                       0x080019dc   Section        0  stm32f1xx_hal_rcc.o(.text.HAL_RCC_GetPCLK1Freq)
    [Anonymous Symbol]                       0x08001a00   Section        0  stm32f1xx_hal_rcc.o(.text.HAL_RCC_GetPCLK2Freq)
    [Anonymous Symbol]                       0x08001a24   Section        0  stm32f1xx_hal_rcc.o(.text.HAL_RCC_GetSysClockFreq)
    [Anonymous Symbol]                       0x08001b08   Section        0  stm32f1xx_hal_rcc.o(.text.HAL_RCC_OscConfig)
    [Anonymous Symbol]                       0x08002138   Section        0  stm32f1xx_hal_cortex.o(.text.HAL_SYSTICK_Config)
    [Anonymous Symbol]                       0x08002148   Section        0  stm32f1xx_hal_uart.o(.text.HAL_UART_Init)
    [Anonymous Symbol]                       0x080021e4   Section        0  stm32f1xx_hal_msp.o(.text.HAL_UART_MspInit)
    [Anonymous Symbol]                       0x0800227c   Section        0  stm32f1xx_hal_uart.o(.text.HAL_UART_Transmit)
    [Anonymous Symbol]                       0x080023dc   Section        0  stm32f1xx_it.o(.text.HardFault_Handler)
    [Anonymous Symbol]                       0x080023e0   Section        0  hex2bin.o(.text.HexToBin)
    I2C_IsAcknowledgeFailed                  0x08002575   Thumb Code    90  stm32f1xx_hal_i2c.o(.text.I2C_IsAcknowledgeFailed)
    [Anonymous Symbol]                       0x08002574   Section        0  stm32f1xx_hal_i2c.o(.text.I2C_IsAcknowledgeFailed)
    I2C_MasterRequestRead                    0x080025d1   Thumb Code   430  stm32f1xx_hal_i2c.o(.text.I2C_MasterRequestRead)
    [Anonymous Symbol]                       0x080025d0   Section        0  stm32f1xx_hal_i2c.o(.text.I2C_MasterRequestRead)
    I2C_MasterRequestWrite                   0x08002781   Thumb Code   284  stm32f1xx_hal_i2c.o(.text.I2C_MasterRequestWrite)
    [Anonymous Symbol]                       0x08002780   Section        0  stm32f1xx_hal_i2c.o(.text.I2C_MasterRequestWrite)
    I2C_WaitOnBTFFlagUntilTimeout            0x0800289d   Thumb Code   144  stm32f1xx_hal_i2c.o(.text.I2C_WaitOnBTFFlagUntilTimeout)
    [Anonymous Symbol]                       0x0800289c   Section        0  stm32f1xx_hal_i2c.o(.text.I2C_WaitOnBTFFlagUntilTimeout)
    I2C_WaitOnFlagUntilTimeout               0x0800292d   Thumb Code   186  stm32f1xx_hal_i2c.o(.text.I2C_WaitOnFlagUntilTimeout)
    [Anonymous Symbol]                       0x0800292c   Section        0  stm32f1xx_hal_i2c.o(.text.I2C_WaitOnFlagUntilTimeout)
    I2C_WaitOnMasterAddressFlagUntilTimeout  0x080029e9   Thumb Code   246  stm32f1xx_hal_i2c.o(.text.I2C_WaitOnMasterAddressFlagUntilTimeout)
    [Anonymous Symbol]                       0x080029e8   Section        0  stm32f1xx_hal_i2c.o(.text.I2C_WaitOnMasterAddressFlagUntilTimeout)
    I2C_WaitOnRXNEFlagUntilTimeout           0x08002ae1   Thumb Code   178  stm32f1xx_hal_i2c.o(.text.I2C_WaitOnRXNEFlagUntilTimeout)
    [Anonymous Symbol]                       0x08002ae0   Section        0  stm32f1xx_hal_i2c.o(.text.I2C_WaitOnRXNEFlagUntilTimeout)
    I2C_WaitOnTXEFlagUntilTimeout            0x08002b95   Thumb Code   142  stm32f1xx_hal_i2c.o(.text.I2C_WaitOnTXEFlagUntilTimeout)
    [Anonymous Symbol]                       0x08002b94   Section        0  stm32f1xx_hal_i2c.o(.text.I2C_WaitOnTXEFlagUntilTimeout)
    MX_GPIO_Init                             0x08002c25   Thumb Code   154  main.o(.text.MX_GPIO_Init)
    [Anonymous Symbol]                       0x08002c24   Section        0  main.o(.text.MX_GPIO_Init)
    MX_I2C1_Init                             0x08002cc1   Thumb Code    72  main.o(.text.MX_I2C1_Init)
    [Anonymous Symbol]                       0x08002cc0   Section        0  main.o(.text.MX_I2C1_Init)
    MX_USART1_UART_Init                      0x08002d09   Thumb Code    64  main.o(.text.MX_USART1_UART_Init)
    [Anonymous Symbol]                       0x08002d08   Section        0  main.o(.text.MX_USART1_UART_Init)
    [Anonymous Symbol]                       0x08002d48   Section        0  stm32f1xx_it.o(.text.MemManage_Handler)
    [Anonymous Symbol]                       0x08002d4c   Section        0  stm32f1xx_it.o(.text.NMI_Handler)
    NVIC_EncodePriority                      0x08002d51   Thumb Code   108  stm32f1xx_hal_cortex.o(.text.NVIC_EncodePriority)
    [Anonymous Symbol]                       0x08002d50   Section        0  stm32f1xx_hal_cortex.o(.text.NVIC_EncodePriority)
    NVIC_GetPriorityGrouping                 0x08002dbd   Thumb Code    16  stm32f1xx_hal_cortex.o(.text.NVIC_GetPriorityGrouping)
    [Anonymous Symbol]                       0x08002dbc   Section        0  stm32f1xx_hal_cortex.o(.text.NVIC_GetPriorityGrouping)
    NVIC_SetPriority                         0x08002dcd   Thumb Code    68  stm32f1xx_hal_cortex.o(.text.NVIC_SetPriority)
    [Anonymous Symbol]                       0x08002dcc   Section        0  stm32f1xx_hal_cortex.o(.text.NVIC_SetPriority)
    NVIC_SetPriorityGrouping                 0x08002e11   Thumb Code    60  stm32f1xx_hal_cortex.o(.text.NVIC_SetPriorityGrouping)
    [Anonymous Symbol]                       0x08002e10   Section        0  stm32f1xx_hal_cortex.o(.text.NVIC_SetPriorityGrouping)
    [Anonymous Symbol]                       0x08002e4c   Section        0  stm32f1xx_it.o(.text.PendSV_Handler)
    RCC_Delay                                0x08002e51   Thumb Code    58  stm32f1xx_hal_rcc.o(.text.RCC_Delay)
    [Anonymous Symbol]                       0x08002e50   Section        0  stm32f1xx_hal_rcc.o(.text.RCC_Delay)
    [Anonymous Symbol]                       0x08002e8c   Section        0  stm32f1xx_it.o(.text.SVC_Handler)
    SysTick_Config                           0x08002e91   Thumb Code    82  stm32f1xx_hal_cortex.o(.text.SysTick_Config)
    [Anonymous Symbol]                       0x08002e90   Section        0  stm32f1xx_hal_cortex.o(.text.SysTick_Config)
    [Anonymous Symbol]                       0x08002ee4   Section        0  stm32f1xx_it.o(.text.SysTick_Handler)
    [Anonymous Symbol]                       0x08002eec   Section        0  main.o(.text.SystemClock_Config)
    [Anonymous Symbol]                       0x08002f58   Section        0  system_stm32f1xx.o(.text.SystemInit)
    UART_SetConfig                           0x08002fb9   Thumb Code   536  stm32f1xx_hal_uart.o(.text.UART_SetConfig)
    [Anonymous Symbol]                       0x08002fb8   Section        0  stm32f1xx_hal_uart.o(.text.UART_SetConfig)
    UART_WaitOnFlagUntilTimeout              0x080031d1   Thumb Code   156  stm32f1xx_hal_uart.o(.text.UART_WaitOnFlagUntilTimeout)
    [Anonymous Symbol]                       0x080031d0   Section        0  stm32f1xx_hal_uart.o(.text.UART_WaitOnFlagUntilTimeout)
    [Anonymous Symbol]                       0x0800326c   Section        0  stm32f1xx_it.o(.text.UsageFault_Handler)
    [Anonymous Symbol]                       0x08003270   Section        0  func.o(.text.light_on_Init)
    [Anonymous Symbol]                       0x080032c8   Section        0  func.o(.text.light_status_indicator)
    [Anonymous Symbol]                       0x08003468   Section        0  main.o(.text.main)
    i.__0sprintf                             0x08003670   Section        0  printfa.o(i.__0sprintf)
    i.__ARM_fpclassify                       0x08003698   Section        0  fpclassify.o(i.__ARM_fpclassify)
    i.__kernel_poly                          0x080036c0   Section        0  poly.o(i.__kernel_poly)
    i.__mathlib_dbl_divzero                  0x0800376c   Section        0  dunder.o(i.__mathlib_dbl_divzero)
    i.__mathlib_dbl_infnan2                  0x0800377c   Section        0  dunder.o(i.__mathlib_dbl_infnan2)
    i.__mathlib_dbl_invalid                  0x08003780   Section        0  dunder.o(i.__mathlib_dbl_invalid)
    i.__mathlib_dbl_overflow                 0x0800378c   Section        0  dunder.o(i.__mathlib_dbl_overflow)
    i.__mathlib_dbl_underflow                0x0800379c   Section        0  dunder.o(i.__mathlib_dbl_underflow)
    i.__scatterload_copy                     0x080037ac   Section       14  handlers.o(i.__scatterload_copy)
    i.__scatterload_null                     0x080037ba   Section        2  handlers.o(i.__scatterload_null)
    i.__scatterload_zeroinit                 0x080037bc   Section       14  handlers.o(i.__scatterload_zeroinit)
    i.__set_errno                            0x080037cc   Section        0  errno.o(i.__set_errno)
    _fp_digits                               0x080037d9   Thumb Code   366  printfa.o(i._fp_digits)
    i._fp_digits                             0x080037d8   Section        0  printfa.o(i._fp_digits)
    _printf_core                             0x0800395d   Thumb Code  1744  printfa.o(i._printf_core)
    i._printf_core                           0x0800395c   Section        0  printfa.o(i._printf_core)
    _printf_post_padding                     0x08004039   Thumb Code    36  printfa.o(i._printf_post_padding)
    i._printf_post_padding                   0x08004038   Section        0  printfa.o(i._printf_post_padding)
    _printf_pre_padding                      0x0800405d   Thumb Code    46  printfa.o(i._printf_pre_padding)
    i._printf_pre_padding                    0x0800405c   Section        0  printfa.o(i._printf_pre_padding)
    _sputc                                   0x0800408b   Thumb Code    10  printfa.o(i._sputc)
    i._sputc                                 0x0800408a   Section        0  printfa.o(i._sputc)
    i.pow                                    0x08004094   Section        0  pow.o(i.pow)
    i.sqrt                                   0x08004a80   Section        0  sqrt.o(i.sqrt)
    bp                                       0x08004ad0   Data          16  pow.o(.constdata)
    .constdata                               0x08004ad0   Section      136  pow.o(.constdata)
    dp_h                                     0x08004ae0   Data          16  pow.o(.constdata)
    dp_l                                     0x08004af0   Data          16  pow.o(.constdata)
    L                                        0x08004b00   Data          48  pow.o(.constdata)
    P                                        0x08004b30   Data          40  pow.o(.constdata)
    .constdata                               0x08004b58   Section        8  qnan.o(.constdata)
    .L.str.1                                 0x08004b78   Data          12  main.o(.rodata.str1.1)
    [Anonymous Symbol]                       0x08004b78   Section        0  main.o(.rodata.str1.1)
    .L.str                                   0x08004b84   Data           5  main.o(.rodata.str1.1)
    .L.str.16                                0x08004b89   Data          16  hex2bin.o(.rodata.str1.1)
    [Anonymous Symbol]                       0x08004b89   Section        0  hex2bin.o(.rodata.str1.1)
    .L.str                                   0x08004b99   Data           5  hex2bin.o(.rodata.str1.1)
    .L.str.8                                 0x08004b9e   Data           5  hex2bin.o(.rodata.str1.1)
    .L.str.4                                 0x08004ba3   Data           5  hex2bin.o(.rodata.str1.1)
    .L.str.12                                0x08004ba8   Data           5  hex2bin.o(.rodata.str1.1)
    .L.str.2                                 0x08004bad   Data           5  hex2bin.o(.rodata.str1.1)
    .L.str.10                                0x08004bb2   Data           5  hex2bin.o(.rodata.str1.1)
    .L.str.6                                 0x08004bb7   Data           5  hex2bin.o(.rodata.str1.1)
    .L.str.14                                0x08004bbc   Data           5  hex2bin.o(.rodata.str1.1)
    .L.str.1                                 0x08004bc1   Data           5  hex2bin.o(.rodata.str1.1)
    .L.str.9                                 0x08004bc6   Data           5  hex2bin.o(.rodata.str1.1)
    .L.str.5                                 0x08004bcb   Data           5  hex2bin.o(.rodata.str1.1)
    .L.str.13                                0x08004bd0   Data           5  hex2bin.o(.rodata.str1.1)
    .L.str.3                                 0x08004bd5   Data           5  hex2bin.o(.rodata.str1.1)
    .L.str.11                                0x08004bda   Data           5  hex2bin.o(.rodata.str1.1)
    .L.str.7                                 0x08004bdf   Data           5  hex2bin.o(.rodata.str1.1)
    .L.str.15                                0x08004be4   Data           5  hex2bin.o(.rodata.str1.1)
    _errno                                   0x20000000   Data           4  errno.o(.data)
    .data                                    0x20000000   Section        4  errno.o(.data)
    light_on                                 0x200000a5   Data           5  func.o(.bss.light_on)
    [Anonymous Symbol]                       0x200000a5   Section        0  func.o(.bss.light_on)
    light_on_initial                         0x200000aa   Data           5  func.o(.bss.light_on_initial)
    [Anonymous Symbol]                       0x200000aa   Section        0  func.o(.bss.light_on_initial)
    sum_of_light_on                          0x200000b0   Data           5  func.o(.bss.sum_of_light_on)
    [Anonymous Symbol]                       0x200000b0   Section        0  func.o(.bss.sum_of_light_on)
    STACK                                    0x200000c0   Section     1024  startup_stm32f103xe.o(STACK)

    Global Symbols

    Symbol Name                              Value     Ov Type        Size  Object(Section)

    BuildAttributes$$THM_ISAv4$P$D$K$B$S$PE$A:L22UL41UL21$X:L11$S22US41US21$IEEE1$IW$~IW$USESV6$~STKCKD$USESV7$~SHL$OTIME$ROPI$IEEEX$EBA8$MICROLIB$REQ8$PRES8$EABIv2 0x00000000   Number         0  anon$$obj.o ABSOLUTE
    __cpp_initialize__aeabi_                  - Undefined Weak Reference
    __cxa_finalize                            - Undefined Weak Reference
    __decompress                              - Undefined Weak Reference
    _clock_init                               - Undefined Weak Reference
    _microlib_exit                            - Undefined Weak Reference
    __Vectors_Size                           0x00000130   Number         0  startup_stm32f103xe.o ABSOLUTE
    __Vectors                                0x08000000   Data           4  startup_stm32f103xe.o(RESET)
    __Vectors_End                            0x08000130   Data           0  startup_stm32f103xe.o(RESET)
    __main                                   0x08000131   Thumb Code     0  entry.o(.ARM.Collect$$$$00000000)
    _main_stk                                0x08000131   Thumb Code     0  entry2.o(.ARM.Collect$$$$00000001)
    _main_scatterload                        0x08000135   Thumb Code     0  entry5.o(.ARM.Collect$$$$00000004)
    __main_after_scatterload                 0x08000139   Thumb Code     0  entry5.o(.ARM.Collect$$$$00000004)
    _main_clock                              0x08000139   Thumb Code     0  entry7b.o(.ARM.Collect$$$$00000008)
    _main_cpp_init                           0x08000139   Thumb Code     0  entry8b.o(.ARM.Collect$$$$0000000A)
    _main_init                               0x08000139   Thumb Code     0  entry9a.o(.ARM.Collect$$$$0000000B)
    __rt_final_cpp                           0x08000141   Thumb Code     0  entry10a.o(.ARM.Collect$$$$0000000D)
    __rt_final_exit                          0x08000141   Thumb Code     0  entry11a.o(.ARM.Collect$$$$0000000F)
    Reset_Handler                            0x08000145   Thumb Code     8  startup_stm32f103xe.o(.text)
    ADC1_2_IRQHandler                        0x0800015f   Thumb Code     0  startup_stm32f103xe.o(.text)
    ADC3_IRQHandler                          0x0800015f   Thumb Code     0  startup_stm32f103xe.o(.text)
    CAN1_RX1_IRQHandler                      0x0800015f   Thumb Code     0  startup_stm32f103xe.o(.text)
    CAN1_SCE_IRQHandler                      0x0800015f   Thumb Code     0  startup_stm32f103xe.o(.text)
    DMA1_Channel1_IRQHandler                 0x0800015f   Thumb Code     0  startup_stm32f103xe.o(.text)
    DMA1_Channel2_IRQHandler                 0x0800015f   Thumb Code     0  startup_stm32f103xe.o(.text)
    DMA1_Channel3_IRQHandler                 0x0800015f   Thumb Code     0  startup_stm32f103xe.o(.text)
    DMA1_Channel4_IRQHandler                 0x0800015f   Thumb Code     0  startup_stm32f103xe.o(.text)
    DMA1_Channel5_IRQHandler                 0x0800015f   Thumb Code     0  startup_stm32f103xe.o(.text)
    DMA1_Channel6_IRQHandler                 0x0800015f   Thumb Code     0  startup_stm32f103xe.o(.text)
    DMA1_Channel7_IRQHandler                 0x0800015f   Thumb Code     0  startup_stm32f103xe.o(.text)
    DMA2_Channel1_IRQHandler                 0x0800015f   Thumb Code     0  startup_stm32f103xe.o(.text)
    DMA2_Channel2_IRQHandler                 0x0800015f   Thumb Code     0  startup_stm32f103xe.o(.text)
    DMA2_Channel3_IRQHandler                 0x0800015f   Thumb Code     0  startup_stm32f103xe.o(.text)
    DMA2_Channel4_5_IRQHandler               0x0800015f   Thumb Code     0  startup_stm32f103xe.o(.text)
    EXTI0_IRQHandler                         0x0800015f   Thumb Code     0  startup_stm32f103xe.o(.text)
    EXTI15_10_IRQHandler                     0x0800015f   Thumb Code     0  startup_stm32f103xe.o(.text)
    EXTI1_IRQHandler                         0x0800015f   Thumb Code     0  startup_stm32f103xe.o(.text)
    EXTI2_IRQHandler                         0x0800015f   Thumb Code     0  startup_stm32f103xe.o(.text)
    EXTI3_IRQHandler                         0x0800015f   Thumb Code     0  startup_stm32f103xe.o(.text)
    EXTI4_IRQHandler                         0x0800015f   Thumb Code     0  startup_stm32f103xe.o(.text)
    EXTI9_5_IRQHandler                       0x0800015f   Thumb Code     0  startup_stm32f103xe.o(.text)
    FLASH_IRQHandler                         0x0800015f   Thumb Code     0  startup_stm32f103xe.o(.text)
    FSMC_IRQHandler                          0x0800015f   Thumb Code     0  startup_stm32f103xe.o(.text)
    I2C1_ER_IRQHandler                       0x0800015f   Thumb Code     0  startup_stm32f103xe.o(.text)
    I2C1_EV_IRQHandler                       0x0800015f   Thumb Code     0  startup_stm32f103xe.o(.text)
    I2C2_ER_IRQHandler                       0x0800015f   Thumb Code     0  startup_stm32f103xe.o(.text)
    I2C2_EV_IRQHandler                       0x0800015f   Thumb Code     0  startup_stm32f103xe.o(.text)
    PVD_IRQHandler                           0x0800015f   Thumb Code     0  startup_stm32f103xe.o(.text)
    RCC_IRQHandler                           0x0800015f   Thumb Code     0  startup_stm32f103xe.o(.text)
    RTC_Alarm_IRQHandler                     0x0800015f   Thumb Code     0  startup_stm32f103xe.o(.text)
    RTC_IRQHandler                           0x0800015f   Thumb Code     0  startup_stm32f103xe.o(.text)
    SDIO_IRQHandler                          0x0800015f   Thumb Code     0  startup_stm32f103xe.o(.text)
    SPI1_IRQHandler                          0x0800015f   Thumb Code     0  startup_stm32f103xe.o(.text)
    SPI2_IRQHandler                          0x0800015f   Thumb Code     0  startup_stm32f103xe.o(.text)
    SPI3_IRQHandler                          0x0800015f   Thumb Code     0  startup_stm32f103xe.o(.text)
    TAMPER_IRQHandler                        0x0800015f   Thumb Code     0  startup_stm32f103xe.o(.text)
    TIM1_BRK_IRQHandler                      0x0800015f   Thumb Code     0  startup_stm32f103xe.o(.text)
    TIM1_CC_IRQHandler                       0x0800015f   Thumb Code     0  startup_stm32f103xe.o(.text)
    TIM1_TRG_COM_IRQHandler                  0x0800015f   Thumb Code     0  startup_stm32f103xe.o(.text)
    TIM1_UP_IRQHandler                       0x0800015f   Thumb Code     0  startup_stm32f103xe.o(.text)
    TIM2_IRQHandler                          0x0800015f   Thumb Code     0  startup_stm32f103xe.o(.text)
    TIM3_IRQHandler                          0x0800015f   Thumb Code     0  startup_stm32f103xe.o(.text)
    TIM4_IRQHandler                          0x0800015f   Thumb Code     0  startup_stm32f103xe.o(.text)
    TIM5_IRQHandler                          0x0800015f   Thumb Code     0  startup_stm32f103xe.o(.text)
    TIM6_IRQHandler                          0x0800015f   Thumb Code     0  startup_stm32f103xe.o(.text)
    TIM7_IRQHandler                          0x0800015f   Thumb Code     0  startup_stm32f103xe.o(.text)
    TIM8_BRK_IRQHandler                      0x0800015f   Thumb Code     0  startup_stm32f103xe.o(.text)
    TIM8_CC_IRQHandler                       0x0800015f   Thumb Code     0  startup_stm32f103xe.o(.text)
    TIM8_TRG_COM_IRQHandler                  0x0800015f   Thumb Code     0  startup_stm32f103xe.o(.text)
    TIM8_UP_IRQHandler                       0x0800015f   Thumb Code     0  startup_stm32f103xe.o(.text)
    UART4_IRQHandler                         0x0800015f   Thumb Code     0  startup_stm32f103xe.o(.text)
    UART5_IRQHandler                         0x0800015f   Thumb Code     0  startup_stm32f103xe.o(.text)
    USART1_IRQHandler                        0x0800015f   Thumb Code     0  startup_stm32f103xe.o(.text)
    USART2_IRQHandler                        0x0800015f   Thumb Code     0  startup_stm32f103xe.o(.text)
    USART3_IRQHandler                        0x0800015f   Thumb Code     0  startup_stm32f103xe.o(.text)
    USBWakeUp_IRQHandler                     0x0800015f   Thumb Code     0  startup_stm32f103xe.o(.text)
    USB_HP_CAN1_TX_IRQHandler                0x0800015f   Thumb Code     0  startup_stm32f103xe.o(.text)
    USB_LP_CAN1_RX0_IRQHandler               0x0800015f   Thumb Code     0  startup_stm32f103xe.o(.text)
    WWDG_IRQHandler                          0x0800015f   Thumb Code     0  startup_stm32f103xe.o(.text)
    __aeabi_memset                           0x08000169   Thumb Code    14  memseta.o(.text)
    __aeabi_memset4                          0x08000169   Thumb Code     0  memseta.o(.text)
    __aeabi_memset8                          0x08000169   Thumb Code     0  memseta.o(.text)
    __aeabi_memclr                           0x08000177   Thumb Code     4  memseta.o(.text)
    __aeabi_memclr4                          0x08000177   Thumb Code     0  memseta.o(.text)
    __aeabi_memclr8                          0x08000177   Thumb Code     0  memseta.o(.text)
    _memset$wrapper                          0x0800017b   Thumb Code    18  memseta.o(.text)
    strcat                                   0x0800018d   Thumb Code    24  strcat.o(.text)
    strlen                                   0x080001a5   Thumb Code    14  strlen.o(.text)
    strcpy                                   0x080001b3   Thumb Code    18  strcpy.o(.text)
    __aeabi_dadd                             0x080001c5   Thumb Code   322  dadd.o(.text)
    __aeabi_dsub                             0x08000307   Thumb Code     6  dadd.o(.text)
    __aeabi_drsub                            0x0800030d   Thumb Code     6  dadd.o(.text)
    __aeabi_i2d                              0x08000313   Thumb Code    34  dflti.o(.text)
    __aeabi_ui2d                             0x08000335   Thumb Code    26  dfltui.o(.text)
    __aeabi_d2iz                             0x0800034f   Thumb Code    62  dfixi.o(.text)
    __aeabi_uidiv                            0x0800038d   Thumb Code     0  uidiv.o(.text)
    __aeabi_uidivmod                         0x0800038d   Thumb Code    44  uidiv.o(.text)
    __aeabi_uldivmod                         0x080003b9   Thumb Code    98  uldiv.o(.text)
    __aeabi_llsl                             0x0800041b   Thumb Code    30  llshl.o(.text)
    _ll_shift_l                              0x0800041b   Thumb Code     0  llshl.o(.text)
    __aeabi_llsr                             0x08000439   Thumb Code    32  llushr.o(.text)
    _ll_ushift_r                             0x08000439   Thumb Code     0  llushr.o(.text)
    __aeabi_lasr                             0x08000459   Thumb Code    36  llsshr.o(.text)
    _ll_sshift_r                             0x08000459   Thumb Code     0  llsshr.o(.text)
    __I$use$fp                               0x0800047d   Thumb Code     0  iusefp.o(.text)
    _double_round                            0x0800047d   Thumb Code    30  depilogue.o(.text)
    _double_epilogue                         0x0800049b   Thumb Code   156  depilogue.o(.text)
    __aeabi_dmul                             0x08000537   Thumb Code   228  dmul.o(.text)
    __aeabi_ddiv                             0x0800061b   Thumb Code   222  ddiv.o(.text)
    __ARM_scalbn                             0x080006f9   Thumb Code    46  dscalb.o(.text)
    scalbn                                   0x080006f9   Thumb Code     0  dscalb.o(.text)
    __aeabi_d2ulz                            0x08000727   Thumb Code    48  dfixul.o(.text)
    __aeabi_cdrcmple                         0x08000759   Thumb Code    48  cdrcmple.o(.text)
    __scatterload                            0x08000789   Thumb Code    28  init.o(.text)
    __scatterload_rt2                        0x08000789   Thumb Code     0  init.o(.text)
    _dsqrt                                   0x080007ad   Thumb Code   162  dsqrt.o(.text)
    BusFault_Handler                         0x08000851   Thumb Code     4  stm32f1xx_it.o(.text.BusFault_Handler)
    DebugMon_Handler                         0x08000855   Thumb Code     2  stm32f1xx_it.o(.text.DebugMon_Handler)
    Error_Handler                            0x08000859   Thumb Code     2  main.o(.text.Error_Handler)
    HAL_Delay                                0x0800085d   Thumb Code    66  stm32f1xx_hal.o(.text.HAL_Delay)
    HAL_GPIO_Init                            0x080008a1   Thumb Code   858  stm32f1xx_hal_gpio.o(.text.HAL_GPIO_Init)
    HAL_GPIO_WritePin                        0x08000bfd   Thumb Code    46  stm32f1xx_hal_gpio.o(.text.HAL_GPIO_WritePin)
    HAL_GetTick                              0x08000c2d   Thumb Code    12  stm32f1xx_hal.o(.text.HAL_GetTick)
    HAL_I2C_Init                             0x08000c39   Thumb Code   574  stm32f1xx_hal_i2c.o(.text.HAL_I2C_Init)
    HAL_I2C_Master_Receive                   0x08000e79   Thumb Code  1112  stm32f1xx_hal_i2c.o(.text.HAL_I2C_Master_Receive)
    HAL_I2C_Master_Transmit                  0x080012d1   Thumb Code   574  stm32f1xx_hal_i2c.o(.text.HAL_I2C_Master_Transmit)
    HAL_I2C_MspInit                          0x08001511   Thumb Code   160  stm32f1xx_hal_msp.o(.text.HAL_I2C_MspInit)
    HAL_IncTick                              0x080015b1   Thumb Code    26  stm32f1xx_hal.o(.text.HAL_IncTick)
    HAL_Init                                 0x080015cd   Thumb Code    44  stm32f1xx_hal.o(.text.HAL_Init)
    HAL_InitTick                             0x080015f9   Thumb Code   112  stm32f1xx_hal.o(.text.HAL_InitTick)
    HAL_MspInit                              0x08001669   Thumb Code   100  stm32f1xx_hal_msp.o(.text.HAL_MspInit)
    HAL_NVIC_SetPriority                     0x080016cd   Thumb Code    50  stm32f1xx_hal_cortex.o(.text.HAL_NVIC_SetPriority)
    HAL_NVIC_SetPriorityGrouping             0x08001701   Thumb Code    16  stm32f1xx_hal_cortex.o(.text.HAL_NVIC_SetPriorityGrouping)
    HAL_RCC_ClockConfig                      0x08001711   Thumb Code   704  stm32f1xx_hal_rcc.o(.text.HAL_RCC_ClockConfig)
    HAL_RCC_GetHCLKFreq                      0x080019d1   Thumb Code    12  stm32f1xx_hal_rcc.o(.text.HAL_RCC_GetHCLKFreq)
    HAL_RCC_GetPCLK1Freq                     0x080019dd   Thumb Code    34  stm32f1xx_hal_rcc.o(.text.HAL_RCC_GetPCLK1Freq)
    HAL_RCC_GetPCLK2Freq                     0x08001a01   Thumb Code    34  stm32f1xx_hal_rcc.o(.text.HAL_RCC_GetPCLK2Freq)
    HAL_RCC_GetSysClockFreq                  0x08001a25   Thumb Code   228  stm32f1xx_hal_rcc.o(.text.HAL_RCC_GetSysClockFreq)
    HAL_RCC_OscConfig                        0x08001b09   Thumb Code  1582  stm32f1xx_hal_rcc.o(.text.HAL_RCC_OscConfig)
    HAL_SYSTICK_Config                       0x08002139   Thumb Code    16  stm32f1xx_hal_cortex.o(.text.HAL_SYSTICK_Config)
    HAL_UART_Init                            0x08002149   Thumb Code   154  stm32f1xx_hal_uart.o(.text.HAL_UART_Init)
    HAL_UART_MspInit                         0x080021e5   Thumb Code   152  stm32f1xx_hal_msp.o(.text.HAL_UART_MspInit)
    HAL_UART_Transmit                        0x0800227d   Thumb Code   352  stm32f1xx_hal_uart.o(.text.HAL_UART_Transmit)
    HardFault_Handler                        0x080023dd   Thumb Code     4  stm32f1xx_it.o(.text.HardFault_Handler)
    HexToBin                                 0x080023e1   Thumb Code   402  hex2bin.o(.text.HexToBin)
    MemManage_Handler                        0x08002d49   Thumb Code     4  stm32f1xx_it.o(.text.MemManage_Handler)
    NMI_Handler                              0x08002d4d   Thumb Code     2  stm32f1xx_it.o(.text.NMI_Handler)
    PendSV_Handler                           0x08002e4d   Thumb Code     2  stm32f1xx_it.o(.text.PendSV_Handler)
    SVC_Handler                              0x08002e8d   Thumb Code     2  stm32f1xx_it.o(.text.SVC_Handler)
    SysTick_Handler                          0x08002ee5   Thumb Code     8  stm32f1xx_it.o(.text.SysTick_Handler)
    SystemClock_Config                       0x08002eed   Thumb Code   108  main.o(.text.SystemClock_Config)
    SystemInit                               0x08002f59   Thumb Code    96  system_stm32f1xx.o(.text.SystemInit)
    UsageFault_Handler                       0x0800326d   Thumb Code     4  stm32f1xx_it.o(.text.UsageFault_Handler)
    light_on_Init                            0x08003271   Thumb Code    86  func.o(.text.light_on_Init)
    light_status_indicator                   0x080032c9   Thumb Code   416  func.o(.text.light_status_indicator)
    main                                     0x08003469   Thumb Code   520  main.o(.text.main)
    __0sprintf                               0x08003671   Thumb Code    34  printfa.o(i.__0sprintf)
    __1sprintf                               0x08003671   Thumb Code     0  printfa.o(i.__0sprintf)
    __2sprintf                               0x08003671   Thumb Code     0  printfa.o(i.__0sprintf)
    __c89sprintf                             0x08003671   Thumb Code     0  printfa.o(i.__0sprintf)
    sprintf                                  0x08003671   Thumb Code     0  printfa.o(i.__0sprintf)
    __ARM_fpclassify                         0x08003699   Thumb Code    40  fpclassify.o(i.__ARM_fpclassify)
    __kernel_poly                            0x080036c1   Thumb Code   170  poly.o(i.__kernel_poly)
    __mathlib_dbl_divzero                    0x0800376d   Thumb Code    12  dunder.o(i.__mathlib_dbl_divzero)
    __mathlib_dbl_infnan2                    0x0800377d   Thumb Code     4  dunder.o(i.__mathlib_dbl_infnan2)
    __mathlib_dbl_invalid                    0x08003781   Thumb Code    12  dunder.o(i.__mathlib_dbl_invalid)
    __mathlib_dbl_overflow                   0x0800378d   Thumb Code    14  dunder.o(i.__mathlib_dbl_overflow)
    __mathlib_dbl_underflow                  0x0800379d   Thumb Code    10  dunder.o(i.__mathlib_dbl_underflow)
    __scatterload_copy                       0x080037ad   Thumb Code    14  handlers.o(i.__scatterload_copy)
    __scatterload_null                       0x080037bb   Thumb Code     2  handlers.o(i.__scatterload_null)
    __scatterload_zeroinit                   0x080037bd   Thumb Code    14  handlers.o(i.__scatterload_zeroinit)
    __set_errno                              0x080037cd   Thumb Code     6  errno.o(i.__set_errno)
    pow                                      0x08004095   Thumb Code  2532  pow.o(i.pow)
    sqrt                                     0x08004a81   Thumb Code    76  sqrt.o(i.sqrt)
    __mathlib_zero                           0x08004b58   Data           8  qnan.o(.constdata)
    AHBPrescTable                            0x08004b60   Data          16  system_stm32f1xx.o(.rodata.AHBPrescTable)
    APBPrescTable                            0x08004b70   Data           8  system_stm32f1xx.o(.rodata.APBPrescTable)
    Region$$Table$$Base                      0x08004bec   Number         0  anon$$obj.o(Region$$Table)
    Region$$Table$$Limit                     0x08004c0c   Number         0  anon$$obj.o(Region$$Table)
    SystemCoreClock                          0x20000004   Data           4  system_stm32f1xx.o(.data.SystemCoreClock)
    dataBuffer                               0x20000008   Data           2  main.o(.data.dataBuffer)
    uwTickFreq                               0x2000000a   Data           1  stm32f1xx_hal.o(.data.uwTickFreq)
    uwTickPrio                               0x2000000c   Data           4  stm32f1xx_hal.o(.data.uwTickPrio)
    hi2c1                                    0x20000010   Data          84  main.o(.bss.hi2c1)
    huart1                                   0x20000064   Data          64  main.o(.bss.huart1)
    index_number                             0x200000a4   Data           1  func.o(.bss.index_number)
    light_status                             0x200000af   Data           1  func.o(.bss.light_status)
    uwTick                                   0x200000b8   Data           4  stm32f1xx_hal.o(.bss.uwTick)
    __initial_sp                             0x200004c0   Data           0  startup_stm32f103xe.o(STACK)



==============================================================================

Memory Map of the image

  Image Entry point : 0x08000131

  Load Region LR_IROM1 (Base: 0x08000000, Size: 0x00004c20, Max: 0x00080000, ABSOLUTE)

    Execution Region ER_IROM1 (Exec base: 0x08000000, Load base: 0x08000000, Size: 0x00004c0c, Max: 0x00080000, ABSOLUTE)

    Exec Addr    Load Addr    Size         Type   Attr      Idx    E Section Name        Object

    0x08000000   0x08000000   0x00000130   Data   RO            3    RESET               startup_stm32f103xe.o
    0x08000130   0x08000130   0x00000000   Code   RO          763  * .ARM.Collect$$$$00000000  mc_w.l(entry.o)
    0x08000130   0x08000130   0x00000004   Code   RO          833    .ARM.Collect$$$$00000001  mc_w.l(entry2.o)
    0x08000134   0x08000134   0x00000004   Code   RO          836    .ARM.Collect$$$$00000004  mc_w.l(entry5.o)
    0x08000138   0x08000138   0x00000000   Code   RO          838    .ARM.Collect$$$$00000008  mc_w.l(entry7b.o)
    0x08000138   0x08000138   0x00000000   Code   RO          840    .ARM.Collect$$$$0000000A  mc_w.l(entry8b.o)
    0x08000138   0x08000138   0x00000008   Code   RO          841    .ARM.Collect$$$$0000000B  mc_w.l(entry9a.o)
    0x08000140   0x08000140   0x00000000   Code   RO          843    .ARM.Collect$$$$0000000D  mc_w.l(entry10a.o)
    0x08000140   0x08000140   0x00000000   Code   RO          845    .ARM.Collect$$$$0000000F  mc_w.l(entry11a.o)
    0x08000140   0x08000140   0x00000004   Code   RO          834    .ARM.Collect$$$$00002712  mc_w.l(entry2.o)
    0x08000144   0x08000144   0x00000024   Code   RO            4    .text               startup_stm32f103xe.o
    0x08000168   0x08000168   0x00000024   Code   RO          766    .text               mc_w.l(memseta.o)
    0x0800018c   0x0800018c   0x00000018   Code   RO          768    .text               mc_w.l(strcat.o)
    0x080001a4   0x080001a4   0x0000000e   Code   RO          770    .text               mc_w.l(strlen.o)
    0x080001b2   0x080001b2   0x00000012   Code   RO          772    .text               mc_w.l(strcpy.o)
    0x080001c4   0x080001c4   0x0000014e   Code   RO          802    .text               mf_w.l(dadd.o)
    0x08000312   0x08000312   0x00000022   Code   RO          804    .text               mf_w.l(dflti.o)
    0x08000334   0x08000334   0x0000001a   Code   RO          806    .text               mf_w.l(dfltui.o)
    0x0800034e   0x0800034e   0x0000003e   Code   RO          808    .text               mf_w.l(dfixi.o)
    0x0800038c   0x0800038c   0x0000002c   Code   RO          861    .text               mc_w.l(uidiv.o)
    0x080003b8   0x080003b8   0x00000062   Code   RO          863    .text               mc_w.l(uldiv.o)
    0x0800041a   0x0800041a   0x0000001e   Code   RO          865    .text               mc_w.l(llshl.o)
    0x08000438   0x08000438   0x00000020   Code   RO          867    .text               mc_w.l(llushr.o)
    0x08000458   0x08000458   0x00000024   Code   RO          869    .text               mc_w.l(llsshr.o)
    0x0800047c   0x0800047c   0x00000000   Code   RO          878    .text               mc_w.l(iusefp.o)
    0x0800047c   0x0800047c   0x000000ba   Code   RO          879    .text               mf_w.l(depilogue.o)
    0x08000536   0x08000536   0x000000e4   Code   RO          881    .text               mf_w.l(dmul.o)
    0x0800061a   0x0800061a   0x000000de   Code   RO          883    .text               mf_w.l(ddiv.o)
    0x080006f8   0x080006f8   0x0000002e   Code   RO          885    .text               mf_w.l(dscalb.o)
    0x08000726   0x08000726   0x00000030   Code   RO          887    .text               mf_w.l(dfixul.o)
    0x08000756   0x08000756   0x00000002   PAD
    0x08000758   0x08000758   0x00000030   Code   RO          889    .text               mf_w.l(cdrcmple.o)
    0x08000788   0x08000788   0x00000024   Code   RO          891    .text               mc_w.l(init.o)
    0x080007ac   0x080007ac   0x000000a2   Code   RO          895    .text               mf_w.l(dsqrt.o)
    0x0800084e   0x0800084e   0x00000002   PAD
    0x08000850   0x08000850   0x00000004   Code   RO           44    .text.BusFault_Handler  stm32f1xx_it.o
    0x08000854   0x08000854   0x00000002   Code   RO           50    .text.DebugMon_Handler  stm32f1xx_it.o
    0x08000856   0x08000856   0x00000002   PAD
    0x08000858   0x08000858   0x00000002   Code   RO           21    .text.Error_Handler  main.o
    0x0800085a   0x0800085a   0x00000002   PAD
    0x0800085c   0x0800085c   0x00000042   Code   RO          416    .text.HAL_Delay     stm32f1xx_hal.o
    0x0800089e   0x0800089e   0x00000002   PAD
    0x080008a0   0x080008a0   0x0000035a   Code   RO          506    .text.HAL_GPIO_Init  stm32f1xx_hal_gpio.o
    0x08000bfa   0x08000bfa   0x00000002   PAD
    0x08000bfc   0x08000bfc   0x0000002e   Code   RO          512    .text.HAL_GPIO_WritePin  stm32f1xx_hal_gpio.o
    0x08000c2a   0x08000c2a   0x00000002   PAD
    0x08000c2c   0x08000c2c   0x0000000c   Code   RO          408    .text.HAL_GetTick   stm32f1xx_hal.o
    0x08000c38   0x08000c38   0x0000023e   Code   RO          122    .text.HAL_I2C_Init  stm32f1xx_hal_i2c.o
    0x08000e76   0x08000e76   0x00000002   PAD
    0x08000e78   0x08000e78   0x00000458   Code   RO          140    .text.HAL_I2C_Master_Receive  stm32f1xx_hal_i2c.o
    0x080012d0   0x080012d0   0x0000023e   Code   RO          130    .text.HAL_I2C_Master_Transmit  stm32f1xx_hal_i2c.o
    0x0800150e   0x0800150e   0x00000002   PAD
    0x08001510   0x08001510   0x000000a0   Code   RO           65    .text.HAL_I2C_MspInit  stm32f1xx_hal_msp.o
    0x080015b0   0x080015b0   0x0000001a   Code   RO          406    .text.HAL_IncTick   stm32f1xx_hal.o
    0x080015ca   0x080015ca   0x00000002   PAD
    0x080015cc   0x080015cc   0x0000002c   Code   RO          396    .text.HAL_Init      stm32f1xx_hal.o
    0x080015f8   0x080015f8   0x00000070   Code   RO          398    .text.HAL_InitTick  stm32f1xx_hal.o
    0x08001668   0x08001668   0x00000064   Code   RO           63    .text.HAL_MspInit   stm32f1xx_hal_msp.o
    0x080016cc   0x080016cc   0x00000032   Code   RO          566    .text.HAL_NVIC_SetPriority  stm32f1xx_hal_cortex.o
    0x080016fe   0x080016fe   0x00000002   PAD
    0x08001700   0x08001700   0x00000010   Code   RO          562    .text.HAL_NVIC_SetPriorityGrouping  stm32f1xx_hal_cortex.o
    0x08001710   0x08001710   0x000002c0   Code   RO          458    .text.HAL_RCC_ClockConfig  stm32f1xx_hal_rcc.o
    0x080019d0   0x080019d0   0x0000000c   Code   RO          468    .text.HAL_RCC_GetHCLKFreq  stm32f1xx_hal_rcc.o
    0x080019dc   0x080019dc   0x00000022   Code   RO          470    .text.HAL_RCC_GetPCLK1Freq  stm32f1xx_hal_rcc.o
    0x080019fe   0x080019fe   0x00000002   PAD
    0x08001a00   0x08001a00   0x00000022   Code   RO          472    .text.HAL_RCC_GetPCLK2Freq  stm32f1xx_hal_rcc.o
    0x08001a22   0x08001a22   0x00000002   PAD
    0x08001a24   0x08001a24   0x000000e4   Code   RO          460    .text.HAL_RCC_GetSysClockFreq  stm32f1xx_hal_rcc.o
    0x08001b08   0x08001b08   0x0000062e   Code   RO          454    .text.HAL_RCC_OscConfig  stm32f1xx_hal_rcc.o
    0x08002136   0x08002136   0x00000002   PAD
    0x08002138   0x08002138   0x00000010   Code   RO          586    .text.HAL_SYSTICK_Config  stm32f1xx_hal_cortex.o
    0x08002148   0x08002148   0x0000009a   Code   RO          279    .text.HAL_UART_Init  stm32f1xx_hal_uart.o
    0x080021e2   0x080021e2   0x00000002   PAD
    0x080021e4   0x080021e4   0x00000098   Code   RO           69    .text.HAL_UART_MspInit  stm32f1xx_hal_msp.o
    0x0800227c   0x0800227c   0x00000160   Code   RO          295    .text.HAL_UART_Transmit  stm32f1xx_hal_uart.o
    0x080023dc   0x080023dc   0x00000004   Code   RO           40    .text.HardFault_Handler  stm32f1xx_it.o
    0x080023e0   0x080023e0   0x00000192   Code   RO           80    .text.HexToBin      hex2bin.o
    0x08002572   0x08002572   0x00000002   PAD
    0x08002574   0x08002574   0x0000005a   Code   RO          268    .text.I2C_IsAcknowledgeFailed  stm32f1xx_hal_i2c.o
    0x080025ce   0x080025ce   0x00000002   PAD
    0x080025d0   0x080025d0   0x000001ae   Code   RO          142    .text.I2C_MasterRequestRead  stm32f1xx_hal_i2c.o
    0x0800277e   0x0800277e   0x00000002   PAD
    0x08002780   0x08002780   0x0000011c   Code   RO          134    .text.I2C_MasterRequestWrite  stm32f1xx_hal_i2c.o
    0x0800289c   0x0800289c   0x00000090   Code   RO          138    .text.I2C_WaitOnBTFFlagUntilTimeout  stm32f1xx_hal_i2c.o
    0x0800292c   0x0800292c   0x000000ba   Code   RO          132    .text.I2C_WaitOnFlagUntilTimeout  stm32f1xx_hal_i2c.o
    0x080029e6   0x080029e6   0x00000002   PAD
    0x080029e8   0x080029e8   0x000000f6   Code   RO          266    .text.I2C_WaitOnMasterAddressFlagUntilTimeout  stm32f1xx_hal_i2c.o
    0x08002ade   0x08002ade   0x00000002   PAD
    0x08002ae0   0x08002ae0   0x000000b2   Code   RO          144    .text.I2C_WaitOnRXNEFlagUntilTimeout  stm32f1xx_hal_i2c.o
    0x08002b92   0x08002b92   0x00000002   PAD
    0x08002b94   0x08002b94   0x0000008e   Code   RO          136    .text.I2C_WaitOnTXEFlagUntilTimeout  stm32f1xx_hal_i2c.o
    0x08002c22   0x08002c22   0x00000002   PAD
    0x08002c24   0x08002c24   0x0000009a   Code   RO           15    .text.MX_GPIO_Init  main.o
    0x08002cbe   0x08002cbe   0x00000002   PAD
    0x08002cc0   0x08002cc0   0x00000048   Code   RO           17    .text.MX_I2C1_Init  main.o
    0x08002d08   0x08002d08   0x00000040   Code   RO           19    .text.MX_USART1_UART_Init  main.o
    0x08002d48   0x08002d48   0x00000004   Code   RO           42    .text.MemManage_Handler  stm32f1xx_it.o
    0x08002d4c   0x08002d4c   0x00000002   Code   RO           38    .text.NMI_Handler   stm32f1xx_it.o
    0x08002d4e   0x08002d4e   0x00000002   PAD
    0x08002d50   0x08002d50   0x0000006c   Code   RO          572    .text.NVIC_EncodePriority  stm32f1xx_hal_cortex.o
    0x08002dbc   0x08002dbc   0x00000010   Code   RO          568    .text.NVIC_GetPriorityGrouping  stm32f1xx_hal_cortex.o
    0x08002dcc   0x08002dcc   0x00000044   Code   RO          570    .text.NVIC_SetPriority  stm32f1xx_hal_cortex.o
    0x08002e10   0x08002e10   0x0000003c   Code   RO          564    .text.NVIC_SetPriorityGrouping  stm32f1xx_hal_cortex.o
    0x08002e4c   0x08002e4c   0x00000002   Code   RO           52    .text.PendSV_Handler  stm32f1xx_it.o
    0x08002e4e   0x08002e4e   0x00000002   PAD
    0x08002e50   0x08002e50   0x0000003a   Code   RO          456    .text.RCC_Delay     stm32f1xx_hal_rcc.o
    0x08002e8a   0x08002e8a   0x00000002   PAD
    0x08002e8c   0x08002e8c   0x00000002   Code   RO           48    .text.SVC_Handler   stm32f1xx_it.o
    0x08002e8e   0x08002e8e   0x00000002   PAD
    0x08002e90   0x08002e90   0x00000052   Code   RO          588    .text.SysTick_Config  stm32f1xx_hal_cortex.o
    0x08002ee2   0x08002ee2   0x00000002   PAD
    0x08002ee4   0x08002ee4   0x00000008   Code   RO           54    .text.SysTick_Handler  stm32f1xx_it.o
    0x08002eec   0x08002eec   0x0000006c   Code   RO           13    .text.SystemClock_Config  main.o
    0x08002f58   0x08002f58   0x00000060   Code   RO          745    .text.SystemInit    system_stm32f1xx.o
    0x08002fb8   0x08002fb8   0x00000218   Code   RO          283    .text.UART_SetConfig  stm32f1xx_hal_uart.o
    0x080031d0   0x080031d0   0x0000009c   Code   RO          297    .text.UART_WaitOnFlagUntilTimeout  stm32f1xx_hal_uart.o
    0x0800326c   0x0800326c   0x00000004   Code   RO           46    .text.UsageFault_Handler  stm32f1xx_it.o
    0x08003270   0x08003270   0x00000056   Code   RO           89    .text.light_on_Init  func.o
    0x080032c6   0x080032c6   0x00000002   PAD
    0x080032c8   0x080032c8   0x000001a0   Code   RO           95    .text.light_status_indicator  func.o
    0x08003468   0x08003468   0x00000208   Code   RO           11    .text.main          main.o
    0x08003670   0x08003670   0x00000028   Code   RO          777    i.__0sprintf        mc_w.l(printfa.o)
    0x08003698   0x08003698   0x00000028   Code   RO          824    i.__ARM_fpclassify  m_ws.l(fpclassify.o)
    0x080036c0   0x080036c0   0x000000aa   Code   RO          826    i.__kernel_poly     m_ws.l(poly.o)
    0x0800376a   0x0800376a   0x00000002   PAD
    0x0800376c   0x0800376c   0x00000010   Code   RO          810    i.__mathlib_dbl_divzero  m_ws.l(dunder.o)
    0x0800377c   0x0800377c   0x00000004   Code   RO          812    i.__mathlib_dbl_infnan2  m_ws.l(dunder.o)
    0x08003780   0x08003780   0x0000000c   Code   RO          813    i.__mathlib_dbl_invalid  m_ws.l(dunder.o)
    0x0800378c   0x0800378c   0x0000000e   Code   RO          814    i.__mathlib_dbl_overflow  m_ws.l(dunder.o)
    0x0800379a   0x0800379a   0x00000002   PAD
    0x0800379c   0x0800379c   0x00000010   Code   RO          816    i.__mathlib_dbl_underflow  m_ws.l(dunder.o)
    0x080037ac   0x080037ac   0x0000000e   Code   RO          899    i.__scatterload_copy  mc_w.l(handlers.o)
    0x080037ba   0x080037ba   0x00000002   Code   RO          900    i.__scatterload_null  mc_w.l(handlers.o)
    0x080037bc   0x080037bc   0x0000000e   Code   RO          901    i.__scatterload_zeroinit  mc_w.l(handlers.o)
    0x080037ca   0x080037ca   0x00000002   PAD
    0x080037cc   0x080037cc   0x0000000c   Code   RO          873    i.__set_errno       mc_w.l(errno.o)
    0x080037d8   0x080037d8   0x00000184   Code   RO          782    i._fp_digits        mc_w.l(printfa.o)
    0x0800395c   0x0800395c   0x000006dc   Code   RO          783    i._printf_core      mc_w.l(printfa.o)
    0x08004038   0x08004038   0x00000024   Code   RO          784    i._printf_post_padding  mc_w.l(printfa.o)
    0x0800405c   0x0800405c   0x0000002e   Code   RO          785    i._printf_pre_padding  mc_w.l(printfa.o)
    0x0800408a   0x0800408a   0x0000000a   Code   RO          787    i._sputc            mc_w.l(printfa.o)
    0x08004094   0x08004094   0x000009ec   Code   RO          759    i.pow               m_ws.l(pow.o)
    0x08004a80   0x08004a80   0x0000004c   Code   RO          830    i.sqrt              m_ws.l(sqrt.o)
    0x08004acc   0x08004acc   0x00000004   PAD
    0x08004ad0   0x08004ad0   0x00000088   Data   RO          760    .constdata          m_ws.l(pow.o)
    0x08004b58   0x08004b58   0x00000008   Data   RO          828    .constdata          m_ws.l(qnan.o)
    0x08004b60   0x08004b60   0x00000010   Data   RO          750    .rodata.AHBPrescTable  system_stm32f1xx.o
    0x08004b70   0x08004b70   0x00000008   Data   RO          751    .rodata.APBPrescTable  system_stm32f1xx.o
    0x08004b78   0x08004b78   0x00000011   Data   RO           28    .rodata.str1.1      main.o
    0x08004b89   0x08004b89   0x00000060   Data   RO           82    .rodata.str1.1      hex2bin.o
    0x08004be9   0x08004be9   0x00000003   PAD
    0x08004bec   0x08004bec   0x00000020   Data   RO          898    Region$$Table       anon$$obj.o


    Execution Region RW_IRAM1 (Exec base: 0x20000000, Load base: 0x08004c10, Size: 0x000004c0, Max: 0x00010000, ABSOLUTE)

    Exec Addr    Load Addr    Size         Type   Attr      Idx    E Section Name        Object

    0x20000000   0x08004c10   0x00000004   Data   RW          874    .data               mc_w.l(errno.o)
    0x20000004   0x08004c14   0x00000004   Data   RW          749    .data.SystemCoreClock  system_stm32f1xx.o
    0x20000008   0x08004c18   0x00000002   Data   RW           26    .data.dataBuffer    main.o
    0x2000000a   0x08004c1a   0x00000001   Data   RW          443    .data.uwTickFreq    stm32f1xx_hal.o
    0x2000000b   0x08004c1b   0x00000001   PAD
    0x2000000c   0x08004c1c   0x00000004   Data   RW          442    .data.uwTickPrio    stm32f1xx_hal.o
    0x20000010        -       0x00000054   Zero   RW           27    .bss.hi2c1          main.o
    0x20000064        -       0x00000040   Zero   RW           29    .bss.huart1         main.o
    0x200000a4        -       0x00000001   Zero   RW           97    .bss.index_number   func.o
    0x200000a5        -       0x00000005   Zero   RW          100    .bss.light_on       func.o
    0x200000aa        -       0x00000005   Zero   RW           99    .bss.light_on_initial  func.o
    0x200000af        -       0x00000001   Zero   RW           98    .bss.light_status   func.o
    0x200000b0        -       0x00000005   Zero   RW          101    .bss.sum_of_light_on  func.o
    0x200000b5   0x08004c20   0x00000003   PAD
    0x200000b8        -       0x00000004   Zero   RW          444    .bss.uwTick         stm32f1xx_hal.o
    0x200000bc   0x08004c20   0x00000004   PAD
    0x200000c0        -       0x00000400   Zero   RW            1    STACK               startup_stm32f103xe.o


==============================================================================

Image component sizes


      Code (inc. data)   RO Data    RW Data    ZI Data      Debug   Object Name

       502          0          0          0         17       1884   func.o
       402         56         96          0          0        815   hex2bin.o
       920          0         17          2        148       7214   main.o
        36          8        304          0       1024        812   startup_stm32f103xe.o
       260          0          0          5          4       5736   stm32f1xx_hal.o
       416          0          0          0          0       7761   stm32f1xx_hal_cortex.o
       904          0          0          0          0       4278   stm32f1xx_hal_gpio.o
      3960          0          0          0          0      32956   stm32f1xx_hal_i2c.o
       412          0          0          0          0       5720   stm32f1xx_hal_msp.o
      2652          0          0          0          0       7416   stm32f1xx_hal_rcc.o
      1198          0          0          0          0      14978   stm32f1xx_hal_uart.o
        32          0          0          0          0       1031   stm32f1xx_it.o
        96          0         24          4          0       2125   system_stm32f1xx.o

    ----------------------------------------------------------------------
     11844         64        476         12       1200      92726   Object Totals
         0          0         32          0          0          0   (incl. Generated)
        54          0          3          1          7          0   (incl. Padding)

    ----------------------------------------------------------------------

      Code (inc. data)   RO Data    RW Data    ZI Data      Debug   Library Member Name

        62         10          0          0          0        340   dunder.o
        40          0          0          0          0         68   fpclassify.o
       170          0          0          0          0         96   poly.o
      2540        188        136          0          0        332   pow.o
         0          0          8          0          0          0   qnan.o
        76          0          0          0          0         84   sqrt.o
         0          0          0          0          0          0   entry.o
         0          0          0          0          0          0   entry10a.o
         0          0          0          0          0          0   entry11a.o
         8          4          0          0          0          0   entry2.o
         4          0          0          0          0          0   entry5.o
         0          0          0          0          0          0   entry7b.o
         0          0          0          0          0          0   entry8b.o
         8          4          0          0          0          0   entry9a.o
        12          6          0          4          0         68   errno.o
        30          0          0          0          0          0   handlers.o
        36          8          0          0          0         68   init.o
         0          0          0          0          0          0   iusefp.o
        30          0          0          0          0         68   llshl.o
        36          0          0          0          0         68   llsshr.o
        32          0          0          0          0         68   llushr.o
        36          0          0          0          0        108   memseta.o
      2276         86          0          0          0        520   printfa.o
        24          0          0          0          0         68   strcat.o
        18          0          0          0          0         68   strcpy.o
        14          0          0          0          0         68   strlen.o
        44          0          0          0          0         80   uidiv.o
        98          0          0          0          0         92   uldiv.o
        48          0          0          0          0         68   cdrcmple.o
       334          0          0          0          0        148   dadd.o
       222          0          0          0          0        100   ddiv.o
       186          0          0          0          0        176   depilogue.o
        62          0          0          0          0         80   dfixi.o
        48          0          0          0          0         68   dfixul.o
        34          0          0          0          0         76   dflti.o
        26          0          0          0          0         76   dfltui.o
       228          0          0          0          0         96   dmul.o
        46          0          0          0          0         80   dscalb.o
       162          0          0          0          0        100   dsqrt.o

    ----------------------------------------------------------------------
      7004        306        144          4          0       3332   Library Totals
        14          0          0          0          0          0   (incl. Padding)

    ----------------------------------------------------------------------

      Code (inc. data)   RO Data    RW Data    ZI Data      Debug   Library Name

      2888        198        144          0          0        920   m_ws.l
      2706        108          0          4          0       1344   mc_w.l
      1396          0          0          0          0       1068   mf_w.l

    ----------------------------------------------------------------------
      7004        306        144          4          0       3332   Library Totals

    ----------------------------------------------------------------------

==============================================================================


      Code (inc. data)   RO Data    RW Data    ZI Data      Debug   

     18848        370        620         16       1200      94274   Grand Totals
     18848        370        620         16       1200      94274   ELF Image Totals
     18848        370        620         16          0          0   ROM Totals

==============================================================================

    Total RO  Size (Code + RO Data)                19468 (  19.01kB)
    Total RW  Size (RW Data + ZI Data)              1216 (   1.19kB)
    Total ROM Size (Code + RO Data + RW Data)      19484 (  19.03kB)

==============================================================================

