09:40:24 **** Incremental Build of configuration Debug for project ETHCAT_SSC_XMC48 ****
"\"C:\\Infineon\\Tools\\DAVE IDE\\4.5.0.202105191637\\eclipse\\ARM-GCC-49\\bin\\make\"" --output-sync -j8 all 
'Invoking: ARM-GCC Print Size'
"C:/Infineon/Tools/DAVE IDE/4.5.0.202105191637/eclipse/ARM-GCC-49/bin/arm-none-eabi-size" --format=berkeley "ETHCAT_SSC_XMC48.elf"
   text	   data	    bss	    dec	    hex	filename
  46356	   3384	   6972	  56712	   dd88	ETHCAT_SSC_XMC48.elf
'Finished building: ETHCAT_SSC_XMC48.siz'


09:40:40 Build Finished (took 15s.999ms)

